[2026-09-06T08:58:54.930+0000] {processor.py:186} INFO - Started process (PID=687) to work on /opt/airflow/dags/fraud_pipeline.py
[2026-09-06T08:58:54.931+0000] {processor.py:914} INFO - Processing file /opt/airflow/dags/fraud_pipeline.py for tasks to queue
[2026-09-06T08:58:54.933+0000] {logging_mixin.py:190} INFO - [2026-09-06T08:58:54.933+0000] {dagbag.py:588} INFO - Filling up the DagBag from /opt/airflow/dags/fraud_pipeline.py
[2026-09-06T08:58:54.957+0000] {processor.py:925} INFO - DAG(s) 'fraud_pipeline' retrieved from /opt/airflow/dags/fraud_pipeline.py
[2026-09-06T08:58:55.040+0000] {logging_mixin.py:190} INFO - [2026-09-06T08:58:55.040+0000] {override.py:1911} INFO - Created Permission View: can edit on DAG:fraud_pipeline
[2026-09-06T08:58:55.049+0000] {logging_mixin.py:190} INFO - [2026-09-06T08:58:55.049+0000] {override.py:1911} INFO - Created Permission View: can delete on DAG:fraud_pipeline
[2026-09-06T08:58:55.055+0000] {logging_mixin.py:190} INFO - [2026-09-06T08:58:55.055+0000] {override.py:1911} INFO - Created Permission View: can read on DAG:fraud_pipeline
[2026-09-06T08:58:55.064+0000] {logging_mixin.py:190} INFO - [2026-09-06T08:58:55.064+0000] {override.py:1911} INFO - Created Permission View: can create on DAG Run:fraud_pipeline
[2026-09-06T08:58:55.070+0000] {logging_mixin.py:190} INFO - [2026-09-06T08:58:55.070+0000] {override.py:1911} INFO - Created Permission View: can delete on DAG Run:fraud_pipeline
[2026-09-06T08:58:55.076+0000] {logging_mixin.py:190} INFO - [2026-09-06T08:58:55.076+0000] {override.py:1911} INFO - Created Permission View: can read on DAG Run:fraud_pipeline
[2026-09-06T08:58:55.082+0000] {logging_mixin.py:190} INFO - [2026-09-06T08:58:55.082+0000] {override.py:1911} INFO - Created Permission View: menu access on DAG Run:fraud_pipeline
[2026-09-06T08:58:55.083+0000] {logging_mixin.py:190} INFO - [2026-09-06T08:58:55.083+0000] {dag.py:3239} INFO - Sync 1 DAGs
[2026-09-06T08:58:55.094+0000] {logging_mixin.py:190} INFO - [2026-09-06T08:58:55.094+0000] {dag.py:3262} INFO - Creating ORM DAG for fraud_pipeline
[2026-09-06T08:58:55.103+0000] {logging_mixin.py:190} INFO - [2026-09-06T08:58:55.103+0000] {dag.py:4180} INFO - Setting next_dagrun for fraud_pipeline to 2026-09-05 00:00:00+00:00, run_after=2026-09-06 00:00:00+00:00
[2026-09-06T08:58:55.119+0000] {processor.py:208} INFO - Processing /opt/airflow/dags/fraud_pipeline.py took 0.193 seconds
[2026-09-06T08:59:25.435+0000] {processor.py:186} INFO - Started process (PID=751) to work on /opt/airflow/dags/fraud_pipeline.py
[2026-09-06T08:59:25.436+0000] {processor.py:914} INFO - Processing file /opt/airflow/dags/fraud_pipeline.py for tasks to queue
[2026-09-06T08:59:25.438+0000] {logging_mixin.py:190} INFO - [2026-09-06T08:59:25.438+0000] {dagbag.py:588} INFO - Filling up the DagBag from /opt/airflow/dags/fraud_pipeline.py
[2026-09-06T08:59:25.456+0000] {processor.py:925} INFO - DAG(s) 'fraud_pipeline' retrieved from /opt/airflow/dags/fraud_pipeline.py
[2026-09-06T08:59:25.473+0000] {logging_mixin.py:190} INFO - [2026-09-06T08:59:25.473+0000] {dag.py:3239} INFO - Sync 1 DAGs
[2026-09-06T08:59:25.492+0000] {logging_mixin.py:190} INFO - [2026-09-06T08:59:25.492+0000] {dag.py:4180} INFO - Setting next_dagrun for fraud_pipeline to 2026-09-05 00:00:00+00:00, run_after=2026-09-06 00:00:00+00:00
[2026-09-06T08:59:25.508+0000] {processor.py:208} INFO - Processing /opt/airflow/dags/fraud_pipeline.py took 0.079 seconds
[2026-09-06T08:59:55.986+0000] {processor.py:186} INFO - Started process (PID=815) to work on /opt/airflow/dags/fraud_pipeline.py
[2026-09-06T08:59:55.988+0000] {processor.py:914} INFO - Processing file /opt/airflow/dags/fraud_pipeline.py for tasks to queue
[2026-09-06T08:59:55.990+0000] {logging_mixin.py:190} INFO - [2026-09-06T08:59:55.990+0000] {dagbag.py:588} INFO - Filling up the DagBag from /opt/airflow/dags/fraud_pipeline.py
[2026-09-06T08:59:56.008+0000] {processor.py:925} INFO - DAG(s) 'fraud_pipeline' retrieved from /opt/airflow/dags/fraud_pipeline.py
[2026-09-06T08:59:56.025+0000] {logging_mixin.py:190} INFO - [2026-09-06T08:59:56.024+0000] {dag.py:3239} INFO - Sync 1 DAGs
[2026-09-06T08:59:56.044+0000] {logging_mixin.py:190} INFO - [2026-09-06T08:59:56.044+0000] {dag.py:4180} INFO - Setting next_dagrun for fraud_pipeline to 2026-09-05 00:00:00+00:00, run_after=2026-09-06 00:00:00+00:00
[2026-09-06T08:59:56.061+0000] {processor.py:208} INFO - Processing /opt/airflow/dags/fraud_pipeline.py took 0.079 seconds
[2026-09-06T09:00:26.262+0000] {processor.py:186} INFO - Started process (PID=879) to work on /opt/airflow/dags/fraud_pipeline.py
[2026-09-06T09:00:26.263+0000] {processor.py:914} INFO - Processing file /opt/airflow/dags/fraud_pipeline.py for tasks to queue
[2026-09-06T09:00:26.268+0000] {logging_mixin.py:190} INFO - [2026-09-06T09:00:26.267+0000] {dagbag.py:588} INFO - Filling up the DagBag from /opt/airflow/dags/fraud_pipeline.py
[2026-09-06T09:00:26.292+0000] {processor.py:925} INFO - DAG(s) 'fraud_pipeline' retrieved from /opt/airflow/dags/fraud_pipeline.py
[2026-09-06T09:00:26.314+0000] {logging_mixin.py:190} INFO - [2026-09-06T09:00:26.314+0000] {dag.py:3239} INFO - Sync 1 DAGs
[2026-09-06T09:00:26.335+0000] {logging_mixin.py:190} INFO - [2026-09-06T09:00:26.335+0000] {dag.py:4180} INFO - Setting next_dagrun for fraud_pipeline to 2026-09-05 00:00:00+00:00, run_after=2026-09-06 00:00:00+00:00
[2026-09-06T09:00:26.354+0000] {processor.py:208} INFO - Processing /opt/airflow/dags/fraud_pipeline.py took 0.098 seconds
[2026-09-06T09:00:56.844+0000] {processor.py:186} INFO - Started process (PID=943) to work on /opt/airflow/dags/fraud_pipeline.py
[2026-09-06T09:00:56.845+0000] {processor.py:914} INFO - Processing file /opt/airflow/dags/fraud_pipeline.py for tasks to queue
[2026-09-06T09:00:56.848+0000] {logging_mixin.py:190} INFO - [2026-09-06T09:00:56.847+0000] {dagbag.py:588} INFO - Filling up the DagBag from /opt/airflow/dags/fraud_pipeline.py
[2026-09-06T09:00:56.865+0000] {processor.py:925} INFO - DAG(s) 'fraud_pipeline' retrieved from /opt/airflow/dags/fraud_pipeline.py
[2026-09-06T09:00:56.881+0000] {logging_mixin.py:190} INFO - [2026-09-06T09:00:56.881+0000] {dag.py:3239} INFO - Sync 1 DAGs
[2026-09-06T09:00:56.899+0000] {logging_mixin.py:190} INFO - [2026-09-06T09:00:56.899+0000] {dag.py:4180} INFO - Setting next_dagrun for fraud_pipeline to 2026-09-06 00:00:00+00:00, run_after=2026-09-07 00:00:00+00:00
[2026-09-06T09:00:56.914+0000] {processor.py:208} INFO - Processing /opt/airflow/dags/fraud_pipeline.py took 0.075 seconds
[2026-09-06T09:01:27.552+0000] {processor.py:186} INFO - Started process (PID=1007) to work on /opt/airflow/dags/fraud_pipeline.py
[2026-09-06T09:01:27.553+0000] {processor.py:914} INFO - Processing file /opt/airflow/dags/fraud_pipeline.py for tasks to queue
[2026-09-06T09:01:27.556+0000] {logging_mixin.py:190} INFO - [2026-09-06T09:01:27.556+0000] {dagbag.py:588} INFO - Filling up the DagBag from /opt/airflow/dags/fraud_pipeline.py
[2026-09-06T09:01:27.573+0000] {processor.py:925} INFO - DAG(s) 'fraud_pipeline' retrieved from /opt/airflow/dags/fraud_pipeline.py
[2026-09-06T09:01:27.589+0000] {logging_mixin.py:190} INFO - [2026-09-06T09:01:27.589+0000] {dag.py:3239} INFO - Sync 1 DAGs
[2026-09-06T09:01:27.607+0000] {logging_mixin.py:190} INFO - [2026-09-06T09:01:27.606+0000] {dag.py:4180} INFO - Setting next_dagrun for fraud_pipeline to 2026-09-06 00:00:00+00:00, run_after=2026-09-07 00:00:00+00:00
[2026-09-06T09:01:27.622+0000] {processor.py:208} INFO - Processing /opt/airflow/dags/fraud_pipeline.py took 0.074 seconds
[2026-09-06T09:01:58.129+0000] {processor.py:186} INFO - Started process (PID=1077) to work on /opt/airflow/dags/fraud_pipeline.py
[2026-09-06T09:01:58.130+0000] {processor.py:914} INFO - Processing file /opt/airflow/dags/fraud_pipeline.py for tasks to queue
[2026-09-06T09:01:58.132+0000] {logging_mixin.py:190} INFO - [2026-09-06T09:01:58.132+0000] {dagbag.py:588} INFO - Filling up the DagBag from /opt/airflow/dags/fraud_pipeline.py
[2026-09-06T09:01:58.148+0000] {processor.py:925} INFO - DAG(s) 'fraud_pipeline' retrieved from /opt/airflow/dags/fraud_pipeline.py
[2026-09-06T09:01:58.164+0000] {logging_mixin.py:190} INFO - [2026-09-06T09:01:58.164+0000] {dag.py:3239} INFO - Sync 1 DAGs
[2026-09-06T09:01:58.181+0000] {logging_mixin.py:190} INFO - [2026-09-06T09:01:58.181+0000] {dag.py:4180} INFO - Setting next_dagrun for fraud_pipeline to 2026-09-06 00:00:00+00:00, run_after=2026-09-07 00:00:00+00:00
[2026-09-06T09:01:58.195+0000] {processor.py:208} INFO - Processing /opt/airflow/dags/fraud_pipeline.py took 0.071 seconds
[2026-09-06T09:02:28.549+0000] {processor.py:186} INFO - Started process (PID=1141) to work on /opt/airflow/dags/fraud_pipeline.py
[2026-09-06T09:02:28.550+0000] {processor.py:914} INFO - Processing file /opt/airflow/dags/fraud_pipeline.py for tasks to queue
[2026-09-06T09:02:28.552+0000] {logging_mixin.py:190} INFO - [2026-09-06T09:02:28.552+0000] {dagbag.py:588} INFO - Filling up the DagBag from /opt/airflow/dags/fraud_pipeline.py
[2026-09-06T09:02:28.573+0000] {processor.py:925} INFO - DAG(s) 'fraud_pipeline' retrieved from /opt/airflow/dags/fraud_pipeline.py
[2026-09-06T09:02:28.592+0000] {logging_mixin.py:190} INFO - [2026-09-06T09:02:28.592+0000] {dag.py:3239} INFO - Sync 1 DAGs
[2026-09-06T09:02:28.611+0000] {logging_mixin.py:190} INFO - [2026-09-06T09:02:28.611+0000] {dag.py:4180} INFO - Setting next_dagrun for fraud_pipeline to 2026-09-06 00:00:00+00:00, run_after=2026-09-07 00:00:00+00:00
[2026-09-06T09:02:28.627+0000] {processor.py:208} INFO - Processing /opt/airflow/dags/fraud_pipeline.py took 0.083 seconds
[2026-09-06T09:02:59.202+0000] {processor.py:186} INFO - Started process (PID=1205) to work on /opt/airflow/dags/fraud_pipeline.py
[2026-09-06T09:02:59.204+0000] {processor.py:914} INFO - Processing file /opt/airflow/dags/fraud_pipeline.py for tasks to queue
[2026-09-06T09:02:59.206+0000] {logging_mixin.py:190} INFO - [2026-09-06T09:02:59.206+0000] {dagbag.py:588} INFO - Filling up the DagBag from /opt/airflow/dags/fraud_pipeline.py
[2026-09-06T09:02:59.225+0000] {processor.py:925} INFO - DAG(s) 'fraud_pipeline' retrieved from /opt/airflow/dags/fraud_pipeline.py
[2026-09-06T09:02:59.244+0000] {logging_mixin.py:190} INFO - [2026-09-06T09:02:59.244+0000] {dag.py:3239} INFO - Sync 1 DAGs
[2026-09-06T09:02:59.262+0000] {logging_mixin.py:190} INFO - [2026-09-06T09:02:59.262+0000] {dag.py:4180} INFO - Setting next_dagrun for fraud_pipeline to 2026-09-06 00:00:00+00:00, run_after=2026-09-07 00:00:00+00:00
[2026-09-06T09:02:59.278+0000] {processor.py:208} INFO - Processing /opt/airflow/dags/fraud_pipeline.py took 0.080 seconds
[2026-09-06T09:03:29.395+0000] {processor.py:186} INFO - Started process (PID=1269) to work on /opt/airflow/dags/fraud_pipeline.py
[2026-09-06T09:03:29.396+0000] {processor.py:914} INFO - Processing file /opt/airflow/dags/fraud_pipeline.py for tasks to queue
[2026-09-06T09:03:29.399+0000] {logging_mixin.py:190} INFO - [2026-09-06T09:03:29.398+0000] {dagbag.py:588} INFO - Filling up the DagBag from /opt/airflow/dags/fraud_pipeline.py
[2026-09-06T09:03:29.417+0000] {processor.py:925} INFO - DAG(s) 'fraud_pipeline' retrieved from /opt/airflow/dags/fraud_pipeline.py
[2026-09-06T09:03:29.434+0000] {logging_mixin.py:190} INFO - [2026-09-06T09:03:29.434+0000] {dag.py:3239} INFO - Sync 1 DAGs
[2026-09-06T09:03:29.452+0000] {logging_mixin.py:190} INFO - [2026-09-06T09:03:29.452+0000] {dag.py:4180} INFO - Setting next_dagrun for fraud_pipeline to 2026-09-06 00:00:00+00:00, run_after=2026-09-07 00:00:00+00:00
[2026-09-06T09:03:29.481+0000] {processor.py:208} INFO - Processing /opt/airflow/dags/fraud_pipeline.py took 0.091 seconds
[2026-09-06T09:03:59.529+0000] {processor.py:186} INFO - Started process (PID=1333) to work on /opt/airflow/dags/fraud_pipeline.py
[2026-09-06T09:03:59.530+0000] {processor.py:914} INFO - Processing file /opt/airflow/dags/fraud_pipeline.py for tasks to queue
[2026-09-06T09:03:59.532+0000] {logging_mixin.py:190} INFO - [2026-09-06T09:03:59.532+0000] {dagbag.py:588} INFO - Filling up the DagBag from /opt/airflow/dags/fraud_pipeline.py
[2026-09-06T09:03:59.549+0000] {processor.py:925} INFO - DAG(s) 'fraud_pipeline' retrieved from /opt/airflow/dags/fraud_pipeline.py
[2026-09-06T09:03:59.564+0000] {logging_mixin.py:190} INFO - [2026-09-06T09:03:59.564+0000] {dag.py:3239} INFO - Sync 1 DAGs
[2026-09-06T09:03:59.580+0000] {logging_mixin.py:190} INFO - [2026-09-06T09:03:59.580+0000] {dag.py:4180} INFO - Setting next_dagrun for fraud_pipeline to 2026-09-06 00:00:00+00:00, run_after=2026-09-07 00:00:00+00:00
[2026-09-06T09:03:59.604+0000] {processor.py:208} INFO - Processing /opt/airflow/dags/fraud_pipeline.py took 0.079 seconds
[2026-09-06T09:04:30.111+0000] {processor.py:186} INFO - Started process (PID=1397) to work on /opt/airflow/dags/fraud_pipeline.py
[2026-09-06T09:04:30.112+0000] {processor.py:914} INFO - Processing file /opt/airflow/dags/fraud_pipeline.py for tasks to queue
[2026-09-06T09:04:30.114+0000] {logging_mixin.py:190} INFO - [2026-09-06T09:04:30.114+0000] {dagbag.py:588} INFO - Filling up the DagBag from /opt/airflow/dags/fraud_pipeline.py
[2026-09-06T09:04:30.131+0000] {processor.py:925} INFO - DAG(s) 'fraud_pipeline' retrieved from /opt/airflow/dags/fraud_pipeline.py
[2026-09-06T09:04:30.146+0000] {logging_mixin.py:190} INFO - [2026-09-06T09:04:30.146+0000] {dag.py:3239} INFO - Sync 1 DAGs
[2026-09-06T09:04:30.163+0000] {logging_mixin.py:190} INFO - [2026-09-06T09:04:30.163+0000] {dag.py:4180} INFO - Setting next_dagrun for fraud_pipeline to 2026-09-06 00:00:00+00:00, run_after=2026-09-07 00:00:00+00:00
[2026-09-06T09:04:30.180+0000] {processor.py:208} INFO - Processing /opt/airflow/dags/fraud_pipeline.py took 0.074 seconds
[2026-09-06T09:05:00.820+0000] {processor.py:186} INFO - Started process (PID=1461) to work on /opt/airflow/dags/fraud_pipeline.py
[2026-09-06T09:05:00.821+0000] {processor.py:914} INFO - Processing file /opt/airflow/dags/fraud_pipeline.py for tasks to queue
[2026-09-06T09:05:00.823+0000] {logging_mixin.py:190} INFO - [2026-09-06T09:05:00.823+0000] {dagbag.py:588} INFO - Filling up the DagBag from /opt/airflow/dags/fraud_pipeline.py
[2026-09-06T09:05:00.841+0000] {processor.py:925} INFO - DAG(s) 'fraud_pipeline' retrieved from /opt/airflow/dags/fraud_pipeline.py
[2026-09-06T09:05:00.857+0000] {logging_mixin.py:190} INFO - [2026-09-06T09:05:00.857+0000] {dag.py:3239} INFO - Sync 1 DAGs
[2026-09-06T09:05:00.874+0000] {logging_mixin.py:190} INFO - [2026-09-06T09:05:00.874+0000] {dag.py:4180} INFO - Setting next_dagrun for fraud_pipeline to 2026-09-06 00:00:00+00:00, run_after=2026-09-07 00:00:00+00:00
[2026-09-06T09:05:00.889+0000] {processor.py:208} INFO - Processing /opt/airflow/dags/fraud_pipeline.py took 0.074 seconds
[2026-09-06T09:05:31.055+0000] {processor.py:186} INFO - Started process (PID=1525) to work on /opt/airflow/dags/fraud_pipeline.py
[2026-09-06T09:05:31.056+0000] {processor.py:914} INFO - Processing file /opt/airflow/dags/fraud_pipeline.py for tasks to queue
[2026-09-06T09:05:31.058+0000] {logging_mixin.py:190} INFO - [2026-09-06T09:05:31.058+0000] {dagbag.py:588} INFO - Filling up the DagBag from /opt/airflow/dags/fraud_pipeline.py
[2026-09-06T09:05:31.075+0000] {processor.py:925} INFO - DAG(s) 'fraud_pipeline' retrieved from /opt/airflow/dags/fraud_pipeline.py
[2026-09-06T09:05:31.089+0000] {logging_mixin.py:190} INFO - [2026-09-06T09:05:31.089+0000] {dag.py:3239} INFO - Sync 1 DAGs
[2026-09-06T09:05:31.105+0000] {logging_mixin.py:190} INFO - [2026-09-06T09:05:31.105+0000] {dag.py:4180} INFO - Setting next_dagrun for fraud_pipeline to 2026-09-06 00:00:00+00:00, run_after=2026-09-07 00:00:00+00:00
[2026-09-06T09:05:31.121+0000] {processor.py:208} INFO - Processing /opt/airflow/dags/fraud_pipeline.py took 0.070 seconds
[2026-09-06T09:06:01.718+0000] {processor.py:186} INFO - Started process (PID=1589) to work on /opt/airflow/dags/fraud_pipeline.py
[2026-09-06T09:06:01.719+0000] {processor.py:914} INFO - Processing file /opt/airflow/dags/fraud_pipeline.py for tasks to queue
[2026-09-06T09:06:01.721+0000] {logging_mixin.py:190} INFO - [2026-09-06T09:06:01.721+0000] {dagbag.py:588} INFO - Filling up the DagBag from /opt/airflow/dags/fraud_pipeline.py
[2026-09-06T09:06:01.738+0000] {processor.py:925} INFO - DAG(s) 'fraud_pipeline' retrieved from /opt/airflow/dags/fraud_pipeline.py
[2026-09-06T09:06:01.754+0000] {logging_mixin.py:190} INFO - [2026-09-06T09:06:01.754+0000] {dag.py:3239} INFO - Sync 1 DAGs
[2026-09-06T09:06:01.771+0000] {logging_mixin.py:190} INFO - [2026-09-06T09:06:01.770+0000] {dag.py:4180} INFO - Setting next_dagrun for fraud_pipeline to 2026-09-06 00:00:00+00:00, run_after=2026-09-07 00:00:00+00:00
[2026-09-06T09:06:01.785+0000] {processor.py:208} INFO - Processing /opt/airflow/dags/fraud_pipeline.py took 0.071 seconds
[2026-09-06T09:06:32.664+0000] {processor.py:186} INFO - Started process (PID=1653) to work on /opt/airflow/dags/fraud_pipeline.py
[2026-09-06T09:06:32.665+0000] {processor.py:914} INFO - Processing file /opt/airflow/dags/fraud_pipeline.py for tasks to queue
[2026-09-06T09:06:32.667+0000] {logging_mixin.py:190} INFO - [2026-09-06T09:06:32.667+0000] {dagbag.py:588} INFO - Filling up the DagBag from /opt/airflow/dags/fraud_pipeline.py
[2026-09-06T09:06:32.683+0000] {processor.py:925} INFO - DAG(s) 'fraud_pipeline' retrieved from /opt/airflow/dags/fraud_pipeline.py
[2026-09-06T09:06:32.699+0000] {logging_mixin.py:190} INFO - [2026-09-06T09:06:32.699+0000] {dag.py:3239} INFO - Sync 1 DAGs
[2026-09-06T09:06:32.717+0000] {logging_mixin.py:190} INFO - [2026-09-06T09:06:32.717+0000] {dag.py:4180} INFO - Setting next_dagrun for fraud_pipeline to 2026-09-06 00:00:00+00:00, run_after=2026-09-07 00:00:00+00:00
[2026-09-06T09:06:32.732+0000] {processor.py:208} INFO - Processing /opt/airflow/dags/fraud_pipeline.py took 0.073 seconds
[2026-09-06T09:07:03.538+0000] {processor.py:186} INFO - Started process (PID=1717) to work on /opt/airflow/dags/fraud_pipeline.py
[2026-09-06T09:07:03.539+0000] {processor.py:914} INFO - Processing file /opt/airflow/dags/fraud_pipeline.py for tasks to queue
[2026-09-06T09:07:03.541+0000] {logging_mixin.py:190} INFO - [2026-09-06T09:07:03.541+0000] {dagbag.py:588} INFO - Filling up the DagBag from /opt/airflow/dags/fraud_pipeline.py
[2026-09-06T09:07:03.558+0000] {processor.py:925} INFO - DAG(s) 'fraud_pipeline' retrieved from /opt/airflow/dags/fraud_pipeline.py
[2026-09-06T09:07:03.574+0000] {logging_mixin.py:190} INFO - [2026-09-06T09:07:03.574+0000] {dag.py:3239} INFO - Sync 1 DAGs
[2026-09-06T09:07:03.598+0000] {logging_mixin.py:190} INFO - [2026-09-06T09:07:03.598+0000] {dag.py:4180} INFO - Setting next_dagrun for fraud_pipeline to 2026-09-06 00:00:00+00:00, run_after=2026-09-07 00:00:00+00:00
[2026-09-06T09:07:03.619+0000] {processor.py:208} INFO - Processing /opt/airflow/dags/fraud_pipeline.py took 0.086 seconds
[2026-09-06T09:07:34.451+0000] {processor.py:186} INFO - Started process (PID=1781) to work on /opt/airflow/dags/fraud_pipeline.py
[2026-09-06T09:07:34.452+0000] {processor.py:914} INFO - Processing file /opt/airflow/dags/fraud_pipeline.py for tasks to queue
[2026-09-06T09:07:34.454+0000] {logging_mixin.py:190} INFO - [2026-09-06T09:07:34.453+0000] {dagbag.py:588} INFO - Filling up the DagBag from /opt/airflow/dags/fraud_pipeline.py
[2026-09-06T09:07:34.470+0000] {processor.py:925} INFO - DAG(s) 'fraud_pipeline' retrieved from /opt/airflow/dags/fraud_pipeline.py
[2026-09-06T09:07:34.486+0000] {logging_mixin.py:190} INFO - [2026-09-06T09:07:34.485+0000] {dag.py:3239} INFO - Sync 1 DAGs
[2026-09-06T09:07:34.502+0000] {logging_mixin.py:190} INFO - [2026-09-06T09:07:34.502+0000] {dag.py:4180} INFO - Setting next_dagrun for fraud_pipeline to 2026-09-06 00:00:00+00:00, run_after=2026-09-07 00:00:00+00:00
[2026-09-06T09:07:34.519+0000] {processor.py:208} INFO - Processing /opt/airflow/dags/fraud_pipeline.py took 0.073 seconds
[2026-09-06T09:08:05.216+0000] {processor.py:186} INFO - Started process (PID=1845) to work on /opt/airflow/dags/fraud_pipeline.py
[2026-09-06T09:08:05.217+0000] {processor.py:914} INFO - Processing file /opt/airflow/dags/fraud_pipeline.py for tasks to queue
[2026-09-06T09:08:05.219+0000] {logging_mixin.py:190} INFO - [2026-09-06T09:08:05.219+0000] {dagbag.py:588} INFO - Filling up the DagBag from /opt/airflow/dags/fraud_pipeline.py
[2026-09-06T09:08:05.236+0000] {processor.py:925} INFO - DAG(s) 'fraud_pipeline' retrieved from /opt/airflow/dags/fraud_pipeline.py
[2026-09-06T09:08:05.255+0000] {logging_mixin.py:190} INFO - [2026-09-06T09:08:05.254+0000] {dag.py:3239} INFO - Sync 1 DAGs
[2026-09-06T09:08:05.275+0000] {logging_mixin.py:190} INFO - [2026-09-06T09:08:05.275+0000] {dag.py:4180} INFO - Setting next_dagrun for fraud_pipeline to 2026-09-06 00:00:00+00:00, run_after=2026-09-07 00:00:00+00:00
[2026-09-06T09:08:05.291+0000] {processor.py:208} INFO - Processing /opt/airflow/dags/fraud_pipeline.py took 0.080 seconds
[2026-09-06T09:08:35.889+0000] {processor.py:186} INFO - Started process (PID=1909) to work on /opt/airflow/dags/fraud_pipeline.py
[2026-09-06T09:08:35.890+0000] {processor.py:914} INFO - Processing file /opt/airflow/dags/fraud_pipeline.py for tasks to queue
[2026-09-06T09:08:35.893+0000] {logging_mixin.py:190} INFO - [2026-09-06T09:08:35.892+0000] {dagbag.py:588} INFO - Filling up the DagBag from /opt/airflow/dags/fraud_pipeline.py
[2026-09-06T09:08:35.908+0000] {processor.py:925} INFO - DAG(s) 'fraud_pipeline' retrieved from /opt/airflow/dags/fraud_pipeline.py
[2026-09-06T09:08:35.923+0000] {logging_mixin.py:190} INFO - [2026-09-06T09:08:35.922+0000] {dag.py:3239} INFO - Sync 1 DAGs
[2026-09-06T09:08:35.938+0000] {logging_mixin.py:190} INFO - [2026-09-06T09:08:35.938+0000] {dag.py:4180} INFO - Setting next_dagrun for fraud_pipeline to 2026-09-06 00:00:00+00:00, run_after=2026-09-07 00:00:00+00:00
[2026-09-06T09:08:35.953+0000] {processor.py:208} INFO - Processing /opt/airflow/dags/fraud_pipeline.py took 0.067 seconds
[2026-09-06T09:09:06.644+0000] {processor.py:186} INFO - Started process (PID=1973) to work on /opt/airflow/dags/fraud_pipeline.py
[2026-09-06T09:09:06.645+0000] {processor.py:914} INFO - Processing file /opt/airflow/dags/fraud_pipeline.py for tasks to queue
[2026-09-06T09:09:06.647+0000] {logging_mixin.py:190} INFO - [2026-09-06T09:09:06.647+0000] {dagbag.py:588} INFO - Filling up the DagBag from /opt/airflow/dags/fraud_pipeline.py
[2026-09-06T09:09:06.663+0000] {processor.py:925} INFO - DAG(s) 'fraud_pipeline' retrieved from /opt/airflow/dags/fraud_pipeline.py
[2026-09-06T09:09:06.679+0000] {logging_mixin.py:190} INFO - [2026-09-06T09:09:06.678+0000] {dag.py:3239} INFO - Sync 1 DAGs
[2026-09-06T09:09:06.695+0000] {logging_mixin.py:190} INFO - [2026-09-06T09:09:06.695+0000] {dag.py:4180} INFO - Setting next_dagrun for fraud_pipeline to 2026-09-06 00:00:00+00:00, run_after=2026-09-07 00:00:00+00:00
[2026-09-06T09:09:06.710+0000] {processor.py:208} INFO - Processing /opt/airflow/dags/fraud_pipeline.py took 0.070 seconds
[2026-09-06T09:09:36.813+0000] {processor.py:186} INFO - Started process (PID=2037) to work on /opt/airflow/dags/fraud_pipeline.py
[2026-09-06T09:09:36.815+0000] {processor.py:914} INFO - Processing file /opt/airflow/dags/fraud_pipeline.py for tasks to queue
[2026-09-06T09:09:36.817+0000] {logging_mixin.py:190} INFO - [2026-09-06T09:09:36.816+0000] {dagbag.py:588} INFO - Filling up the DagBag from /opt/airflow/dags/fraud_pipeline.py
[2026-09-06T09:09:36.834+0000] {processor.py:925} INFO - DAG(s) 'fraud_pipeline' retrieved from /opt/airflow/dags/fraud_pipeline.py
[2026-09-06T09:09:36.849+0000] {logging_mixin.py:190} INFO - [2026-09-06T09:09:36.849+0000] {dag.py:3239} INFO - Sync 1 DAGs
[2026-09-06T09:09:36.867+0000] {logging_mixin.py:190} INFO - [2026-09-06T09:09:36.866+0000] {dag.py:4180} INFO - Setting next_dagrun for fraud_pipeline to 2026-09-06 00:00:00+00:00, run_after=2026-09-07 00:00:00+00:00
[2026-09-06T09:09:36.889+0000] {processor.py:208} INFO - Processing /opt/airflow/dags/fraud_pipeline.py took 0.080 seconds
[2026-09-06T09:10:07.340+0000] {processor.py:186} INFO - Started process (PID=2101) to work on /opt/airflow/dags/fraud_pipeline.py
[2026-09-06T09:10:07.341+0000] {processor.py:914} INFO - Processing file /opt/airflow/dags/fraud_pipeline.py for tasks to queue
[2026-09-06T09:10:07.343+0000] {logging_mixin.py:190} INFO - [2026-09-06T09:10:07.343+0000] {dagbag.py:588} INFO - Filling up the DagBag from /opt/airflow/dags/fraud_pipeline.py
[2026-09-06T09:10:07.361+0000] {processor.py:925} INFO - DAG(s) 'fraud_pipeline' retrieved from /opt/airflow/dags/fraud_pipeline.py
[2026-09-06T09:10:07.377+0000] {logging_mixin.py:190} INFO - [2026-09-06T09:10:07.377+0000] {dag.py:3239} INFO - Sync 1 DAGs
[2026-09-06T09:10:07.396+0000] {logging_mixin.py:190} INFO - [2026-09-06T09:10:07.396+0000] {dag.py:4180} INFO - Setting next_dagrun for fraud_pipeline to 2026-09-06 00:00:00+00:00, run_after=2026-09-07 00:00:00+00:00
[2026-09-06T09:10:07.412+0000] {processor.py:208} INFO - Processing /opt/airflow/dags/fraud_pipeline.py took 0.077 seconds
[2026-09-06T09:10:37.634+0000] {processor.py:186} INFO - Started process (PID=2165) to work on /opt/airflow/dags/fraud_pipeline.py
[2026-09-06T09:10:37.635+0000] {processor.py:914} INFO - Processing file /opt/airflow/dags/fraud_pipeline.py for tasks to queue
[2026-09-06T09:10:37.637+0000] {logging_mixin.py:190} INFO - [2026-09-06T09:10:37.637+0000] {dagbag.py:588} INFO - Filling up the DagBag from /opt/airflow/dags/fraud_pipeline.py
[2026-09-06T09:10:37.655+0000] {processor.py:925} INFO - DAG(s) 'fraud_pipeline' retrieved from /opt/airflow/dags/fraud_pipeline.py
[2026-09-06T09:10:37.671+0000] {logging_mixin.py:190} INFO - [2026-09-06T09:10:37.671+0000] {dag.py:3239} INFO - Sync 1 DAGs
[2026-09-06T09:10:37.690+0000] {logging_mixin.py:190} INFO - [2026-09-06T09:10:37.690+0000] {dag.py:4180} INFO - Setting next_dagrun for fraud_pipeline to 2026-09-06 00:00:00+00:00, run_after=2026-09-07 00:00:00+00:00
[2026-09-06T09:10:37.706+0000] {processor.py:208} INFO - Processing /opt/airflow/dags/fraud_pipeline.py took 0.077 seconds
[2026-09-06T09:11:07.908+0000] {processor.py:186} INFO - Started process (PID=2229) to work on /opt/airflow/dags/fraud_pipeline.py
[2026-09-06T09:11:07.909+0000] {processor.py:914} INFO - Processing file /opt/airflow/dags/fraud_pipeline.py for tasks to queue
[2026-09-06T09:11:07.911+0000] {logging_mixin.py:190} INFO - [2026-09-06T09:11:07.911+0000] {dagbag.py:588} INFO - Filling up the DagBag from /opt/airflow/dags/fraud_pipeline.py
[2026-09-06T09:11:07.927+0000] {processor.py:925} INFO - DAG(s) 'fraud_pipeline' retrieved from /opt/airflow/dags/fraud_pipeline.py
[2026-09-06T09:11:07.942+0000] {logging_mixin.py:190} INFO - [2026-09-06T09:11:07.942+0000] {dag.py:3239} INFO - Sync 1 DAGs
[2026-09-06T09:11:07.959+0000] {logging_mixin.py:190} INFO - [2026-09-06T09:11:07.959+0000] {dag.py:4180} INFO - Setting next_dagrun for fraud_pipeline to 2026-09-06 00:00:00+00:00, run_after=2026-09-07 00:00:00+00:00
[2026-09-06T09:11:07.974+0000] {processor.py:208} INFO - Processing /opt/airflow/dags/fraud_pipeline.py took 0.070 seconds
[2026-09-06T09:11:38.085+0000] {processor.py:186} INFO - Started process (PID=2292) to work on /opt/airflow/dags/fraud_pipeline.py
[2026-09-06T09:11:38.087+0000] {processor.py:914} INFO - Processing file /opt/airflow/dags/fraud_pipeline.py for tasks to queue
[2026-09-06T09:11:38.089+0000] {logging_mixin.py:190} INFO - [2026-09-06T09:11:38.089+0000] {dagbag.py:588} INFO - Filling up the DagBag from /opt/airflow/dags/fraud_pipeline.py
[2026-09-06T09:11:38.109+0000] {processor.py:925} INFO - DAG(s) 'fraud_pipeline' retrieved from /opt/airflow/dags/fraud_pipeline.py
[2026-09-06T09:11:38.129+0000] {logging_mixin.py:190} INFO - [2026-09-06T09:11:38.129+0000] {dag.py:3239} INFO - Sync 1 DAGs
[2026-09-06T09:11:38.150+0000] {logging_mixin.py:190} INFO - [2026-09-06T09:11:38.150+0000] {dag.py:4180} INFO - Setting next_dagrun for fraud_pipeline to 2026-09-06 00:00:00+00:00, run_after=2026-09-07 00:00:00+00:00
[2026-09-06T09:11:38.167+0000] {processor.py:208} INFO - Processing /opt/airflow/dags/fraud_pipeline.py took 0.088 seconds
[2026-09-06T09:12:08.952+0000] {processor.py:186} INFO - Started process (PID=2356) to work on /opt/airflow/dags/fraud_pipeline.py
[2026-09-06T09:12:08.953+0000] {processor.py:914} INFO - Processing file /opt/airflow/dags/fraud_pipeline.py for tasks to queue
[2026-09-06T09:12:08.955+0000] {logging_mixin.py:190} INFO - [2026-09-06T09:12:08.955+0000] {dagbag.py:588} INFO - Filling up the DagBag from /opt/airflow/dags/fraud_pipeline.py
[2026-09-06T09:12:08.971+0000] {processor.py:925} INFO - DAG(s) 'fraud_pipeline' retrieved from /opt/airflow/dags/fraud_pipeline.py
[2026-09-06T09:12:08.988+0000] {logging_mixin.py:190} INFO - [2026-09-06T09:12:08.988+0000] {dag.py:3239} INFO - Sync 1 DAGs
[2026-09-06T09:12:09.006+0000] {logging_mixin.py:190} INFO - [2026-09-06T09:12:09.006+0000] {dag.py:4180} INFO - Setting next_dagrun for fraud_pipeline to 2026-09-06 00:00:00+00:00, run_after=2026-09-07 00:00:00+00:00
[2026-09-06T09:12:09.021+0000] {processor.py:208} INFO - Processing /opt/airflow/dags/fraud_pipeline.py took 0.074 seconds
[2026-09-06T09:12:40.073+0000] {processor.py:186} INFO - Started process (PID=2418) to work on /opt/airflow/dags/fraud_pipeline.py
[2026-09-06T09:12:40.074+0000] {processor.py:914} INFO - Processing file /opt/airflow/dags/fraud_pipeline.py for tasks to queue
[2026-09-06T09:12:40.076+0000] {logging_mixin.py:190} INFO - [2026-09-06T09:12:40.076+0000] {dagbag.py:588} INFO - Filling up the DagBag from /opt/airflow/dags/fraud_pipeline.py
[2026-09-06T09:12:40.093+0000] {processor.py:925} INFO - DAG(s) 'fraud_pipeline' retrieved from /opt/airflow/dags/fraud_pipeline.py
[2026-09-06T09:12:40.109+0000] {logging_mixin.py:190} INFO - [2026-09-06T09:12:40.108+0000] {dag.py:3239} INFO - Sync 1 DAGs
[2026-09-06T09:12:40.126+0000] {logging_mixin.py:190} INFO - [2026-09-06T09:12:40.126+0000] {dag.py:4180} INFO - Setting next_dagrun for fraud_pipeline to 2026-09-06 00:00:00+00:00, run_after=2026-09-07 00:00:00+00:00
[2026-09-06T09:12:40.148+0000] {processor.py:208} INFO - Processing /opt/airflow/dags/fraud_pipeline.py took 0.080 seconds
[2026-09-06T09:13:10.238+0000] {processor.py:186} INFO - Started process (PID=2466) to work on /opt/airflow/dags/fraud_pipeline.py
[2026-09-06T09:13:10.239+0000] {processor.py:914} INFO - Processing file /opt/airflow/dags/fraud_pipeline.py for tasks to queue
[2026-09-06T09:13:10.241+0000] {logging_mixin.py:190} INFO - [2026-09-06T09:13:10.241+0000] {dagbag.py:588} INFO - Filling up the DagBag from /opt/airflow/dags/fraud_pipeline.py
[2026-09-06T09:13:10.258+0000] {processor.py:925} INFO - DAG(s) 'fraud_pipeline' retrieved from /opt/airflow/dags/fraud_pipeline.py
[2026-09-06T09:13:10.274+0000] {logging_mixin.py:190} INFO - [2026-09-06T09:13:10.274+0000] {dag.py:3239} INFO - Sync 1 DAGs
[2026-09-06T09:13:10.293+0000] {logging_mixin.py:190} INFO - [2026-09-06T09:13:10.293+0000] {dag.py:4180} INFO - Setting next_dagrun for fraud_pipeline to 2026-09-06 00:00:00+00:00, run_after=2026-09-07 00:00:00+00:00
[2026-09-06T09:13:10.311+0000] {processor.py:208} INFO - Processing /opt/airflow/dags/fraud_pipeline.py took 0.078 seconds
[2026-09-06T09:13:40.504+0000] {processor.py:186} INFO - Started process (PID=2522) to work on /opt/airflow/dags/fraud_pipeline.py
[2026-09-06T09:13:40.506+0000] {processor.py:914} INFO - Processing file /opt/airflow/dags/fraud_pipeline.py for tasks to queue
[2026-09-06T09:13:40.508+0000] {logging_mixin.py:190} INFO - [2026-09-06T09:13:40.507+0000] {dagbag.py:588} INFO - Filling up the DagBag from /opt/airflow/dags/fraud_pipeline.py
[2026-09-06T09:13:40.524+0000] {processor.py:925} INFO - DAG(s) 'fraud_pipeline' retrieved from /opt/airflow/dags/fraud_pipeline.py
[2026-09-06T09:13:40.542+0000] {logging_mixin.py:190} INFO - [2026-09-06T09:13:40.542+0000] {dag.py:3239} INFO - Sync 1 DAGs
[2026-09-06T09:13:40.561+0000] {logging_mixin.py:190} INFO - [2026-09-06T09:13:40.560+0000] {dag.py:4180} INFO - Setting next_dagrun for fraud_pipeline to 2026-09-06 00:00:00+00:00, run_after=2026-09-07 00:00:00+00:00
[2026-09-06T09:13:40.576+0000] {processor.py:208} INFO - Processing /opt/airflow/dags/fraud_pipeline.py took 0.077 seconds
[2026-09-06T09:14:11.483+0000] {processor.py:186} INFO - Started process (PID=2582) to work on /opt/airflow/dags/fraud_pipeline.py
[2026-09-06T09:14:11.484+0000] {processor.py:914} INFO - Processing file /opt/airflow/dags/fraud_pipeline.py for tasks to queue
[2026-09-06T09:14:11.486+0000] {logging_mixin.py:190} INFO - [2026-09-06T09:14:11.486+0000] {dagbag.py:588} INFO - Filling up the DagBag from /opt/airflow/dags/fraud_pipeline.py
[2026-09-06T09:14:11.502+0000] {processor.py:925} INFO - DAG(s) 'fraud_pipeline' retrieved from /opt/airflow/dags/fraud_pipeline.py
[2026-09-06T09:14:11.517+0000] {logging_mixin.py:190} INFO - [2026-09-06T09:14:11.517+0000] {dag.py:3239} INFO - Sync 1 DAGs
[2026-09-06T09:14:11.533+0000] {logging_mixin.py:190} INFO - [2026-09-06T09:14:11.533+0000] {dag.py:4180} INFO - Setting next_dagrun for fraud_pipeline to 2026-09-06 00:00:00+00:00, run_after=2026-09-07 00:00:00+00:00
[2026-09-06T09:14:11.548+0000] {processor.py:208} INFO - Processing /opt/airflow/dags/fraud_pipeline.py took 0.069 seconds
[2026-09-06T09:14:42.487+0000] {processor.py:186} INFO - Started process (PID=2643) to work on /opt/airflow/dags/fraud_pipeline.py
[2026-09-06T09:14:42.488+0000] {processor.py:914} INFO - Processing file /opt/airflow/dags/fraud_pipeline.py for tasks to queue
[2026-09-06T09:14:42.490+0000] {logging_mixin.py:190} INFO - [2026-09-06T09:14:42.489+0000] {dagbag.py:588} INFO - Filling up the DagBag from /opt/airflow/dags/fraud_pipeline.py
[2026-09-06T09:14:42.507+0000] {processor.py:925} INFO - DAG(s) 'fraud_pipeline' retrieved from /opt/airflow/dags/fraud_pipeline.py
[2026-09-06T09:14:42.523+0000] {logging_mixin.py:190} INFO - [2026-09-06T09:14:42.523+0000] {dag.py:3239} INFO - Sync 1 DAGs
[2026-09-06T09:14:42.539+0000] {logging_mixin.py:190} INFO - [2026-09-06T09:14:42.539+0000] {dag.py:4180} INFO - Setting next_dagrun for fraud_pipeline to 2026-09-06 00:00:00+00:00, run_after=2026-09-07 00:00:00+00:00
[2026-09-06T09:14:42.554+0000] {processor.py:208} INFO - Processing /opt/airflow/dags/fraud_pipeline.py took 0.071 seconds
[2026-09-06T09:15:13.624+0000] {processor.py:186} INFO - Started process (PID=2707) to work on /opt/airflow/dags/fraud_pipeline.py
[2026-09-06T09:15:13.625+0000] {processor.py:914} INFO - Processing file /opt/airflow/dags/fraud_pipeline.py for tasks to queue
[2026-09-06T09:15:13.627+0000] {logging_mixin.py:190} INFO - [2026-09-06T09:15:13.626+0000] {dagbag.py:588} INFO - Filling up the DagBag from /opt/airflow/dags/fraud_pipeline.py
[2026-09-06T09:15:13.643+0000] {processor.py:925} INFO - DAG(s) 'fraud_pipeline' retrieved from /opt/airflow/dags/fraud_pipeline.py
[2026-09-06T09:15:13.658+0000] {logging_mixin.py:190} INFO - [2026-09-06T09:15:13.658+0000] {dag.py:3239} INFO - Sync 1 DAGs
[2026-09-06T09:15:13.676+0000] {logging_mixin.py:190} INFO - [2026-09-06T09:15:13.676+0000] {dag.py:4180} INFO - Setting next_dagrun for fraud_pipeline to 2026-09-06 00:00:00+00:00, run_after=2026-09-07 00:00:00+00:00
[2026-09-06T09:15:13.692+0000] {processor.py:208} INFO - Processing /opt/airflow/dags/fraud_pipeline.py took 0.073 seconds
[2026-09-06T09:15:44.111+0000] {processor.py:186} INFO - Started process (PID=2766) to work on /opt/airflow/dags/fraud_pipeline.py
[2026-09-06T09:15:44.112+0000] {processor.py:914} INFO - Processing file /opt/airflow/dags/fraud_pipeline.py for tasks to queue
[2026-09-06T09:15:44.115+0000] {logging_mixin.py:190} INFO - [2026-09-06T09:15:44.114+0000] {dagbag.py:588} INFO - Filling up the DagBag from /opt/airflow/dags/fraud_pipeline.py
[2026-09-06T09:15:44.135+0000] {processor.py:925} INFO - DAG(s) 'fraud_pipeline' retrieved from /opt/airflow/dags/fraud_pipeline.py
[2026-09-06T09:15:44.158+0000] {logging_mixin.py:190} INFO - [2026-09-06T09:15:44.158+0000] {dag.py:3239} INFO - Sync 1 DAGs
[2026-09-06T09:15:44.185+0000] {logging_mixin.py:190} INFO - [2026-09-06T09:15:44.185+0000] {dag.py:4180} INFO - Setting next_dagrun for fraud_pipeline to 2026-09-06 00:00:00+00:00, run_after=2026-09-07 00:00:00+00:00
[2026-09-06T09:15:44.208+0000] {processor.py:208} INFO - Processing /opt/airflow/dags/fraud_pipeline.py took 0.103 seconds
[2026-09-06T09:16:14.790+0000] {processor.py:186} INFO - Started process (PID=2829) to work on /opt/airflow/dags/fraud_pipeline.py
[2026-09-06T09:16:14.791+0000] {processor.py:914} INFO - Processing file /opt/airflow/dags/fraud_pipeline.py for tasks to queue
[2026-09-06T09:16:14.792+0000] {logging_mixin.py:190} INFO - [2026-09-06T09:16:14.792+0000] {dagbag.py:588} INFO - Filling up the DagBag from /opt/airflow/dags/fraud_pipeline.py
[2026-09-06T09:16:14.809+0000] {processor.py:925} INFO - DAG(s) 'fraud_pipeline' retrieved from /opt/airflow/dags/fraud_pipeline.py
[2026-09-06T09:16:14.822+0000] {logging_mixin.py:190} INFO - [2026-09-06T09:16:14.822+0000] {dag.py:3239} INFO - Sync 1 DAGs
[2026-09-06T09:16:14.838+0000] {logging_mixin.py:190} INFO - [2026-09-06T09:16:14.838+0000] {dag.py:4180} INFO - Setting next_dagrun for fraud_pipeline to 2026-09-06 00:00:00+00:00, run_after=2026-09-07 00:00:00+00:00
[2026-09-06T09:16:14.853+0000] {processor.py:208} INFO - Processing /opt/airflow/dags/fraud_pipeline.py took 0.068 seconds
[2026-09-06T09:16:45.434+0000] {processor.py:186} INFO - Started process (PID=2892) to work on /opt/airflow/dags/fraud_pipeline.py
[2026-09-06T09:16:45.435+0000] {processor.py:914} INFO - Processing file /opt/airflow/dags/fraud_pipeline.py for tasks to queue
[2026-09-06T09:16:45.437+0000] {logging_mixin.py:190} INFO - [2026-09-06T09:16:45.436+0000] {dagbag.py:588} INFO - Filling up the DagBag from /opt/airflow/dags/fraud_pipeline.py
[2026-09-06T09:16:45.456+0000] {processor.py:925} INFO - DAG(s) 'fraud_pipeline' retrieved from /opt/airflow/dags/fraud_pipeline.py
[2026-09-06T09:16:45.473+0000] {logging_mixin.py:190} INFO - [2026-09-06T09:16:45.472+0000] {dag.py:3239} INFO - Sync 1 DAGs
[2026-09-06T09:16:45.491+0000] {logging_mixin.py:190} INFO - [2026-09-06T09:16:45.491+0000] {dag.py:4180} INFO - Setting next_dagrun for fraud_pipeline to 2026-09-06 00:00:00+00:00, run_after=2026-09-07 00:00:00+00:00
[2026-09-06T09:16:45.508+0000] {processor.py:208} INFO - Processing /opt/airflow/dags/fraud_pipeline.py took 0.080 seconds
[2026-09-06T09:17:15.697+0000] {processor.py:186} INFO - Started process (PID=2954) to work on /opt/airflow/dags/fraud_pipeline.py
[2026-09-06T09:17:15.698+0000] {processor.py:914} INFO - Processing file /opt/airflow/dags/fraud_pipeline.py for tasks to queue
[2026-09-06T09:17:15.700+0000] {logging_mixin.py:190} INFO - [2026-09-06T09:17:15.700+0000] {dagbag.py:588} INFO - Filling up the DagBag from /opt/airflow/dags/fraud_pipeline.py
[2026-09-06T09:17:15.717+0000] {processor.py:925} INFO - DAG(s) 'fraud_pipeline' retrieved from /opt/airflow/dags/fraud_pipeline.py
[2026-09-06T09:17:15.734+0000] {logging_mixin.py:190} INFO - [2026-09-06T09:17:15.734+0000] {dag.py:3239} INFO - Sync 1 DAGs
[2026-09-06T09:17:15.753+0000] {logging_mixin.py:190} INFO - [2026-09-06T09:17:15.752+0000] {dag.py:4180} INFO - Setting next_dagrun for fraud_pipeline to 2026-09-06 00:00:00+00:00, run_after=2026-09-07 00:00:00+00:00
[2026-09-06T09:17:15.770+0000] {processor.py:208} INFO - Processing /opt/airflow/dags/fraud_pipeline.py took 0.078 seconds
[2026-09-06T09:17:46.287+0000] {processor.py:186} INFO - Started process (PID=3018) to work on /opt/airflow/dags/fraud_pipeline.py
[2026-09-06T09:17:46.289+0000] {processor.py:914} INFO - Processing file /opt/airflow/dags/fraud_pipeline.py for tasks to queue
[2026-09-06T09:17:46.291+0000] {logging_mixin.py:190} INFO - [2026-09-06T09:17:46.291+0000] {dagbag.py:588} INFO - Filling up the DagBag from /opt/airflow/dags/fraud_pipeline.py
[2026-09-06T09:17:46.309+0000] {processor.py:925} INFO - DAG(s) 'fraud_pipeline' retrieved from /opt/airflow/dags/fraud_pipeline.py
[2026-09-06T09:17:46.327+0000] {logging_mixin.py:190} INFO - [2026-09-06T09:17:46.327+0000] {dag.py:3239} INFO - Sync 1 DAGs
[2026-09-06T09:17:46.345+0000] {logging_mixin.py:190} INFO - [2026-09-06T09:17:46.344+0000] {dag.py:4180} INFO - Setting next_dagrun for fraud_pipeline to 2026-09-06 00:00:00+00:00, run_after=2026-09-07 00:00:00+00:00
[2026-09-06T09:17:46.360+0000] {processor.py:208} INFO - Processing /opt/airflow/dags/fraud_pipeline.py took 0.078 seconds
[2026-09-06T09:18:16.637+0000] {processor.py:186} INFO - Started process (PID=3082) to work on /opt/airflow/dags/fraud_pipeline.py
[2026-09-06T09:18:16.638+0000] {processor.py:914} INFO - Processing file /opt/airflow/dags/fraud_pipeline.py for tasks to queue
[2026-09-06T09:18:16.641+0000] {logging_mixin.py:190} INFO - [2026-09-06T09:18:16.640+0000] {dagbag.py:588} INFO - Filling up the DagBag from /opt/airflow/dags/fraud_pipeline.py
[2026-09-06T09:18:16.658+0000] {processor.py:925} INFO - DAG(s) 'fraud_pipeline' retrieved from /opt/airflow/dags/fraud_pipeline.py
[2026-09-06T09:18:16.675+0000] {logging_mixin.py:190} INFO - [2026-09-06T09:18:16.674+0000] {dag.py:3239} INFO - Sync 1 DAGs
[2026-09-06T09:18:16.693+0000] {logging_mixin.py:190} INFO - [2026-09-06T09:18:16.693+0000] {dag.py:4180} INFO - Setting next_dagrun for fraud_pipeline to 2026-09-06 00:00:00+00:00, run_after=2026-09-07 00:00:00+00:00
[2026-09-06T09:18:16.872+0000] {processor.py:208} INFO - Processing /opt/airflow/dags/fraud_pipeline.py took 0.240 seconds
[2026-09-06T09:18:46.927+0000] {processor.py:186} INFO - Started process (PID=3146) to work on /opt/airflow/dags/fraud_pipeline.py
[2026-09-06T09:18:46.928+0000] {processor.py:914} INFO - Processing file /opt/airflow/dags/fraud_pipeline.py for tasks to queue
[2026-09-06T09:18:46.932+0000] {logging_mixin.py:190} INFO - [2026-09-06T09:18:46.932+0000] {dagbag.py:588} INFO - Filling up the DagBag from /opt/airflow/dags/fraud_pipeline.py
[2026-09-06T09:18:46.952+0000] {processor.py:925} INFO - DAG(s) 'fraud_pipeline' retrieved from /opt/airflow/dags/fraud_pipeline.py
[2026-09-06T09:18:46.973+0000] {logging_mixin.py:190} INFO - [2026-09-06T09:18:46.973+0000] {dag.py:3239} INFO - Sync 1 DAGs
[2026-09-06T09:18:46.995+0000] {logging_mixin.py:190} INFO - [2026-09-06T09:18:46.994+0000] {dag.py:4180} INFO - Setting next_dagrun for fraud_pipeline to 2026-09-06 00:00:00+00:00, run_after=2026-09-07 00:00:00+00:00
[2026-09-06T09:18:47.012+0000] {processor.py:208} INFO - Processing /opt/airflow/dags/fraud_pipeline.py took 0.092 seconds
[2026-09-06T09:19:17.588+0000] {processor.py:186} INFO - Started process (PID=3210) to work on /opt/airflow/dags/fraud_pipeline.py
[2026-09-06T09:19:17.589+0000] {processor.py:914} INFO - Processing file /opt/airflow/dags/fraud_pipeline.py for tasks to queue
[2026-09-06T09:19:17.592+0000] {logging_mixin.py:190} INFO - [2026-09-06T09:19:17.592+0000] {dagbag.py:588} INFO - Filling up the DagBag from /opt/airflow/dags/fraud_pipeline.py
[2026-09-06T09:19:17.609+0000] {processor.py:925} INFO - DAG(s) 'fraud_pipeline' retrieved from /opt/airflow/dags/fraud_pipeline.py
[2026-09-06T09:19:17.624+0000] {logging_mixin.py:190} INFO - [2026-09-06T09:19:17.624+0000] {dag.py:3239} INFO - Sync 1 DAGs
[2026-09-06T09:19:17.641+0000] {logging_mixin.py:190} INFO - [2026-09-06T09:19:17.641+0000] {dag.py:4180} INFO - Setting next_dagrun for fraud_pipeline to 2026-09-06 00:00:00+00:00, run_after=2026-09-07 00:00:00+00:00
[2026-09-06T09:19:17.656+0000] {processor.py:208} INFO - Processing /opt/airflow/dags/fraud_pipeline.py took 0.072 seconds
[2026-09-06T09:19:47.949+0000] {processor.py:186} INFO - Started process (PID=3274) to work on /opt/airflow/dags/fraud_pipeline.py
[2026-09-06T09:19:47.950+0000] {processor.py:914} INFO - Processing file /opt/airflow/dags/fraud_pipeline.py for tasks to queue
[2026-09-06T09:19:47.952+0000] {logging_mixin.py:190} INFO - [2026-09-06T09:19:47.952+0000] {dagbag.py:588} INFO - Filling up the DagBag from /opt/airflow/dags/fraud_pipeline.py
[2026-09-06T09:19:47.970+0000] {processor.py:925} INFO - DAG(s) 'fraud_pipeline' retrieved from /opt/airflow/dags/fraud_pipeline.py
[2026-09-06T09:19:47.986+0000] {logging_mixin.py:190} INFO - [2026-09-06T09:19:47.986+0000] {dag.py:3239} INFO - Sync 1 DAGs
[2026-09-06T09:19:48.003+0000] {logging_mixin.py:190} INFO - [2026-09-06T09:19:48.003+0000] {dag.py:4180} INFO - Setting next_dagrun for fraud_pipeline to 2026-09-06 00:00:00+00:00, run_after=2026-09-07 00:00:00+00:00
[2026-09-06T09:19:48.017+0000] {processor.py:208} INFO - Processing /opt/airflow/dags/fraud_pipeline.py took 0.072 seconds
[2026-09-06T09:20:18.895+0000] {processor.py:186} INFO - Started process (PID=3338) to work on /opt/airflow/dags/fraud_pipeline.py
[2026-09-06T09:20:18.896+0000] {processor.py:914} INFO - Processing file /opt/airflow/dags/fraud_pipeline.py for tasks to queue
[2026-09-06T09:20:18.898+0000] {logging_mixin.py:190} INFO - [2026-09-06T09:20:18.898+0000] {dagbag.py:588} INFO - Filling up the DagBag from /opt/airflow/dags/fraud_pipeline.py
[2026-09-06T09:20:18.914+0000] {processor.py:925} INFO - DAG(s) 'fraud_pipeline' retrieved from /opt/airflow/dags/fraud_pipeline.py
[2026-09-06T09:20:18.931+0000] {logging_mixin.py:190} INFO - [2026-09-06T09:20:18.931+0000] {dag.py:3239} INFO - Sync 1 DAGs
[2026-09-06T09:20:19.147+0000] {logging_mixin.py:190} INFO - [2026-09-06T09:20:19.146+0000] {dag.py:4180} INFO - Setting next_dagrun for fraud_pipeline to 2026-09-06 00:00:00+00:00, run_after=2026-09-07 00:00:00+00:00
[2026-09-06T09:20:19.162+0000] {processor.py:208} INFO - Processing /opt/airflow/dags/fraud_pipeline.py took 0.272 seconds
[2026-09-06T09:20:49.696+0000] {processor.py:186} INFO - Started process (PID=3402) to work on /opt/airflow/dags/fraud_pipeline.py
[2026-09-06T09:20:49.697+0000] {processor.py:914} INFO - Processing file /opt/airflow/dags/fraud_pipeline.py for tasks to queue
[2026-09-06T09:20:49.699+0000] {logging_mixin.py:190} INFO - [2026-09-06T09:20:49.699+0000] {dagbag.py:588} INFO - Filling up the DagBag from /opt/airflow/dags/fraud_pipeline.py
[2026-09-06T09:20:49.718+0000] {processor.py:925} INFO - DAG(s) 'fraud_pipeline' retrieved from /opt/airflow/dags/fraud_pipeline.py
[2026-09-06T09:20:49.736+0000] {logging_mixin.py:190} INFO - [2026-09-06T09:20:49.736+0000] {dag.py:3239} INFO - Sync 1 DAGs
[2026-09-06T09:20:49.755+0000] {logging_mixin.py:190} INFO - [2026-09-06T09:20:49.755+0000] {dag.py:4180} INFO - Setting next_dagrun for fraud_pipeline to 2026-09-06 00:00:00+00:00, run_after=2026-09-07 00:00:00+00:00
[2026-09-06T09:20:49.775+0000] {processor.py:208} INFO - Processing /opt/airflow/dags/fraud_pipeline.py took 0.084 seconds
[2026-09-06T09:21:19.964+0000] {processor.py:186} INFO - Started process (PID=3466) to work on /opt/airflow/dags/fraud_pipeline.py
[2026-09-06T09:21:19.965+0000] {processor.py:914} INFO - Processing file /opt/airflow/dags/fraud_pipeline.py for tasks to queue
[2026-09-06T09:21:19.968+0000] {logging_mixin.py:190} INFO - [2026-09-06T09:21:19.967+0000] {dagbag.py:588} INFO - Filling up the DagBag from /opt/airflow/dags/fraud_pipeline.py
[2026-09-06T09:21:19.987+0000] {processor.py:925} INFO - DAG(s) 'fraud_pipeline' retrieved from /opt/airflow/dags/fraud_pipeline.py
[2026-09-06T09:21:20.005+0000] {logging_mixin.py:190} INFO - [2026-09-06T09:21:20.005+0000] {dag.py:3239} INFO - Sync 1 DAGs
[2026-09-06T09:21:20.029+0000] {logging_mixin.py:190} INFO - [2026-09-06T09:21:20.029+0000] {dag.py:4180} INFO - Setting next_dagrun for fraud_pipeline to 2026-09-06 00:00:00+00:00, run_after=2026-09-07 00:00:00+00:00
[2026-09-06T09:21:20.048+0000] {processor.py:208} INFO - Processing /opt/airflow/dags/fraud_pipeline.py took 0.090 seconds
[2026-09-06T09:21:50.466+0000] {processor.py:186} INFO - Started process (PID=3530) to work on /opt/airflow/dags/fraud_pipeline.py
[2026-09-06T09:21:50.467+0000] {processor.py:914} INFO - Processing file /opt/airflow/dags/fraud_pipeline.py for tasks to queue
[2026-09-06T09:21:50.469+0000] {logging_mixin.py:190} INFO - [2026-09-06T09:21:50.469+0000] {dagbag.py:588} INFO - Filling up the DagBag from /opt/airflow/dags/fraud_pipeline.py
[2026-09-06T09:21:50.485+0000] {processor.py:925} INFO - DAG(s) 'fraud_pipeline' retrieved from /opt/airflow/dags/fraud_pipeline.py
[2026-09-06T09:21:50.499+0000] {logging_mixin.py:190} INFO - [2026-09-06T09:21:50.498+0000] {dag.py:3239} INFO - Sync 1 DAGs
[2026-09-06T09:21:50.514+0000] {logging_mixin.py:190} INFO - [2026-09-06T09:21:50.514+0000] {dag.py:4180} INFO - Setting next_dagrun for fraud_pipeline to 2026-09-06 00:00:00+00:00, run_after=2026-09-07 00:00:00+00:00
[2026-09-06T09:21:50.529+0000] {processor.py:208} INFO - Processing /opt/airflow/dags/fraud_pipeline.py took 0.067 seconds
[2026-09-06T09:22:21.411+0000] {processor.py:186} INFO - Started process (PID=3594) to work on /opt/airflow/dags/fraud_pipeline.py
[2026-09-06T09:22:21.412+0000] {processor.py:914} INFO - Processing file /opt/airflow/dags/fraud_pipeline.py for tasks to queue
[2026-09-06T09:22:21.415+0000] {logging_mixin.py:190} INFO - [2026-09-06T09:22:21.415+0000] {dagbag.py:588} INFO - Filling up the DagBag from /opt/airflow/dags/fraud_pipeline.py
[2026-09-06T09:22:21.432+0000] {processor.py:925} INFO - DAG(s) 'fraud_pipeline' retrieved from /opt/airflow/dags/fraud_pipeline.py
[2026-09-06T09:22:21.448+0000] {logging_mixin.py:190} INFO - [2026-09-06T09:22:21.447+0000] {dag.py:3239} INFO - Sync 1 DAGs
[2026-09-06T09:22:21.465+0000] {logging_mixin.py:190} INFO - [2026-09-06T09:22:21.465+0000] {dag.py:4180} INFO - Setting next_dagrun for fraud_pipeline to 2026-09-06 00:00:00+00:00, run_after=2026-09-07 00:00:00+00:00
[2026-09-06T09:22:21.480+0000] {processor.py:208} INFO - Processing /opt/airflow/dags/fraud_pipeline.py took 0.073 seconds
[2026-09-06T09:22:52.429+0000] {processor.py:186} INFO - Started process (PID=3658) to work on /opt/airflow/dags/fraud_pipeline.py
[2026-09-06T09:22:52.430+0000] {processor.py:914} INFO - Processing file /opt/airflow/dags/fraud_pipeline.py for tasks to queue
[2026-09-06T09:22:52.433+0000] {logging_mixin.py:190} INFO - [2026-09-06T09:22:52.432+0000] {dagbag.py:588} INFO - Filling up the DagBag from /opt/airflow/dags/fraud_pipeline.py
[2026-09-06T09:22:52.449+0000] {processor.py:925} INFO - DAG(s) 'fraud_pipeline' retrieved from /opt/airflow/dags/fraud_pipeline.py
[2026-09-06T09:22:52.465+0000] {logging_mixin.py:190} INFO - [2026-09-06T09:22:52.464+0000] {dag.py:3239} INFO - Sync 1 DAGs
[2026-09-06T09:22:52.482+0000] {logging_mixin.py:190} INFO - [2026-09-06T09:22:52.481+0000] {dag.py:4180} INFO - Setting next_dagrun for fraud_pipeline to 2026-09-06 00:00:00+00:00, run_after=2026-09-07 00:00:00+00:00
[2026-09-06T09:22:52.498+0000] {processor.py:208} INFO - Processing /opt/airflow/dags/fraud_pipeline.py took 0.073 seconds
[2026-09-06T09:23:22.653+0000] {processor.py:186} INFO - Started process (PID=3722) to work on /opt/airflow/dags/fraud_pipeline.py
[2026-09-06T09:23:22.654+0000] {processor.py:914} INFO - Processing file /opt/airflow/dags/fraud_pipeline.py for tasks to queue
[2026-09-06T09:23:22.656+0000] {logging_mixin.py:190} INFO - [2026-09-06T09:23:22.656+0000] {dagbag.py:588} INFO - Filling up the DagBag from /opt/airflow/dags/fraud_pipeline.py
[2026-09-06T09:23:22.673+0000] {processor.py:925} INFO - DAG(s) 'fraud_pipeline' retrieved from /opt/airflow/dags/fraud_pipeline.py
[2026-09-06T09:23:22.689+0000] {logging_mixin.py:190} INFO - [2026-09-06T09:23:22.689+0000] {dag.py:3239} INFO - Sync 1 DAGs
[2026-09-06T09:23:22.706+0000] {logging_mixin.py:190} INFO - [2026-09-06T09:23:22.706+0000] {dag.py:4180} INFO - Setting next_dagrun for fraud_pipeline to 2026-09-06 00:00:00+00:00, run_after=2026-09-07 00:00:00+00:00
[2026-09-06T09:23:22.721+0000] {processor.py:208} INFO - Processing /opt/airflow/dags/fraud_pipeline.py took 0.072 seconds
[2026-09-06T09:23:53.411+0000] {processor.py:186} INFO - Started process (PID=3786) to work on /opt/airflow/dags/fraud_pipeline.py
[2026-09-06T09:23:53.412+0000] {processor.py:914} INFO - Processing file /opt/airflow/dags/fraud_pipeline.py for tasks to queue
[2026-09-06T09:23:53.415+0000] {logging_mixin.py:190} INFO - [2026-09-06T09:23:53.415+0000] {dagbag.py:588} INFO - Filling up the DagBag from /opt/airflow/dags/fraud_pipeline.py
[2026-09-06T09:23:53.432+0000] {processor.py:925} INFO - DAG(s) 'fraud_pipeline' retrieved from /opt/airflow/dags/fraud_pipeline.py
[2026-09-06T09:23:53.448+0000] {logging_mixin.py:190} INFO - [2026-09-06T09:23:53.447+0000] {dag.py:3239} INFO - Sync 1 DAGs
[2026-09-06T09:23:53.470+0000] {logging_mixin.py:190} INFO - [2026-09-06T09:23:53.470+0000] {dag.py:4180} INFO - Setting next_dagrun for fraud_pipeline to 2026-09-06 00:00:00+00:00, run_after=2026-09-07 00:00:00+00:00
[2026-09-06T09:23:53.492+0000] {processor.py:208} INFO - Processing /opt/airflow/dags/fraud_pipeline.py took 0.085 seconds
[2026-09-06T09:24:23.534+0000] {processor.py:186} INFO - Started process (PID=3850) to work on /opt/airflow/dags/fraud_pipeline.py
[2026-09-06T09:24:23.536+0000] {processor.py:914} INFO - Processing file /opt/airflow/dags/fraud_pipeline.py for tasks to queue
[2026-09-06T09:24:23.538+0000] {logging_mixin.py:190} INFO - [2026-09-06T09:24:23.537+0000] {dagbag.py:588} INFO - Filling up the DagBag from /opt/airflow/dags/fraud_pipeline.py
[2026-09-06T09:24:23.555+0000] {processor.py:925} INFO - DAG(s) 'fraud_pipeline' retrieved from /opt/airflow/dags/fraud_pipeline.py
[2026-09-06T09:24:23.573+0000] {logging_mixin.py:190} INFO - [2026-09-06T09:24:23.572+0000] {dag.py:3239} INFO - Sync 1 DAGs
[2026-09-06T09:24:23.592+0000] {logging_mixin.py:190} INFO - [2026-09-06T09:24:23.592+0000] {dag.py:4180} INFO - Setting next_dagrun for fraud_pipeline to 2026-09-06 00:00:00+00:00, run_after=2026-09-07 00:00:00+00:00
[2026-09-06T09:24:23.608+0000] {processor.py:208} INFO - Processing /opt/airflow/dags/fraud_pipeline.py took 0.078 seconds
[2026-09-06T09:24:53.758+0000] {processor.py:186} INFO - Started process (PID=3914) to work on /opt/airflow/dags/fraud_pipeline.py
[2026-09-06T09:24:53.760+0000] {processor.py:914} INFO - Processing file /opt/airflow/dags/fraud_pipeline.py for tasks to queue
[2026-09-06T09:24:53.762+0000] {logging_mixin.py:190} INFO - [2026-09-06T09:24:53.762+0000] {dagbag.py:588} INFO - Filling up the DagBag from /opt/airflow/dags/fraud_pipeline.py
[2026-09-06T09:24:53.779+0000] {processor.py:925} INFO - DAG(s) 'fraud_pipeline' retrieved from /opt/airflow/dags/fraud_pipeline.py
[2026-09-06T09:24:53.797+0000] {logging_mixin.py:190} INFO - [2026-09-06T09:24:53.796+0000] {dag.py:3239} INFO - Sync 1 DAGs
[2026-09-06T09:24:53.816+0000] {logging_mixin.py:190} INFO - [2026-09-06T09:24:53.815+0000] {dag.py:4180} INFO - Setting next_dagrun for fraud_pipeline to 2026-09-06 00:00:00+00:00, run_after=2026-09-07 00:00:00+00:00
[2026-09-06T09:24:53.833+0000] {processor.py:208} INFO - Processing /opt/airflow/dags/fraud_pipeline.py took 0.079 seconds
[2026-09-06T09:25:23.971+0000] {processor.py:186} INFO - Started process (PID=3978) to work on /opt/airflow/dags/fraud_pipeline.py
[2026-09-06T09:25:23.973+0000] {processor.py:914} INFO - Processing file /opt/airflow/dags/fraud_pipeline.py for tasks to queue
[2026-09-06T09:25:23.975+0000] {logging_mixin.py:190} INFO - [2026-09-06T09:25:23.974+0000] {dagbag.py:588} INFO - Filling up the DagBag from /opt/airflow/dags/fraud_pipeline.py
[2026-09-06T09:25:23.993+0000] {processor.py:925} INFO - DAG(s) 'fraud_pipeline' retrieved from /opt/airflow/dags/fraud_pipeline.py
[2026-09-06T09:25:24.008+0000] {logging_mixin.py:190} INFO - [2026-09-06T09:25:24.008+0000] {dag.py:3239} INFO - Sync 1 DAGs
[2026-09-06T09:25:24.026+0000] {logging_mixin.py:190} INFO - [2026-09-06T09:25:24.025+0000] {dag.py:4180} INFO - Setting next_dagrun for fraud_pipeline to 2026-09-06 00:00:00+00:00, run_after=2026-09-07 00:00:00+00:00
[2026-09-06T09:25:24.041+0000] {processor.py:208} INFO - Processing /opt/airflow/dags/fraud_pipeline.py took 0.074 seconds
[2026-09-06T09:25:54.439+0000] {processor.py:186} INFO - Started process (PID=4042) to work on /opt/airflow/dags/fraud_pipeline.py
[2026-09-06T09:25:54.442+0000] {processor.py:914} INFO - Processing file /opt/airflow/dags/fraud_pipeline.py for tasks to queue
[2026-09-06T09:25:54.448+0000] {logging_mixin.py:190} INFO - [2026-09-06T09:25:54.447+0000] {dagbag.py:588} INFO - Filling up the DagBag from /opt/airflow/dags/fraud_pipeline.py
[2026-09-06T09:25:54.481+0000] {processor.py:925} INFO - DAG(s) 'fraud_pipeline' retrieved from /opt/airflow/dags/fraud_pipeline.py
[2026-09-06T09:25:54.508+0000] {logging_mixin.py:190} INFO - [2026-09-06T09:25:54.507+0000] {dag.py:3239} INFO - Sync 1 DAGs
[2026-09-06T09:25:54.535+0000] {logging_mixin.py:190} INFO - [2026-09-06T09:25:54.535+0000] {dag.py:4180} INFO - Setting next_dagrun for fraud_pipeline to 2026-09-06 00:00:00+00:00, run_after=2026-09-07 00:00:00+00:00
[2026-09-06T09:25:54.555+0000] {processor.py:208} INFO - Processing /opt/airflow/dags/fraud_pipeline.py took 0.127 seconds
[2026-09-06T09:26:24.916+0000] {processor.py:186} INFO - Started process (PID=4106) to work on /opt/airflow/dags/fraud_pipeline.py
[2026-09-06T09:26:24.917+0000] {processor.py:914} INFO - Processing file /opt/airflow/dags/fraud_pipeline.py for tasks to queue
[2026-09-06T09:26:24.919+0000] {logging_mixin.py:190} INFO - [2026-09-06T09:26:24.919+0000] {dagbag.py:588} INFO - Filling up the DagBag from /opt/airflow/dags/fraud_pipeline.py
[2026-09-06T09:26:24.936+0000] {processor.py:925} INFO - DAG(s) 'fraud_pipeline' retrieved from /opt/airflow/dags/fraud_pipeline.py
[2026-09-06T09:26:24.952+0000] {logging_mixin.py:190} INFO - [2026-09-06T09:26:24.952+0000] {dag.py:3239} INFO - Sync 1 DAGs
[2026-09-06T09:26:24.969+0000] {logging_mixin.py:190} INFO - [2026-09-06T09:26:24.969+0000] {dag.py:4180} INFO - Setting next_dagrun for fraud_pipeline to 2026-09-06 00:00:00+00:00, run_after=2026-09-07 00:00:00+00:00
[2026-09-06T09:26:24.984+0000] {processor.py:208} INFO - Processing /opt/airflow/dags/fraud_pipeline.py took 0.073 seconds
[2026-09-06T09:26:55.032+0000] {processor.py:186} INFO - Started process (PID=4170) to work on /opt/airflow/dags/fraud_pipeline.py
[2026-09-06T09:26:55.033+0000] {processor.py:914} INFO - Processing file /opt/airflow/dags/fraud_pipeline.py for tasks to queue
[2026-09-06T09:26:55.036+0000] {logging_mixin.py:190} INFO - [2026-09-06T09:26:55.035+0000] {dagbag.py:588} INFO - Filling up the DagBag from /opt/airflow/dags/fraud_pipeline.py
[2026-09-06T09:26:55.056+0000] {processor.py:925} INFO - DAG(s) 'fraud_pipeline' retrieved from /opt/airflow/dags/fraud_pipeline.py
[2026-09-06T09:26:55.075+0000] {logging_mixin.py:190} INFO - [2026-09-06T09:26:55.075+0000] {dag.py:3239} INFO - Sync 1 DAGs
[2026-09-06T09:26:55.098+0000] {logging_mixin.py:190} INFO - [2026-09-06T09:26:55.097+0000] {dag.py:4180} INFO - Setting next_dagrun for fraud_pipeline to 2026-09-06 00:00:00+00:00, run_after=2026-09-07 00:00:00+00:00
[2026-09-06T09:26:55.116+0000] {processor.py:208} INFO - Processing /opt/airflow/dags/fraud_pipeline.py took 0.090 seconds
