[2026-09-06T08:53:55.281+0000] {processor.py:186} INFO - Started process (PID=59) to work on /home/airflow/.local/lib/python3.12/site-packages/airflow/example_dags/example_sla_dag.py
[2026-09-06T08:53:55.282+0000] {processor.py:914} INFO - Processing file /home/airflow/.local/lib/python3.12/site-packages/airflow/example_dags/example_sla_dag.py for tasks to queue
[2026-09-06T08:53:55.290+0000] {logging_mixin.py:190} INFO - [2026-09-06T08:53:55.290+0000] {dagbag.py:588} INFO - Filling up the DagBag from /home/airflow/.local/lib/python3.12/site-packages/airflow/example_dags/example_sla_dag.py
[2026-09-06T08:53:55.301+0000] {processor.py:925} INFO - DAG(s) 'example_sla_dag' retrieved from /home/airflow/.local/lib/python3.12/site-packages/airflow/example_dags/example_sla_dag.py
[2026-09-06T08:53:55.413+0000] {logging_mixin.py:190} INFO - [2026-09-06T08:53:55.413+0000] {override.py:1911} INFO - Created Permission View: can edit on DAG:example_sla_dag
[2026-09-06T08:53:55.423+0000] {logging_mixin.py:190} INFO - [2026-09-06T08:53:55.423+0000] {override.py:1911} INFO - Created Permission View: can delete on DAG:example_sla_dag
[2026-09-06T08:53:55.431+0000] {logging_mixin.py:190} INFO - [2026-09-06T08:53:55.431+0000] {override.py:1911} INFO - Created Permission View: can read on DAG:example_sla_dag
[2026-09-06T08:53:55.441+0000] {logging_mixin.py:190} INFO - [2026-09-06T08:53:55.441+0000] {override.py:1911} INFO - Created Permission View: can create on DAG Run:example_sla_dag
[2026-09-06T08:53:55.449+0000] {logging_mixin.py:190} INFO - [2026-09-06T08:53:55.449+0000] {override.py:1911} INFO - Created Permission View: can delete on DAG Run:example_sla_dag
[2026-09-06T08:53:55.456+0000] {logging_mixin.py:190} INFO - [2026-09-06T08:53:55.456+0000] {override.py:1911} INFO - Created Permission View: can read on DAG Run:example_sla_dag
[2026-09-06T08:53:55.463+0000] {logging_mixin.py:190} INFO - [2026-09-06T08:53:55.463+0000] {override.py:1911} INFO - Created Permission View: menu access on DAG Run:example_sla_dag
[2026-09-06T08:53:55.464+0000] {logging_mixin.py:190} INFO - [2026-09-06T08:53:55.464+0000] {dag.py:3239} INFO - Sync 1 DAGs
[2026-09-06T08:53:55.475+0000] {logging_mixin.py:190} INFO - [2026-09-06T08:53:55.474+0000] {dag.py:3262} INFO - Creating ORM DAG for example_sla_dag
[2026-09-06T08:53:55.485+0000] {logging_mixin.py:190} INFO - [2026-09-06T08:53:55.485+0000] {dag.py:4180} INFO - Setting next_dagrun for example_sla_dag to 2026-09-06 08:50:00+00:00, run_after=2026-09-06 08:52:00+00:00
[2026-09-06T08:53:55.499+0000] {processor.py:208} INFO - Processing /home/airflow/.local/lib/python3.12/site-packages/airflow/example_dags/example_sla_dag.py took 0.223 seconds
[2026-09-06T08:54:25.623+0000] {processor.py:186} INFO - Started process (PID=122) to work on /home/airflow/.local/lib/python3.12/site-packages/airflow/example_dags/example_sla_dag.py
[2026-09-06T08:54:25.624+0000] {processor.py:914} INFO - Processing file /home/airflow/.local/lib/python3.12/site-packages/airflow/example_dags/example_sla_dag.py for tasks to queue
[2026-09-06T08:54:25.627+0000] {logging_mixin.py:190} INFO - [2026-09-06T08:54:25.626+0000] {dagbag.py:588} INFO - Filling up the DagBag from /home/airflow/.local/lib/python3.12/site-packages/airflow/example_dags/example_sla_dag.py
[2026-09-06T08:54:25.641+0000] {processor.py:925} INFO - DAG(s) 'example_sla_dag' retrieved from /home/airflow/.local/lib/python3.12/site-packages/airflow/example_dags/example_sla_dag.py
[2026-09-06T08:54:25.662+0000] {logging_mixin.py:190} INFO - [2026-09-06T08:54:25.662+0000] {dag.py:3239} INFO - Sync 1 DAGs
[2026-09-06T08:54:25.686+0000] {logging_mixin.py:190} INFO - [2026-09-06T08:54:25.685+0000] {dag.py:4180} INFO - Setting next_dagrun for example_sla_dag to 2026-09-06 08:52:00+00:00, run_after=2026-09-06 08:54:00+00:00
[2026-09-06T08:54:25.704+0000] {processor.py:208} INFO - Processing /home/airflow/.local/lib/python3.12/site-packages/airflow/example_dags/example_sla_dag.py took 0.088 seconds
[2026-09-06T08:54:55.764+0000] {processor.py:186} INFO - Started process (PID=185) to work on /home/airflow/.local/lib/python3.12/site-packages/airflow/example_dags/example_sla_dag.py
[2026-09-06T08:54:55.766+0000] {processor.py:914} INFO - Processing file /home/airflow/.local/lib/python3.12/site-packages/airflow/example_dags/example_sla_dag.py for tasks to queue
[2026-09-06T08:54:55.769+0000] {logging_mixin.py:190} INFO - [2026-09-06T08:54:55.768+0000] {dagbag.py:588} INFO - Filling up the DagBag from /home/airflow/.local/lib/python3.12/site-packages/airflow/example_dags/example_sla_dag.py
[2026-09-06T08:54:55.779+0000] {processor.py:925} INFO - DAG(s) 'example_sla_dag' retrieved from /home/airflow/.local/lib/python3.12/site-packages/airflow/example_dags/example_sla_dag.py
[2026-09-06T08:54:55.799+0000] {logging_mixin.py:190} INFO - [2026-09-06T08:54:55.799+0000] {dag.py:3239} INFO - Sync 1 DAGs
[2026-09-06T08:54:55.821+0000] {logging_mixin.py:190} INFO - [2026-09-06T08:54:55.821+0000] {dag.py:4180} INFO - Setting next_dagrun for example_sla_dag to 2026-09-06 08:52:00+00:00, run_after=2026-09-06 08:54:00+00:00
[2026-09-06T08:54:55.839+0000] {processor.py:208} INFO - Processing /home/airflow/.local/lib/python3.12/site-packages/airflow/example_dags/example_sla_dag.py took 0.082 seconds
[2026-09-06T08:55:26.566+0000] {processor.py:186} INFO - Started process (PID=248) to work on /home/airflow/.local/lib/python3.12/site-packages/airflow/example_dags/example_sla_dag.py
[2026-09-06T08:55:26.567+0000] {processor.py:914} INFO - Processing file /home/airflow/.local/lib/python3.12/site-packages/airflow/example_dags/example_sla_dag.py for tasks to queue
[2026-09-06T08:55:26.570+0000] {logging_mixin.py:190} INFO - [2026-09-06T08:55:26.569+0000] {dagbag.py:588} INFO - Filling up the DagBag from /home/airflow/.local/lib/python3.12/site-packages/airflow/example_dags/example_sla_dag.py
[2026-09-06T08:55:26.577+0000] {processor.py:925} INFO - DAG(s) 'example_sla_dag' retrieved from /home/airflow/.local/lib/python3.12/site-packages/airflow/example_dags/example_sla_dag.py
[2026-09-06T08:55:26.592+0000] {logging_mixin.py:190} INFO - [2026-09-06T08:55:26.592+0000] {dag.py:3239} INFO - Sync 1 DAGs
[2026-09-06T08:55:26.609+0000] {logging_mixin.py:190} INFO - [2026-09-06T08:55:26.609+0000] {dag.py:4180} INFO - Setting next_dagrun for example_sla_dag to 2026-09-06 08:52:00+00:00, run_after=2026-09-06 08:54:00+00:00
[2026-09-06T08:55:26.623+0000] {processor.py:208} INFO - Processing /home/airflow/.local/lib/python3.12/site-packages/airflow/example_dags/example_sla_dag.py took 0.061 seconds
[2026-09-06T08:55:57.586+0000] {processor.py:186} INFO - Started process (PID=317) to work on /home/airflow/.local/lib/python3.12/site-packages/airflow/example_dags/example_sla_dag.py
[2026-09-06T08:55:57.588+0000] {processor.py:914} INFO - Processing file /home/airflow/.local/lib/python3.12/site-packages/airflow/example_dags/example_sla_dag.py for tasks to queue
[2026-09-06T08:55:57.590+0000] {logging_mixin.py:190} INFO - [2026-09-06T08:55:57.590+0000] {dagbag.py:588} INFO - Filling up the DagBag from /home/airflow/.local/lib/python3.12/site-packages/airflow/example_dags/example_sla_dag.py
[2026-09-06T08:55:57.598+0000] {processor.py:925} INFO - DAG(s) 'example_sla_dag' retrieved from /home/airflow/.local/lib/python3.12/site-packages/airflow/example_dags/example_sla_dag.py
[2026-09-06T08:55:57.613+0000] {logging_mixin.py:190} INFO - [2026-09-06T08:55:57.613+0000] {dag.py:3239} INFO - Sync 1 DAGs
[2026-09-06T08:55:57.632+0000] {logging_mixin.py:190} INFO - [2026-09-06T08:55:57.632+0000] {dag.py:4180} INFO - Setting next_dagrun for example_sla_dag to 2026-09-06 08:52:00+00:00, run_after=2026-09-06 08:54:00+00:00
[2026-09-06T08:55:57.647+0000] {processor.py:208} INFO - Processing /home/airflow/.local/lib/python3.12/site-packages/airflow/example_dags/example_sla_dag.py took 0.067 seconds
[2026-09-06T08:56:28.371+0000] {processor.py:186} INFO - Started process (PID=380) to work on /home/airflow/.local/lib/python3.12/site-packages/airflow/example_dags/example_sla_dag.py
[2026-09-06T08:56:28.372+0000] {processor.py:914} INFO - Processing file /home/airflow/.local/lib/python3.12/site-packages/airflow/example_dags/example_sla_dag.py for tasks to queue
[2026-09-06T08:56:28.374+0000] {logging_mixin.py:190} INFO - [2026-09-06T08:56:28.374+0000] {dagbag.py:588} INFO - Filling up the DagBag from /home/airflow/.local/lib/python3.12/site-packages/airflow/example_dags/example_sla_dag.py
[2026-09-06T08:56:28.382+0000] {processor.py:925} INFO - DAG(s) 'example_sla_dag' retrieved from /home/airflow/.local/lib/python3.12/site-packages/airflow/example_dags/example_sla_dag.py
[2026-09-06T08:56:28.397+0000] {logging_mixin.py:190} INFO - [2026-09-06T08:56:28.397+0000] {dag.py:3239} INFO - Sync 1 DAGs
[2026-09-06T08:56:28.414+0000] {logging_mixin.py:190} INFO - [2026-09-06T08:56:28.414+0000] {dag.py:4180} INFO - Setting next_dagrun for example_sla_dag to 2026-09-06 08:54:00+00:00, run_after=2026-09-06 08:56:00+00:00
[2026-09-06T08:56:28.427+0000] {processor.py:208} INFO - Processing /home/airflow/.local/lib/python3.12/site-packages/airflow/example_dags/example_sla_dag.py took 0.061 seconds
[2026-09-06T08:56:58.510+0000] {processor.py:186} INFO - Started process (PID=443) to work on /home/airflow/.local/lib/python3.12/site-packages/airflow/example_dags/example_sla_dag.py
[2026-09-06T08:56:58.511+0000] {processor.py:914} INFO - Processing file /home/airflow/.local/lib/python3.12/site-packages/airflow/example_dags/example_sla_dag.py for tasks to queue
[2026-09-06T08:56:58.513+0000] {logging_mixin.py:190} INFO - [2026-09-06T08:56:58.513+0000] {dagbag.py:588} INFO - Filling up the DagBag from /home/airflow/.local/lib/python3.12/site-packages/airflow/example_dags/example_sla_dag.py
[2026-09-06T08:56:58.520+0000] {processor.py:925} INFO - DAG(s) 'example_sla_dag' retrieved from /home/airflow/.local/lib/python3.12/site-packages/airflow/example_dags/example_sla_dag.py
[2026-09-06T08:56:58.534+0000] {logging_mixin.py:190} INFO - [2026-09-06T08:56:58.534+0000] {dag.py:3239} INFO - Sync 1 DAGs
[2026-09-06T08:56:58.551+0000] {logging_mixin.py:190} INFO - [2026-09-06T08:56:58.551+0000] {dag.py:4180} INFO - Setting next_dagrun for example_sla_dag to 2026-09-06 08:54:00+00:00, run_after=2026-09-06 08:56:00+00:00
[2026-09-06T08:56:58.564+0000] {processor.py:208} INFO - Processing /home/airflow/.local/lib/python3.12/site-packages/airflow/example_dags/example_sla_dag.py took 0.058 seconds
[2026-09-06T08:57:29.138+0000] {processor.py:186} INFO - Started process (PID=506) to work on /home/airflow/.local/lib/python3.12/site-packages/airflow/example_dags/example_sla_dag.py
[2026-09-06T08:57:29.139+0000] {processor.py:914} INFO - Processing file /home/airflow/.local/lib/python3.12/site-packages/airflow/example_dags/example_sla_dag.py for tasks to queue
[2026-09-06T08:57:29.141+0000] {logging_mixin.py:190} INFO - [2026-09-06T08:57:29.141+0000] {dagbag.py:588} INFO - Filling up the DagBag from /home/airflow/.local/lib/python3.12/site-packages/airflow/example_dags/example_sla_dag.py
[2026-09-06T08:57:29.150+0000] {processor.py:925} INFO - DAG(s) 'example_sla_dag' retrieved from /home/airflow/.local/lib/python3.12/site-packages/airflow/example_dags/example_sla_dag.py
[2026-09-06T08:57:29.166+0000] {logging_mixin.py:190} INFO - [2026-09-06T08:57:29.166+0000] {dag.py:3239} INFO - Sync 1 DAGs
[2026-09-06T08:57:29.192+0000] {logging_mixin.py:190} INFO - [2026-09-06T08:57:29.191+0000] {dag.py:4180} INFO - Setting next_dagrun for example_sla_dag to 2026-09-06 08:54:00+00:00, run_after=2026-09-06 08:56:00+00:00
[2026-09-06T08:57:29.214+0000] {processor.py:208} INFO - Processing /home/airflow/.local/lib/python3.12/site-packages/airflow/example_dags/example_sla_dag.py took 0.080 seconds
[2026-09-06T08:57:59.295+0000] {processor.py:186} INFO - Started process (PID=569) to work on /home/airflow/.local/lib/python3.12/site-packages/airflow/example_dags/example_sla_dag.py
[2026-09-06T08:57:59.296+0000] {processor.py:914} INFO - Processing file /home/airflow/.local/lib/python3.12/site-packages/airflow/example_dags/example_sla_dag.py for tasks to queue
[2026-09-06T08:57:59.298+0000] {logging_mixin.py:190} INFO - [2026-09-06T08:57:59.298+0000] {dagbag.py:588} INFO - Filling up the DagBag from /home/airflow/.local/lib/python3.12/site-packages/airflow/example_dags/example_sla_dag.py
[2026-09-06T08:57:59.306+0000] {processor.py:925} INFO - DAG(s) 'example_sla_dag' retrieved from /home/airflow/.local/lib/python3.12/site-packages/airflow/example_dags/example_sla_dag.py
[2026-09-06T08:57:59.321+0000] {logging_mixin.py:190} INFO - [2026-09-06T08:57:59.321+0000] {dag.py:3239} INFO - Sync 1 DAGs
[2026-09-06T08:57:59.339+0000] {logging_mixin.py:190} INFO - [2026-09-06T08:57:59.338+0000] {dag.py:4180} INFO - Setting next_dagrun for example_sla_dag to 2026-09-06 08:54:00+00:00, run_after=2026-09-06 08:56:00+00:00
[2026-09-06T08:57:59.353+0000] {processor.py:208} INFO - Processing /home/airflow/.local/lib/python3.12/site-packages/airflow/example_dags/example_sla_dag.py took 0.062 seconds
[2026-09-06T08:58:29.798+0000] {processor.py:186} INFO - Started process (PID=632) to work on /home/airflow/.local/lib/python3.12/site-packages/airflow/example_dags/example_sla_dag.py
[2026-09-06T08:58:29.799+0000] {processor.py:914} INFO - Processing file /home/airflow/.local/lib/python3.12/site-packages/airflow/example_dags/example_sla_dag.py for tasks to queue
[2026-09-06T08:58:29.802+0000] {logging_mixin.py:190} INFO - [2026-09-06T08:58:29.801+0000] {dagbag.py:588} INFO - Filling up the DagBag from /home/airflow/.local/lib/python3.12/site-packages/airflow/example_dags/example_sla_dag.py
[2026-09-06T08:58:29.809+0000] {processor.py:925} INFO - DAG(s) 'example_sla_dag' retrieved from /home/airflow/.local/lib/python3.12/site-packages/airflow/example_dags/example_sla_dag.py
[2026-09-06T08:58:29.827+0000] {logging_mixin.py:190} INFO - [2026-09-06T08:58:29.827+0000] {dag.py:3239} INFO - Sync 1 DAGs
[2026-09-06T08:58:29.848+0000] {logging_mixin.py:190} INFO - [2026-09-06T08:58:29.848+0000] {dag.py:4180} INFO - Setting next_dagrun for example_sla_dag to 2026-09-06 08:56:00+00:00, run_after=2026-09-06 08:58:00+00:00
[2026-09-06T08:58:29.864+0000] {processor.py:208} INFO - Processing /home/airflow/.local/lib/python3.12/site-packages/airflow/example_dags/example_sla_dag.py took 0.070 seconds
[2026-09-06T08:59:00.087+0000] {processor.py:186} INFO - Started process (PID=696) to work on /home/airflow/.local/lib/python3.12/site-packages/airflow/example_dags/example_sla_dag.py
[2026-09-06T08:59:00.088+0000] {processor.py:914} INFO - Processing file /home/airflow/.local/lib/python3.12/site-packages/airflow/example_dags/example_sla_dag.py for tasks to queue
[2026-09-06T08:59:00.091+0000] {logging_mixin.py:190} INFO - [2026-09-06T08:59:00.091+0000] {dagbag.py:588} INFO - Filling up the DagBag from /home/airflow/.local/lib/python3.12/site-packages/airflow/example_dags/example_sla_dag.py
[2026-09-06T08:59:00.101+0000] {processor.py:925} INFO - DAG(s) 'example_sla_dag' retrieved from /home/airflow/.local/lib/python3.12/site-packages/airflow/example_dags/example_sla_dag.py
[2026-09-06T08:59:00.118+0000] {logging_mixin.py:190} INFO - [2026-09-06T08:59:00.118+0000] {dag.py:3239} INFO - Sync 1 DAGs
[2026-09-06T08:59:00.139+0000] {logging_mixin.py:190} INFO - [2026-09-06T08:59:00.139+0000] {dag.py:4180} INFO - Setting next_dagrun for example_sla_dag to 2026-09-06 08:56:00+00:00, run_after=2026-09-06 08:58:00+00:00
[2026-09-06T08:59:00.158+0000] {processor.py:208} INFO - Processing /home/airflow/.local/lib/python3.12/site-packages/airflow/example_dags/example_sla_dag.py took 0.075 seconds
[2026-09-06T08:59:30.581+0000] {processor.py:186} INFO - Started process (PID=760) to work on /home/airflow/.local/lib/python3.12/site-packages/airflow/example_dags/example_sla_dag.py
[2026-09-06T08:59:30.582+0000] {processor.py:914} INFO - Processing file /home/airflow/.local/lib/python3.12/site-packages/airflow/example_dags/example_sla_dag.py for tasks to queue
[2026-09-06T08:59:30.584+0000] {logging_mixin.py:190} INFO - [2026-09-06T08:59:30.584+0000] {dagbag.py:588} INFO - Filling up the DagBag from /home/airflow/.local/lib/python3.12/site-packages/airflow/example_dags/example_sla_dag.py
[2026-09-06T08:59:30.593+0000] {processor.py:925} INFO - DAG(s) 'example_sla_dag' retrieved from /home/airflow/.local/lib/python3.12/site-packages/airflow/example_dags/example_sla_dag.py
[2026-09-06T08:59:30.609+0000] {logging_mixin.py:190} INFO - [2026-09-06T08:59:30.609+0000] {dag.py:3239} INFO - Sync 1 DAGs
[2026-09-06T08:59:30.629+0000] {logging_mixin.py:190} INFO - [2026-09-06T08:59:30.629+0000] {dag.py:4180} INFO - Setting next_dagrun for example_sla_dag to 2026-09-06 08:56:00+00:00, run_after=2026-09-06 08:58:00+00:00
[2026-09-06T08:59:30.644+0000] {processor.py:208} INFO - Processing /home/airflow/.local/lib/python3.12/site-packages/airflow/example_dags/example_sla_dag.py took 0.068 seconds
[2026-09-06T09:00:02.053+0000] {processor.py:186} INFO - Started process (PID=824) to work on /home/airflow/.local/lib/python3.12/site-packages/airflow/example_dags/example_sla_dag.py
[2026-09-06T09:00:02.054+0000] {processor.py:914} INFO - Processing file /home/airflow/.local/lib/python3.12/site-packages/airflow/example_dags/example_sla_dag.py for tasks to queue
[2026-09-06T09:00:02.056+0000] {logging_mixin.py:190} INFO - [2026-09-06T09:00:02.056+0000] {dagbag.py:588} INFO - Filling up the DagBag from /home/airflow/.local/lib/python3.12/site-packages/airflow/example_dags/example_sla_dag.py
[2026-09-06T09:00:02.064+0000] {processor.py:925} INFO - DAG(s) 'example_sla_dag' retrieved from /home/airflow/.local/lib/python3.12/site-packages/airflow/example_dags/example_sla_dag.py
[2026-09-06T09:00:02.077+0000] {logging_mixin.py:190} INFO - [2026-09-06T09:00:02.077+0000] {dag.py:3239} INFO - Sync 1 DAGs
[2026-09-06T09:00:02.094+0000] {logging_mixin.py:190} INFO - [2026-09-06T09:00:02.094+0000] {dag.py:4180} INFO - Setting next_dagrun for example_sla_dag to 2026-09-06 08:58:00+00:00, run_after=2026-09-06 09:00:00+00:00
[2026-09-06T09:00:02.109+0000] {processor.py:208} INFO - Processing /home/airflow/.local/lib/python3.12/site-packages/airflow/example_dags/example_sla_dag.py took 0.060 seconds
[2026-09-06T09:00:32.326+0000] {processor.py:186} INFO - Started process (PID=888) to work on /home/airflow/.local/lib/python3.12/site-packages/airflow/example_dags/example_sla_dag.py
[2026-09-06T09:00:32.327+0000] {processor.py:914} INFO - Processing file /home/airflow/.local/lib/python3.12/site-packages/airflow/example_dags/example_sla_dag.py for tasks to queue
[2026-09-06T09:00:32.329+0000] {logging_mixin.py:190} INFO - [2026-09-06T09:00:32.329+0000] {dagbag.py:588} INFO - Filling up the DagBag from /home/airflow/.local/lib/python3.12/site-packages/airflow/example_dags/example_sla_dag.py
[2026-09-06T09:00:32.337+0000] {processor.py:925} INFO - DAG(s) 'example_sla_dag' retrieved from /home/airflow/.local/lib/python3.12/site-packages/airflow/example_dags/example_sla_dag.py
[2026-09-06T09:00:32.351+0000] {logging_mixin.py:190} INFO - [2026-09-06T09:00:32.351+0000] {dag.py:3239} INFO - Sync 1 DAGs
[2026-09-06T09:00:32.369+0000] {logging_mixin.py:190} INFO - [2026-09-06T09:00:32.369+0000] {dag.py:4180} INFO - Setting next_dagrun for example_sla_dag to 2026-09-06 08:58:00+00:00, run_after=2026-09-06 09:00:00+00:00
[2026-09-06T09:00:32.384+0000] {processor.py:208} INFO - Processing /home/airflow/.local/lib/python3.12/site-packages/airflow/example_dags/example_sla_dag.py took 0.062 seconds
[2026-09-06T09:01:02.991+0000] {processor.py:186} INFO - Started process (PID=952) to work on /home/airflow/.local/lib/python3.12/site-packages/airflow/example_dags/example_sla_dag.py
[2026-09-06T09:01:02.993+0000] {processor.py:914} INFO - Processing file /home/airflow/.local/lib/python3.12/site-packages/airflow/example_dags/example_sla_dag.py for tasks to queue
[2026-09-06T09:01:02.995+0000] {logging_mixin.py:190} INFO - [2026-09-06T09:01:02.994+0000] {dagbag.py:588} INFO - Filling up the DagBag from /home/airflow/.local/lib/python3.12/site-packages/airflow/example_dags/example_sla_dag.py
[2026-09-06T09:01:03.003+0000] {processor.py:925} INFO - DAG(s) 'example_sla_dag' retrieved from /home/airflow/.local/lib/python3.12/site-packages/airflow/example_dags/example_sla_dag.py
[2026-09-06T09:01:03.016+0000] {logging_mixin.py:190} INFO - [2026-09-06T09:01:03.016+0000] {dag.py:3239} INFO - Sync 1 DAGs
[2026-09-06T09:01:03.033+0000] {logging_mixin.py:190} INFO - [2026-09-06T09:01:03.033+0000] {dag.py:4180} INFO - Setting next_dagrun for example_sla_dag to 2026-09-06 08:58:00+00:00, run_after=2026-09-06 09:00:00+00:00
[2026-09-06T09:01:03.048+0000] {processor.py:208} INFO - Processing /home/airflow/.local/lib/python3.12/site-packages/airflow/example_dags/example_sla_dag.py took 0.061 seconds
[2026-09-06T09:01:33.693+0000] {processor.py:186} INFO - Started process (PID=1016) to work on /home/airflow/.local/lib/python3.12/site-packages/airflow/example_dags/example_sla_dag.py
[2026-09-06T09:01:33.694+0000] {processor.py:914} INFO - Processing file /home/airflow/.local/lib/python3.12/site-packages/airflow/example_dags/example_sla_dag.py for tasks to queue
[2026-09-06T09:01:33.696+0000] {logging_mixin.py:190} INFO - [2026-09-06T09:01:33.696+0000] {dagbag.py:588} INFO - Filling up the DagBag from /home/airflow/.local/lib/python3.12/site-packages/airflow/example_dags/example_sla_dag.py
[2026-09-06T09:01:33.704+0000] {processor.py:925} INFO - DAG(s) 'example_sla_dag' retrieved from /home/airflow/.local/lib/python3.12/site-packages/airflow/example_dags/example_sla_dag.py
[2026-09-06T09:01:33.719+0000] {logging_mixin.py:190} INFO - [2026-09-06T09:01:33.718+0000] {dag.py:3239} INFO - Sync 1 DAGs
[2026-09-06T09:01:33.736+0000] {logging_mixin.py:190} INFO - [2026-09-06T09:01:33.736+0000] {dag.py:4180} INFO - Setting next_dagrun for example_sla_dag to 2026-09-06 08:58:00+00:00, run_after=2026-09-06 09:00:00+00:00
[2026-09-06T09:01:33.752+0000] {processor.py:208} INFO - Processing /home/airflow/.local/lib/python3.12/site-packages/airflow/example_dags/example_sla_dag.py took 0.064 seconds
[2026-09-06T09:02:04.311+0000] {processor.py:186} INFO - Started process (PID=1080) to work on /home/airflow/.local/lib/python3.12/site-packages/airflow/example_dags/example_sla_dag.py
[2026-09-06T09:02:04.312+0000] {processor.py:914} INFO - Processing file /home/airflow/.local/lib/python3.12/site-packages/airflow/example_dags/example_sla_dag.py for tasks to queue
[2026-09-06T09:02:04.314+0000] {logging_mixin.py:190} INFO - [2026-09-06T09:02:04.314+0000] {dagbag.py:588} INFO - Filling up the DagBag from /home/airflow/.local/lib/python3.12/site-packages/airflow/example_dags/example_sla_dag.py
[2026-09-06T09:02:04.323+0000] {processor.py:925} INFO - DAG(s) 'example_sla_dag' retrieved from /home/airflow/.local/lib/python3.12/site-packages/airflow/example_dags/example_sla_dag.py
[2026-09-06T09:02:04.338+0000] {logging_mixin.py:190} INFO - [2026-09-06T09:02:04.338+0000] {dag.py:3239} INFO - Sync 1 DAGs
[2026-09-06T09:02:04.358+0000] {logging_mixin.py:190} INFO - [2026-09-06T09:02:04.358+0000] {dag.py:4180} INFO - Setting next_dagrun for example_sla_dag to 2026-09-06 09:00:00+00:00, run_after=2026-09-06 09:02:00+00:00
[2026-09-06T09:02:04.375+0000] {processor.py:208} INFO - Processing /home/airflow/.local/lib/python3.12/site-packages/airflow/example_dags/example_sla_dag.py took 0.070 seconds
[2026-09-06T09:02:34.616+0000] {processor.py:186} INFO - Started process (PID=1144) to work on /home/airflow/.local/lib/python3.12/site-packages/airflow/example_dags/example_sla_dag.py
[2026-09-06T09:02:34.617+0000] {processor.py:914} INFO - Processing file /home/airflow/.local/lib/python3.12/site-packages/airflow/example_dags/example_sla_dag.py for tasks to queue
[2026-09-06T09:02:34.620+0000] {logging_mixin.py:190} INFO - [2026-09-06T09:02:34.619+0000] {dagbag.py:588} INFO - Filling up the DagBag from /home/airflow/.local/lib/python3.12/site-packages/airflow/example_dags/example_sla_dag.py
[2026-09-06T09:02:34.628+0000] {processor.py:925} INFO - DAG(s) 'example_sla_dag' retrieved from /home/airflow/.local/lib/python3.12/site-packages/airflow/example_dags/example_sla_dag.py
[2026-09-06T09:02:34.644+0000] {logging_mixin.py:190} INFO - [2026-09-06T09:02:34.643+0000] {dag.py:3239} INFO - Sync 1 DAGs
[2026-09-06T09:02:34.661+0000] {logging_mixin.py:190} INFO - [2026-09-06T09:02:34.661+0000] {dag.py:4180} INFO - Setting next_dagrun for example_sla_dag to 2026-09-06 09:00:00+00:00, run_after=2026-09-06 09:02:00+00:00
[2026-09-06T09:02:34.676+0000] {processor.py:208} INFO - Processing /home/airflow/.local/lib/python3.12/site-packages/airflow/example_dags/example_sla_dag.py took 0.064 seconds
[2026-09-06T09:03:05.365+0000] {processor.py:186} INFO - Started process (PID=1208) to work on /home/airflow/.local/lib/python3.12/site-packages/airflow/example_dags/example_sla_dag.py
[2026-09-06T09:03:05.366+0000] {processor.py:914} INFO - Processing file /home/airflow/.local/lib/python3.12/site-packages/airflow/example_dags/example_sla_dag.py for tasks to queue
[2026-09-06T09:03:05.368+0000] {logging_mixin.py:190} INFO - [2026-09-06T09:03:05.368+0000] {dagbag.py:588} INFO - Filling up the DagBag from /home/airflow/.local/lib/python3.12/site-packages/airflow/example_dags/example_sla_dag.py
[2026-09-06T09:03:05.377+0000] {processor.py:925} INFO - DAG(s) 'example_sla_dag' retrieved from /home/airflow/.local/lib/python3.12/site-packages/airflow/example_dags/example_sla_dag.py
[2026-09-06T09:03:05.393+0000] {logging_mixin.py:190} INFO - [2026-09-06T09:03:05.393+0000] {dag.py:3239} INFO - Sync 1 DAGs
[2026-09-06T09:03:05.414+0000] {logging_mixin.py:190} INFO - [2026-09-06T09:03:05.414+0000] {dag.py:4180} INFO - Setting next_dagrun for example_sla_dag to 2026-09-06 09:00:00+00:00, run_after=2026-09-06 09:02:00+00:00
[2026-09-06T09:03:05.444+0000] {processor.py:208} INFO - Processing /home/airflow/.local/lib/python3.12/site-packages/airflow/example_dags/example_sla_dag.py took 0.084 seconds
[2026-09-06T09:03:35.571+0000] {processor.py:186} INFO - Started process (PID=1272) to work on /home/airflow/.local/lib/python3.12/site-packages/airflow/example_dags/example_sla_dag.py
[2026-09-06T09:03:35.572+0000] {processor.py:914} INFO - Processing file /home/airflow/.local/lib/python3.12/site-packages/airflow/example_dags/example_sla_dag.py for tasks to queue
[2026-09-06T09:03:35.574+0000] {logging_mixin.py:190} INFO - [2026-09-06T09:03:35.574+0000] {dagbag.py:588} INFO - Filling up the DagBag from /home/airflow/.local/lib/python3.12/site-packages/airflow/example_dags/example_sla_dag.py
[2026-09-06T09:03:35.583+0000] {processor.py:925} INFO - DAG(s) 'example_sla_dag' retrieved from /home/airflow/.local/lib/python3.12/site-packages/airflow/example_dags/example_sla_dag.py
[2026-09-06T09:03:35.607+0000] {logging_mixin.py:190} INFO - [2026-09-06T09:03:35.606+0000] {dag.py:3239} INFO - Sync 1 DAGs
[2026-09-06T09:03:35.638+0000] {logging_mixin.py:190} INFO - [2026-09-06T09:03:35.637+0000] {dag.py:4180} INFO - Setting next_dagrun for example_sla_dag to 2026-09-06 09:00:00+00:00, run_after=2026-09-06 09:02:00+00:00
[2026-09-06T09:03:35.664+0000] {processor.py:208} INFO - Processing /home/airflow/.local/lib/python3.12/site-packages/airflow/example_dags/example_sla_dag.py took 0.099 seconds
[2026-09-06T09:04:05.782+0000] {processor.py:186} INFO - Started process (PID=1336) to work on /home/airflow/.local/lib/python3.12/site-packages/airflow/example_dags/example_sla_dag.py
[2026-09-06T09:04:05.784+0000] {processor.py:914} INFO - Processing file /home/airflow/.local/lib/python3.12/site-packages/airflow/example_dags/example_sla_dag.py for tasks to queue
[2026-09-06T09:04:05.786+0000] {logging_mixin.py:190} INFO - [2026-09-06T09:04:05.785+0000] {dagbag.py:588} INFO - Filling up the DagBag from /home/airflow/.local/lib/python3.12/site-packages/airflow/example_dags/example_sla_dag.py
[2026-09-06T09:04:05.794+0000] {processor.py:925} INFO - DAG(s) 'example_sla_dag' retrieved from /home/airflow/.local/lib/python3.12/site-packages/airflow/example_dags/example_sla_dag.py
[2026-09-06T09:04:05.808+0000] {logging_mixin.py:190} INFO - [2026-09-06T09:04:05.808+0000] {dag.py:3239} INFO - Sync 1 DAGs
[2026-09-06T09:04:05.827+0000] {logging_mixin.py:190} INFO - [2026-09-06T09:04:05.827+0000] {dag.py:4180} INFO - Setting next_dagrun for example_sla_dag to 2026-09-06 09:02:00+00:00, run_after=2026-09-06 09:04:00+00:00
[2026-09-06T09:04:05.844+0000] {processor.py:208} INFO - Processing /home/airflow/.local/lib/python3.12/site-packages/airflow/example_dags/example_sla_dag.py took 0.066 seconds
[2026-09-06T09:04:36.324+0000] {processor.py:186} INFO - Started process (PID=1400) to work on /home/airflow/.local/lib/python3.12/site-packages/airflow/example_dags/example_sla_dag.py
[2026-09-06T09:04:36.325+0000] {processor.py:914} INFO - Processing file /home/airflow/.local/lib/python3.12/site-packages/airflow/example_dags/example_sla_dag.py for tasks to queue
[2026-09-06T09:04:36.328+0000] {logging_mixin.py:190} INFO - [2026-09-06T09:04:36.328+0000] {dagbag.py:588} INFO - Filling up the DagBag from /home/airflow/.local/lib/python3.12/site-packages/airflow/example_dags/example_sla_dag.py
[2026-09-06T09:04:36.338+0000] {processor.py:925} INFO - DAG(s) 'example_sla_dag' retrieved from /home/airflow/.local/lib/python3.12/site-packages/airflow/example_dags/example_sla_dag.py
[2026-09-06T09:04:36.353+0000] {logging_mixin.py:190} INFO - [2026-09-06T09:04:36.352+0000] {dag.py:3239} INFO - Sync 1 DAGs
[2026-09-06T09:04:36.370+0000] {logging_mixin.py:190} INFO - [2026-09-06T09:04:36.370+0000] {dag.py:4180} INFO - Setting next_dagrun for example_sla_dag to 2026-09-06 09:02:00+00:00, run_after=2026-09-06 09:04:00+00:00
[2026-09-06T09:04:36.391+0000] {processor.py:208} INFO - Processing /home/airflow/.local/lib/python3.12/site-packages/airflow/example_dags/example_sla_dag.py took 0.073 seconds
[2026-09-06T09:05:06.960+0000] {processor.py:186} INFO - Started process (PID=1464) to work on /home/airflow/.local/lib/python3.12/site-packages/airflow/example_dags/example_sla_dag.py
[2026-09-06T09:05:06.961+0000] {processor.py:914} INFO - Processing file /home/airflow/.local/lib/python3.12/site-packages/airflow/example_dags/example_sla_dag.py for tasks to queue
[2026-09-06T09:05:06.963+0000] {logging_mixin.py:190} INFO - [2026-09-06T09:05:06.963+0000] {dagbag.py:588} INFO - Filling up the DagBag from /home/airflow/.local/lib/python3.12/site-packages/airflow/example_dags/example_sla_dag.py
[2026-09-06T09:05:06.972+0000] {processor.py:925} INFO - DAG(s) 'example_sla_dag' retrieved from /home/airflow/.local/lib/python3.12/site-packages/airflow/example_dags/example_sla_dag.py
[2026-09-06T09:05:06.987+0000] {logging_mixin.py:190} INFO - [2026-09-06T09:05:06.986+0000] {dag.py:3239} INFO - Sync 1 DAGs
[2026-09-06T09:05:07.004+0000] {logging_mixin.py:190} INFO - [2026-09-06T09:05:07.004+0000] {dag.py:4180} INFO - Setting next_dagrun for example_sla_dag to 2026-09-06 09:02:00+00:00, run_after=2026-09-06 09:04:00+00:00
[2026-09-06T09:05:07.018+0000] {processor.py:208} INFO - Processing /home/airflow/.local/lib/python3.12/site-packages/airflow/example_dags/example_sla_dag.py took 0.064 seconds
[2026-09-06T09:05:37.189+0000] {processor.py:186} INFO - Started process (PID=1528) to work on /home/airflow/.local/lib/python3.12/site-packages/airflow/example_dags/example_sla_dag.py
[2026-09-06T09:05:37.191+0000] {processor.py:914} INFO - Processing file /home/airflow/.local/lib/python3.12/site-packages/airflow/example_dags/example_sla_dag.py for tasks to queue
[2026-09-06T09:05:37.193+0000] {logging_mixin.py:190} INFO - [2026-09-06T09:05:37.192+0000] {dagbag.py:588} INFO - Filling up the DagBag from /home/airflow/.local/lib/python3.12/site-packages/airflow/example_dags/example_sla_dag.py
[2026-09-06T09:05:37.201+0000] {processor.py:925} INFO - DAG(s) 'example_sla_dag' retrieved from /home/airflow/.local/lib/python3.12/site-packages/airflow/example_dags/example_sla_dag.py
[2026-09-06T09:05:37.214+0000] {logging_mixin.py:190} INFO - [2026-09-06T09:05:37.214+0000] {dag.py:3239} INFO - Sync 1 DAGs
[2026-09-06T09:05:37.231+0000] {logging_mixin.py:190} INFO - [2026-09-06T09:05:37.231+0000] {dag.py:4180} INFO - Setting next_dagrun for example_sla_dag to 2026-09-06 09:02:00+00:00, run_after=2026-09-06 09:04:00+00:00
[2026-09-06T09:05:37.245+0000] {processor.py:208} INFO - Processing /home/airflow/.local/lib/python3.12/site-packages/airflow/example_dags/example_sla_dag.py took 0.061 seconds
[2026-09-06T09:06:07.854+0000] {processor.py:186} INFO - Started process (PID=1592) to work on /home/airflow/.local/lib/python3.12/site-packages/airflow/example_dags/example_sla_dag.py
[2026-09-06T09:06:07.855+0000] {processor.py:914} INFO - Processing file /home/airflow/.local/lib/python3.12/site-packages/airflow/example_dags/example_sla_dag.py for tasks to queue
[2026-09-06T09:06:07.858+0000] {logging_mixin.py:190} INFO - [2026-09-06T09:06:07.857+0000] {dagbag.py:588} INFO - Filling up the DagBag from /home/airflow/.local/lib/python3.12/site-packages/airflow/example_dags/example_sla_dag.py
[2026-09-06T09:06:07.865+0000] {processor.py:925} INFO - DAG(s) 'example_sla_dag' retrieved from /home/airflow/.local/lib/python3.12/site-packages/airflow/example_dags/example_sla_dag.py
[2026-09-06T09:06:07.879+0000] {logging_mixin.py:190} INFO - [2026-09-06T09:06:07.879+0000] {dag.py:3239} INFO - Sync 1 DAGs
[2026-09-06T09:06:07.897+0000] {logging_mixin.py:190} INFO - [2026-09-06T09:06:07.897+0000] {dag.py:4180} INFO - Setting next_dagrun for example_sla_dag to 2026-09-06 09:04:00+00:00, run_after=2026-09-06 09:06:00+00:00
[2026-09-06T09:06:07.911+0000] {processor.py:208} INFO - Processing /home/airflow/.local/lib/python3.12/site-packages/airflow/example_dags/example_sla_dag.py took 0.061 seconds
[2026-09-06T09:06:38.808+0000] {processor.py:186} INFO - Started process (PID=1656) to work on /home/airflow/.local/lib/python3.12/site-packages/airflow/example_dags/example_sla_dag.py
[2026-09-06T09:06:38.809+0000] {processor.py:914} INFO - Processing file /home/airflow/.local/lib/python3.12/site-packages/airflow/example_dags/example_sla_dag.py for tasks to queue
[2026-09-06T09:06:38.811+0000] {logging_mixin.py:190} INFO - [2026-09-06T09:06:38.811+0000] {dagbag.py:588} INFO - Filling up the DagBag from /home/airflow/.local/lib/python3.12/site-packages/airflow/example_dags/example_sla_dag.py
[2026-09-06T09:06:38.820+0000] {processor.py:925} INFO - DAG(s) 'example_sla_dag' retrieved from /home/airflow/.local/lib/python3.12/site-packages/airflow/example_dags/example_sla_dag.py
[2026-09-06T09:06:38.837+0000] {logging_mixin.py:190} INFO - [2026-09-06T09:06:38.836+0000] {dag.py:3239} INFO - Sync 1 DAGs
[2026-09-06T09:06:38.857+0000] {logging_mixin.py:190} INFO - [2026-09-06T09:06:38.857+0000] {dag.py:4180} INFO - Setting next_dagrun for example_sla_dag to 2026-09-06 09:04:00+00:00, run_after=2026-09-06 09:06:00+00:00
[2026-09-06T09:06:38.873+0000] {processor.py:208} INFO - Processing /home/airflow/.local/lib/python3.12/site-packages/airflow/example_dags/example_sla_dag.py took 0.070 seconds
[2026-09-06T09:07:09.697+0000] {processor.py:186} INFO - Started process (PID=1720) to work on /home/airflow/.local/lib/python3.12/site-packages/airflow/example_dags/example_sla_dag.py
[2026-09-06T09:07:09.698+0000] {processor.py:914} INFO - Processing file /home/airflow/.local/lib/python3.12/site-packages/airflow/example_dags/example_sla_dag.py for tasks to queue
[2026-09-06T09:07:09.701+0000] {logging_mixin.py:190} INFO - [2026-09-06T09:07:09.701+0000] {dagbag.py:588} INFO - Filling up the DagBag from /home/airflow/.local/lib/python3.12/site-packages/airflow/example_dags/example_sla_dag.py
[2026-09-06T09:07:09.709+0000] {processor.py:925} INFO - DAG(s) 'example_sla_dag' retrieved from /home/airflow/.local/lib/python3.12/site-packages/airflow/example_dags/example_sla_dag.py
[2026-09-06T09:07:09.724+0000] {logging_mixin.py:190} INFO - [2026-09-06T09:07:09.724+0000] {dag.py:3239} INFO - Sync 1 DAGs
[2026-09-06T09:07:09.744+0000] {logging_mixin.py:190} INFO - [2026-09-06T09:07:09.744+0000] {dag.py:4180} INFO - Setting next_dagrun for example_sla_dag to 2026-09-06 09:04:00+00:00, run_after=2026-09-06 09:06:00+00:00
[2026-09-06T09:07:09.760+0000] {processor.py:208} INFO - Processing /home/airflow/.local/lib/python3.12/site-packages/airflow/example_dags/example_sla_dag.py took 0.069 seconds
[2026-09-06T09:07:40.608+0000] {processor.py:186} INFO - Started process (PID=1784) to work on /home/airflow/.local/lib/python3.12/site-packages/airflow/example_dags/example_sla_dag.py
[2026-09-06T09:07:40.609+0000] {processor.py:914} INFO - Processing file /home/airflow/.local/lib/python3.12/site-packages/airflow/example_dags/example_sla_dag.py for tasks to queue
[2026-09-06T09:07:40.611+0000] {logging_mixin.py:190} INFO - [2026-09-06T09:07:40.611+0000] {dagbag.py:588} INFO - Filling up the DagBag from /home/airflow/.local/lib/python3.12/site-packages/airflow/example_dags/example_sla_dag.py
[2026-09-06T09:07:40.619+0000] {processor.py:925} INFO - DAG(s) 'example_sla_dag' retrieved from /home/airflow/.local/lib/python3.12/site-packages/airflow/example_dags/example_sla_dag.py
[2026-09-06T09:07:40.632+0000] {logging_mixin.py:190} INFO - [2026-09-06T09:07:40.632+0000] {dag.py:3239} INFO - Sync 1 DAGs
[2026-09-06T09:07:40.648+0000] {logging_mixin.py:190} INFO - [2026-09-06T09:07:40.648+0000] {dag.py:4180} INFO - Setting next_dagrun for example_sla_dag to 2026-09-06 09:04:00+00:00, run_after=2026-09-06 09:06:00+00:00
[2026-09-06T09:07:40.664+0000] {processor.py:208} INFO - Processing /home/airflow/.local/lib/python3.12/site-packages/airflow/example_dags/example_sla_dag.py took 0.060 seconds
[2026-09-06T09:08:11.358+0000] {processor.py:186} INFO - Started process (PID=1848) to work on /home/airflow/.local/lib/python3.12/site-packages/airflow/example_dags/example_sla_dag.py
[2026-09-06T09:08:11.359+0000] {processor.py:914} INFO - Processing file /home/airflow/.local/lib/python3.12/site-packages/airflow/example_dags/example_sla_dag.py for tasks to queue
[2026-09-06T09:08:11.362+0000] {logging_mixin.py:190} INFO - [2026-09-06T09:08:11.362+0000] {dagbag.py:588} INFO - Filling up the DagBag from /home/airflow/.local/lib/python3.12/site-packages/airflow/example_dags/example_sla_dag.py
[2026-09-06T09:08:11.370+0000] {processor.py:925} INFO - DAG(s) 'example_sla_dag' retrieved from /home/airflow/.local/lib/python3.12/site-packages/airflow/example_dags/example_sla_dag.py
[2026-09-06T09:08:11.383+0000] {logging_mixin.py:190} INFO - [2026-09-06T09:08:11.383+0000] {dag.py:3239} INFO - Sync 1 DAGs
[2026-09-06T09:08:11.400+0000] {logging_mixin.py:190} INFO - [2026-09-06T09:08:11.400+0000] {dag.py:4180} INFO - Setting next_dagrun for example_sla_dag to 2026-09-06 09:06:00+00:00, run_after=2026-09-06 09:08:00+00:00
[2026-09-06T09:08:11.415+0000] {processor.py:208} INFO - Processing /home/airflow/.local/lib/python3.12/site-packages/airflow/example_dags/example_sla_dag.py took 0.062 seconds
[2026-09-06T09:08:42.020+0000] {processor.py:186} INFO - Started process (PID=1912) to work on /home/airflow/.local/lib/python3.12/site-packages/airflow/example_dags/example_sla_dag.py
[2026-09-06T09:08:42.021+0000] {processor.py:914} INFO - Processing file /home/airflow/.local/lib/python3.12/site-packages/airflow/example_dags/example_sla_dag.py for tasks to queue
[2026-09-06T09:08:42.023+0000] {logging_mixin.py:190} INFO - [2026-09-06T09:08:42.023+0000] {dagbag.py:588} INFO - Filling up the DagBag from /home/airflow/.local/lib/python3.12/site-packages/airflow/example_dags/example_sla_dag.py
[2026-09-06T09:08:42.030+0000] {processor.py:925} INFO - DAG(s) 'example_sla_dag' retrieved from /home/airflow/.local/lib/python3.12/site-packages/airflow/example_dags/example_sla_dag.py
[2026-09-06T09:08:42.042+0000] {logging_mixin.py:190} INFO - [2026-09-06T09:08:42.042+0000] {dag.py:3239} INFO - Sync 1 DAGs
[2026-09-06T09:08:42.059+0000] {logging_mixin.py:190} INFO - [2026-09-06T09:08:42.059+0000] {dag.py:4180} INFO - Setting next_dagrun for example_sla_dag to 2026-09-06 09:06:00+00:00, run_after=2026-09-06 09:08:00+00:00
[2026-09-06T09:08:42.073+0000] {processor.py:208} INFO - Processing /home/airflow/.local/lib/python3.12/site-packages/airflow/example_dags/example_sla_dag.py took 0.058 seconds
[2026-09-06T09:09:12.780+0000] {processor.py:186} INFO - Started process (PID=1976) to work on /home/airflow/.local/lib/python3.12/site-packages/airflow/example_dags/example_sla_dag.py
[2026-09-06T09:09:12.781+0000] {processor.py:914} INFO - Processing file /home/airflow/.local/lib/python3.12/site-packages/airflow/example_dags/example_sla_dag.py for tasks to queue
[2026-09-06T09:09:12.783+0000] {logging_mixin.py:190} INFO - [2026-09-06T09:09:12.783+0000] {dagbag.py:588} INFO - Filling up the DagBag from /home/airflow/.local/lib/python3.12/site-packages/airflow/example_dags/example_sla_dag.py
[2026-09-06T09:09:12.792+0000] {processor.py:925} INFO - DAG(s) 'example_sla_dag' retrieved from /home/airflow/.local/lib/python3.12/site-packages/airflow/example_dags/example_sla_dag.py
[2026-09-06T09:09:12.806+0000] {logging_mixin.py:190} INFO - [2026-09-06T09:09:12.806+0000] {dag.py:3239} INFO - Sync 1 DAGs
[2026-09-06T09:09:12.823+0000] {logging_mixin.py:190} INFO - [2026-09-06T09:09:12.823+0000] {dag.py:4180} INFO - Setting next_dagrun for example_sla_dag to 2026-09-06 09:06:00+00:00, run_after=2026-09-06 09:08:00+00:00
[2026-09-06T09:09:12.838+0000] {processor.py:208} INFO - Processing /home/airflow/.local/lib/python3.12/site-packages/airflow/example_dags/example_sla_dag.py took 0.063 seconds
[2026-09-06T09:09:42.965+0000] {processor.py:186} INFO - Started process (PID=2040) to work on /home/airflow/.local/lib/python3.12/site-packages/airflow/example_dags/example_sla_dag.py
[2026-09-06T09:09:42.966+0000] {processor.py:914} INFO - Processing file /home/airflow/.local/lib/python3.12/site-packages/airflow/example_dags/example_sla_dag.py for tasks to queue
[2026-09-06T09:09:42.968+0000] {logging_mixin.py:190} INFO - [2026-09-06T09:09:42.968+0000] {dagbag.py:588} INFO - Filling up the DagBag from /home/airflow/.local/lib/python3.12/site-packages/airflow/example_dags/example_sla_dag.py
[2026-09-06T09:09:42.976+0000] {processor.py:925} INFO - DAG(s) 'example_sla_dag' retrieved from /home/airflow/.local/lib/python3.12/site-packages/airflow/example_dags/example_sla_dag.py
[2026-09-06T09:09:42.989+0000] {logging_mixin.py:190} INFO - [2026-09-06T09:09:42.989+0000] {dag.py:3239} INFO - Sync 1 DAGs
[2026-09-06T09:09:43.006+0000] {logging_mixin.py:190} INFO - [2026-09-06T09:09:43.006+0000] {dag.py:4180} INFO - Setting next_dagrun for example_sla_dag to 2026-09-06 09:06:00+00:00, run_after=2026-09-06 09:08:00+00:00
[2026-09-06T09:09:43.020+0000] {processor.py:208} INFO - Processing /home/airflow/.local/lib/python3.12/site-packages/airflow/example_dags/example_sla_dag.py took 0.060 seconds
[2026-09-06T09:10:13.486+0000] {processor.py:186} INFO - Started process (PID=2104) to work on /home/airflow/.local/lib/python3.12/site-packages/airflow/example_dags/example_sla_dag.py
[2026-09-06T09:10:13.488+0000] {processor.py:914} INFO - Processing file /home/airflow/.local/lib/python3.12/site-packages/airflow/example_dags/example_sla_dag.py for tasks to queue
[2026-09-06T09:10:13.490+0000] {logging_mixin.py:190} INFO - [2026-09-06T09:10:13.490+0000] {dagbag.py:588} INFO - Filling up the DagBag from /home/airflow/.local/lib/python3.12/site-packages/airflow/example_dags/example_sla_dag.py
[2026-09-06T09:10:13.499+0000] {processor.py:925} INFO - DAG(s) 'example_sla_dag' retrieved from /home/airflow/.local/lib/python3.12/site-packages/airflow/example_dags/example_sla_dag.py
[2026-09-06T09:10:13.516+0000] {logging_mixin.py:190} INFO - [2026-09-06T09:10:13.516+0000] {dag.py:3239} INFO - Sync 1 DAGs
[2026-09-06T09:10:13.539+0000] {logging_mixin.py:190} INFO - [2026-09-06T09:10:13.539+0000] {dag.py:4180} INFO - Setting next_dagrun for example_sla_dag to 2026-09-06 09:08:00+00:00, run_after=2026-09-06 09:10:00+00:00
[2026-09-06T09:10:13.556+0000] {processor.py:208} INFO - Processing /home/airflow/.local/lib/python3.12/site-packages/airflow/example_dags/example_sla_dag.py took 0.075 seconds
[2026-09-06T09:10:43.780+0000] {processor.py:186} INFO - Started process (PID=2168) to work on /home/airflow/.local/lib/python3.12/site-packages/airflow/example_dags/example_sla_dag.py
[2026-09-06T09:10:43.781+0000] {processor.py:914} INFO - Processing file /home/airflow/.local/lib/python3.12/site-packages/airflow/example_dags/example_sla_dag.py for tasks to queue
[2026-09-06T09:10:43.784+0000] {logging_mixin.py:190} INFO - [2026-09-06T09:10:43.784+0000] {dagbag.py:588} INFO - Filling up the DagBag from /home/airflow/.local/lib/python3.12/site-packages/airflow/example_dags/example_sla_dag.py
[2026-09-06T09:10:43.794+0000] {processor.py:925} INFO - DAG(s) 'example_sla_dag' retrieved from /home/airflow/.local/lib/python3.12/site-packages/airflow/example_dags/example_sla_dag.py
[2026-09-06T09:10:43.812+0000] {logging_mixin.py:190} INFO - [2026-09-06T09:10:43.812+0000] {dag.py:3239} INFO - Sync 1 DAGs
[2026-09-06T09:10:43.839+0000] {logging_mixin.py:190} INFO - [2026-09-06T09:10:43.839+0000] {dag.py:4180} INFO - Setting next_dagrun for example_sla_dag to 2026-09-06 09:08:00+00:00, run_after=2026-09-06 09:10:00+00:00
[2026-09-06T09:10:43.866+0000] {processor.py:208} INFO - Processing /home/airflow/.local/lib/python3.12/site-packages/airflow/example_dags/example_sla_dag.py took 0.093 seconds
[2026-09-06T09:11:14.045+0000] {processor.py:186} INFO - Started process (PID=2232) to work on /home/airflow/.local/lib/python3.12/site-packages/airflow/example_dags/example_sla_dag.py
[2026-09-06T09:11:14.046+0000] {processor.py:914} INFO - Processing file /home/airflow/.local/lib/python3.12/site-packages/airflow/example_dags/example_sla_dag.py for tasks to queue
[2026-09-06T09:11:14.048+0000] {logging_mixin.py:190} INFO - [2026-09-06T09:11:14.048+0000] {dagbag.py:588} INFO - Filling up the DagBag from /home/airflow/.local/lib/python3.12/site-packages/airflow/example_dags/example_sla_dag.py
[2026-09-06T09:11:14.057+0000] {processor.py:925} INFO - DAG(s) 'example_sla_dag' retrieved from /home/airflow/.local/lib/python3.12/site-packages/airflow/example_dags/example_sla_dag.py
[2026-09-06T09:11:14.072+0000] {logging_mixin.py:190} INFO - [2026-09-06T09:11:14.072+0000] {dag.py:3239} INFO - Sync 1 DAGs
[2026-09-06T09:11:14.090+0000] {logging_mixin.py:190} INFO - [2026-09-06T09:11:14.090+0000] {dag.py:4180} INFO - Setting next_dagrun for example_sla_dag to 2026-09-06 09:08:00+00:00, run_after=2026-09-06 09:10:00+00:00
[2026-09-06T09:11:14.107+0000] {processor.py:208} INFO - Processing /home/airflow/.local/lib/python3.12/site-packages/airflow/example_dags/example_sla_dag.py took 0.066 seconds
[2026-09-06T09:11:44.262+0000] {processor.py:186} INFO - Started process (PID=2296) to work on /home/airflow/.local/lib/python3.12/site-packages/airflow/example_dags/example_sla_dag.py
[2026-09-06T09:11:44.264+0000] {processor.py:914} INFO - Processing file /home/airflow/.local/lib/python3.12/site-packages/airflow/example_dags/example_sla_dag.py for tasks to queue
[2026-09-06T09:11:44.267+0000] {logging_mixin.py:190} INFO - [2026-09-06T09:11:44.266+0000] {dagbag.py:588} INFO - Filling up the DagBag from /home/airflow/.local/lib/python3.12/site-packages/airflow/example_dags/example_sla_dag.py
[2026-09-06T09:11:44.276+0000] {processor.py:925} INFO - DAG(s) 'example_sla_dag' retrieved from /home/airflow/.local/lib/python3.12/site-packages/airflow/example_dags/example_sla_dag.py
[2026-09-06T09:11:44.293+0000] {logging_mixin.py:190} INFO - [2026-09-06T09:11:44.293+0000] {dag.py:3239} INFO - Sync 1 DAGs
[2026-09-06T09:11:44.312+0000] {logging_mixin.py:190} INFO - [2026-09-06T09:11:44.312+0000] {dag.py:4180} INFO - Setting next_dagrun for example_sla_dag to 2026-09-06 09:08:00+00:00, run_after=2026-09-06 09:10:00+00:00
[2026-09-06T09:11:44.327+0000] {processor.py:208} INFO - Processing /home/airflow/.local/lib/python3.12/site-packages/airflow/example_dags/example_sla_dag.py took 0.070 seconds
[2026-09-06T09:12:14.650+0000] {processor.py:186} INFO - Started process (PID=2360) to work on /home/airflow/.local/lib/python3.12/site-packages/airflow/example_dags/example_sla_dag.py
[2026-09-06T09:12:14.651+0000] {processor.py:914} INFO - Processing file /home/airflow/.local/lib/python3.12/site-packages/airflow/example_dags/example_sla_dag.py for tasks to queue
[2026-09-06T09:12:14.653+0000] {logging_mixin.py:190} INFO - [2026-09-06T09:12:14.653+0000] {dagbag.py:588} INFO - Filling up the DagBag from /home/airflow/.local/lib/python3.12/site-packages/airflow/example_dags/example_sla_dag.py
[2026-09-06T09:12:14.662+0000] {processor.py:925} INFO - DAG(s) 'example_sla_dag' retrieved from /home/airflow/.local/lib/python3.12/site-packages/airflow/example_dags/example_sla_dag.py
[2026-09-06T09:12:14.677+0000] {logging_mixin.py:190} INFO - [2026-09-06T09:12:14.677+0000] {dag.py:3239} INFO - Sync 1 DAGs
[2026-09-06T09:12:14.699+0000] {logging_mixin.py:190} INFO - [2026-09-06T09:12:14.698+0000] {dag.py:4180} INFO - Setting next_dagrun for example_sla_dag to 2026-09-06 09:10:00+00:00, run_after=2026-09-06 09:12:00+00:00
[2026-09-06T09:12:14.717+0000] {processor.py:208} INFO - Processing /home/airflow/.local/lib/python3.12/site-packages/airflow/example_dags/example_sla_dag.py took 0.074 seconds
[2026-09-06T09:12:44.842+0000] {processor.py:186} INFO - Started process (PID=2424) to work on /home/airflow/.local/lib/python3.12/site-packages/airflow/example_dags/example_sla_dag.py
[2026-09-06T09:12:44.844+0000] {processor.py:914} INFO - Processing file /home/airflow/.local/lib/python3.12/site-packages/airflow/example_dags/example_sla_dag.py for tasks to queue
[2026-09-06T09:12:44.847+0000] {logging_mixin.py:190} INFO - [2026-09-06T09:12:44.847+0000] {dagbag.py:588} INFO - Filling up the DagBag from /home/airflow/.local/lib/python3.12/site-packages/airflow/example_dags/example_sla_dag.py
[2026-09-06T09:12:44.860+0000] {processor.py:925} INFO - DAG(s) 'example_sla_dag' retrieved from /home/airflow/.local/lib/python3.12/site-packages/airflow/example_dags/example_sla_dag.py
[2026-09-06T09:12:44.878+0000] {logging_mixin.py:190} INFO - [2026-09-06T09:12:44.878+0000] {dag.py:3239} INFO - Sync 1 DAGs
[2026-09-06T09:12:44.902+0000] {logging_mixin.py:190} INFO - [2026-09-06T09:12:44.902+0000] {dag.py:4180} INFO - Setting next_dagrun for example_sla_dag to 2026-09-06 09:10:00+00:00, run_after=2026-09-06 09:12:00+00:00
[2026-09-06T09:12:44.927+0000] {processor.py:208} INFO - Processing /home/airflow/.local/lib/python3.12/site-packages/airflow/example_dags/example_sla_dag.py took 0.093 seconds
[2026-09-06T09:13:15.196+0000] {processor.py:186} INFO - Started process (PID=2488) to work on /home/airflow/.local/lib/python3.12/site-packages/airflow/example_dags/example_sla_dag.py
[2026-09-06T09:13:15.198+0000] {processor.py:914} INFO - Processing file /home/airflow/.local/lib/python3.12/site-packages/airflow/example_dags/example_sla_dag.py for tasks to queue
[2026-09-06T09:13:15.200+0000] {logging_mixin.py:190} INFO - [2026-09-06T09:13:15.199+0000] {dagbag.py:588} INFO - Filling up the DagBag from /home/airflow/.local/lib/python3.12/site-packages/airflow/example_dags/example_sla_dag.py
[2026-09-06T09:13:15.208+0000] {processor.py:925} INFO - DAG(s) 'example_sla_dag' retrieved from /home/airflow/.local/lib/python3.12/site-packages/airflow/example_dags/example_sla_dag.py
[2026-09-06T09:13:15.224+0000] {logging_mixin.py:190} INFO - [2026-09-06T09:13:15.224+0000] {dag.py:3239} INFO - Sync 1 DAGs
[2026-09-06T09:13:15.244+0000] {logging_mixin.py:190} INFO - [2026-09-06T09:13:15.243+0000] {dag.py:4180} INFO - Setting next_dagrun for example_sla_dag to 2026-09-06 09:10:00+00:00, run_after=2026-09-06 09:12:00+00:00
[2026-09-06T09:13:15.259+0000] {processor.py:208} INFO - Processing /home/airflow/.local/lib/python3.12/site-packages/airflow/example_dags/example_sla_dag.py took 0.066 seconds
[2026-09-06T09:13:45.313+0000] {processor.py:186} INFO - Started process (PID=2552) to work on /home/airflow/.local/lib/python3.12/site-packages/airflow/example_dags/example_sla_dag.py
[2026-09-06T09:13:45.314+0000] {processor.py:914} INFO - Processing file /home/airflow/.local/lib/python3.12/site-packages/airflow/example_dags/example_sla_dag.py for tasks to queue
[2026-09-06T09:13:45.316+0000] {logging_mixin.py:190} INFO - [2026-09-06T09:13:45.316+0000] {dagbag.py:588} INFO - Filling up the DagBag from /home/airflow/.local/lib/python3.12/site-packages/airflow/example_dags/example_sla_dag.py
[2026-09-06T09:13:45.325+0000] {processor.py:925} INFO - DAG(s) 'example_sla_dag' retrieved from /home/airflow/.local/lib/python3.12/site-packages/airflow/example_dags/example_sla_dag.py
[2026-09-06T09:13:45.339+0000] {logging_mixin.py:190} INFO - [2026-09-06T09:13:45.339+0000] {dag.py:3239} INFO - Sync 1 DAGs
[2026-09-06T09:13:45.356+0000] {logging_mixin.py:190} INFO - [2026-09-06T09:13:45.356+0000] {dag.py:4180} INFO - Setting next_dagrun for example_sla_dag to 2026-09-06 09:10:00+00:00, run_after=2026-09-06 09:12:00+00:00
[2026-09-06T09:13:45.369+0000] {processor.py:208} INFO - Processing /home/airflow/.local/lib/python3.12/site-packages/airflow/example_dags/example_sla_dag.py took 0.060 seconds
[2026-09-06T09:14:15.419+0000] {processor.py:186} INFO - Started process (PID=2616) to work on /home/airflow/.local/lib/python3.12/site-packages/airflow/example_dags/example_sla_dag.py
[2026-09-06T09:14:15.421+0000] {processor.py:914} INFO - Processing file /home/airflow/.local/lib/python3.12/site-packages/airflow/example_dags/example_sla_dag.py for tasks to queue
[2026-09-06T09:14:15.423+0000] {logging_mixin.py:190} INFO - [2026-09-06T09:14:15.422+0000] {dagbag.py:588} INFO - Filling up the DagBag from /home/airflow/.local/lib/python3.12/site-packages/airflow/example_dags/example_sla_dag.py
[2026-09-06T09:14:15.431+0000] {processor.py:925} INFO - DAG(s) 'example_sla_dag' retrieved from /home/airflow/.local/lib/python3.12/site-packages/airflow/example_dags/example_sla_dag.py
[2026-09-06T09:14:15.445+0000] {logging_mixin.py:190} INFO - [2026-09-06T09:14:15.445+0000] {dag.py:3239} INFO - Sync 1 DAGs
[2026-09-06T09:14:15.462+0000] {logging_mixin.py:190} INFO - [2026-09-06T09:14:15.462+0000] {dag.py:4180} INFO - Setting next_dagrun for example_sla_dag to 2026-09-06 09:12:00+00:00, run_after=2026-09-06 09:14:00+00:00
[2026-09-06T09:14:15.476+0000] {processor.py:208} INFO - Processing /home/airflow/.local/lib/python3.12/site-packages/airflow/example_dags/example_sla_dag.py took 0.061 seconds
[2026-09-06T09:14:45.583+0000] {processor.py:186} INFO - Started process (PID=2680) to work on /home/airflow/.local/lib/python3.12/site-packages/airflow/example_dags/example_sla_dag.py
[2026-09-06T09:14:45.585+0000] {processor.py:914} INFO - Processing file /home/airflow/.local/lib/python3.12/site-packages/airflow/example_dags/example_sla_dag.py for tasks to queue
[2026-09-06T09:14:45.587+0000] {logging_mixin.py:190} INFO - [2026-09-06T09:14:45.586+0000] {dagbag.py:588} INFO - Filling up the DagBag from /home/airflow/.local/lib/python3.12/site-packages/airflow/example_dags/example_sla_dag.py
[2026-09-06T09:14:45.595+0000] {processor.py:925} INFO - DAG(s) 'example_sla_dag' retrieved from /home/airflow/.local/lib/python3.12/site-packages/airflow/example_dags/example_sla_dag.py
[2026-09-06T09:14:45.611+0000] {logging_mixin.py:190} INFO - [2026-09-06T09:14:45.610+0000] {dag.py:3239} INFO - Sync 1 DAGs
[2026-09-06T09:14:45.629+0000] {logging_mixin.py:190} INFO - [2026-09-06T09:14:45.629+0000] {dag.py:4180} INFO - Setting next_dagrun for example_sla_dag to 2026-09-06 09:12:00+00:00, run_after=2026-09-06 09:14:00+00:00
[2026-09-06T09:14:45.647+0000] {processor.py:208} INFO - Processing /home/airflow/.local/lib/python3.12/site-packages/airflow/example_dags/example_sla_dag.py took 0.068 seconds
[2026-09-06T09:15:16.393+0000] {processor.py:186} INFO - Started process (PID=2744) to work on /home/airflow/.local/lib/python3.12/site-packages/airflow/example_dags/example_sla_dag.py
[2026-09-06T09:15:16.394+0000] {processor.py:914} INFO - Processing file /home/airflow/.local/lib/python3.12/site-packages/airflow/example_dags/example_sla_dag.py for tasks to queue
[2026-09-06T09:15:16.397+0000] {logging_mixin.py:190} INFO - [2026-09-06T09:15:16.396+0000] {dagbag.py:588} INFO - Filling up the DagBag from /home/airflow/.local/lib/python3.12/site-packages/airflow/example_dags/example_sla_dag.py
[2026-09-06T09:15:16.406+0000] {processor.py:925} INFO - DAG(s) 'example_sla_dag' retrieved from /home/airflow/.local/lib/python3.12/site-packages/airflow/example_dags/example_sla_dag.py
[2026-09-06T09:15:16.423+0000] {logging_mixin.py:190} INFO - [2026-09-06T09:15:16.423+0000] {dag.py:3239} INFO - Sync 1 DAGs
[2026-09-06T09:15:16.442+0000] {logging_mixin.py:190} INFO - [2026-09-06T09:15:16.442+0000] {dag.py:4180} INFO - Setting next_dagrun for example_sla_dag to 2026-09-06 09:12:00+00:00, run_after=2026-09-06 09:14:00+00:00
[2026-09-06T09:15:16.456+0000] {processor.py:208} INFO - Processing /home/airflow/.local/lib/python3.12/site-packages/airflow/example_dags/example_sla_dag.py took 0.067 seconds
[2026-09-06T09:15:47.017+0000] {processor.py:186} INFO - Started process (PID=2806) to work on /home/airflow/.local/lib/python3.12/site-packages/airflow/example_dags/example_sla_dag.py
[2026-09-06T09:15:47.018+0000] {processor.py:914} INFO - Processing file /home/airflow/.local/lib/python3.12/site-packages/airflow/example_dags/example_sla_dag.py for tasks to queue
[2026-09-06T09:15:47.020+0000] {logging_mixin.py:190} INFO - [2026-09-06T09:15:47.020+0000] {dagbag.py:588} INFO - Filling up the DagBag from /home/airflow/.local/lib/python3.12/site-packages/airflow/example_dags/example_sla_dag.py
[2026-09-06T09:15:47.028+0000] {processor.py:925} INFO - DAG(s) 'example_sla_dag' retrieved from /home/airflow/.local/lib/python3.12/site-packages/airflow/example_dags/example_sla_dag.py
[2026-09-06T09:15:47.043+0000] {logging_mixin.py:190} INFO - [2026-09-06T09:15:47.043+0000] {dag.py:3239} INFO - Sync 1 DAGs
[2026-09-06T09:15:47.064+0000] {logging_mixin.py:190} INFO - [2026-09-06T09:15:47.064+0000] {dag.py:4180} INFO - Setting next_dagrun for example_sla_dag to 2026-09-06 09:12:00+00:00, run_after=2026-09-06 09:14:00+00:00
[2026-09-06T09:15:47.088+0000] {processor.py:208} INFO - Processing /home/airflow/.local/lib/python3.12/site-packages/airflow/example_dags/example_sla_dag.py took 0.076 seconds
[2026-09-06T09:16:17.332+0000] {processor.py:186} INFO - Started process (PID=2868) to work on /home/airflow/.local/lib/python3.12/site-packages/airflow/example_dags/example_sla_dag.py
[2026-09-06T09:16:17.333+0000] {processor.py:914} INFO - Processing file /home/airflow/.local/lib/python3.12/site-packages/airflow/example_dags/example_sla_dag.py for tasks to queue
[2026-09-06T09:16:17.335+0000] {logging_mixin.py:190} INFO - [2026-09-06T09:16:17.335+0000] {dagbag.py:588} INFO - Filling up the DagBag from /home/airflow/.local/lib/python3.12/site-packages/airflow/example_dags/example_sla_dag.py
[2026-09-06T09:16:17.344+0000] {processor.py:925} INFO - DAG(s) 'example_sla_dag' retrieved from /home/airflow/.local/lib/python3.12/site-packages/airflow/example_dags/example_sla_dag.py
[2026-09-06T09:16:17.359+0000] {logging_mixin.py:190} INFO - [2026-09-06T09:16:17.359+0000] {dag.py:3239} INFO - Sync 1 DAGs
[2026-09-06T09:16:17.378+0000] {logging_mixin.py:190} INFO - [2026-09-06T09:16:17.378+0000] {dag.py:4180} INFO - Setting next_dagrun for example_sla_dag to 2026-09-06 09:14:00+00:00, run_after=2026-09-06 09:16:00+00:00
[2026-09-06T09:16:17.393+0000] {processor.py:208} INFO - Processing /home/airflow/.local/lib/python3.12/site-packages/airflow/example_dags/example_sla_dag.py took 0.065 seconds
[2026-09-06T09:16:49.417+0000] {processor.py:186} INFO - Started process (PID=2928) to work on /home/airflow/.local/lib/python3.12/site-packages/airflow/example_dags/example_sla_dag.py
[2026-09-06T09:16:49.418+0000] {processor.py:914} INFO - Processing file /home/airflow/.local/lib/python3.12/site-packages/airflow/example_dags/example_sla_dag.py for tasks to queue
[2026-09-06T09:16:49.420+0000] {logging_mixin.py:190} INFO - [2026-09-06T09:16:49.420+0000] {dagbag.py:588} INFO - Filling up the DagBag from /home/airflow/.local/lib/python3.12/site-packages/airflow/example_dags/example_sla_dag.py
[2026-09-06T09:16:49.429+0000] {processor.py:925} INFO - DAG(s) 'example_sla_dag' retrieved from /home/airflow/.local/lib/python3.12/site-packages/airflow/example_dags/example_sla_dag.py
[2026-09-06T09:16:49.445+0000] {logging_mixin.py:190} INFO - [2026-09-06T09:16:49.445+0000] {dag.py:3239} INFO - Sync 1 DAGs
[2026-09-06T09:16:49.465+0000] {logging_mixin.py:190} INFO - [2026-09-06T09:16:49.465+0000] {dag.py:4180} INFO - Setting next_dagrun for example_sla_dag to 2026-09-06 09:14:00+00:00, run_after=2026-09-06 09:16:00+00:00
[2026-09-06T09:16:49.480+0000] {processor.py:208} INFO - Processing /home/airflow/.local/lib/python3.12/site-packages/airflow/example_dags/example_sla_dag.py took 0.069 seconds
[2026-09-06T09:17:19.655+0000] {processor.py:186} INFO - Started process (PID=2987) to work on /home/airflow/.local/lib/python3.12/site-packages/airflow/example_dags/example_sla_dag.py
[2026-09-06T09:17:19.656+0000] {processor.py:914} INFO - Processing file /home/airflow/.local/lib/python3.12/site-packages/airflow/example_dags/example_sla_dag.py for tasks to queue
[2026-09-06T09:17:19.658+0000] {logging_mixin.py:190} INFO - [2026-09-06T09:17:19.658+0000] {dagbag.py:588} INFO - Filling up the DagBag from /home/airflow/.local/lib/python3.12/site-packages/airflow/example_dags/example_sla_dag.py
[2026-09-06T09:17:19.667+0000] {processor.py:925} INFO - DAG(s) 'example_sla_dag' retrieved from /home/airflow/.local/lib/python3.12/site-packages/airflow/example_dags/example_sla_dag.py
[2026-09-06T09:17:19.682+0000] {logging_mixin.py:190} INFO - [2026-09-06T09:17:19.682+0000] {dag.py:3239} INFO - Sync 1 DAGs
[2026-09-06T09:17:19.704+0000] {logging_mixin.py:190} INFO - [2026-09-06T09:17:19.704+0000] {dag.py:4180} INFO - Setting next_dagrun for example_sla_dag to 2026-09-06 09:14:00+00:00, run_after=2026-09-06 09:16:00+00:00
[2026-09-06T09:17:19.720+0000] {processor.py:208} INFO - Processing /home/airflow/.local/lib/python3.12/site-packages/airflow/example_dags/example_sla_dag.py took 0.069 seconds
[2026-09-06T09:17:50.018+0000] {processor.py:186} INFO - Started process (PID=3049) to work on /home/airflow/.local/lib/python3.12/site-packages/airflow/example_dags/example_sla_dag.py
[2026-09-06T09:17:50.019+0000] {processor.py:914} INFO - Processing file /home/airflow/.local/lib/python3.12/site-packages/airflow/example_dags/example_sla_dag.py for tasks to queue
[2026-09-06T09:17:50.021+0000] {logging_mixin.py:190} INFO - [2026-09-06T09:17:50.021+0000] {dagbag.py:588} INFO - Filling up the DagBag from /home/airflow/.local/lib/python3.12/site-packages/airflow/example_dags/example_sla_dag.py
[2026-09-06T09:17:50.030+0000] {processor.py:925} INFO - DAG(s) 'example_sla_dag' retrieved from /home/airflow/.local/lib/python3.12/site-packages/airflow/example_dags/example_sla_dag.py
[2026-09-06T09:17:50.044+0000] {logging_mixin.py:190} INFO - [2026-09-06T09:17:50.043+0000] {dag.py:3239} INFO - Sync 1 DAGs
[2026-09-06T09:17:50.061+0000] {logging_mixin.py:190} INFO - [2026-09-06T09:17:50.060+0000] {dag.py:4180} INFO - Setting next_dagrun for example_sla_dag to 2026-09-06 09:14:00+00:00, run_after=2026-09-06 09:16:00+00:00
[2026-09-06T09:17:50.074+0000] {processor.py:208} INFO - Processing /home/airflow/.local/lib/python3.12/site-packages/airflow/example_dags/example_sla_dag.py took 0.060 seconds
[2026-09-06T09:18:20.721+0000] {processor.py:186} INFO - Started process (PID=3106) to work on /home/airflow/.local/lib/python3.12/site-packages/airflow/example_dags/example_sla_dag.py
[2026-09-06T09:18:20.722+0000] {processor.py:914} INFO - Processing file /home/airflow/.local/lib/python3.12/site-packages/airflow/example_dags/example_sla_dag.py for tasks to queue
[2026-09-06T09:18:20.724+0000] {logging_mixin.py:190} INFO - [2026-09-06T09:18:20.723+0000] {dagbag.py:588} INFO - Filling up the DagBag from /home/airflow/.local/lib/python3.12/site-packages/airflow/example_dags/example_sla_dag.py
[2026-09-06T09:18:20.733+0000] {processor.py:925} INFO - DAG(s) 'example_sla_dag' retrieved from /home/airflow/.local/lib/python3.12/site-packages/airflow/example_dags/example_sla_dag.py
[2026-09-06T09:18:20.747+0000] {logging_mixin.py:190} INFO - [2026-09-06T09:18:20.747+0000] {dag.py:3239} INFO - Sync 1 DAGs
[2026-09-06T09:18:20.764+0000] {logging_mixin.py:190} INFO - [2026-09-06T09:18:20.764+0000] {dag.py:4180} INFO - Setting next_dagrun for example_sla_dag to 2026-09-06 09:16:00+00:00, run_after=2026-09-06 09:18:00+00:00
[2026-09-06T09:18:20.778+0000] {processor.py:208} INFO - Processing /home/airflow/.local/lib/python3.12/site-packages/airflow/example_dags/example_sla_dag.py took 0.061 seconds
[2026-09-06T09:18:50.908+0000] {processor.py:186} INFO - Started process (PID=3163) to work on /home/airflow/.local/lib/python3.12/site-packages/airflow/example_dags/example_sla_dag.py
[2026-09-06T09:18:50.909+0000] {processor.py:914} INFO - Processing file /home/airflow/.local/lib/python3.12/site-packages/airflow/example_dags/example_sla_dag.py for tasks to queue
[2026-09-06T09:18:50.912+0000] {logging_mixin.py:190} INFO - [2026-09-06T09:18:50.911+0000] {dagbag.py:588} INFO - Filling up the DagBag from /home/airflow/.local/lib/python3.12/site-packages/airflow/example_dags/example_sla_dag.py
[2026-09-06T09:18:50.920+0000] {processor.py:925} INFO - DAG(s) 'example_sla_dag' retrieved from /home/airflow/.local/lib/python3.12/site-packages/airflow/example_dags/example_sla_dag.py
[2026-09-06T09:18:50.936+0000] {logging_mixin.py:190} INFO - [2026-09-06T09:18:50.936+0000] {dag.py:3239} INFO - Sync 1 DAGs
[2026-09-06T09:18:51.133+0000] {logging_mixin.py:190} INFO - [2026-09-06T09:18:51.133+0000] {dag.py:4180} INFO - Setting next_dagrun for example_sla_dag to 2026-09-06 09:16:00+00:00, run_after=2026-09-06 09:18:00+00:00
[2026-09-06T09:18:51.146+0000] {processor.py:208} INFO - Processing /home/airflow/.local/lib/python3.12/site-packages/airflow/example_dags/example_sla_dag.py took 0.243 seconds
[2026-09-06T09:19:21.314+0000] {processor.py:186} INFO - Started process (PID=3225) to work on /home/airflow/.local/lib/python3.12/site-packages/airflow/example_dags/example_sla_dag.py
[2026-09-06T09:19:21.315+0000] {processor.py:914} INFO - Processing file /home/airflow/.local/lib/python3.12/site-packages/airflow/example_dags/example_sla_dag.py for tasks to queue
[2026-09-06T09:19:21.317+0000] {logging_mixin.py:190} INFO - [2026-09-06T09:19:21.316+0000] {dagbag.py:588} INFO - Filling up the DagBag from /home/airflow/.local/lib/python3.12/site-packages/airflow/example_dags/example_sla_dag.py
[2026-09-06T09:19:21.325+0000] {processor.py:925} INFO - DAG(s) 'example_sla_dag' retrieved from /home/airflow/.local/lib/python3.12/site-packages/airflow/example_dags/example_sla_dag.py
[2026-09-06T09:19:21.341+0000] {logging_mixin.py:190} INFO - [2026-09-06T09:19:21.341+0000] {dag.py:3239} INFO - Sync 1 DAGs
[2026-09-06T09:19:21.359+0000] {logging_mixin.py:190} INFO - [2026-09-06T09:19:21.359+0000] {dag.py:4180} INFO - Setting next_dagrun for example_sla_dag to 2026-09-06 09:16:00+00:00, run_after=2026-09-06 09:18:00+00:00
[2026-09-06T09:19:21.373+0000] {processor.py:208} INFO - Processing /home/airflow/.local/lib/python3.12/site-packages/airflow/example_dags/example_sla_dag.py took 0.064 seconds
[2026-09-06T09:19:52.311+0000] {processor.py:186} INFO - Started process (PID=3287) to work on /home/airflow/.local/lib/python3.12/site-packages/airflow/example_dags/example_sla_dag.py
[2026-09-06T09:19:52.312+0000] {processor.py:914} INFO - Processing file /home/airflow/.local/lib/python3.12/site-packages/airflow/example_dags/example_sla_dag.py for tasks to queue
[2026-09-06T09:19:52.314+0000] {logging_mixin.py:190} INFO - [2026-09-06T09:19:52.314+0000] {dagbag.py:588} INFO - Filling up the DagBag from /home/airflow/.local/lib/python3.12/site-packages/airflow/example_dags/example_sla_dag.py
[2026-09-06T09:19:52.322+0000] {processor.py:925} INFO - DAG(s) 'example_sla_dag' retrieved from /home/airflow/.local/lib/python3.12/site-packages/airflow/example_dags/example_sla_dag.py
[2026-09-06T09:19:52.335+0000] {logging_mixin.py:190} INFO - [2026-09-06T09:19:52.335+0000] {dag.py:3239} INFO - Sync 1 DAGs
[2026-09-06T09:19:52.351+0000] {logging_mixin.py:190} INFO - [2026-09-06T09:19:52.351+0000] {dag.py:4180} INFO - Setting next_dagrun for example_sla_dag to 2026-09-06 09:16:00+00:00, run_after=2026-09-06 09:18:00+00:00
[2026-09-06T09:19:52.364+0000] {processor.py:208} INFO - Processing /home/airflow/.local/lib/python3.12/site-packages/airflow/example_dags/example_sla_dag.py took 0.058 seconds
[2026-09-06T09:20:22.510+0000] {processor.py:186} INFO - Started process (PID=3341) to work on /home/airflow/.local/lib/python3.12/site-packages/airflow/example_dags/example_sla_dag.py
[2026-09-06T09:20:22.512+0000] {processor.py:914} INFO - Processing file /home/airflow/.local/lib/python3.12/site-packages/airflow/example_dags/example_sla_dag.py for tasks to queue
[2026-09-06T09:20:22.514+0000] {logging_mixin.py:190} INFO - [2026-09-06T09:20:22.513+0000] {dagbag.py:588} INFO - Filling up the DagBag from /home/airflow/.local/lib/python3.12/site-packages/airflow/example_dags/example_sla_dag.py
[2026-09-06T09:20:22.522+0000] {processor.py:925} INFO - DAG(s) 'example_sla_dag' retrieved from /home/airflow/.local/lib/python3.12/site-packages/airflow/example_dags/example_sla_dag.py
[2026-09-06T09:20:22.537+0000] {logging_mixin.py:190} INFO - [2026-09-06T09:20:22.537+0000] {dag.py:3239} INFO - Sync 1 DAGs
[2026-09-06T09:20:22.731+0000] {logging_mixin.py:190} INFO - [2026-09-06T09:20:22.730+0000] {dag.py:4180} INFO - Setting next_dagrun for example_sla_dag to 2026-09-06 09:18:00+00:00, run_after=2026-09-06 09:20:00+00:00
[2026-09-06T09:20:22.744+0000] {processor.py:208} INFO - Processing /home/airflow/.local/lib/python3.12/site-packages/airflow/example_dags/example_sla_dag.py took 0.241 seconds
[2026-09-06T09:20:52.834+0000] {processor.py:186} INFO - Started process (PID=3405) to work on /home/airflow/.local/lib/python3.12/site-packages/airflow/example_dags/example_sla_dag.py
[2026-09-06T09:20:52.835+0000] {processor.py:914} INFO - Processing file /home/airflow/.local/lib/python3.12/site-packages/airflow/example_dags/example_sla_dag.py for tasks to queue
[2026-09-06T09:20:52.837+0000] {logging_mixin.py:190} INFO - [2026-09-06T09:20:52.837+0000] {dagbag.py:588} INFO - Filling up the DagBag from /home/airflow/.local/lib/python3.12/site-packages/airflow/example_dags/example_sla_dag.py
[2026-09-06T09:20:52.845+0000] {processor.py:925} INFO - DAG(s) 'example_sla_dag' retrieved from /home/airflow/.local/lib/python3.12/site-packages/airflow/example_dags/example_sla_dag.py
[2026-09-06T09:20:52.859+0000] {logging_mixin.py:190} INFO - [2026-09-06T09:20:52.859+0000] {dag.py:3239} INFO - Sync 1 DAGs
[2026-09-06T09:20:52.879+0000] {logging_mixin.py:190} INFO - [2026-09-06T09:20:52.878+0000] {dag.py:4180} INFO - Setting next_dagrun for example_sla_dag to 2026-09-06 09:18:00+00:00, run_after=2026-09-06 09:20:00+00:00
[2026-09-06T09:20:52.895+0000] {processor.py:208} INFO - Processing /home/airflow/.local/lib/python3.12/site-packages/airflow/example_dags/example_sla_dag.py took 0.066 seconds
[2026-09-06T09:21:23.124+0000] {processor.py:186} INFO - Started process (PID=3469) to work on /home/airflow/.local/lib/python3.12/site-packages/airflow/example_dags/example_sla_dag.py
[2026-09-06T09:21:23.126+0000] {processor.py:914} INFO - Processing file /home/airflow/.local/lib/python3.12/site-packages/airflow/example_dags/example_sla_dag.py for tasks to queue
[2026-09-06T09:21:23.128+0000] {logging_mixin.py:190} INFO - [2026-09-06T09:21:23.128+0000] {dagbag.py:588} INFO - Filling up the DagBag from /home/airflow/.local/lib/python3.12/site-packages/airflow/example_dags/example_sla_dag.py
[2026-09-06T09:21:23.139+0000] {processor.py:925} INFO - DAG(s) 'example_sla_dag' retrieved from /home/airflow/.local/lib/python3.12/site-packages/airflow/example_dags/example_sla_dag.py
[2026-09-06T09:21:23.157+0000] {logging_mixin.py:190} INFO - [2026-09-06T09:21:23.156+0000] {dag.py:3239} INFO - Sync 1 DAGs
[2026-09-06T09:21:23.180+0000] {logging_mixin.py:190} INFO - [2026-09-06T09:21:23.180+0000] {dag.py:4180} INFO - Setting next_dagrun for example_sla_dag to 2026-09-06 09:18:00+00:00, run_after=2026-09-06 09:20:00+00:00
[2026-09-06T09:21:23.204+0000] {processor.py:208} INFO - Processing /home/airflow/.local/lib/python3.12/site-packages/airflow/example_dags/example_sla_dag.py took 0.086 seconds
[2026-09-06T09:21:53.589+0000] {processor.py:186} INFO - Started process (PID=3533) to work on /home/airflow/.local/lib/python3.12/site-packages/airflow/example_dags/example_sla_dag.py
[2026-09-06T09:21:53.590+0000] {processor.py:914} INFO - Processing file /home/airflow/.local/lib/python3.12/site-packages/airflow/example_dags/example_sla_dag.py for tasks to queue
[2026-09-06T09:21:53.592+0000] {logging_mixin.py:190} INFO - [2026-09-06T09:21:53.592+0000] {dagbag.py:588} INFO - Filling up the DagBag from /home/airflow/.local/lib/python3.12/site-packages/airflow/example_dags/example_sla_dag.py
[2026-09-06T09:21:53.602+0000] {processor.py:925} INFO - DAG(s) 'example_sla_dag' retrieved from /home/airflow/.local/lib/python3.12/site-packages/airflow/example_dags/example_sla_dag.py
[2026-09-06T09:21:53.618+0000] {logging_mixin.py:190} INFO - [2026-09-06T09:21:53.618+0000] {dag.py:3239} INFO - Sync 1 DAGs
[2026-09-06T09:21:53.638+0000] {logging_mixin.py:190} INFO - [2026-09-06T09:21:53.638+0000] {dag.py:4180} INFO - Setting next_dagrun for example_sla_dag to 2026-09-06 09:18:00+00:00, run_after=2026-09-06 09:20:00+00:00
[2026-09-06T09:21:53.654+0000] {processor.py:208} INFO - Processing /home/airflow/.local/lib/python3.12/site-packages/airflow/example_dags/example_sla_dag.py took 0.070 seconds
[2026-09-06T09:22:24.537+0000] {processor.py:186} INFO - Started process (PID=3597) to work on /home/airflow/.local/lib/python3.12/site-packages/airflow/example_dags/example_sla_dag.py
[2026-09-06T09:22:24.538+0000] {processor.py:914} INFO - Processing file /home/airflow/.local/lib/python3.12/site-packages/airflow/example_dags/example_sla_dag.py for tasks to queue
[2026-09-06T09:22:24.540+0000] {logging_mixin.py:190} INFO - [2026-09-06T09:22:24.539+0000] {dagbag.py:588} INFO - Filling up the DagBag from /home/airflow/.local/lib/python3.12/site-packages/airflow/example_dags/example_sla_dag.py
[2026-09-06T09:22:24.548+0000] {processor.py:925} INFO - DAG(s) 'example_sla_dag' retrieved from /home/airflow/.local/lib/python3.12/site-packages/airflow/example_dags/example_sla_dag.py
[2026-09-06T09:22:24.568+0000] {logging_mixin.py:190} INFO - [2026-09-06T09:22:24.567+0000] {dag.py:3239} INFO - Sync 1 DAGs
[2026-09-06T09:22:24.588+0000] {logging_mixin.py:190} INFO - [2026-09-06T09:22:24.587+0000] {dag.py:4180} INFO - Setting next_dagrun for example_sla_dag to 2026-09-06 09:20:00+00:00, run_after=2026-09-06 09:22:00+00:00
[2026-09-06T09:22:24.604+0000] {processor.py:208} INFO - Processing /home/airflow/.local/lib/python3.12/site-packages/airflow/example_dags/example_sla_dag.py took 0.073 seconds
[2026-09-06T09:22:55.558+0000] {processor.py:186} INFO - Started process (PID=3661) to work on /home/airflow/.local/lib/python3.12/site-packages/airflow/example_dags/example_sla_dag.py
[2026-09-06T09:22:55.559+0000] {processor.py:914} INFO - Processing file /home/airflow/.local/lib/python3.12/site-packages/airflow/example_dags/example_sla_dag.py for tasks to queue
[2026-09-06T09:22:55.561+0000] {logging_mixin.py:190} INFO - [2026-09-06T09:22:55.560+0000] {dagbag.py:588} INFO - Filling up the DagBag from /home/airflow/.local/lib/python3.12/site-packages/airflow/example_dags/example_sla_dag.py
[2026-09-06T09:22:55.568+0000] {processor.py:925} INFO - DAG(s) 'example_sla_dag' retrieved from /home/airflow/.local/lib/python3.12/site-packages/airflow/example_dags/example_sla_dag.py
[2026-09-06T09:22:55.584+0000] {logging_mixin.py:190} INFO - [2026-09-06T09:22:55.583+0000] {dag.py:3239} INFO - Sync 1 DAGs
[2026-09-06T09:22:55.602+0000] {logging_mixin.py:190} INFO - [2026-09-06T09:22:55.602+0000] {dag.py:4180} INFO - Setting next_dagrun for example_sla_dag to 2026-09-06 09:20:00+00:00, run_after=2026-09-06 09:22:00+00:00
[2026-09-06T09:22:55.623+0000] {processor.py:208} INFO - Processing /home/airflow/.local/lib/python3.12/site-packages/airflow/example_dags/example_sla_dag.py took 0.071 seconds
[2026-09-06T09:23:25.779+0000] {processor.py:186} INFO - Started process (PID=3725) to work on /home/airflow/.local/lib/python3.12/site-packages/airflow/example_dags/example_sla_dag.py
[2026-09-06T09:23:25.780+0000] {processor.py:914} INFO - Processing file /home/airflow/.local/lib/python3.12/site-packages/airflow/example_dags/example_sla_dag.py for tasks to queue
[2026-09-06T09:23:25.783+0000] {logging_mixin.py:190} INFO - [2026-09-06T09:23:25.782+0000] {dagbag.py:588} INFO - Filling up the DagBag from /home/airflow/.local/lib/python3.12/site-packages/airflow/example_dags/example_sla_dag.py
[2026-09-06T09:23:25.790+0000] {processor.py:925} INFO - DAG(s) 'example_sla_dag' retrieved from /home/airflow/.local/lib/python3.12/site-packages/airflow/example_dags/example_sla_dag.py
[2026-09-06T09:23:25.803+0000] {logging_mixin.py:190} INFO - [2026-09-06T09:23:25.803+0000] {dag.py:3239} INFO - Sync 1 DAGs
[2026-09-06T09:23:25.821+0000] {logging_mixin.py:190} INFO - [2026-09-06T09:23:25.821+0000] {dag.py:4180} INFO - Setting next_dagrun for example_sla_dag to 2026-09-06 09:20:00+00:00, run_after=2026-09-06 09:22:00+00:00
[2026-09-06T09:23:25.835+0000] {processor.py:208} INFO - Processing /home/airflow/.local/lib/python3.12/site-packages/airflow/example_dags/example_sla_dag.py took 0.061 seconds
[2026-09-06T09:23:56.613+0000] {processor.py:186} INFO - Started process (PID=3789) to work on /home/airflow/.local/lib/python3.12/site-packages/airflow/example_dags/example_sla_dag.py
[2026-09-06T09:23:56.614+0000] {processor.py:914} INFO - Processing file /home/airflow/.local/lib/python3.12/site-packages/airflow/example_dags/example_sla_dag.py for tasks to queue
[2026-09-06T09:23:56.616+0000] {logging_mixin.py:190} INFO - [2026-09-06T09:23:56.615+0000] {dagbag.py:588} INFO - Filling up the DagBag from /home/airflow/.local/lib/python3.12/site-packages/airflow/example_dags/example_sla_dag.py
[2026-09-06T09:23:56.625+0000] {processor.py:925} INFO - DAG(s) 'example_sla_dag' retrieved from /home/airflow/.local/lib/python3.12/site-packages/airflow/example_dags/example_sla_dag.py
[2026-09-06T09:23:56.638+0000] {logging_mixin.py:190} INFO - [2026-09-06T09:23:56.638+0000] {dag.py:3239} INFO - Sync 1 DAGs
[2026-09-06T09:23:56.656+0000] {logging_mixin.py:190} INFO - [2026-09-06T09:23:56.655+0000] {dag.py:4180} INFO - Setting next_dagrun for example_sla_dag to 2026-09-06 09:20:00+00:00, run_after=2026-09-06 09:22:00+00:00
[2026-09-06T09:23:56.669+0000] {processor.py:208} INFO - Processing /home/airflow/.local/lib/python3.12/site-packages/airflow/example_dags/example_sla_dag.py took 0.062 seconds
[2026-09-06T09:24:26.771+0000] {processor.py:186} INFO - Started process (PID=3853) to work on /home/airflow/.local/lib/python3.12/site-packages/airflow/example_dags/example_sla_dag.py
[2026-09-06T09:24:26.772+0000] {processor.py:914} INFO - Processing file /home/airflow/.local/lib/python3.12/site-packages/airflow/example_dags/example_sla_dag.py for tasks to queue
[2026-09-06T09:24:26.775+0000] {logging_mixin.py:190} INFO - [2026-09-06T09:24:26.775+0000] {dagbag.py:588} INFO - Filling up the DagBag from /home/airflow/.local/lib/python3.12/site-packages/airflow/example_dags/example_sla_dag.py
[2026-09-06T09:24:26.784+0000] {processor.py:925} INFO - DAG(s) 'example_sla_dag' retrieved from /home/airflow/.local/lib/python3.12/site-packages/airflow/example_dags/example_sla_dag.py
[2026-09-06T09:24:26.798+0000] {logging_mixin.py:190} INFO - [2026-09-06T09:24:26.798+0000] {dag.py:3239} INFO - Sync 1 DAGs
[2026-09-06T09:24:26.816+0000] {logging_mixin.py:190} INFO - [2026-09-06T09:24:26.816+0000] {dag.py:4180} INFO - Setting next_dagrun for example_sla_dag to 2026-09-06 09:22:00+00:00, run_after=2026-09-06 09:24:00+00:00
[2026-09-06T09:24:26.830+0000] {processor.py:208} INFO - Processing /home/airflow/.local/lib/python3.12/site-packages/airflow/example_dags/example_sla_dag.py took 0.064 seconds
[2026-09-06T09:24:56.892+0000] {processor.py:186} INFO - Started process (PID=3917) to work on /home/airflow/.local/lib/python3.12/site-packages/airflow/example_dags/example_sla_dag.py
[2026-09-06T09:24:56.893+0000] {processor.py:914} INFO - Processing file /home/airflow/.local/lib/python3.12/site-packages/airflow/example_dags/example_sla_dag.py for tasks to queue
[2026-09-06T09:24:56.896+0000] {logging_mixin.py:190} INFO - [2026-09-06T09:24:56.896+0000] {dagbag.py:588} INFO - Filling up the DagBag from /home/airflow/.local/lib/python3.12/site-packages/airflow/example_dags/example_sla_dag.py
[2026-09-06T09:24:56.904+0000] {processor.py:925} INFO - DAG(s) 'example_sla_dag' retrieved from /home/airflow/.local/lib/python3.12/site-packages/airflow/example_dags/example_sla_dag.py
[2026-09-06T09:24:56.920+0000] {logging_mixin.py:190} INFO - [2026-09-06T09:24:56.920+0000] {dag.py:3239} INFO - Sync 1 DAGs
[2026-09-06T09:24:56.939+0000] {logging_mixin.py:190} INFO - [2026-09-06T09:24:56.938+0000] {dag.py:4180} INFO - Setting next_dagrun for example_sla_dag to 2026-09-06 09:22:00+00:00, run_after=2026-09-06 09:24:00+00:00
[2026-09-06T09:24:56.954+0000] {processor.py:208} INFO - Processing /home/airflow/.local/lib/python3.12/site-packages/airflow/example_dags/example_sla_dag.py took 0.067 seconds
[2026-09-06T09:25:27.098+0000] {processor.py:186} INFO - Started process (PID=3981) to work on /home/airflow/.local/lib/python3.12/site-packages/airflow/example_dags/example_sla_dag.py
[2026-09-06T09:25:27.099+0000] {processor.py:914} INFO - Processing file /home/airflow/.local/lib/python3.12/site-packages/airflow/example_dags/example_sla_dag.py for tasks to queue
[2026-09-06T09:25:27.102+0000] {logging_mixin.py:190} INFO - [2026-09-06T09:25:27.102+0000] {dagbag.py:588} INFO - Filling up the DagBag from /home/airflow/.local/lib/python3.12/site-packages/airflow/example_dags/example_sla_dag.py
[2026-09-06T09:25:27.110+0000] {processor.py:925} INFO - DAG(s) 'example_sla_dag' retrieved from /home/airflow/.local/lib/python3.12/site-packages/airflow/example_dags/example_sla_dag.py
[2026-09-06T09:25:27.124+0000] {logging_mixin.py:190} INFO - [2026-09-06T09:25:27.124+0000] {dag.py:3239} INFO - Sync 1 DAGs
[2026-09-06T09:25:27.145+0000] {logging_mixin.py:190} INFO - [2026-09-06T09:25:27.145+0000] {dag.py:4180} INFO - Setting next_dagrun for example_sla_dag to 2026-09-06 09:22:00+00:00, run_after=2026-09-06 09:24:00+00:00
[2026-09-06T09:25:27.163+0000] {processor.py:208} INFO - Processing /home/airflow/.local/lib/python3.12/site-packages/airflow/example_dags/example_sla_dag.py took 0.069 seconds
[2026-09-06T09:25:57.491+0000] {processor.py:186} INFO - Started process (PID=4045) to work on /home/airflow/.local/lib/python3.12/site-packages/airflow/example_dags/example_sla_dag.py
[2026-09-06T09:25:57.492+0000] {processor.py:914} INFO - Processing file /home/airflow/.local/lib/python3.12/site-packages/airflow/example_dags/example_sla_dag.py for tasks to queue
[2026-09-06T09:25:57.494+0000] {logging_mixin.py:190} INFO - [2026-09-06T09:25:57.494+0000] {dagbag.py:588} INFO - Filling up the DagBag from /home/airflow/.local/lib/python3.12/site-packages/airflow/example_dags/example_sla_dag.py
[2026-09-06T09:25:57.502+0000] {processor.py:925} INFO - DAG(s) 'example_sla_dag' retrieved from /home/airflow/.local/lib/python3.12/site-packages/airflow/example_dags/example_sla_dag.py
[2026-09-06T09:25:57.519+0000] {logging_mixin.py:190} INFO - [2026-09-06T09:25:57.519+0000] {dag.py:3239} INFO - Sync 1 DAGs
[2026-09-06T09:25:57.544+0000] {logging_mixin.py:190} INFO - [2026-09-06T09:25:57.544+0000] {dag.py:4180} INFO - Setting next_dagrun for example_sla_dag to 2026-09-06 09:22:00+00:00, run_after=2026-09-06 09:24:00+00:00
[2026-09-06T09:25:57.561+0000] {processor.py:208} INFO - Processing /home/airflow/.local/lib/python3.12/site-packages/airflow/example_dags/example_sla_dag.py took 0.075 seconds
[2026-09-06T09:26:28.065+0000] {processor.py:186} INFO - Started process (PID=4109) to work on /home/airflow/.local/lib/python3.12/site-packages/airflow/example_dags/example_sla_dag.py
[2026-09-06T09:26:28.066+0000] {processor.py:914} INFO - Processing file /home/airflow/.local/lib/python3.12/site-packages/airflow/example_dags/example_sla_dag.py for tasks to queue
[2026-09-06T09:26:28.068+0000] {logging_mixin.py:190} INFO - [2026-09-06T09:26:28.068+0000] {dagbag.py:588} INFO - Filling up the DagBag from /home/airflow/.local/lib/python3.12/site-packages/airflow/example_dags/example_sla_dag.py
[2026-09-06T09:26:28.078+0000] {processor.py:925} INFO - DAG(s) 'example_sla_dag' retrieved from /home/airflow/.local/lib/python3.12/site-packages/airflow/example_dags/example_sla_dag.py
[2026-09-06T09:26:28.094+0000] {logging_mixin.py:190} INFO - [2026-09-06T09:26:28.094+0000] {dag.py:3239} INFO - Sync 1 DAGs
[2026-09-06T09:26:28.111+0000] {logging_mixin.py:190} INFO - [2026-09-06T09:26:28.111+0000] {dag.py:4180} INFO - Setting next_dagrun for example_sla_dag to 2026-09-06 09:24:00+00:00, run_after=2026-09-06 09:26:00+00:00
[2026-09-06T09:26:28.132+0000] {processor.py:208} INFO - Processing /home/airflow/.local/lib/python3.12/site-packages/airflow/example_dags/example_sla_dag.py took 0.072 seconds
[2026-09-06T09:26:58.182+0000] {processor.py:186} INFO - Started process (PID=4173) to work on /home/airflow/.local/lib/python3.12/site-packages/airflow/example_dags/example_sla_dag.py
[2026-09-06T09:26:58.184+0000] {processor.py:914} INFO - Processing file /home/airflow/.local/lib/python3.12/site-packages/airflow/example_dags/example_sla_dag.py for tasks to queue
[2026-09-06T09:26:58.186+0000] {logging_mixin.py:190} INFO - [2026-09-06T09:26:58.185+0000] {dagbag.py:588} INFO - Filling up the DagBag from /home/airflow/.local/lib/python3.12/site-packages/airflow/example_dags/example_sla_dag.py
[2026-09-06T09:26:58.194+0000] {processor.py:925} INFO - DAG(s) 'example_sla_dag' retrieved from /home/airflow/.local/lib/python3.12/site-packages/airflow/example_dags/example_sla_dag.py
[2026-09-06T09:26:58.209+0000] {logging_mixin.py:190} INFO - [2026-09-06T09:26:58.209+0000] {dag.py:3239} INFO - Sync 1 DAGs
[2026-09-06T09:26:58.228+0000] {logging_mixin.py:190} INFO - [2026-09-06T09:26:58.227+0000] {dag.py:4180} INFO - Setting next_dagrun for example_sla_dag to 2026-09-06 09:24:00+00:00, run_after=2026-09-06 09:26:00+00:00
[2026-09-06T09:26:58.243+0000] {processor.py:208} INFO - Processing /home/airflow/.local/lib/python3.12/site-packages/airflow/example_dags/example_sla_dag.py took 0.065 seconds
