[2026-09-06T08:53:59.108+0000] {processor.py:186} INFO - Started process (PID=80) to work on /home/airflow/.local/lib/python3.12/site-packages/airflow/example_dags/example_python_operator.py
[2026-09-06T08:53:59.109+0000] {processor.py:914} INFO - Processing file /home/airflow/.local/lib/python3.12/site-packages/airflow/example_dags/example_python_operator.py for tasks to queue
[2026-09-06T08:53:59.112+0000] {logging_mixin.py:190} INFO - [2026-09-06T08:53:59.111+0000] {dagbag.py:588} INFO - Filling up the DagBag from /home/airflow/.local/lib/python3.12/site-packages/airflow/example_dags/example_python_operator.py
[2026-09-06T08:53:59.122+0000] {processor.py:925} INFO - DAG(s) 'example_python_operator' retrieved from /home/airflow/.local/lib/python3.12/site-packages/airflow/example_dags/example_python_operator.py
[2026-09-06T08:53:59.222+0000] {logging_mixin.py:190} INFO - [2026-09-06T08:53:59.222+0000] {override.py:1911} INFO - Created Permission View: can edit on DAG:example_python_operator
[2026-09-06T08:53:59.231+0000] {logging_mixin.py:190} INFO - [2026-09-06T08:53:59.231+0000] {override.py:1911} INFO - Created Permission View: can delete on DAG:example_python_operator
[2026-09-06T08:53:59.238+0000] {logging_mixin.py:190} INFO - [2026-09-06T08:53:59.238+0000] {override.py:1911} INFO - Created Permission View: can read on DAG:example_python_operator
[2026-09-06T08:53:59.248+0000] {logging_mixin.py:190} INFO - [2026-09-06T08:53:59.248+0000] {override.py:1911} INFO - Created Permission View: can create on DAG Run:example_python_operator
[2026-09-06T08:53:59.255+0000] {logging_mixin.py:190} INFO - [2026-09-06T08:53:59.255+0000] {override.py:1911} INFO - Created Permission View: can delete on DAG Run:example_python_operator
[2026-09-06T08:53:59.262+0000] {logging_mixin.py:190} INFO - [2026-09-06T08:53:59.262+0000] {override.py:1911} INFO - Created Permission View: can read on DAG Run:example_python_operator
[2026-09-06T08:53:59.269+0000] {logging_mixin.py:190} INFO - [2026-09-06T08:53:59.269+0000] {override.py:1911} INFO - Created Permission View: menu access on DAG Run:example_python_operator
[2026-09-06T08:53:59.270+0000] {logging_mixin.py:190} INFO - [2026-09-06T08:53:59.270+0000] {dag.py:3239} INFO - Sync 1 DAGs
[2026-09-06T08:53:59.280+0000] {logging_mixin.py:190} INFO - [2026-09-06T08:53:59.280+0000] {dag.py:3262} INFO - Creating ORM DAG for example_python_operator
[2026-09-06T08:53:59.281+0000] {logging_mixin.py:190} INFO - [2026-09-06T08:53:59.281+0000] {dag.py:4180} INFO - Setting next_dagrun for example_python_operator to None, run_after=None
[2026-09-06T08:53:59.295+0000] {processor.py:208} INFO - Processing /home/airflow/.local/lib/python3.12/site-packages/airflow/example_dags/example_python_operator.py took 0.191 seconds
[2026-09-06T08:54:30.098+0000] {processor.py:186} INFO - Started process (PID=143) to work on /home/airflow/.local/lib/python3.12/site-packages/airflow/example_dags/example_python_operator.py
[2026-09-06T08:54:30.100+0000] {processor.py:914} INFO - Processing file /home/airflow/.local/lib/python3.12/site-packages/airflow/example_dags/example_python_operator.py for tasks to queue
[2026-09-06T08:54:30.101+0000] {logging_mixin.py:190} INFO - [2026-09-06T08:54:30.101+0000] {dagbag.py:588} INFO - Filling up the DagBag from /home/airflow/.local/lib/python3.12/site-packages/airflow/example_dags/example_python_operator.py
[2026-09-06T08:54:30.112+0000] {processor.py:925} INFO - DAG(s) 'example_python_operator' retrieved from /home/airflow/.local/lib/python3.12/site-packages/airflow/example_dags/example_python_operator.py
[2026-09-06T08:54:30.128+0000] {logging_mixin.py:190} INFO - [2026-09-06T08:54:30.128+0000] {dag.py:3239} INFO - Sync 1 DAGs
[2026-09-06T08:54:30.137+0000] {logging_mixin.py:190} INFO - [2026-09-06T08:54:30.137+0000] {dag.py:4180} INFO - Setting next_dagrun for example_python_operator to None, run_after=None
[2026-09-06T08:54:30.150+0000] {processor.py:208} INFO - Processing /home/airflow/.local/lib/python3.12/site-packages/airflow/example_dags/example_python_operator.py took 0.056 seconds
[2026-09-06T08:55:01.050+0000] {processor.py:186} INFO - Started process (PID=206) to work on /home/airflow/.local/lib/python3.12/site-packages/airflow/example_dags/example_python_operator.py
[2026-09-06T08:55:01.051+0000] {processor.py:914} INFO - Processing file /home/airflow/.local/lib/python3.12/site-packages/airflow/example_dags/example_python_operator.py for tasks to queue
[2026-09-06T08:55:01.053+0000] {logging_mixin.py:190} INFO - [2026-09-06T08:55:01.053+0000] {dagbag.py:588} INFO - Filling up the DagBag from /home/airflow/.local/lib/python3.12/site-packages/airflow/example_dags/example_python_operator.py
[2026-09-06T08:55:01.073+0000] {processor.py:925} INFO - DAG(s) 'example_python_operator' retrieved from /home/airflow/.local/lib/python3.12/site-packages/airflow/example_dags/example_python_operator.py
[2026-09-06T08:55:01.102+0000] {logging_mixin.py:190} INFO - [2026-09-06T08:55:01.101+0000] {dag.py:3239} INFO - Sync 1 DAGs
[2026-09-06T08:55:01.119+0000] {logging_mixin.py:190} INFO - [2026-09-06T08:55:01.119+0000] {dag.py:4180} INFO - Setting next_dagrun for example_python_operator to None, run_after=None
[2026-09-06T08:55:01.138+0000] {processor.py:208} INFO - Processing /home/airflow/.local/lib/python3.12/site-packages/airflow/example_dags/example_python_operator.py took 0.093 seconds
[2026-09-06T08:55:31.783+0000] {processor.py:186} INFO - Started process (PID=269) to work on /home/airflow/.local/lib/python3.12/site-packages/airflow/example_dags/example_python_operator.py
[2026-09-06T08:55:31.784+0000] {processor.py:914} INFO - Processing file /home/airflow/.local/lib/python3.12/site-packages/airflow/example_dags/example_python_operator.py for tasks to queue
[2026-09-06T08:55:31.787+0000] {logging_mixin.py:190} INFO - [2026-09-06T08:55:31.787+0000] {dagbag.py:588} INFO - Filling up the DagBag from /home/airflow/.local/lib/python3.12/site-packages/airflow/example_dags/example_python_operator.py
[2026-09-06T08:55:31.798+0000] {processor.py:925} INFO - DAG(s) 'example_python_operator' retrieved from /home/airflow/.local/lib/python3.12/site-packages/airflow/example_dags/example_python_operator.py
[2026-09-06T08:55:31.815+0000] {logging_mixin.py:190} INFO - [2026-09-06T08:55:31.815+0000] {dag.py:3239} INFO - Sync 1 DAGs
[2026-09-06T08:55:31.827+0000] {logging_mixin.py:190} INFO - [2026-09-06T08:55:31.827+0000] {dag.py:4180} INFO - Setting next_dagrun for example_python_operator to None, run_after=None
[2026-09-06T08:55:31.840+0000] {processor.py:208} INFO - Processing /home/airflow/.local/lib/python3.12/site-packages/airflow/example_dags/example_python_operator.py took 0.062 seconds
[2026-09-06T08:56:03.026+0000] {processor.py:186} INFO - Started process (PID=332) to work on /home/airflow/.local/lib/python3.12/site-packages/airflow/example_dags/example_python_operator.py
[2026-09-06T08:56:03.027+0000] {processor.py:914} INFO - Processing file /home/airflow/.local/lib/python3.12/site-packages/airflow/example_dags/example_python_operator.py for tasks to queue
[2026-09-06T08:56:03.029+0000] {logging_mixin.py:190} INFO - [2026-09-06T08:56:03.029+0000] {dagbag.py:588} INFO - Filling up the DagBag from /home/airflow/.local/lib/python3.12/site-packages/airflow/example_dags/example_python_operator.py
[2026-09-06T08:56:03.039+0000] {processor.py:925} INFO - DAG(s) 'example_python_operator' retrieved from /home/airflow/.local/lib/python3.12/site-packages/airflow/example_dags/example_python_operator.py
[2026-09-06T08:56:03.058+0000] {logging_mixin.py:190} INFO - [2026-09-06T08:56:03.058+0000] {dag.py:3239} INFO - Sync 1 DAGs
[2026-09-06T08:56:03.070+0000] {logging_mixin.py:190} INFO - [2026-09-06T08:56:03.070+0000] {dag.py:4180} INFO - Setting next_dagrun for example_python_operator to None, run_after=None
[2026-09-06T08:56:03.086+0000] {processor.py:208} INFO - Processing /home/airflow/.local/lib/python3.12/site-packages/airflow/example_dags/example_python_operator.py took 0.065 seconds
[2026-09-06T08:56:33.812+0000] {processor.py:186} INFO - Started process (PID=395) to work on /home/airflow/.local/lib/python3.12/site-packages/airflow/example_dags/example_python_operator.py
[2026-09-06T08:56:33.813+0000] {processor.py:914} INFO - Processing file /home/airflow/.local/lib/python3.12/site-packages/airflow/example_dags/example_python_operator.py for tasks to queue
[2026-09-06T08:56:33.815+0000] {logging_mixin.py:190} INFO - [2026-09-06T08:56:33.815+0000] {dagbag.py:588} INFO - Filling up the DagBag from /home/airflow/.local/lib/python3.12/site-packages/airflow/example_dags/example_python_operator.py
[2026-09-06T08:56:33.826+0000] {processor.py:925} INFO - DAG(s) 'example_python_operator' retrieved from /home/airflow/.local/lib/python3.12/site-packages/airflow/example_dags/example_python_operator.py
[2026-09-06T08:56:33.844+0000] {logging_mixin.py:190} INFO - [2026-09-06T08:56:33.844+0000] {dag.py:3239} INFO - Sync 1 DAGs
[2026-09-06T08:56:33.855+0000] {logging_mixin.py:190} INFO - [2026-09-06T08:56:33.855+0000] {dag.py:4180} INFO - Setting next_dagrun for example_python_operator to None, run_after=None
[2026-09-06T08:56:33.870+0000] {processor.py:208} INFO - Processing /home/airflow/.local/lib/python3.12/site-packages/airflow/example_dags/example_python_operator.py took 0.064 seconds
[2026-09-06T08:57:04.812+0000] {processor.py:186} INFO - Started process (PID=458) to work on /home/airflow/.local/lib/python3.12/site-packages/airflow/example_dags/example_python_operator.py
[2026-09-06T08:57:04.813+0000] {processor.py:914} INFO - Processing file /home/airflow/.local/lib/python3.12/site-packages/airflow/example_dags/example_python_operator.py for tasks to queue
[2026-09-06T08:57:04.815+0000] {logging_mixin.py:190} INFO - [2026-09-06T08:57:04.815+0000] {dagbag.py:588} INFO - Filling up the DagBag from /home/airflow/.local/lib/python3.12/site-packages/airflow/example_dags/example_python_operator.py
[2026-09-06T08:57:04.824+0000] {processor.py:925} INFO - DAG(s) 'example_python_operator' retrieved from /home/airflow/.local/lib/python3.12/site-packages/airflow/example_dags/example_python_operator.py
[2026-09-06T08:57:04.840+0000] {logging_mixin.py:190} INFO - [2026-09-06T08:57:04.840+0000] {dag.py:3239} INFO - Sync 1 DAGs
[2026-09-06T08:57:04.851+0000] {logging_mixin.py:190} INFO - [2026-09-06T08:57:04.851+0000] {dag.py:4180} INFO - Setting next_dagrun for example_python_operator to None, run_after=None
[2026-09-06T08:57:04.868+0000] {processor.py:208} INFO - Processing /home/airflow/.local/lib/python3.12/site-packages/airflow/example_dags/example_python_operator.py took 0.061 seconds
[2026-09-06T08:57:35.518+0000] {processor.py:186} INFO - Started process (PID=521) to work on /home/airflow/.local/lib/python3.12/site-packages/airflow/example_dags/example_python_operator.py
[2026-09-06T08:57:35.519+0000] {processor.py:914} INFO - Processing file /home/airflow/.local/lib/python3.12/site-packages/airflow/example_dags/example_python_operator.py for tasks to queue
[2026-09-06T08:57:35.521+0000] {logging_mixin.py:190} INFO - [2026-09-06T08:57:35.521+0000] {dagbag.py:588} INFO - Filling up the DagBag from /home/airflow/.local/lib/python3.12/site-packages/airflow/example_dags/example_python_operator.py
[2026-09-06T08:57:35.530+0000] {processor.py:925} INFO - DAG(s) 'example_python_operator' retrieved from /home/airflow/.local/lib/python3.12/site-packages/airflow/example_dags/example_python_operator.py
[2026-09-06T08:57:35.546+0000] {logging_mixin.py:190} INFO - [2026-09-06T08:57:35.546+0000] {dag.py:3239} INFO - Sync 1 DAGs
[2026-09-06T08:57:35.556+0000] {logging_mixin.py:190} INFO - [2026-09-06T08:57:35.556+0000] {dag.py:4180} INFO - Setting next_dagrun for example_python_operator to None, run_after=None
[2026-09-06T08:57:35.574+0000] {processor.py:208} INFO - Processing /home/airflow/.local/lib/python3.12/site-packages/airflow/example_dags/example_python_operator.py took 0.059 seconds
[2026-09-06T08:58:06.716+0000] {processor.py:186} INFO - Started process (PID=584) to work on /home/airflow/.local/lib/python3.12/site-packages/airflow/example_dags/example_python_operator.py
[2026-09-06T08:58:06.717+0000] {processor.py:914} INFO - Processing file /home/airflow/.local/lib/python3.12/site-packages/airflow/example_dags/example_python_operator.py for tasks to queue
[2026-09-06T08:58:06.719+0000] {logging_mixin.py:190} INFO - [2026-09-06T08:58:06.719+0000] {dagbag.py:588} INFO - Filling up the DagBag from /home/airflow/.local/lib/python3.12/site-packages/airflow/example_dags/example_python_operator.py
[2026-09-06T08:58:06.731+0000] {processor.py:925} INFO - DAG(s) 'example_python_operator' retrieved from /home/airflow/.local/lib/python3.12/site-packages/airflow/example_dags/example_python_operator.py
[2026-09-06T08:58:06.748+0000] {logging_mixin.py:190} INFO - [2026-09-06T08:58:06.748+0000] {dag.py:3239} INFO - Sync 1 DAGs
[2026-09-06T08:58:06.759+0000] {logging_mixin.py:190} INFO - [2026-09-06T08:58:06.759+0000] {dag.py:4180} INFO - Setting next_dagrun for example_python_operator to None, run_after=None
[2026-09-06T08:58:06.773+0000] {processor.py:208} INFO - Processing /home/airflow/.local/lib/python3.12/site-packages/airflow/example_dags/example_python_operator.py took 0.061 seconds
[2026-09-06T08:58:38.212+0000] {processor.py:186} INFO - Started process (PID=647) to work on /home/airflow/.local/lib/python3.12/site-packages/airflow/example_dags/example_python_operator.py
[2026-09-06T08:58:38.213+0000] {processor.py:914} INFO - Processing file /home/airflow/.local/lib/python3.12/site-packages/airflow/example_dags/example_python_operator.py for tasks to queue
[2026-09-06T08:58:38.215+0000] {logging_mixin.py:190} INFO - [2026-09-06T08:58:38.215+0000] {dagbag.py:588} INFO - Filling up the DagBag from /home/airflow/.local/lib/python3.12/site-packages/airflow/example_dags/example_python_operator.py
[2026-09-06T08:58:38.225+0000] {processor.py:925} INFO - DAG(s) 'example_python_operator' retrieved from /home/airflow/.local/lib/python3.12/site-packages/airflow/example_dags/example_python_operator.py
[2026-09-06T08:58:38.241+0000] {logging_mixin.py:190} INFO - [2026-09-06T08:58:38.241+0000] {dag.py:3239} INFO - Sync 1 DAGs
[2026-09-06T08:58:38.252+0000] {logging_mixin.py:190} INFO - [2026-09-06T08:58:38.252+0000] {dag.py:4180} INFO - Setting next_dagrun for example_python_operator to None, run_after=None
[2026-09-06T08:58:38.266+0000] {processor.py:208} INFO - Processing /home/airflow/.local/lib/python3.12/site-packages/airflow/example_dags/example_python_operator.py took 0.058 seconds
[2026-09-06T08:59:09.637+0000] {processor.py:186} INFO - Started process (PID=711) to work on /home/airflow/.local/lib/python3.12/site-packages/airflow/example_dags/example_python_operator.py
[2026-09-06T08:59:09.638+0000] {processor.py:914} INFO - Processing file /home/airflow/.local/lib/python3.12/site-packages/airflow/example_dags/example_python_operator.py for tasks to queue
[2026-09-06T08:59:09.640+0000] {logging_mixin.py:190} INFO - [2026-09-06T08:59:09.640+0000] {dagbag.py:588} INFO - Filling up the DagBag from /home/airflow/.local/lib/python3.12/site-packages/airflow/example_dags/example_python_operator.py
[2026-09-06T08:59:09.651+0000] {processor.py:925} INFO - DAG(s) 'example_python_operator' retrieved from /home/airflow/.local/lib/python3.12/site-packages/airflow/example_dags/example_python_operator.py
[2026-09-06T08:59:09.669+0000] {logging_mixin.py:190} INFO - [2026-09-06T08:59:09.669+0000] {dag.py:3239} INFO - Sync 1 DAGs
[2026-09-06T08:59:09.681+0000] {logging_mixin.py:190} INFO - [2026-09-06T08:59:09.681+0000] {dag.py:4180} INFO - Setting next_dagrun for example_python_operator to None, run_after=None
[2026-09-06T08:59:09.696+0000] {processor.py:208} INFO - Processing /home/airflow/.local/lib/python3.12/site-packages/airflow/example_dags/example_python_operator.py took 0.064 seconds
[2026-09-06T08:59:40.950+0000] {processor.py:186} INFO - Started process (PID=775) to work on /home/airflow/.local/lib/python3.12/site-packages/airflow/example_dags/example_python_operator.py
[2026-09-06T08:59:40.951+0000] {processor.py:914} INFO - Processing file /home/airflow/.local/lib/python3.12/site-packages/airflow/example_dags/example_python_operator.py for tasks to queue
[2026-09-06T08:59:40.953+0000] {logging_mixin.py:190} INFO - [2026-09-06T08:59:40.953+0000] {dagbag.py:588} INFO - Filling up the DagBag from /home/airflow/.local/lib/python3.12/site-packages/airflow/example_dags/example_python_operator.py
[2026-09-06T08:59:40.962+0000] {processor.py:925} INFO - DAG(s) 'example_python_operator' retrieved from /home/airflow/.local/lib/python3.12/site-packages/airflow/example_dags/example_python_operator.py
[2026-09-06T08:59:40.980+0000] {logging_mixin.py:190} INFO - [2026-09-06T08:59:40.980+0000] {dag.py:3239} INFO - Sync 1 DAGs
[2026-09-06T08:59:40.991+0000] {logging_mixin.py:190} INFO - [2026-09-06T08:59:40.991+0000] {dag.py:4180} INFO - Setting next_dagrun for example_python_operator to None, run_after=None
[2026-09-06T08:59:41.005+0000] {processor.py:208} INFO - Processing /home/airflow/.local/lib/python3.12/site-packages/airflow/example_dags/example_python_operator.py took 0.060 seconds
[2026-09-06T09:00:12.253+0000] {processor.py:186} INFO - Started process (PID=839) to work on /home/airflow/.local/lib/python3.12/site-packages/airflow/example_dags/example_python_operator.py
[2026-09-06T09:00:12.254+0000] {processor.py:914} INFO - Processing file /home/airflow/.local/lib/python3.12/site-packages/airflow/example_dags/example_python_operator.py for tasks to queue
[2026-09-06T09:00:12.256+0000] {logging_mixin.py:190} INFO - [2026-09-06T09:00:12.256+0000] {dagbag.py:588} INFO - Filling up the DagBag from /home/airflow/.local/lib/python3.12/site-packages/airflow/example_dags/example_python_operator.py
[2026-09-06T09:00:12.266+0000] {processor.py:925} INFO - DAG(s) 'example_python_operator' retrieved from /home/airflow/.local/lib/python3.12/site-packages/airflow/example_dags/example_python_operator.py
[2026-09-06T09:00:12.282+0000] {logging_mixin.py:190} INFO - [2026-09-06T09:00:12.282+0000] {dag.py:3239} INFO - Sync 1 DAGs
[2026-09-06T09:00:12.293+0000] {logging_mixin.py:190} INFO - [2026-09-06T09:00:12.293+0000] {dag.py:4180} INFO - Setting next_dagrun for example_python_operator to None, run_after=None
[2026-09-06T09:00:12.306+0000] {processor.py:208} INFO - Processing /home/airflow/.local/lib/python3.12/site-packages/airflow/example_dags/example_python_operator.py took 0.058 seconds
[2026-09-06T09:00:43.643+0000] {processor.py:186} INFO - Started process (PID=903) to work on /home/airflow/.local/lib/python3.12/site-packages/airflow/example_dags/example_python_operator.py
[2026-09-06T09:00:43.644+0000] {processor.py:914} INFO - Processing file /home/airflow/.local/lib/python3.12/site-packages/airflow/example_dags/example_python_operator.py for tasks to queue
[2026-09-06T09:00:43.645+0000] {logging_mixin.py:190} INFO - [2026-09-06T09:00:43.645+0000] {dagbag.py:588} INFO - Filling up the DagBag from /home/airflow/.local/lib/python3.12/site-packages/airflow/example_dags/example_python_operator.py
[2026-09-06T09:00:43.655+0000] {processor.py:925} INFO - DAG(s) 'example_python_operator' retrieved from /home/airflow/.local/lib/python3.12/site-packages/airflow/example_dags/example_python_operator.py
[2026-09-06T09:00:43.673+0000] {logging_mixin.py:190} INFO - [2026-09-06T09:00:43.672+0000] {dag.py:3239} INFO - Sync 1 DAGs
[2026-09-06T09:00:43.684+0000] {logging_mixin.py:190} INFO - [2026-09-06T09:00:43.684+0000] {dag.py:4180} INFO - Setting next_dagrun for example_python_operator to None, run_after=None
[2026-09-06T09:00:43.699+0000] {processor.py:208} INFO - Processing /home/airflow/.local/lib/python3.12/site-packages/airflow/example_dags/example_python_operator.py took 0.061 seconds
[2026-09-06T09:01:14.335+0000] {processor.py:186} INFO - Started process (PID=967) to work on /home/airflow/.local/lib/python3.12/site-packages/airflow/example_dags/example_python_operator.py
[2026-09-06T09:01:14.336+0000] {processor.py:914} INFO - Processing file /home/airflow/.local/lib/python3.12/site-packages/airflow/example_dags/example_python_operator.py for tasks to queue
[2026-09-06T09:01:14.338+0000] {logging_mixin.py:190} INFO - [2026-09-06T09:01:14.338+0000] {dagbag.py:588} INFO - Filling up the DagBag from /home/airflow/.local/lib/python3.12/site-packages/airflow/example_dags/example_python_operator.py
[2026-09-06T09:01:14.348+0000] {processor.py:925} INFO - DAG(s) 'example_python_operator' retrieved from /home/airflow/.local/lib/python3.12/site-packages/airflow/example_dags/example_python_operator.py
[2026-09-06T09:01:14.365+0000] {logging_mixin.py:190} INFO - [2026-09-06T09:01:14.365+0000] {dag.py:3239} INFO - Sync 1 DAGs
[2026-09-06T09:01:14.377+0000] {logging_mixin.py:190} INFO - [2026-09-06T09:01:14.377+0000] {dag.py:4180} INFO - Setting next_dagrun for example_python_operator to None, run_after=None
[2026-09-06T09:01:14.392+0000] {processor.py:208} INFO - Processing /home/airflow/.local/lib/python3.12/site-packages/airflow/example_dags/example_python_operator.py took 0.063 seconds
[2026-09-06T09:01:44.981+0000] {processor.py:186} INFO - Started process (PID=1031) to work on /home/airflow/.local/lib/python3.12/site-packages/airflow/example_dags/example_python_operator.py
[2026-09-06T09:01:44.982+0000] {processor.py:914} INFO - Processing file /home/airflow/.local/lib/python3.12/site-packages/airflow/example_dags/example_python_operator.py for tasks to queue
[2026-09-06T09:01:44.984+0000] {logging_mixin.py:190} INFO - [2026-09-06T09:01:44.984+0000] {dagbag.py:588} INFO - Filling up the DagBag from /home/airflow/.local/lib/python3.12/site-packages/airflow/example_dags/example_python_operator.py
[2026-09-06T09:01:44.995+0000] {processor.py:925} INFO - DAG(s) 'example_python_operator' retrieved from /home/airflow/.local/lib/python3.12/site-packages/airflow/example_dags/example_python_operator.py
[2026-09-06T09:01:45.013+0000] {logging_mixin.py:190} INFO - [2026-09-06T09:01:45.013+0000] {dag.py:3239} INFO - Sync 1 DAGs
[2026-09-06T09:01:45.025+0000] {logging_mixin.py:190} INFO - [2026-09-06T09:01:45.025+0000] {dag.py:4180} INFO - Setting next_dagrun for example_python_operator to None, run_after=None
[2026-09-06T09:01:45.039+0000] {processor.py:208} INFO - Processing /home/airflow/.local/lib/python3.12/site-packages/airflow/example_dags/example_python_operator.py took 0.063 seconds
[2026-09-06T09:02:15.632+0000] {processor.py:186} INFO - Started process (PID=1095) to work on /home/airflow/.local/lib/python3.12/site-packages/airflow/example_dags/example_python_operator.py
[2026-09-06T09:02:15.633+0000] {processor.py:914} INFO - Processing file /home/airflow/.local/lib/python3.12/site-packages/airflow/example_dags/example_python_operator.py for tasks to queue
[2026-09-06T09:02:15.635+0000] {logging_mixin.py:190} INFO - [2026-09-06T09:02:15.635+0000] {dagbag.py:588} INFO - Filling up the DagBag from /home/airflow/.local/lib/python3.12/site-packages/airflow/example_dags/example_python_operator.py
[2026-09-06T09:02:15.644+0000] {processor.py:925} INFO - DAG(s) 'example_python_operator' retrieved from /home/airflow/.local/lib/python3.12/site-packages/airflow/example_dags/example_python_operator.py
[2026-09-06T09:02:15.659+0000] {logging_mixin.py:190} INFO - [2026-09-06T09:02:15.659+0000] {dag.py:3239} INFO - Sync 1 DAGs
[2026-09-06T09:02:15.669+0000] {logging_mixin.py:190} INFO - [2026-09-06T09:02:15.669+0000] {dag.py:4180} INFO - Setting next_dagrun for example_python_operator to None, run_after=None
[2026-09-06T09:02:15.683+0000] {processor.py:208} INFO - Processing /home/airflow/.local/lib/python3.12/site-packages/airflow/example_dags/example_python_operator.py took 0.056 seconds
[2026-09-06T09:02:47.013+0000] {processor.py:186} INFO - Started process (PID=1159) to work on /home/airflow/.local/lib/python3.12/site-packages/airflow/example_dags/example_python_operator.py
[2026-09-06T09:02:47.015+0000] {processor.py:914} INFO - Processing file /home/airflow/.local/lib/python3.12/site-packages/airflow/example_dags/example_python_operator.py for tasks to queue
[2026-09-06T09:02:47.017+0000] {logging_mixin.py:190} INFO - [2026-09-06T09:02:47.017+0000] {dagbag.py:588} INFO - Filling up the DagBag from /home/airflow/.local/lib/python3.12/site-packages/airflow/example_dags/example_python_operator.py
[2026-09-06T09:02:47.032+0000] {processor.py:925} INFO - DAG(s) 'example_python_operator' retrieved from /home/airflow/.local/lib/python3.12/site-packages/airflow/example_dags/example_python_operator.py
[2026-09-06T09:02:47.054+0000] {logging_mixin.py:190} INFO - [2026-09-06T09:02:47.053+0000] {dag.py:3239} INFO - Sync 1 DAGs
[2026-09-06T09:02:47.066+0000] {logging_mixin.py:190} INFO - [2026-09-06T09:02:47.066+0000] {dag.py:4180} INFO - Setting next_dagrun for example_python_operator to None, run_after=None
[2026-09-06T09:02:47.090+0000] {processor.py:208} INFO - Processing /home/airflow/.local/lib/python3.12/site-packages/airflow/example_dags/example_python_operator.py took 0.082 seconds
[2026-09-06T09:03:17.856+0000] {processor.py:186} INFO - Started process (PID=1223) to work on /home/airflow/.local/lib/python3.12/site-packages/airflow/example_dags/example_python_operator.py
[2026-09-06T09:03:17.858+0000] {processor.py:914} INFO - Processing file /home/airflow/.local/lib/python3.12/site-packages/airflow/example_dags/example_python_operator.py for tasks to queue
[2026-09-06T09:03:17.861+0000] {logging_mixin.py:190} INFO - [2026-09-06T09:03:17.861+0000] {dagbag.py:588} INFO - Filling up the DagBag from /home/airflow/.local/lib/python3.12/site-packages/airflow/example_dags/example_python_operator.py
[2026-09-06T09:03:17.876+0000] {processor.py:925} INFO - DAG(s) 'example_python_operator' retrieved from /home/airflow/.local/lib/python3.12/site-packages/airflow/example_dags/example_python_operator.py
[2026-09-06T09:03:17.895+0000] {logging_mixin.py:190} INFO - [2026-09-06T09:03:17.895+0000] {dag.py:3239} INFO - Sync 1 DAGs
[2026-09-06T09:03:17.908+0000] {logging_mixin.py:190} INFO - [2026-09-06T09:03:17.908+0000] {dag.py:4180} INFO - Setting next_dagrun for example_python_operator to None, run_after=None
[2026-09-06T09:03:17.924+0000] {processor.py:208} INFO - Processing /home/airflow/.local/lib/python3.12/site-packages/airflow/example_dags/example_python_operator.py took 0.075 seconds
[2026-09-06T09:03:49.156+0000] {processor.py:186} INFO - Started process (PID=1287) to work on /home/airflow/.local/lib/python3.12/site-packages/airflow/example_dags/example_python_operator.py
[2026-09-06T09:03:49.157+0000] {processor.py:914} INFO - Processing file /home/airflow/.local/lib/python3.12/site-packages/airflow/example_dags/example_python_operator.py for tasks to queue
[2026-09-06T09:03:49.159+0000] {logging_mixin.py:190} INFO - [2026-09-06T09:03:49.158+0000] {dagbag.py:588} INFO - Filling up the DagBag from /home/airflow/.local/lib/python3.12/site-packages/airflow/example_dags/example_python_operator.py
[2026-09-06T09:03:49.168+0000] {processor.py:925} INFO - DAG(s) 'example_python_operator' retrieved from /home/airflow/.local/lib/python3.12/site-packages/airflow/example_dags/example_python_operator.py
[2026-09-06T09:03:49.185+0000] {logging_mixin.py:190} INFO - [2026-09-06T09:03:49.185+0000] {dag.py:3239} INFO - Sync 1 DAGs
[2026-09-06T09:03:49.196+0000] {logging_mixin.py:190} INFO - [2026-09-06T09:03:49.196+0000] {dag.py:4180} INFO - Setting next_dagrun for example_python_operator to None, run_after=None
[2026-09-06T09:03:49.226+0000] {processor.py:208} INFO - Processing /home/airflow/.local/lib/python3.12/site-packages/airflow/example_dags/example_python_operator.py took 0.075 seconds
[2026-09-06T09:04:20.210+0000] {processor.py:186} INFO - Started process (PID=1351) to work on /home/airflow/.local/lib/python3.12/site-packages/airflow/example_dags/example_python_operator.py
[2026-09-06T09:04:20.211+0000] {processor.py:914} INFO - Processing file /home/airflow/.local/lib/python3.12/site-packages/airflow/example_dags/example_python_operator.py for tasks to queue
[2026-09-06T09:04:20.213+0000] {logging_mixin.py:190} INFO - [2026-09-06T09:04:20.213+0000] {dagbag.py:588} INFO - Filling up the DagBag from /home/airflow/.local/lib/python3.12/site-packages/airflow/example_dags/example_python_operator.py
[2026-09-06T09:04:20.223+0000] {processor.py:925} INFO - DAG(s) 'example_python_operator' retrieved from /home/airflow/.local/lib/python3.12/site-packages/airflow/example_dags/example_python_operator.py
[2026-09-06T09:04:20.239+0000] {logging_mixin.py:190} INFO - [2026-09-06T09:04:20.239+0000] {dag.py:3239} INFO - Sync 1 DAGs
[2026-09-06T09:04:20.249+0000] {logging_mixin.py:190} INFO - [2026-09-06T09:04:20.249+0000] {dag.py:4180} INFO - Setting next_dagrun for example_python_operator to None, run_after=None
[2026-09-06T09:04:20.278+0000] {processor.py:208} INFO - Processing /home/airflow/.local/lib/python3.12/site-packages/airflow/example_dags/example_python_operator.py took 0.073 seconds
[2026-09-06T09:04:51.646+0000] {processor.py:186} INFO - Started process (PID=1415) to work on /home/airflow/.local/lib/python3.12/site-packages/airflow/example_dags/example_python_operator.py
[2026-09-06T09:04:51.647+0000] {processor.py:914} INFO - Processing file /home/airflow/.local/lib/python3.12/site-packages/airflow/example_dags/example_python_operator.py for tasks to queue
[2026-09-06T09:04:51.649+0000] {logging_mixin.py:190} INFO - [2026-09-06T09:04:51.649+0000] {dagbag.py:588} INFO - Filling up the DagBag from /home/airflow/.local/lib/python3.12/site-packages/airflow/example_dags/example_python_operator.py
[2026-09-06T09:04:51.660+0000] {processor.py:925} INFO - DAG(s) 'example_python_operator' retrieved from /home/airflow/.local/lib/python3.12/site-packages/airflow/example_dags/example_python_operator.py
[2026-09-06T09:04:51.678+0000] {logging_mixin.py:190} INFO - [2026-09-06T09:04:51.677+0000] {dag.py:3239} INFO - Sync 1 DAGs
[2026-09-06T09:04:51.688+0000] {logging_mixin.py:190} INFO - [2026-09-06T09:04:51.688+0000] {dag.py:4180} INFO - Setting next_dagrun for example_python_operator to None, run_after=None
[2026-09-06T09:04:51.701+0000] {processor.py:208} INFO - Processing /home/airflow/.local/lib/python3.12/site-packages/airflow/example_dags/example_python_operator.py took 0.060 seconds
[2026-09-06T09:05:22.358+0000] {processor.py:186} INFO - Started process (PID=1479) to work on /home/airflow/.local/lib/python3.12/site-packages/airflow/example_dags/example_python_operator.py
[2026-09-06T09:05:22.359+0000] {processor.py:914} INFO - Processing file /home/airflow/.local/lib/python3.12/site-packages/airflow/example_dags/example_python_operator.py for tasks to queue
[2026-09-06T09:05:22.361+0000] {logging_mixin.py:190} INFO - [2026-09-06T09:05:22.361+0000] {dagbag.py:588} INFO - Filling up the DagBag from /home/airflow/.local/lib/python3.12/site-packages/airflow/example_dags/example_python_operator.py
[2026-09-06T09:05:22.372+0000] {processor.py:925} INFO - DAG(s) 'example_python_operator' retrieved from /home/airflow/.local/lib/python3.12/site-packages/airflow/example_dags/example_python_operator.py
[2026-09-06T09:05:22.389+0000] {logging_mixin.py:190} INFO - [2026-09-06T09:05:22.389+0000] {dag.py:3239} INFO - Sync 1 DAGs
[2026-09-06T09:05:22.401+0000] {logging_mixin.py:190} INFO - [2026-09-06T09:05:22.401+0000] {dag.py:4180} INFO - Setting next_dagrun for example_python_operator to None, run_after=None
[2026-09-06T09:05:22.416+0000] {processor.py:208} INFO - Processing /home/airflow/.local/lib/python3.12/site-packages/airflow/example_dags/example_python_operator.py took 0.063 seconds
[2026-09-06T09:05:53.464+0000] {processor.py:186} INFO - Started process (PID=1543) to work on /home/airflow/.local/lib/python3.12/site-packages/airflow/example_dags/example_python_operator.py
[2026-09-06T09:05:53.465+0000] {processor.py:914} INFO - Processing file /home/airflow/.local/lib/python3.12/site-packages/airflow/example_dags/example_python_operator.py for tasks to queue
[2026-09-06T09:05:53.467+0000] {logging_mixin.py:190} INFO - [2026-09-06T09:05:53.466+0000] {dagbag.py:588} INFO - Filling up the DagBag from /home/airflow/.local/lib/python3.12/site-packages/airflow/example_dags/example_python_operator.py
[2026-09-06T09:05:53.477+0000] {processor.py:925} INFO - DAG(s) 'example_python_operator' retrieved from /home/airflow/.local/lib/python3.12/site-packages/airflow/example_dags/example_python_operator.py
[2026-09-06T09:05:53.494+0000] {logging_mixin.py:190} INFO - [2026-09-06T09:05:53.493+0000] {dag.py:3239} INFO - Sync 1 DAGs
[2026-09-06T09:05:53.504+0000] {logging_mixin.py:190} INFO - [2026-09-06T09:05:53.504+0000] {dag.py:4180} INFO - Setting next_dagrun for example_python_operator to None, run_after=None
[2026-09-06T09:05:53.519+0000] {processor.py:208} INFO - Processing /home/airflow/.local/lib/python3.12/site-packages/airflow/example_dags/example_python_operator.py took 0.060 seconds
[2026-09-06T09:06:24.177+0000] {processor.py:186} INFO - Started process (PID=1607) to work on /home/airflow/.local/lib/python3.12/site-packages/airflow/example_dags/example_python_operator.py
[2026-09-06T09:06:24.178+0000] {processor.py:914} INFO - Processing file /home/airflow/.local/lib/python3.12/site-packages/airflow/example_dags/example_python_operator.py for tasks to queue
[2026-09-06T09:06:24.180+0000] {logging_mixin.py:190} INFO - [2026-09-06T09:06:24.180+0000] {dagbag.py:588} INFO - Filling up the DagBag from /home/airflow/.local/lib/python3.12/site-packages/airflow/example_dags/example_python_operator.py
[2026-09-06T09:06:24.193+0000] {processor.py:925} INFO - DAG(s) 'example_python_operator' retrieved from /home/airflow/.local/lib/python3.12/site-packages/airflow/example_dags/example_python_operator.py
[2026-09-06T09:06:24.213+0000] {logging_mixin.py:190} INFO - [2026-09-06T09:06:24.213+0000] {dag.py:3239} INFO - Sync 1 DAGs
[2026-09-06T09:06:24.225+0000] {logging_mixin.py:190} INFO - [2026-09-06T09:06:24.225+0000] {dag.py:4180} INFO - Setting next_dagrun for example_python_operator to None, run_after=None
[2026-09-06T09:06:24.241+0000] {processor.py:208} INFO - Processing /home/airflow/.local/lib/python3.12/site-packages/airflow/example_dags/example_python_operator.py took 0.069 seconds
[2026-09-06T09:06:55.127+0000] {processor.py:186} INFO - Started process (PID=1671) to work on /home/airflow/.local/lib/python3.12/site-packages/airflow/example_dags/example_python_operator.py
[2026-09-06T09:06:55.128+0000] {processor.py:914} INFO - Processing file /home/airflow/.local/lib/python3.12/site-packages/airflow/example_dags/example_python_operator.py for tasks to queue
[2026-09-06T09:06:55.131+0000] {logging_mixin.py:190} INFO - [2026-09-06T09:06:55.131+0000] {dagbag.py:588} INFO - Filling up the DagBag from /home/airflow/.local/lib/python3.12/site-packages/airflow/example_dags/example_python_operator.py
[2026-09-06T09:06:55.143+0000] {processor.py:925} INFO - DAG(s) 'example_python_operator' retrieved from /home/airflow/.local/lib/python3.12/site-packages/airflow/example_dags/example_python_operator.py
[2026-09-06T09:06:55.160+0000] {logging_mixin.py:190} INFO - [2026-09-06T09:06:55.160+0000] {dag.py:3239} INFO - Sync 1 DAGs
[2026-09-06T09:06:55.171+0000] {logging_mixin.py:190} INFO - [2026-09-06T09:06:55.171+0000] {dag.py:4180} INFO - Setting next_dagrun for example_python_operator to None, run_after=None
[2026-09-06T09:06:55.185+0000] {processor.py:208} INFO - Processing /home/airflow/.local/lib/python3.12/site-packages/airflow/example_dags/example_python_operator.py took 0.063 seconds
[2026-09-06T09:07:26.086+0000] {processor.py:186} INFO - Started process (PID=1735) to work on /home/airflow/.local/lib/python3.12/site-packages/airflow/example_dags/example_python_operator.py
[2026-09-06T09:07:26.088+0000] {processor.py:914} INFO - Processing file /home/airflow/.local/lib/python3.12/site-packages/airflow/example_dags/example_python_operator.py for tasks to queue
[2026-09-06T09:07:26.090+0000] {logging_mixin.py:190} INFO - [2026-09-06T09:07:26.089+0000] {dagbag.py:588} INFO - Filling up the DagBag from /home/airflow/.local/lib/python3.12/site-packages/airflow/example_dags/example_python_operator.py
[2026-09-06T09:07:26.101+0000] {processor.py:925} INFO - DAG(s) 'example_python_operator' retrieved from /home/airflow/.local/lib/python3.12/site-packages/airflow/example_dags/example_python_operator.py
[2026-09-06T09:07:26.119+0000] {logging_mixin.py:190} INFO - [2026-09-06T09:07:26.119+0000] {dag.py:3239} INFO - Sync 1 DAGs
[2026-09-06T09:07:26.132+0000] {logging_mixin.py:190} INFO - [2026-09-06T09:07:26.132+0000] {dag.py:4180} INFO - Setting next_dagrun for example_python_operator to None, run_after=None
[2026-09-06T09:07:26.152+0000] {processor.py:208} INFO - Processing /home/airflow/.local/lib/python3.12/site-packages/airflow/example_dags/example_python_operator.py took 0.070 seconds
[2026-09-06T09:07:56.924+0000] {processor.py:186} INFO - Started process (PID=1799) to work on /home/airflow/.local/lib/python3.12/site-packages/airflow/example_dags/example_python_operator.py
[2026-09-06T09:07:56.925+0000] {processor.py:914} INFO - Processing file /home/airflow/.local/lib/python3.12/site-packages/airflow/example_dags/example_python_operator.py for tasks to queue
[2026-09-06T09:07:56.927+0000] {logging_mixin.py:190} INFO - [2026-09-06T09:07:56.926+0000] {dagbag.py:588} INFO - Filling up the DagBag from /home/airflow/.local/lib/python3.12/site-packages/airflow/example_dags/example_python_operator.py
[2026-09-06T09:07:56.935+0000] {processor.py:925} INFO - DAG(s) 'example_python_operator' retrieved from /home/airflow/.local/lib/python3.12/site-packages/airflow/example_dags/example_python_operator.py
[2026-09-06T09:07:56.952+0000] {logging_mixin.py:190} INFO - [2026-09-06T09:07:56.952+0000] {dag.py:3239} INFO - Sync 1 DAGs
[2026-09-06T09:07:56.965+0000] {logging_mixin.py:190} INFO - [2026-09-06T09:07:56.965+0000] {dag.py:4180} INFO - Setting next_dagrun for example_python_operator to None, run_after=None
[2026-09-06T09:07:56.979+0000] {processor.py:208} INFO - Processing /home/airflow/.local/lib/python3.12/site-packages/airflow/example_dags/example_python_operator.py took 0.060 seconds
[2026-09-06T09:08:27.689+0000] {processor.py:186} INFO - Started process (PID=1863) to work on /home/airflow/.local/lib/python3.12/site-packages/airflow/example_dags/example_python_operator.py
[2026-09-06T09:08:27.690+0000] {processor.py:914} INFO - Processing file /home/airflow/.local/lib/python3.12/site-packages/airflow/example_dags/example_python_operator.py for tasks to queue
[2026-09-06T09:08:27.692+0000] {logging_mixin.py:190} INFO - [2026-09-06T09:08:27.692+0000] {dagbag.py:588} INFO - Filling up the DagBag from /home/airflow/.local/lib/python3.12/site-packages/airflow/example_dags/example_python_operator.py
[2026-09-06T09:08:27.702+0000] {processor.py:925} INFO - DAG(s) 'example_python_operator' retrieved from /home/airflow/.local/lib/python3.12/site-packages/airflow/example_dags/example_python_operator.py
[2026-09-06T09:08:27.718+0000] {logging_mixin.py:190} INFO - [2026-09-06T09:08:27.718+0000] {dag.py:3239} INFO - Sync 1 DAGs
[2026-09-06T09:08:27.729+0000] {logging_mixin.py:190} INFO - [2026-09-06T09:08:27.729+0000] {dag.py:4180} INFO - Setting next_dagrun for example_python_operator to None, run_after=None
[2026-09-06T09:08:27.744+0000] {processor.py:208} INFO - Processing /home/airflow/.local/lib/python3.12/site-packages/airflow/example_dags/example_python_operator.py took 0.059 seconds
[2026-09-06T09:08:58.347+0000] {processor.py:186} INFO - Started process (PID=1927) to work on /home/airflow/.local/lib/python3.12/site-packages/airflow/example_dags/example_python_operator.py
[2026-09-06T09:08:58.348+0000] {processor.py:914} INFO - Processing file /home/airflow/.local/lib/python3.12/site-packages/airflow/example_dags/example_python_operator.py for tasks to queue
[2026-09-06T09:08:58.350+0000] {logging_mixin.py:190} INFO - [2026-09-06T09:08:58.350+0000] {dagbag.py:588} INFO - Filling up the DagBag from /home/airflow/.local/lib/python3.12/site-packages/airflow/example_dags/example_python_operator.py
[2026-09-06T09:08:58.360+0000] {processor.py:925} INFO - DAG(s) 'example_python_operator' retrieved from /home/airflow/.local/lib/python3.12/site-packages/airflow/example_dags/example_python_operator.py
[2026-09-06T09:08:58.379+0000] {logging_mixin.py:190} INFO - [2026-09-06T09:08:58.379+0000] {dag.py:3239} INFO - Sync 1 DAGs
[2026-09-06T09:08:58.390+0000] {logging_mixin.py:190} INFO - [2026-09-06T09:08:58.390+0000] {dag.py:4180} INFO - Setting next_dagrun for example_python_operator to None, run_after=None
[2026-09-06T09:08:58.406+0000] {processor.py:208} INFO - Processing /home/airflow/.local/lib/python3.12/site-packages/airflow/example_dags/example_python_operator.py took 0.063 seconds
[2026-09-06T09:09:29.058+0000] {processor.py:186} INFO - Started process (PID=1997) to work on /home/airflow/.local/lib/python3.12/site-packages/airflow/example_dags/example_python_operator.py
[2026-09-06T09:09:29.059+0000] {processor.py:914} INFO - Processing file /home/airflow/.local/lib/python3.12/site-packages/airflow/example_dags/example_python_operator.py for tasks to queue
[2026-09-06T09:09:29.061+0000] {logging_mixin.py:190} INFO - [2026-09-06T09:09:29.061+0000] {dagbag.py:588} INFO - Filling up the DagBag from /home/airflow/.local/lib/python3.12/site-packages/airflow/example_dags/example_python_operator.py
[2026-09-06T09:09:29.072+0000] {processor.py:925} INFO - DAG(s) 'example_python_operator' retrieved from /home/airflow/.local/lib/python3.12/site-packages/airflow/example_dags/example_python_operator.py
[2026-09-06T09:09:29.089+0000] {logging_mixin.py:190} INFO - [2026-09-06T09:09:29.089+0000] {dag.py:3239} INFO - Sync 1 DAGs
[2026-09-06T09:09:29.100+0000] {logging_mixin.py:190} INFO - [2026-09-06T09:09:29.100+0000] {dag.py:4180} INFO - Setting next_dagrun for example_python_operator to None, run_after=None
[2026-09-06T09:09:29.115+0000] {processor.py:208} INFO - Processing /home/airflow/.local/lib/python3.12/site-packages/airflow/example_dags/example_python_operator.py took 0.062 seconds
[2026-09-06T09:10:00.330+0000] {processor.py:186} INFO - Started process (PID=2061) to work on /home/airflow/.local/lib/python3.12/site-packages/airflow/example_dags/example_python_operator.py
[2026-09-06T09:10:00.331+0000] {processor.py:914} INFO - Processing file /home/airflow/.local/lib/python3.12/site-packages/airflow/example_dags/example_python_operator.py for tasks to queue
[2026-09-06T09:10:00.333+0000] {logging_mixin.py:190} INFO - [2026-09-06T09:10:00.333+0000] {dagbag.py:588} INFO - Filling up the DagBag from /home/airflow/.local/lib/python3.12/site-packages/airflow/example_dags/example_python_operator.py
[2026-09-06T09:10:00.343+0000] {processor.py:925} INFO - DAG(s) 'example_python_operator' retrieved from /home/airflow/.local/lib/python3.12/site-packages/airflow/example_dags/example_python_operator.py
[2026-09-06T09:10:00.359+0000] {logging_mixin.py:190} INFO - [2026-09-06T09:10:00.359+0000] {dag.py:3239} INFO - Sync 1 DAGs
[2026-09-06T09:10:00.370+0000] {logging_mixin.py:190} INFO - [2026-09-06T09:10:00.370+0000] {dag.py:4180} INFO - Setting next_dagrun for example_python_operator to None, run_after=None
[2026-09-06T09:10:00.388+0000] {processor.py:208} INFO - Processing /home/airflow/.local/lib/python3.12/site-packages/airflow/example_dags/example_python_operator.py took 0.062 seconds
[2026-09-06T09:10:31.894+0000] {processor.py:186} INFO - Started process (PID=2125) to work on /home/airflow/.local/lib/python3.12/site-packages/airflow/example_dags/example_python_operator.py
[2026-09-06T09:10:31.895+0000] {processor.py:914} INFO - Processing file /home/airflow/.local/lib/python3.12/site-packages/airflow/example_dags/example_python_operator.py for tasks to queue
[2026-09-06T09:10:31.897+0000] {logging_mixin.py:190} INFO - [2026-09-06T09:10:31.897+0000] {dagbag.py:588} INFO - Filling up the DagBag from /home/airflow/.local/lib/python3.12/site-packages/airflow/example_dags/example_python_operator.py
[2026-09-06T09:10:31.907+0000] {processor.py:925} INFO - DAG(s) 'example_python_operator' retrieved from /home/airflow/.local/lib/python3.12/site-packages/airflow/example_dags/example_python_operator.py
[2026-09-06T09:10:31.924+0000] {logging_mixin.py:190} INFO - [2026-09-06T09:10:31.923+0000] {dag.py:3239} INFO - Sync 1 DAGs
[2026-09-06T09:10:31.935+0000] {logging_mixin.py:190} INFO - [2026-09-06T09:10:31.935+0000] {dag.py:4180} INFO - Setting next_dagrun for example_python_operator to None, run_after=None
[2026-09-06T09:10:31.950+0000] {processor.py:208} INFO - Processing /home/airflow/.local/lib/python3.12/site-packages/airflow/example_dags/example_python_operator.py took 0.061 seconds
[2026-09-06T09:11:03.182+0000] {processor.py:186} INFO - Started process (PID=2189) to work on /home/airflow/.local/lib/python3.12/site-packages/airflow/example_dags/example_python_operator.py
[2026-09-06T09:11:03.183+0000] {processor.py:914} INFO - Processing file /home/airflow/.local/lib/python3.12/site-packages/airflow/example_dags/example_python_operator.py for tasks to queue
[2026-09-06T09:11:03.185+0000] {logging_mixin.py:190} INFO - [2026-09-06T09:11:03.185+0000] {dagbag.py:588} INFO - Filling up the DagBag from /home/airflow/.local/lib/python3.12/site-packages/airflow/example_dags/example_python_operator.py
[2026-09-06T09:11:03.195+0000] {processor.py:925} INFO - DAG(s) 'example_python_operator' retrieved from /home/airflow/.local/lib/python3.12/site-packages/airflow/example_dags/example_python_operator.py
[2026-09-06T09:11:03.214+0000] {logging_mixin.py:190} INFO - [2026-09-06T09:11:03.214+0000] {dag.py:3239} INFO - Sync 1 DAGs
[2026-09-06T09:11:03.225+0000] {logging_mixin.py:190} INFO - [2026-09-06T09:11:03.225+0000] {dag.py:4180} INFO - Setting next_dagrun for example_python_operator to None, run_after=None
[2026-09-06T09:11:03.239+0000] {processor.py:208} INFO - Processing /home/airflow/.local/lib/python3.12/site-packages/airflow/example_dags/example_python_operator.py took 0.062 seconds
[2026-09-06T09:11:34.427+0000] {processor.py:186} INFO - Started process (PID=2253) to work on /home/airflow/.local/lib/python3.12/site-packages/airflow/example_dags/example_python_operator.py
[2026-09-06T09:11:34.428+0000] {processor.py:914} INFO - Processing file /home/airflow/.local/lib/python3.12/site-packages/airflow/example_dags/example_python_operator.py for tasks to queue
[2026-09-06T09:11:34.430+0000] {logging_mixin.py:190} INFO - [2026-09-06T09:11:34.430+0000] {dagbag.py:588} INFO - Filling up the DagBag from /home/airflow/.local/lib/python3.12/site-packages/airflow/example_dags/example_python_operator.py
[2026-09-06T09:11:34.439+0000] {processor.py:925} INFO - DAG(s) 'example_python_operator' retrieved from /home/airflow/.local/lib/python3.12/site-packages/airflow/example_dags/example_python_operator.py
[2026-09-06T09:11:34.455+0000] {logging_mixin.py:190} INFO - [2026-09-06T09:11:34.455+0000] {dag.py:3239} INFO - Sync 1 DAGs
[2026-09-06T09:11:34.466+0000] {logging_mixin.py:190} INFO - [2026-09-06T09:11:34.465+0000] {dag.py:4180} INFO - Setting next_dagrun for example_python_operator to None, run_after=None
[2026-09-06T09:11:34.478+0000] {processor.py:208} INFO - Processing /home/airflow/.local/lib/python3.12/site-packages/airflow/example_dags/example_python_operator.py took 0.055 seconds
[2026-09-06T09:12:05.600+0000] {processor.py:186} INFO - Started process (PID=2317) to work on /home/airflow/.local/lib/python3.12/site-packages/airflow/example_dags/example_python_operator.py
[2026-09-06T09:12:05.601+0000] {processor.py:914} INFO - Processing file /home/airflow/.local/lib/python3.12/site-packages/airflow/example_dags/example_python_operator.py for tasks to queue
[2026-09-06T09:12:05.604+0000] {logging_mixin.py:190} INFO - [2026-09-06T09:12:05.603+0000] {dagbag.py:588} INFO - Filling up the DagBag from /home/airflow/.local/lib/python3.12/site-packages/airflow/example_dags/example_python_operator.py
[2026-09-06T09:12:05.614+0000] {processor.py:925} INFO - DAG(s) 'example_python_operator' retrieved from /home/airflow/.local/lib/python3.12/site-packages/airflow/example_dags/example_python_operator.py
[2026-09-06T09:12:05.632+0000] {logging_mixin.py:190} INFO - [2026-09-06T09:12:05.632+0000] {dag.py:3239} INFO - Sync 1 DAGs
[2026-09-06T09:12:05.643+0000] {logging_mixin.py:190} INFO - [2026-09-06T09:12:05.643+0000] {dag.py:4180} INFO - Setting next_dagrun for example_python_operator to None, run_after=None
[2026-09-06T09:12:05.659+0000] {processor.py:208} INFO - Processing /home/airflow/.local/lib/python3.12/site-packages/airflow/example_dags/example_python_operator.py took 0.063 seconds
[2026-09-06T09:12:37.051+0000] {processor.py:186} INFO - Started process (PID=2381) to work on /home/airflow/.local/lib/python3.12/site-packages/airflow/example_dags/example_python_operator.py
[2026-09-06T09:12:37.052+0000] {processor.py:914} INFO - Processing file /home/airflow/.local/lib/python3.12/site-packages/airflow/example_dags/example_python_operator.py for tasks to queue
[2026-09-06T09:12:37.054+0000] {logging_mixin.py:190} INFO - [2026-09-06T09:12:37.054+0000] {dagbag.py:588} INFO - Filling up the DagBag from /home/airflow/.local/lib/python3.12/site-packages/airflow/example_dags/example_python_operator.py
[2026-09-06T09:12:37.063+0000] {processor.py:925} INFO - DAG(s) 'example_python_operator' retrieved from /home/airflow/.local/lib/python3.12/site-packages/airflow/example_dags/example_python_operator.py
[2026-09-06T09:12:37.078+0000] {logging_mixin.py:190} INFO - [2026-09-06T09:12:37.078+0000] {dag.py:3239} INFO - Sync 1 DAGs
[2026-09-06T09:12:37.088+0000] {logging_mixin.py:190} INFO - [2026-09-06T09:12:37.088+0000] {dag.py:4180} INFO - Setting next_dagrun for example_python_operator to None, run_after=None
[2026-09-06T09:12:37.102+0000] {processor.py:208} INFO - Processing /home/airflow/.local/lib/python3.12/site-packages/airflow/example_dags/example_python_operator.py took 0.055 seconds
[2026-09-06T09:13:08.373+0000] {processor.py:186} INFO - Started process (PID=2445) to work on /home/airflow/.local/lib/python3.12/site-packages/airflow/example_dags/example_python_operator.py
[2026-09-06T09:13:08.374+0000] {processor.py:914} INFO - Processing file /home/airflow/.local/lib/python3.12/site-packages/airflow/example_dags/example_python_operator.py for tasks to queue
[2026-09-06T09:13:08.376+0000] {logging_mixin.py:190} INFO - [2026-09-06T09:13:08.376+0000] {dagbag.py:588} INFO - Filling up the DagBag from /home/airflow/.local/lib/python3.12/site-packages/airflow/example_dags/example_python_operator.py
[2026-09-06T09:13:08.386+0000] {processor.py:925} INFO - DAG(s) 'example_python_operator' retrieved from /home/airflow/.local/lib/python3.12/site-packages/airflow/example_dags/example_python_operator.py
[2026-09-06T09:13:08.403+0000] {logging_mixin.py:190} INFO - [2026-09-06T09:13:08.403+0000] {dag.py:3239} INFO - Sync 1 DAGs
[2026-09-06T09:13:08.414+0000] {logging_mixin.py:190} INFO - [2026-09-06T09:13:08.414+0000] {dag.py:4180} INFO - Setting next_dagrun for example_python_operator to None, run_after=None
[2026-09-06T09:13:08.429+0000] {processor.py:208} INFO - Processing /home/airflow/.local/lib/python3.12/site-packages/airflow/example_dags/example_python_operator.py took 0.061 seconds
[2026-09-06T09:13:39.539+0000] {processor.py:186} INFO - Started process (PID=2509) to work on /home/airflow/.local/lib/python3.12/site-packages/airflow/example_dags/example_python_operator.py
[2026-09-06T09:13:39.540+0000] {processor.py:914} INFO - Processing file /home/airflow/.local/lib/python3.12/site-packages/airflow/example_dags/example_python_operator.py for tasks to queue
[2026-09-06T09:13:39.542+0000] {logging_mixin.py:190} INFO - [2026-09-06T09:13:39.542+0000] {dagbag.py:588} INFO - Filling up the DagBag from /home/airflow/.local/lib/python3.12/site-packages/airflow/example_dags/example_python_operator.py
[2026-09-06T09:13:39.552+0000] {processor.py:925} INFO - DAG(s) 'example_python_operator' retrieved from /home/airflow/.local/lib/python3.12/site-packages/airflow/example_dags/example_python_operator.py
[2026-09-06T09:13:39.568+0000] {logging_mixin.py:190} INFO - [2026-09-06T09:13:39.568+0000] {dag.py:3239} INFO - Sync 1 DAGs
[2026-09-06T09:13:39.577+0000] {logging_mixin.py:190} INFO - [2026-09-06T09:13:39.577+0000] {dag.py:4180} INFO - Setting next_dagrun for example_python_operator to None, run_after=None
[2026-09-06T09:13:39.592+0000] {processor.py:208} INFO - Processing /home/airflow/.local/lib/python3.12/site-packages/airflow/example_dags/example_python_operator.py took 0.058 seconds
[2026-09-06T09:14:10.930+0000] {processor.py:186} INFO - Started process (PID=2573) to work on /home/airflow/.local/lib/python3.12/site-packages/airflow/example_dags/example_python_operator.py
[2026-09-06T09:14:10.931+0000] {processor.py:914} INFO - Processing file /home/airflow/.local/lib/python3.12/site-packages/airflow/example_dags/example_python_operator.py for tasks to queue
[2026-09-06T09:14:10.933+0000] {logging_mixin.py:190} INFO - [2026-09-06T09:14:10.933+0000] {dagbag.py:588} INFO - Filling up the DagBag from /home/airflow/.local/lib/python3.12/site-packages/airflow/example_dags/example_python_operator.py
[2026-09-06T09:14:10.943+0000] {processor.py:925} INFO - DAG(s) 'example_python_operator' retrieved from /home/airflow/.local/lib/python3.12/site-packages/airflow/example_dags/example_python_operator.py
[2026-09-06T09:14:10.960+0000] {logging_mixin.py:190} INFO - [2026-09-06T09:14:10.960+0000] {dag.py:3239} INFO - Sync 1 DAGs
[2026-09-06T09:14:10.971+0000] {logging_mixin.py:190} INFO - [2026-09-06T09:14:10.971+0000] {dag.py:4180} INFO - Setting next_dagrun for example_python_operator to None, run_after=None
[2026-09-06T09:14:10.986+0000] {processor.py:208} INFO - Processing /home/airflow/.local/lib/python3.12/site-packages/airflow/example_dags/example_python_operator.py took 0.060 seconds
[2026-09-06T09:14:42.098+0000] {processor.py:186} INFO - Started process (PID=2637) to work on /home/airflow/.local/lib/python3.12/site-packages/airflow/example_dags/example_python_operator.py
[2026-09-06T09:14:42.099+0000] {processor.py:914} INFO - Processing file /home/airflow/.local/lib/python3.12/site-packages/airflow/example_dags/example_python_operator.py for tasks to queue
[2026-09-06T09:14:42.101+0000] {logging_mixin.py:190} INFO - [2026-09-06T09:14:42.101+0000] {dagbag.py:588} INFO - Filling up the DagBag from /home/airflow/.local/lib/python3.12/site-packages/airflow/example_dags/example_python_operator.py
[2026-09-06T09:14:42.112+0000] {processor.py:925} INFO - DAG(s) 'example_python_operator' retrieved from /home/airflow/.local/lib/python3.12/site-packages/airflow/example_dags/example_python_operator.py
[2026-09-06T09:14:42.130+0000] {logging_mixin.py:190} INFO - [2026-09-06T09:14:42.130+0000] {dag.py:3239} INFO - Sync 1 DAGs
[2026-09-06T09:14:42.141+0000] {logging_mixin.py:190} INFO - [2026-09-06T09:14:42.141+0000] {dag.py:4180} INFO - Setting next_dagrun for example_python_operator to None, run_after=None
[2026-09-06T09:14:42.155+0000] {processor.py:208} INFO - Processing /home/airflow/.local/lib/python3.12/site-packages/airflow/example_dags/example_python_operator.py took 0.061 seconds
[2026-09-06T09:15:13.246+0000] {processor.py:186} INFO - Started process (PID=2701) to work on /home/airflow/.local/lib/python3.12/site-packages/airflow/example_dags/example_python_operator.py
[2026-09-06T09:15:13.247+0000] {processor.py:914} INFO - Processing file /home/airflow/.local/lib/python3.12/site-packages/airflow/example_dags/example_python_operator.py for tasks to queue
[2026-09-06T09:15:13.250+0000] {logging_mixin.py:190} INFO - [2026-09-06T09:15:13.249+0000] {dagbag.py:588} INFO - Filling up the DagBag from /home/airflow/.local/lib/python3.12/site-packages/airflow/example_dags/example_python_operator.py
[2026-09-06T09:15:13.260+0000] {processor.py:925} INFO - DAG(s) 'example_python_operator' retrieved from /home/airflow/.local/lib/python3.12/site-packages/airflow/example_dags/example_python_operator.py
[2026-09-06T09:15:13.278+0000] {logging_mixin.py:190} INFO - [2026-09-06T09:15:13.278+0000] {dag.py:3239} INFO - Sync 1 DAGs
[2026-09-06T09:15:13.289+0000] {logging_mixin.py:190} INFO - [2026-09-06T09:15:13.289+0000] {dag.py:4180} INFO - Setting next_dagrun for example_python_operator to None, run_after=None
[2026-09-06T09:15:13.302+0000] {processor.py:208} INFO - Processing /home/airflow/.local/lib/python3.12/site-packages/airflow/example_dags/example_python_operator.py took 0.060 seconds
[2026-09-06T09:15:44.124+0000] {processor.py:186} INFO - Started process (PID=2767) to work on /home/airflow/.local/lib/python3.12/site-packages/airflow/example_dags/example_python_operator.py
[2026-09-06T09:15:44.125+0000] {processor.py:914} INFO - Processing file /home/airflow/.local/lib/python3.12/site-packages/airflow/example_dags/example_python_operator.py for tasks to queue
[2026-09-06T09:15:44.128+0000] {logging_mixin.py:190} INFO - [2026-09-06T09:15:44.127+0000] {dagbag.py:588} INFO - Filling up the DagBag from /home/airflow/.local/lib/python3.12/site-packages/airflow/example_dags/example_python_operator.py
[2026-09-06T09:15:44.137+0000] {processor.py:925} INFO - DAG(s) 'example_python_operator' retrieved from /home/airflow/.local/lib/python3.12/site-packages/airflow/example_dags/example_python_operator.py
[2026-09-06T09:15:44.158+0000] {logging_mixin.py:190} INFO - [2026-09-06T09:15:44.158+0000] {dag.py:3239} INFO - Sync 1 DAGs
[2026-09-06T09:15:44.174+0000] {logging_mixin.py:190} INFO - [2026-09-06T09:15:44.173+0000] {dag.py:4180} INFO - Setting next_dagrun for example_python_operator to None, run_after=None
[2026-09-06T09:15:44.200+0000] {processor.py:208} INFO - Processing /home/airflow/.local/lib/python3.12/site-packages/airflow/example_dags/example_python_operator.py took 0.081 seconds
[2026-09-06T09:16:14.884+0000] {processor.py:186} INFO - Started process (PID=2831) to work on /home/airflow/.local/lib/python3.12/site-packages/airflow/example_dags/example_python_operator.py
[2026-09-06T09:16:14.885+0000] {processor.py:914} INFO - Processing file /home/airflow/.local/lib/python3.12/site-packages/airflow/example_dags/example_python_operator.py for tasks to queue
[2026-09-06T09:16:14.887+0000] {logging_mixin.py:190} INFO - [2026-09-06T09:16:14.887+0000] {dagbag.py:588} INFO - Filling up the DagBag from /home/airflow/.local/lib/python3.12/site-packages/airflow/example_dags/example_python_operator.py
[2026-09-06T09:16:14.897+0000] {processor.py:925} INFO - DAG(s) 'example_python_operator' retrieved from /home/airflow/.local/lib/python3.12/site-packages/airflow/example_dags/example_python_operator.py
[2026-09-06T09:16:14.913+0000] {logging_mixin.py:190} INFO - [2026-09-06T09:16:14.913+0000] {dag.py:3239} INFO - Sync 1 DAGs
[2026-09-06T09:16:14.923+0000] {logging_mixin.py:190} INFO - [2026-09-06T09:16:14.923+0000] {dag.py:4180} INFO - Setting next_dagrun for example_python_operator to None, run_after=None
[2026-09-06T09:16:14.938+0000] {processor.py:208} INFO - Processing /home/airflow/.local/lib/python3.12/site-packages/airflow/example_dags/example_python_operator.py took 0.059 seconds
[2026-09-06T09:16:45.664+0000] {processor.py:186} INFO - Started process (PID=2895) to work on /home/airflow/.local/lib/python3.12/site-packages/airflow/example_dags/example_python_operator.py
[2026-09-06T09:16:45.665+0000] {processor.py:914} INFO - Processing file /home/airflow/.local/lib/python3.12/site-packages/airflow/example_dags/example_python_operator.py for tasks to queue
[2026-09-06T09:16:45.668+0000] {logging_mixin.py:190} INFO - [2026-09-06T09:16:45.667+0000] {dagbag.py:588} INFO - Filling up the DagBag from /home/airflow/.local/lib/python3.12/site-packages/airflow/example_dags/example_python_operator.py
[2026-09-06T09:16:45.681+0000] {processor.py:925} INFO - DAG(s) 'example_python_operator' retrieved from /home/airflow/.local/lib/python3.12/site-packages/airflow/example_dags/example_python_operator.py
[2026-09-06T09:16:45.705+0000] {logging_mixin.py:190} INFO - [2026-09-06T09:16:45.704+0000] {dag.py:3239} INFO - Sync 1 DAGs
[2026-09-06T09:16:45.720+0000] {logging_mixin.py:190} INFO - [2026-09-06T09:16:45.720+0000] {dag.py:4180} INFO - Setting next_dagrun for example_python_operator to None, run_after=None
[2026-09-06T09:16:45.738+0000] {processor.py:208} INFO - Processing /home/airflow/.local/lib/python3.12/site-packages/airflow/example_dags/example_python_operator.py took 0.080 seconds
[2026-09-06T09:17:16.440+0000] {processor.py:186} INFO - Started process (PID=2959) to work on /home/airflow/.local/lib/python3.12/site-packages/airflow/example_dags/example_python_operator.py
[2026-09-06T09:17:16.441+0000] {processor.py:914} INFO - Processing file /home/airflow/.local/lib/python3.12/site-packages/airflow/example_dags/example_python_operator.py for tasks to queue
[2026-09-06T09:17:16.443+0000] {logging_mixin.py:190} INFO - [2026-09-06T09:17:16.443+0000] {dagbag.py:588} INFO - Filling up the DagBag from /home/airflow/.local/lib/python3.12/site-packages/airflow/example_dags/example_python_operator.py
[2026-09-06T09:17:16.453+0000] {processor.py:925} INFO - DAG(s) 'example_python_operator' retrieved from /home/airflow/.local/lib/python3.12/site-packages/airflow/example_dags/example_python_operator.py
[2026-09-06T09:17:16.471+0000] {logging_mixin.py:190} INFO - [2026-09-06T09:17:16.471+0000] {dag.py:3239} INFO - Sync 1 DAGs
[2026-09-06T09:17:16.481+0000] {logging_mixin.py:190} INFO - [2026-09-06T09:17:16.481+0000] {dag.py:4180} INFO - Setting next_dagrun for example_python_operator to None, run_after=None
[2026-09-06T09:17:16.496+0000] {processor.py:208} INFO - Processing /home/airflow/.local/lib/python3.12/site-packages/airflow/example_dags/example_python_operator.py took 0.060 seconds
[2026-09-06T09:17:47.083+0000] {processor.py:186} INFO - Started process (PID=3023) to work on /home/airflow/.local/lib/python3.12/site-packages/airflow/example_dags/example_python_operator.py
[2026-09-06T09:17:47.084+0000] {processor.py:914} INFO - Processing file /home/airflow/.local/lib/python3.12/site-packages/airflow/example_dags/example_python_operator.py for tasks to queue
[2026-09-06T09:17:47.086+0000] {logging_mixin.py:190} INFO - [2026-09-06T09:17:47.086+0000] {dagbag.py:588} INFO - Filling up the DagBag from /home/airflow/.local/lib/python3.12/site-packages/airflow/example_dags/example_python_operator.py
[2026-09-06T09:17:47.096+0000] {processor.py:925} INFO - DAG(s) 'example_python_operator' retrieved from /home/airflow/.local/lib/python3.12/site-packages/airflow/example_dags/example_python_operator.py
[2026-09-06T09:17:47.113+0000] {logging_mixin.py:190} INFO - [2026-09-06T09:17:47.113+0000] {dag.py:3239} INFO - Sync 1 DAGs
[2026-09-06T09:17:47.125+0000] {logging_mixin.py:190} INFO - [2026-09-06T09:17:47.124+0000] {dag.py:4180} INFO - Setting next_dagrun for example_python_operator to None, run_after=None
[2026-09-06T09:17:47.140+0000] {processor.py:208} INFO - Processing /home/airflow/.local/lib/python3.12/site-packages/airflow/example_dags/example_python_operator.py took 0.062 seconds
[2026-09-06T09:18:18.348+0000] {processor.py:186} INFO - Started process (PID=3087) to work on /home/airflow/.local/lib/python3.12/site-packages/airflow/example_dags/example_python_operator.py
[2026-09-06T09:18:18.349+0000] {processor.py:914} INFO - Processing file /home/airflow/.local/lib/python3.12/site-packages/airflow/example_dags/example_python_operator.py for tasks to queue
[2026-09-06T09:18:18.352+0000] {logging_mixin.py:190} INFO - [2026-09-06T09:18:18.352+0000] {dagbag.py:588} INFO - Filling up the DagBag from /home/airflow/.local/lib/python3.12/site-packages/airflow/example_dags/example_python_operator.py
[2026-09-06T09:18:18.370+0000] {processor.py:925} INFO - DAG(s) 'example_python_operator' retrieved from /home/airflow/.local/lib/python3.12/site-packages/airflow/example_dags/example_python_operator.py
[2026-09-06T09:18:18.397+0000] {logging_mixin.py:190} INFO - [2026-09-06T09:18:18.397+0000] {dag.py:3239} INFO - Sync 1 DAGs
[2026-09-06T09:18:18.414+0000] {logging_mixin.py:190} INFO - [2026-09-06T09:18:18.414+0000] {dag.py:4180} INFO - Setting next_dagrun for example_python_operator to None, run_after=None
[2026-09-06T09:18:18.640+0000] {processor.py:208} INFO - Processing /home/airflow/.local/lib/python3.12/site-packages/airflow/example_dags/example_python_operator.py took 0.299 seconds
[2026-09-06T09:18:49.705+0000] {processor.py:186} INFO - Started process (PID=3151) to work on /home/airflow/.local/lib/python3.12/site-packages/airflow/example_dags/example_python_operator.py
[2026-09-06T09:18:49.706+0000] {processor.py:914} INFO - Processing file /home/airflow/.local/lib/python3.12/site-packages/airflow/example_dags/example_python_operator.py for tasks to queue
[2026-09-06T09:18:49.708+0000] {logging_mixin.py:190} INFO - [2026-09-06T09:18:49.708+0000] {dagbag.py:588} INFO - Filling up the DagBag from /home/airflow/.local/lib/python3.12/site-packages/airflow/example_dags/example_python_operator.py
[2026-09-06T09:18:49.718+0000] {processor.py:925} INFO - DAG(s) 'example_python_operator' retrieved from /home/airflow/.local/lib/python3.12/site-packages/airflow/example_dags/example_python_operator.py
[2026-09-06T09:18:49.736+0000] {logging_mixin.py:190} INFO - [2026-09-06T09:18:49.736+0000] {dag.py:3239} INFO - Sync 1 DAGs
[2026-09-06T09:18:49.746+0000] {logging_mixin.py:190} INFO - [2026-09-06T09:18:49.746+0000] {dag.py:4180} INFO - Setting next_dagrun for example_python_operator to None, run_after=None
[2026-09-06T09:18:49.761+0000] {processor.py:208} INFO - Processing /home/airflow/.local/lib/python3.12/site-packages/airflow/example_dags/example_python_operator.py took 0.062 seconds
[2026-09-06T09:19:20.320+0000] {processor.py:186} INFO - Started process (PID=3215) to work on /home/airflow/.local/lib/python3.12/site-packages/airflow/example_dags/example_python_operator.py
[2026-09-06T09:19:20.321+0000] {processor.py:914} INFO - Processing file /home/airflow/.local/lib/python3.12/site-packages/airflow/example_dags/example_python_operator.py for tasks to queue
[2026-09-06T09:19:20.323+0000] {logging_mixin.py:190} INFO - [2026-09-06T09:19:20.323+0000] {dagbag.py:588} INFO - Filling up the DagBag from /home/airflow/.local/lib/python3.12/site-packages/airflow/example_dags/example_python_operator.py
[2026-09-06T09:19:20.333+0000] {processor.py:925} INFO - DAG(s) 'example_python_operator' retrieved from /home/airflow/.local/lib/python3.12/site-packages/airflow/example_dags/example_python_operator.py
[2026-09-06T09:19:20.350+0000] {logging_mixin.py:190} INFO - [2026-09-06T09:19:20.350+0000] {dag.py:3239} INFO - Sync 1 DAGs
[2026-09-06T09:19:20.361+0000] {logging_mixin.py:190} INFO - [2026-09-06T09:19:20.361+0000] {dag.py:4180} INFO - Setting next_dagrun for example_python_operator to None, run_after=None
[2026-09-06T09:19:20.376+0000] {processor.py:208} INFO - Processing /home/airflow/.local/lib/python3.12/site-packages/airflow/example_dags/example_python_operator.py took 0.060 seconds
[2026-09-06T09:19:51.799+0000] {processor.py:186} INFO - Started process (PID=3281) to work on /home/airflow/.local/lib/python3.12/site-packages/airflow/example_dags/example_python_operator.py
[2026-09-06T09:19:51.800+0000] {processor.py:914} INFO - Processing file /home/airflow/.local/lib/python3.12/site-packages/airflow/example_dags/example_python_operator.py for tasks to queue
[2026-09-06T09:19:51.802+0000] {logging_mixin.py:190} INFO - [2026-09-06T09:19:51.802+0000] {dagbag.py:588} INFO - Filling up the DagBag from /home/airflow/.local/lib/python3.12/site-packages/airflow/example_dags/example_python_operator.py
[2026-09-06T09:19:51.812+0000] {processor.py:925} INFO - DAG(s) 'example_python_operator' retrieved from /home/airflow/.local/lib/python3.12/site-packages/airflow/example_dags/example_python_operator.py
[2026-09-06T09:19:51.829+0000] {logging_mixin.py:190} INFO - [2026-09-06T09:19:51.828+0000] {dag.py:3239} INFO - Sync 1 DAGs
[2026-09-06T09:19:51.839+0000] {logging_mixin.py:190} INFO - [2026-09-06T09:19:51.839+0000] {dag.py:4180} INFO - Setting next_dagrun for example_python_operator to None, run_after=None
[2026-09-06T09:19:51.853+0000] {processor.py:208} INFO - Processing /home/airflow/.local/lib/python3.12/site-packages/airflow/example_dags/example_python_operator.py took 0.058 seconds
[2026-09-06T09:20:23.655+0000] {processor.py:186} INFO - Started process (PID=3347) to work on /home/airflow/.local/lib/python3.12/site-packages/airflow/example_dags/example_python_operator.py
[2026-09-06T09:20:23.656+0000] {processor.py:914} INFO - Processing file /home/airflow/.local/lib/python3.12/site-packages/airflow/example_dags/example_python_operator.py for tasks to queue
[2026-09-06T09:20:23.658+0000] {logging_mixin.py:190} INFO - [2026-09-06T09:20:23.658+0000] {dagbag.py:588} INFO - Filling up the DagBag from /home/airflow/.local/lib/python3.12/site-packages/airflow/example_dags/example_python_operator.py
[2026-09-06T09:20:23.669+0000] {processor.py:925} INFO - DAG(s) 'example_python_operator' retrieved from /home/airflow/.local/lib/python3.12/site-packages/airflow/example_dags/example_python_operator.py
[2026-09-06T09:20:23.687+0000] {logging_mixin.py:190} INFO - [2026-09-06T09:20:23.687+0000] {dag.py:3239} INFO - Sync 1 DAGs
[2026-09-06T09:20:23.878+0000] {logging_mixin.py:190} INFO - [2026-09-06T09:20:23.878+0000] {dag.py:4180} INFO - Setting next_dagrun for example_python_operator to None, run_after=None
[2026-09-06T09:20:23.894+0000] {processor.py:208} INFO - Processing /home/airflow/.local/lib/python3.12/site-packages/airflow/example_dags/example_python_operator.py took 0.243 seconds
[2026-09-06T09:20:54.583+0000] {processor.py:186} INFO - Started process (PID=3411) to work on /home/airflow/.local/lib/python3.12/site-packages/airflow/example_dags/example_python_operator.py
[2026-09-06T09:20:54.584+0000] {processor.py:914} INFO - Processing file /home/airflow/.local/lib/python3.12/site-packages/airflow/example_dags/example_python_operator.py for tasks to queue
[2026-09-06T09:20:54.586+0000] {logging_mixin.py:190} INFO - [2026-09-06T09:20:54.586+0000] {dagbag.py:588} INFO - Filling up the DagBag from /home/airflow/.local/lib/python3.12/site-packages/airflow/example_dags/example_python_operator.py
[2026-09-06T09:20:54.596+0000] {processor.py:925} INFO - DAG(s) 'example_python_operator' retrieved from /home/airflow/.local/lib/python3.12/site-packages/airflow/example_dags/example_python_operator.py
[2026-09-06T09:20:54.614+0000] {logging_mixin.py:190} INFO - [2026-09-06T09:20:54.614+0000] {dag.py:3239} INFO - Sync 1 DAGs
[2026-09-06T09:20:54.626+0000] {logging_mixin.py:190} INFO - [2026-09-06T09:20:54.625+0000] {dag.py:4180} INFO - Setting next_dagrun for example_python_operator to None, run_after=None
[2026-09-06T09:20:54.640+0000] {processor.py:208} INFO - Processing /home/airflow/.local/lib/python3.12/site-packages/airflow/example_dags/example_python_operator.py took 0.062 seconds
[2026-09-06T09:21:26.030+0000] {processor.py:186} INFO - Started process (PID=3477) to work on /home/airflow/.local/lib/python3.12/site-packages/airflow/example_dags/example_python_operator.py
[2026-09-06T09:21:26.031+0000] {processor.py:914} INFO - Processing file /home/airflow/.local/lib/python3.12/site-packages/airflow/example_dags/example_python_operator.py for tasks to queue
[2026-09-06T09:21:26.033+0000] {logging_mixin.py:190} INFO - [2026-09-06T09:21:26.032+0000] {dagbag.py:588} INFO - Filling up the DagBag from /home/airflow/.local/lib/python3.12/site-packages/airflow/example_dags/example_python_operator.py
[2026-09-06T09:21:26.042+0000] {processor.py:925} INFO - DAG(s) 'example_python_operator' retrieved from /home/airflow/.local/lib/python3.12/site-packages/airflow/example_dags/example_python_operator.py
[2026-09-06T09:21:26.059+0000] {logging_mixin.py:190} INFO - [2026-09-06T09:21:26.059+0000] {dag.py:3239} INFO - Sync 1 DAGs
[2026-09-06T09:21:26.069+0000] {logging_mixin.py:190} INFO - [2026-09-06T09:21:26.069+0000] {dag.py:4180} INFO - Setting next_dagrun for example_python_operator to None, run_after=None
[2026-09-06T09:21:26.083+0000] {processor.py:208} INFO - Processing /home/airflow/.local/lib/python3.12/site-packages/airflow/example_dags/example_python_operator.py took 0.058 seconds
[2026-09-06T09:21:57.480+0000] {processor.py:186} INFO - Started process (PID=3544) to work on /home/airflow/.local/lib/python3.12/site-packages/airflow/example_dags/example_python_operator.py
[2026-09-06T09:21:57.481+0000] {processor.py:914} INFO - Processing file /home/airflow/.local/lib/python3.12/site-packages/airflow/example_dags/example_python_operator.py for tasks to queue
[2026-09-06T09:21:57.484+0000] {logging_mixin.py:190} INFO - [2026-09-06T09:21:57.483+0000] {dagbag.py:588} INFO - Filling up the DagBag from /home/airflow/.local/lib/python3.12/site-packages/airflow/example_dags/example_python_operator.py
[2026-09-06T09:21:57.496+0000] {processor.py:925} INFO - DAG(s) 'example_python_operator' retrieved from /home/airflow/.local/lib/python3.12/site-packages/airflow/example_dags/example_python_operator.py
[2026-09-06T09:21:57.513+0000] {logging_mixin.py:190} INFO - [2026-09-06T09:21:57.513+0000] {dag.py:3239} INFO - Sync 1 DAGs
[2026-09-06T09:21:57.524+0000] {logging_mixin.py:190} INFO - [2026-09-06T09:21:57.524+0000] {dag.py:4180} INFO - Setting next_dagrun for example_python_operator to None, run_after=None
[2026-09-06T09:21:57.541+0000] {processor.py:208} INFO - Processing /home/airflow/.local/lib/python3.12/site-packages/airflow/example_dags/example_python_operator.py took 0.066 seconds
[2026-09-06T09:22:28.393+0000] {processor.py:186} INFO - Started process (PID=3608) to work on /home/airflow/.local/lib/python3.12/site-packages/airflow/example_dags/example_python_operator.py
[2026-09-06T09:22:28.394+0000] {processor.py:914} INFO - Processing file /home/airflow/.local/lib/python3.12/site-packages/airflow/example_dags/example_python_operator.py for tasks to queue
[2026-09-06T09:22:28.396+0000] {logging_mixin.py:190} INFO - [2026-09-06T09:22:28.396+0000] {dagbag.py:588} INFO - Filling up the DagBag from /home/airflow/.local/lib/python3.12/site-packages/airflow/example_dags/example_python_operator.py
[2026-09-06T09:22:28.405+0000] {processor.py:925} INFO - DAG(s) 'example_python_operator' retrieved from /home/airflow/.local/lib/python3.12/site-packages/airflow/example_dags/example_python_operator.py
[2026-09-06T09:22:28.420+0000] {logging_mixin.py:190} INFO - [2026-09-06T09:22:28.420+0000] {dag.py:3239} INFO - Sync 1 DAGs
[2026-09-06T09:22:28.429+0000] {logging_mixin.py:190} INFO - [2026-09-06T09:22:28.429+0000] {dag.py:4180} INFO - Setting next_dagrun for example_python_operator to None, run_after=None
[2026-09-06T09:22:28.443+0000] {processor.py:208} INFO - Processing /home/airflow/.local/lib/python3.12/site-packages/airflow/example_dags/example_python_operator.py took 0.054 seconds
[2026-09-06T09:22:59.414+0000] {processor.py:186} INFO - Started process (PID=3672) to work on /home/airflow/.local/lib/python3.12/site-packages/airflow/example_dags/example_python_operator.py
[2026-09-06T09:22:59.416+0000] {processor.py:914} INFO - Processing file /home/airflow/.local/lib/python3.12/site-packages/airflow/example_dags/example_python_operator.py for tasks to queue
[2026-09-06T09:22:59.418+0000] {logging_mixin.py:190} INFO - [2026-09-06T09:22:59.417+0000] {dagbag.py:588} INFO - Filling up the DagBag from /home/airflow/.local/lib/python3.12/site-packages/airflow/example_dags/example_python_operator.py
[2026-09-06T09:22:59.428+0000] {processor.py:925} INFO - DAG(s) 'example_python_operator' retrieved from /home/airflow/.local/lib/python3.12/site-packages/airflow/example_dags/example_python_operator.py
[2026-09-06T09:22:59.446+0000] {logging_mixin.py:190} INFO - [2026-09-06T09:22:59.446+0000] {dag.py:3239} INFO - Sync 1 DAGs
[2026-09-06T09:22:59.460+0000] {logging_mixin.py:190} INFO - [2026-09-06T09:22:59.460+0000] {dag.py:4180} INFO - Setting next_dagrun for example_python_operator to None, run_after=None
[2026-09-06T09:22:59.477+0000] {processor.py:208} INFO - Processing /home/airflow/.local/lib/python3.12/site-packages/airflow/example_dags/example_python_operator.py took 0.068 seconds
[2026-09-06T09:23:30.649+0000] {processor.py:186} INFO - Started process (PID=3744) to work on /home/airflow/.local/lib/python3.12/site-packages/airflow/example_dags/example_python_operator.py
[2026-09-06T09:23:30.650+0000] {processor.py:914} INFO - Processing file /home/airflow/.local/lib/python3.12/site-packages/airflow/example_dags/example_python_operator.py for tasks to queue
[2026-09-06T09:23:30.652+0000] {logging_mixin.py:190} INFO - [2026-09-06T09:23:30.652+0000] {dagbag.py:588} INFO - Filling up the DagBag from /home/airflow/.local/lib/python3.12/site-packages/airflow/example_dags/example_python_operator.py
[2026-09-06T09:23:30.663+0000] {processor.py:925} INFO - DAG(s) 'example_python_operator' retrieved from /home/airflow/.local/lib/python3.12/site-packages/airflow/example_dags/example_python_operator.py
[2026-09-06T09:23:30.679+0000] {logging_mixin.py:190} INFO - [2026-09-06T09:23:30.679+0000] {dag.py:3239} INFO - Sync 1 DAGs
[2026-09-06T09:23:30.690+0000] {logging_mixin.py:190} INFO - [2026-09-06T09:23:30.690+0000] {dag.py:4180} INFO - Setting next_dagrun for example_python_operator to None, run_after=None
[2026-09-06T09:23:30.711+0000] {processor.py:208} INFO - Processing /home/airflow/.local/lib/python3.12/site-packages/airflow/example_dags/example_python_operator.py took 0.067 seconds
[2026-09-06T09:24:01.481+0000] {processor.py:186} INFO - Started process (PID=3808) to work on /home/airflow/.local/lib/python3.12/site-packages/airflow/example_dags/example_python_operator.py
[2026-09-06T09:24:01.482+0000] {processor.py:914} INFO - Processing file /home/airflow/.local/lib/python3.12/site-packages/airflow/example_dags/example_python_operator.py for tasks to queue
[2026-09-06T09:24:01.484+0000] {logging_mixin.py:190} INFO - [2026-09-06T09:24:01.484+0000] {dagbag.py:588} INFO - Filling up the DagBag from /home/airflow/.local/lib/python3.12/site-packages/airflow/example_dags/example_python_operator.py
[2026-09-06T09:24:01.495+0000] {processor.py:925} INFO - DAG(s) 'example_python_operator' retrieved from /home/airflow/.local/lib/python3.12/site-packages/airflow/example_dags/example_python_operator.py
[2026-09-06T09:24:01.511+0000] {logging_mixin.py:190} INFO - [2026-09-06T09:24:01.511+0000] {dag.py:3239} INFO - Sync 1 DAGs
[2026-09-06T09:24:01.522+0000] {logging_mixin.py:190} INFO - [2026-09-06T09:24:01.522+0000] {dag.py:4180} INFO - Setting next_dagrun for example_python_operator to None, run_after=None
[2026-09-06T09:24:01.536+0000] {processor.py:208} INFO - Processing /home/airflow/.local/lib/python3.12/site-packages/airflow/example_dags/example_python_operator.py took 0.060 seconds
[2026-09-06T09:24:32.842+0000] {processor.py:186} INFO - Started process (PID=3874) to work on /home/airflow/.local/lib/python3.12/site-packages/airflow/example_dags/example_python_operator.py
[2026-09-06T09:24:32.843+0000] {processor.py:914} INFO - Processing file /home/airflow/.local/lib/python3.12/site-packages/airflow/example_dags/example_python_operator.py for tasks to queue
[2026-09-06T09:24:32.845+0000] {logging_mixin.py:190} INFO - [2026-09-06T09:24:32.845+0000] {dagbag.py:588} INFO - Filling up the DagBag from /home/airflow/.local/lib/python3.12/site-packages/airflow/example_dags/example_python_operator.py
[2026-09-06T09:24:32.856+0000] {processor.py:925} INFO - DAG(s) 'example_python_operator' retrieved from /home/airflow/.local/lib/python3.12/site-packages/airflow/example_dags/example_python_operator.py
[2026-09-06T09:24:32.873+0000] {logging_mixin.py:190} INFO - [2026-09-06T09:24:32.873+0000] {dag.py:3239} INFO - Sync 1 DAGs
[2026-09-06T09:24:32.884+0000] {logging_mixin.py:190} INFO - [2026-09-06T09:24:32.884+0000] {dag.py:4180} INFO - Setting next_dagrun for example_python_operator to None, run_after=None
[2026-09-06T09:24:32.898+0000] {processor.py:208} INFO - Processing /home/airflow/.local/lib/python3.12/site-packages/airflow/example_dags/example_python_operator.py took 0.062 seconds
[2026-09-06T09:25:03.884+0000] {processor.py:186} INFO - Started process (PID=3938) to work on /home/airflow/.local/lib/python3.12/site-packages/airflow/example_dags/example_python_operator.py
[2026-09-06T09:25:03.886+0000] {processor.py:914} INFO - Processing file /home/airflow/.local/lib/python3.12/site-packages/airflow/example_dags/example_python_operator.py for tasks to queue
[2026-09-06T09:25:03.888+0000] {logging_mixin.py:190} INFO - [2026-09-06T09:25:03.888+0000] {dagbag.py:588} INFO - Filling up the DagBag from /home/airflow/.local/lib/python3.12/site-packages/airflow/example_dags/example_python_operator.py
[2026-09-06T09:25:03.899+0000] {processor.py:925} INFO - DAG(s) 'example_python_operator' retrieved from /home/airflow/.local/lib/python3.12/site-packages/airflow/example_dags/example_python_operator.py
[2026-09-06T09:25:03.920+0000] {logging_mixin.py:190} INFO - [2026-09-06T09:25:03.920+0000] {dag.py:3239} INFO - Sync 1 DAGs
[2026-09-06T09:25:03.931+0000] {logging_mixin.py:190} INFO - [2026-09-06T09:25:03.931+0000] {dag.py:4180} INFO - Setting next_dagrun for example_python_operator to None, run_after=None
[2026-09-06T09:25:03.947+0000] {processor.py:208} INFO - Processing /home/airflow/.local/lib/python3.12/site-packages/airflow/example_dags/example_python_operator.py took 0.068 seconds
[2026-09-06T09:25:35.072+0000] {processor.py:186} INFO - Started process (PID=4002) to work on /home/airflow/.local/lib/python3.12/site-packages/airflow/example_dags/example_python_operator.py
[2026-09-06T09:25:35.073+0000] {processor.py:914} INFO - Processing file /home/airflow/.local/lib/python3.12/site-packages/airflow/example_dags/example_python_operator.py for tasks to queue
[2026-09-06T09:25:35.075+0000] {logging_mixin.py:190} INFO - [2026-09-06T09:25:35.075+0000] {dagbag.py:588} INFO - Filling up the DagBag from /home/airflow/.local/lib/python3.12/site-packages/airflow/example_dags/example_python_operator.py
[2026-09-06T09:25:35.085+0000] {processor.py:925} INFO - DAG(s) 'example_python_operator' retrieved from /home/airflow/.local/lib/python3.12/site-packages/airflow/example_dags/example_python_operator.py
[2026-09-06T09:25:35.104+0000] {logging_mixin.py:190} INFO - [2026-09-06T09:25:35.104+0000] {dag.py:3239} INFO - Sync 1 DAGs
[2026-09-06T09:25:35.115+0000] {logging_mixin.py:190} INFO - [2026-09-06T09:25:35.115+0000] {dag.py:4180} INFO - Setting next_dagrun for example_python_operator to None, run_after=None
[2026-09-06T09:25:35.131+0000] {processor.py:208} INFO - Processing /home/airflow/.local/lib/python3.12/site-packages/airflow/example_dags/example_python_operator.py took 0.064 seconds
[2026-09-06T09:26:05.554+0000] {processor.py:186} INFO - Started process (PID=4066) to work on /home/airflow/.local/lib/python3.12/site-packages/airflow/example_dags/example_python_operator.py
[2026-09-06T09:26:05.555+0000] {processor.py:914} INFO - Processing file /home/airflow/.local/lib/python3.12/site-packages/airflow/example_dags/example_python_operator.py for tasks to queue
[2026-09-06T09:26:05.557+0000] {logging_mixin.py:190} INFO - [2026-09-06T09:26:05.557+0000] {dagbag.py:588} INFO - Filling up the DagBag from /home/airflow/.local/lib/python3.12/site-packages/airflow/example_dags/example_python_operator.py
[2026-09-06T09:26:05.567+0000] {processor.py:925} INFO - DAG(s) 'example_python_operator' retrieved from /home/airflow/.local/lib/python3.12/site-packages/airflow/example_dags/example_python_operator.py
[2026-09-06T09:26:05.585+0000] {logging_mixin.py:190} INFO - [2026-09-06T09:26:05.585+0000] {dag.py:3239} INFO - Sync 1 DAGs
[2026-09-06T09:26:05.595+0000] {logging_mixin.py:190} INFO - [2026-09-06T09:26:05.595+0000] {dag.py:4180} INFO - Setting next_dagrun for example_python_operator to None, run_after=None
[2026-09-06T09:26:05.609+0000] {processor.py:208} INFO - Processing /home/airflow/.local/lib/python3.12/site-packages/airflow/example_dags/example_python_operator.py took 0.060 seconds
[2026-09-06T09:26:35.760+0000] {processor.py:186} INFO - Started process (PID=4129) to work on /home/airflow/.local/lib/python3.12/site-packages/airflow/example_dags/example_python_operator.py
[2026-09-06T09:26:35.761+0000] {processor.py:914} INFO - Processing file /home/airflow/.local/lib/python3.12/site-packages/airflow/example_dags/example_python_operator.py for tasks to queue
[2026-09-06T09:26:35.763+0000] {logging_mixin.py:190} INFO - [2026-09-06T09:26:35.763+0000] {dagbag.py:588} INFO - Filling up the DagBag from /home/airflow/.local/lib/python3.12/site-packages/airflow/example_dags/example_python_operator.py
[2026-09-06T09:26:35.772+0000] {processor.py:925} INFO - DAG(s) 'example_python_operator' retrieved from /home/airflow/.local/lib/python3.12/site-packages/airflow/example_dags/example_python_operator.py
[2026-09-06T09:26:35.789+0000] {logging_mixin.py:190} INFO - [2026-09-06T09:26:35.789+0000] {dag.py:3239} INFO - Sync 1 DAGs
[2026-09-06T09:26:35.801+0000] {logging_mixin.py:190} INFO - [2026-09-06T09:26:35.800+0000] {dag.py:4180} INFO - Setting next_dagrun for example_python_operator to None, run_after=None
[2026-09-06T09:26:35.815+0000] {processor.py:208} INFO - Processing /home/airflow/.local/lib/python3.12/site-packages/airflow/example_dags/example_python_operator.py took 0.060 seconds
[2026-09-06T09:27:05.922+0000] {processor.py:186} INFO - Started process (PID=4193) to work on /home/airflow/.local/lib/python3.12/site-packages/airflow/example_dags/example_python_operator.py
[2026-09-06T09:27:05.923+0000] {processor.py:914} INFO - Processing file /home/airflow/.local/lib/python3.12/site-packages/airflow/example_dags/example_python_operator.py for tasks to queue
[2026-09-06T09:27:05.926+0000] {logging_mixin.py:190} INFO - [2026-09-06T09:27:05.926+0000] {dagbag.py:588} INFO - Filling up the DagBag from /home/airflow/.local/lib/python3.12/site-packages/airflow/example_dags/example_python_operator.py
[2026-09-06T09:27:05.936+0000] {processor.py:925} INFO - DAG(s) 'example_python_operator' retrieved from /home/airflow/.local/lib/python3.12/site-packages/airflow/example_dags/example_python_operator.py
[2026-09-06T09:27:05.955+0000] {logging_mixin.py:190} INFO - [2026-09-06T09:27:05.954+0000] {dag.py:3239} INFO - Sync 1 DAGs
[2026-09-06T09:27:05.966+0000] {logging_mixin.py:190} INFO - [2026-09-06T09:27:05.965+0000] {dag.py:4180} INFO - Setting next_dagrun for example_python_operator to None, run_after=None
[2026-09-06T09:27:05.982+0000] {processor.py:208} INFO - Processing /home/airflow/.local/lib/python3.12/site-packages/airflow/example_dags/example_python_operator.py took 0.064 seconds
