[2026-09-06T08:54:03.091+0000] {processor.py:186} INFO - Started process (PID=103) to work on /home/airflow/.local/lib/python3.12/site-packages/airflow/example_dags/example_display_name.py
[2026-09-06T08:54:03.092+0000] {processor.py:914} INFO - Processing file /home/airflow/.local/lib/python3.12/site-packages/airflow/example_dags/example_display_name.py for tasks to queue
[2026-09-06T08:54:03.095+0000] {logging_mixin.py:190} INFO - [2026-09-06T08:54:03.095+0000] {dagbag.py:588} INFO - Filling up the DagBag from /home/airflow/.local/lib/python3.12/site-packages/airflow/example_dags/example_display_name.py
[2026-09-06T08:54:03.108+0000] {processor.py:925} INFO - DAG(s) 'example_display_name' retrieved from /home/airflow/.local/lib/python3.12/site-packages/airflow/example_dags/example_display_name.py
[2026-09-06T08:54:03.233+0000] {logging_mixin.py:190} INFO - [2026-09-06T08:54:03.233+0000] {override.py:1911} INFO - Created Permission View: can edit on DAG:example_display_name
[2026-09-06T08:54:03.243+0000] {logging_mixin.py:190} INFO - [2026-09-06T08:54:03.243+0000] {override.py:1911} INFO - Created Permission View: can delete on DAG:example_display_name
[2026-09-06T08:54:03.251+0000] {logging_mixin.py:190} INFO - [2026-09-06T08:54:03.251+0000] {override.py:1911} INFO - Created Permission View: can read on DAG:example_display_name
[2026-09-06T08:54:03.260+0000] {logging_mixin.py:190} INFO - [2026-09-06T08:54:03.260+0000] {override.py:1911} INFO - Created Permission View: can create on DAG Run:example_display_name
[2026-09-06T08:54:03.268+0000] {logging_mixin.py:190} INFO - [2026-09-06T08:54:03.268+0000] {override.py:1911} INFO - Created Permission View: can delete on DAG Run:example_display_name
[2026-09-06T08:54:03.274+0000] {logging_mixin.py:190} INFO - [2026-09-06T08:54:03.274+0000] {override.py:1911} INFO - Created Permission View: can read on DAG Run:example_display_name
[2026-09-06T08:54:03.281+0000] {logging_mixin.py:190} INFO - [2026-09-06T08:54:03.281+0000] {override.py:1911} INFO - Created Permission View: menu access on DAG Run:example_display_name
[2026-09-06T08:54:03.282+0000] {logging_mixin.py:190} INFO - [2026-09-06T08:54:03.282+0000] {dag.py:3239} INFO - Sync 1 DAGs
[2026-09-06T08:54:03.292+0000] {logging_mixin.py:190} INFO - [2026-09-06T08:54:03.292+0000] {dag.py:3262} INFO - Creating ORM DAG for example_display_name
[2026-09-06T08:54:03.293+0000] {logging_mixin.py:190} INFO - [2026-09-06T08:54:03.293+0000] {dag.py:4180} INFO - Setting next_dagrun for example_display_name to None, run_after=None
[2026-09-06T08:54:03.309+0000] {processor.py:208} INFO - Processing /home/airflow/.local/lib/python3.12/site-packages/airflow/example_dags/example_display_name.py took 0.224 seconds
[2026-09-06T08:54:33.806+0000] {processor.py:186} INFO - Started process (PID=165) to work on /home/airflow/.local/lib/python3.12/site-packages/airflow/example_dags/example_display_name.py
[2026-09-06T08:54:33.807+0000] {processor.py:914} INFO - Processing file /home/airflow/.local/lib/python3.12/site-packages/airflow/example_dags/example_display_name.py for tasks to queue
[2026-09-06T08:54:33.809+0000] {logging_mixin.py:190} INFO - [2026-09-06T08:54:33.809+0000] {dagbag.py:588} INFO - Filling up the DagBag from /home/airflow/.local/lib/python3.12/site-packages/airflow/example_dags/example_display_name.py
[2026-09-06T08:54:33.815+0000] {processor.py:925} INFO - DAG(s) 'example_display_name' retrieved from /home/airflow/.local/lib/python3.12/site-packages/airflow/example_dags/example_display_name.py
[2026-09-06T08:54:33.832+0000] {logging_mixin.py:190} INFO - [2026-09-06T08:54:33.832+0000] {dag.py:3239} INFO - Sync 1 DAGs
[2026-09-06T08:54:33.845+0000] {logging_mixin.py:190} INFO - [2026-09-06T08:54:33.845+0000] {dag.py:4180} INFO - Setting next_dagrun for example_display_name to None, run_after=None
[2026-09-06T08:54:33.860+0000] {processor.py:208} INFO - Processing /home/airflow/.local/lib/python3.12/site-packages/airflow/example_dags/example_display_name.py took 0.059 seconds
[2026-09-06T08:55:04.723+0000] {processor.py:186} INFO - Started process (PID=228) to work on /home/airflow/.local/lib/python3.12/site-packages/airflow/example_dags/example_display_name.py
[2026-09-06T08:55:04.724+0000] {processor.py:914} INFO - Processing file /home/airflow/.local/lib/python3.12/site-packages/airflow/example_dags/example_display_name.py for tasks to queue
[2026-09-06T08:55:04.727+0000] {logging_mixin.py:190} INFO - [2026-09-06T08:55:04.726+0000] {dagbag.py:588} INFO - Filling up the DagBag from /home/airflow/.local/lib/python3.12/site-packages/airflow/example_dags/example_display_name.py
[2026-09-06T08:55:04.734+0000] {processor.py:925} INFO - DAG(s) 'example_display_name' retrieved from /home/airflow/.local/lib/python3.12/site-packages/airflow/example_dags/example_display_name.py
[2026-09-06T08:55:04.750+0000] {logging_mixin.py:190} INFO - [2026-09-06T08:55:04.750+0000] {dag.py:3239} INFO - Sync 1 DAGs
[2026-09-06T08:55:04.761+0000] {logging_mixin.py:190} INFO - [2026-09-06T08:55:04.761+0000] {dag.py:4180} INFO - Setting next_dagrun for example_display_name to None, run_after=None
[2026-09-06T08:55:04.778+0000] {processor.py:208} INFO - Processing /home/airflow/.local/lib/python3.12/site-packages/airflow/example_dags/example_display_name.py took 0.061 seconds
[2026-09-06T08:55:35.050+0000] {processor.py:186} INFO - Started process (PID=291) to work on /home/airflow/.local/lib/python3.12/site-packages/airflow/example_dags/example_display_name.py
[2026-09-06T08:55:35.051+0000] {processor.py:914} INFO - Processing file /home/airflow/.local/lib/python3.12/site-packages/airflow/example_dags/example_display_name.py for tasks to queue
[2026-09-06T08:55:35.053+0000] {logging_mixin.py:190} INFO - [2026-09-06T08:55:35.053+0000] {dagbag.py:588} INFO - Filling up the DagBag from /home/airflow/.local/lib/python3.12/site-packages/airflow/example_dags/example_display_name.py
[2026-09-06T08:55:35.059+0000] {processor.py:925} INFO - DAG(s) 'example_display_name' retrieved from /home/airflow/.local/lib/python3.12/site-packages/airflow/example_dags/example_display_name.py
[2026-09-06T08:55:35.076+0000] {logging_mixin.py:190} INFO - [2026-09-06T08:55:35.075+0000] {dag.py:3239} INFO - Sync 1 DAGs
[2026-09-06T08:55:35.086+0000] {logging_mixin.py:190} INFO - [2026-09-06T08:55:35.085+0000] {dag.py:4180} INFO - Setting next_dagrun for example_display_name to None, run_after=None
[2026-09-06T08:55:35.099+0000] {processor.py:208} INFO - Processing /home/airflow/.local/lib/python3.12/site-packages/airflow/example_dags/example_display_name.py took 0.053 seconds
[2026-09-06T08:56:05.695+0000] {processor.py:186} INFO - Started process (PID=353) to work on /home/airflow/.local/lib/python3.12/site-packages/airflow/example_dags/example_display_name.py
[2026-09-06T08:56:05.696+0000] {processor.py:914} INFO - Processing file /home/airflow/.local/lib/python3.12/site-packages/airflow/example_dags/example_display_name.py for tasks to queue
[2026-09-06T08:56:05.698+0000] {logging_mixin.py:190} INFO - [2026-09-06T08:56:05.698+0000] {dagbag.py:588} INFO - Filling up the DagBag from /home/airflow/.local/lib/python3.12/site-packages/airflow/example_dags/example_display_name.py
[2026-09-06T08:56:05.704+0000] {processor.py:925} INFO - DAG(s) 'example_display_name' retrieved from /home/airflow/.local/lib/python3.12/site-packages/airflow/example_dags/example_display_name.py
[2026-09-06T08:56:05.720+0000] {logging_mixin.py:190} INFO - [2026-09-06T08:56:05.720+0000] {dag.py:3239} INFO - Sync 1 DAGs
[2026-09-06T08:56:05.730+0000] {logging_mixin.py:190} INFO - [2026-09-06T08:56:05.730+0000] {dag.py:4180} INFO - Setting next_dagrun for example_display_name to None, run_after=None
[2026-09-06T08:56:05.745+0000] {processor.py:208} INFO - Processing /home/airflow/.local/lib/python3.12/site-packages/airflow/example_dags/example_display_name.py took 0.055 seconds
[2026-09-06T08:56:36.330+0000] {processor.py:186} INFO - Started process (PID=416) to work on /home/airflow/.local/lib/python3.12/site-packages/airflow/example_dags/example_display_name.py
[2026-09-06T08:56:36.331+0000] {processor.py:914} INFO - Processing file /home/airflow/.local/lib/python3.12/site-packages/airflow/example_dags/example_display_name.py for tasks to queue
[2026-09-06T08:56:36.334+0000] {logging_mixin.py:190} INFO - [2026-09-06T08:56:36.334+0000] {dagbag.py:588} INFO - Filling up the DagBag from /home/airflow/.local/lib/python3.12/site-packages/airflow/example_dags/example_display_name.py
[2026-09-06T08:56:36.343+0000] {processor.py:925} INFO - DAG(s) 'example_display_name' retrieved from /home/airflow/.local/lib/python3.12/site-packages/airflow/example_dags/example_display_name.py
[2026-09-06T08:56:36.383+0000] {logging_mixin.py:190} INFO - [2026-09-06T08:56:36.382+0000] {dag.py:3239} INFO - Sync 1 DAGs
[2026-09-06T08:56:36.404+0000] {logging_mixin.py:190} INFO - [2026-09-06T08:56:36.403+0000] {dag.py:4180} INFO - Setting next_dagrun for example_display_name to None, run_after=None
[2026-09-06T08:56:36.425+0000] {processor.py:208} INFO - Processing /home/airflow/.local/lib/python3.12/site-packages/airflow/example_dags/example_display_name.py took 0.102 seconds
[2026-09-06T08:57:07.358+0000] {processor.py:186} INFO - Started process (PID=480) to work on /home/airflow/.local/lib/python3.12/site-packages/airflow/example_dags/example_display_name.py
[2026-09-06T08:57:07.359+0000] {processor.py:914} INFO - Processing file /home/airflow/.local/lib/python3.12/site-packages/airflow/example_dags/example_display_name.py for tasks to queue
[2026-09-06T08:57:07.360+0000] {logging_mixin.py:190} INFO - [2026-09-06T08:57:07.360+0000] {dagbag.py:588} INFO - Filling up the DagBag from /home/airflow/.local/lib/python3.12/site-packages/airflow/example_dags/example_display_name.py
[2026-09-06T08:57:07.366+0000] {processor.py:925} INFO - DAG(s) 'example_display_name' retrieved from /home/airflow/.local/lib/python3.12/site-packages/airflow/example_dags/example_display_name.py
[2026-09-06T08:57:07.381+0000] {logging_mixin.py:190} INFO - [2026-09-06T08:57:07.381+0000] {dag.py:3239} INFO - Sync 1 DAGs
[2026-09-06T08:57:07.391+0000] {logging_mixin.py:190} INFO - [2026-09-06T08:57:07.391+0000] {dag.py:4180} INFO - Setting next_dagrun for example_display_name to None, run_after=None
[2026-09-06T08:57:07.406+0000] {processor.py:208} INFO - Processing /home/airflow/.local/lib/python3.12/site-packages/airflow/example_dags/example_display_name.py took 0.053 seconds
[2026-09-06T08:57:37.979+0000] {processor.py:186} INFO - Started process (PID=543) to work on /home/airflow/.local/lib/python3.12/site-packages/airflow/example_dags/example_display_name.py
[2026-09-06T08:57:37.980+0000] {processor.py:914} INFO - Processing file /home/airflow/.local/lib/python3.12/site-packages/airflow/example_dags/example_display_name.py for tasks to queue
[2026-09-06T08:57:37.982+0000] {logging_mixin.py:190} INFO - [2026-09-06T08:57:37.982+0000] {dagbag.py:588} INFO - Filling up the DagBag from /home/airflow/.local/lib/python3.12/site-packages/airflow/example_dags/example_display_name.py
[2026-09-06T08:57:37.989+0000] {processor.py:925} INFO - DAG(s) 'example_display_name' retrieved from /home/airflow/.local/lib/python3.12/site-packages/airflow/example_dags/example_display_name.py
[2026-09-06T08:57:38.008+0000] {logging_mixin.py:190} INFO - [2026-09-06T08:57:38.007+0000] {dag.py:3239} INFO - Sync 1 DAGs
[2026-09-06T08:57:38.020+0000] {logging_mixin.py:190} INFO - [2026-09-06T08:57:38.019+0000] {dag.py:4180} INFO - Setting next_dagrun for example_display_name to None, run_after=None
[2026-09-06T08:57:38.034+0000] {processor.py:208} INFO - Processing /home/airflow/.local/lib/python3.12/site-packages/airflow/example_dags/example_display_name.py took 0.061 seconds
[2026-09-06T08:58:08.960+0000] {processor.py:186} INFO - Started process (PID=606) to work on /home/airflow/.local/lib/python3.12/site-packages/airflow/example_dags/example_display_name.py
[2026-09-06T08:58:08.961+0000] {processor.py:914} INFO - Processing file /home/airflow/.local/lib/python3.12/site-packages/airflow/example_dags/example_display_name.py for tasks to queue
[2026-09-06T08:58:08.964+0000] {logging_mixin.py:190} INFO - [2026-09-06T08:58:08.964+0000] {dagbag.py:588} INFO - Filling up the DagBag from /home/airflow/.local/lib/python3.12/site-packages/airflow/example_dags/example_display_name.py
[2026-09-06T08:58:08.970+0000] {processor.py:925} INFO - DAG(s) 'example_display_name' retrieved from /home/airflow/.local/lib/python3.12/site-packages/airflow/example_dags/example_display_name.py
[2026-09-06T08:58:08.987+0000] {logging_mixin.py:190} INFO - [2026-09-06T08:58:08.987+0000] {dag.py:3239} INFO - Sync 1 DAGs
[2026-09-06T08:58:09.001+0000] {logging_mixin.py:190} INFO - [2026-09-06T08:58:09.000+0000] {dag.py:4180} INFO - Setting next_dagrun for example_display_name to None, run_after=None
[2026-09-06T08:58:09.018+0000] {processor.py:208} INFO - Processing /home/airflow/.local/lib/python3.12/site-packages/airflow/example_dags/example_display_name.py took 0.062 seconds
[2026-09-06T08:58:39.870+0000] {processor.py:186} INFO - Started process (PID=669) to work on /home/airflow/.local/lib/python3.12/site-packages/airflow/example_dags/example_display_name.py
[2026-09-06T08:58:39.871+0000] {processor.py:914} INFO - Processing file /home/airflow/.local/lib/python3.12/site-packages/airflow/example_dags/example_display_name.py for tasks to queue
[2026-09-06T08:58:39.873+0000] {logging_mixin.py:190} INFO - [2026-09-06T08:58:39.873+0000] {dagbag.py:588} INFO - Filling up the DagBag from /home/airflow/.local/lib/python3.12/site-packages/airflow/example_dags/example_display_name.py
[2026-09-06T08:58:39.879+0000] {processor.py:925} INFO - DAG(s) 'example_display_name' retrieved from /home/airflow/.local/lib/python3.12/site-packages/airflow/example_dags/example_display_name.py
[2026-09-06T08:58:39.894+0000] {logging_mixin.py:190} INFO - [2026-09-06T08:58:39.894+0000] {dag.py:3239} INFO - Sync 1 DAGs
[2026-09-06T08:58:39.905+0000] {logging_mixin.py:190} INFO - [2026-09-06T08:58:39.905+0000] {dag.py:4180} INFO - Setting next_dagrun for example_display_name to None, run_after=None
[2026-09-06T08:58:39.919+0000] {processor.py:208} INFO - Processing /home/airflow/.local/lib/python3.12/site-packages/airflow/example_dags/example_display_name.py took 0.053 seconds
[2026-09-06T08:59:11.470+0000] {processor.py:186} INFO - Started process (PID=732) to work on /home/airflow/.local/lib/python3.12/site-packages/airflow/example_dags/example_display_name.py
[2026-09-06T08:59:11.471+0000] {processor.py:914} INFO - Processing file /home/airflow/.local/lib/python3.12/site-packages/airflow/example_dags/example_display_name.py for tasks to queue
[2026-09-06T08:59:11.473+0000] {logging_mixin.py:190} INFO - [2026-09-06T08:59:11.473+0000] {dagbag.py:588} INFO - Filling up the DagBag from /home/airflow/.local/lib/python3.12/site-packages/airflow/example_dags/example_display_name.py
[2026-09-06T08:59:11.479+0000] {processor.py:925} INFO - DAG(s) 'example_display_name' retrieved from /home/airflow/.local/lib/python3.12/site-packages/airflow/example_dags/example_display_name.py
[2026-09-06T08:59:11.494+0000] {logging_mixin.py:190} INFO - [2026-09-06T08:59:11.494+0000] {dag.py:3239} INFO - Sync 1 DAGs
[2026-09-06T08:59:11.505+0000] {logging_mixin.py:190} INFO - [2026-09-06T08:59:11.505+0000] {dag.py:4180} INFO - Setting next_dagrun for example_display_name to None, run_after=None
[2026-09-06T08:59:11.518+0000] {processor.py:208} INFO - Processing /home/airflow/.local/lib/python3.12/site-packages/airflow/example_dags/example_display_name.py took 0.053 seconds
[2026-09-06T08:59:42.204+0000] {processor.py:186} INFO - Started process (PID=796) to work on /home/airflow/.local/lib/python3.12/site-packages/airflow/example_dags/example_display_name.py
[2026-09-06T08:59:42.206+0000] {processor.py:914} INFO - Processing file /home/airflow/.local/lib/python3.12/site-packages/airflow/example_dags/example_display_name.py for tasks to queue
[2026-09-06T08:59:42.209+0000] {logging_mixin.py:190} INFO - [2026-09-06T08:59:42.208+0000] {dagbag.py:588} INFO - Filling up the DagBag from /home/airflow/.local/lib/python3.12/site-packages/airflow/example_dags/example_display_name.py
[2026-09-06T08:59:42.215+0000] {processor.py:925} INFO - DAG(s) 'example_display_name' retrieved from /home/airflow/.local/lib/python3.12/site-packages/airflow/example_dags/example_display_name.py
[2026-09-06T08:59:42.230+0000] {logging_mixin.py:190} INFO - [2026-09-06T08:59:42.229+0000] {dag.py:3239} INFO - Sync 1 DAGs
[2026-09-06T08:59:42.240+0000] {logging_mixin.py:190} INFO - [2026-09-06T08:59:42.240+0000] {dag.py:4180} INFO - Setting next_dagrun for example_display_name to None, run_after=None
[2026-09-06T08:59:42.256+0000] {processor.py:208} INFO - Processing /home/airflow/.local/lib/python3.12/site-packages/airflow/example_dags/example_display_name.py took 0.057 seconds
[2026-09-06T09:00:13.498+0000] {processor.py:186} INFO - Started process (PID=860) to work on /home/airflow/.local/lib/python3.12/site-packages/airflow/example_dags/example_display_name.py
[2026-09-06T09:00:13.500+0000] {processor.py:914} INFO - Processing file /home/airflow/.local/lib/python3.12/site-packages/airflow/example_dags/example_display_name.py for tasks to queue
[2026-09-06T09:00:13.502+0000] {logging_mixin.py:190} INFO - [2026-09-06T09:00:13.502+0000] {dagbag.py:588} INFO - Filling up the DagBag from /home/airflow/.local/lib/python3.12/site-packages/airflow/example_dags/example_display_name.py
[2026-09-06T09:00:13.509+0000] {processor.py:925} INFO - DAG(s) 'example_display_name' retrieved from /home/airflow/.local/lib/python3.12/site-packages/airflow/example_dags/example_display_name.py
[2026-09-06T09:00:13.525+0000] {logging_mixin.py:190} INFO - [2026-09-06T09:00:13.525+0000] {dag.py:3239} INFO - Sync 1 DAGs
[2026-09-06T09:00:13.536+0000] {logging_mixin.py:190} INFO - [2026-09-06T09:00:13.536+0000] {dag.py:4180} INFO - Setting next_dagrun for example_display_name to None, run_after=None
[2026-09-06T09:00:13.558+0000] {processor.py:208} INFO - Processing /home/airflow/.local/lib/python3.12/site-packages/airflow/example_dags/example_display_name.py took 0.064 seconds
[2026-09-06T09:00:45.477+0000] {processor.py:186} INFO - Started process (PID=924) to work on /home/airflow/.local/lib/python3.12/site-packages/airflow/example_dags/example_display_name.py
[2026-09-06T09:00:45.478+0000] {processor.py:914} INFO - Processing file /home/airflow/.local/lib/python3.12/site-packages/airflow/example_dags/example_display_name.py for tasks to queue
[2026-09-06T09:00:45.481+0000] {logging_mixin.py:190} INFO - [2026-09-06T09:00:45.480+0000] {dagbag.py:588} INFO - Filling up the DagBag from /home/airflow/.local/lib/python3.12/site-packages/airflow/example_dags/example_display_name.py
[2026-09-06T09:00:45.488+0000] {processor.py:925} INFO - DAG(s) 'example_display_name' retrieved from /home/airflow/.local/lib/python3.12/site-packages/airflow/example_dags/example_display_name.py
[2026-09-06T09:00:45.505+0000] {logging_mixin.py:190} INFO - [2026-09-06T09:00:45.505+0000] {dag.py:3239} INFO - Sync 1 DAGs
[2026-09-06T09:00:45.518+0000] {logging_mixin.py:190} INFO - [2026-09-06T09:00:45.517+0000] {dag.py:4180} INFO - Setting next_dagrun for example_display_name to None, run_after=None
[2026-09-06T09:00:45.534+0000] {processor.py:208} INFO - Processing /home/airflow/.local/lib/python3.12/site-packages/airflow/example_dags/example_display_name.py took 0.063 seconds
[2026-09-06T09:01:16.090+0000] {processor.py:186} INFO - Started process (PID=988) to work on /home/airflow/.local/lib/python3.12/site-packages/airflow/example_dags/example_display_name.py
[2026-09-06T09:01:16.092+0000] {processor.py:914} INFO - Processing file /home/airflow/.local/lib/python3.12/site-packages/airflow/example_dags/example_display_name.py for tasks to queue
[2026-09-06T09:01:16.095+0000] {logging_mixin.py:190} INFO - [2026-09-06T09:01:16.094+0000] {dagbag.py:588} INFO - Filling up the DagBag from /home/airflow/.local/lib/python3.12/site-packages/airflow/example_dags/example_display_name.py
[2026-09-06T09:01:16.103+0000] {processor.py:925} INFO - DAG(s) 'example_display_name' retrieved from /home/airflow/.local/lib/python3.12/site-packages/airflow/example_dags/example_display_name.py
[2026-09-06T09:01:16.119+0000] {logging_mixin.py:190} INFO - [2026-09-06T09:01:16.119+0000] {dag.py:3239} INFO - Sync 1 DAGs
[2026-09-06T09:01:16.131+0000] {logging_mixin.py:190} INFO - [2026-09-06T09:01:16.131+0000] {dag.py:4180} INFO - Setting next_dagrun for example_display_name to None, run_after=None
[2026-09-06T09:01:16.151+0000] {processor.py:208} INFO - Processing /home/airflow/.local/lib/python3.12/site-packages/airflow/example_dags/example_display_name.py took 0.065 seconds
[2026-09-06T09:01:47.266+0000] {processor.py:186} INFO - Started process (PID=1052) to work on /home/airflow/.local/lib/python3.12/site-packages/airflow/example_dags/example_display_name.py
[2026-09-06T09:01:47.267+0000] {processor.py:914} INFO - Processing file /home/airflow/.local/lib/python3.12/site-packages/airflow/example_dags/example_display_name.py for tasks to queue
[2026-09-06T09:01:47.269+0000] {logging_mixin.py:190} INFO - [2026-09-06T09:01:47.269+0000] {dagbag.py:588} INFO - Filling up the DagBag from /home/airflow/.local/lib/python3.12/site-packages/airflow/example_dags/example_display_name.py
[2026-09-06T09:01:47.276+0000] {processor.py:925} INFO - DAG(s) 'example_display_name' retrieved from /home/airflow/.local/lib/python3.12/site-packages/airflow/example_dags/example_display_name.py
[2026-09-06T09:01:47.291+0000] {logging_mixin.py:190} INFO - [2026-09-06T09:01:47.291+0000] {dag.py:3239} INFO - Sync 1 DAGs
[2026-09-06T09:01:47.302+0000] {logging_mixin.py:190} INFO - [2026-09-06T09:01:47.302+0000] {dag.py:4180} INFO - Setting next_dagrun for example_display_name to None, run_after=None
[2026-09-06T09:01:47.316+0000] {processor.py:208} INFO - Processing /home/airflow/.local/lib/python3.12/site-packages/airflow/example_dags/example_display_name.py took 0.055 seconds
[2026-09-06T09:02:18.059+0000] {processor.py:186} INFO - Started process (PID=1116) to work on /home/airflow/.local/lib/python3.12/site-packages/airflow/example_dags/example_display_name.py
[2026-09-06T09:02:18.061+0000] {processor.py:914} INFO - Processing file /home/airflow/.local/lib/python3.12/site-packages/airflow/example_dags/example_display_name.py for tasks to queue
[2026-09-06T09:02:18.064+0000] {logging_mixin.py:190} INFO - [2026-09-06T09:02:18.064+0000] {dagbag.py:588} INFO - Filling up the DagBag from /home/airflow/.local/lib/python3.12/site-packages/airflow/example_dags/example_display_name.py
[2026-09-06T09:02:18.071+0000] {processor.py:925} INFO - DAG(s) 'example_display_name' retrieved from /home/airflow/.local/lib/python3.12/site-packages/airflow/example_dags/example_display_name.py
[2026-09-06T09:02:18.087+0000] {logging_mixin.py:190} INFO - [2026-09-06T09:02:18.087+0000] {dag.py:3239} INFO - Sync 1 DAGs
[2026-09-06T09:02:18.098+0000] {logging_mixin.py:190} INFO - [2026-09-06T09:02:18.098+0000] {dag.py:4180} INFO - Setting next_dagrun for example_display_name to None, run_after=None
[2026-09-06T09:02:18.114+0000] {processor.py:208} INFO - Processing /home/airflow/.local/lib/python3.12/site-packages/airflow/example_dags/example_display_name.py took 0.061 seconds
[2026-09-06T09:02:49.083+0000] {processor.py:186} INFO - Started process (PID=1180) to work on /home/airflow/.local/lib/python3.12/site-packages/airflow/example_dags/example_display_name.py
[2026-09-06T09:02:49.084+0000] {processor.py:914} INFO - Processing file /home/airflow/.local/lib/python3.12/site-packages/airflow/example_dags/example_display_name.py for tasks to queue
[2026-09-06T09:02:49.086+0000] {logging_mixin.py:190} INFO - [2026-09-06T09:02:49.086+0000] {dagbag.py:588} INFO - Filling up the DagBag from /home/airflow/.local/lib/python3.12/site-packages/airflow/example_dags/example_display_name.py
[2026-09-06T09:02:49.094+0000] {processor.py:925} INFO - DAG(s) 'example_display_name' retrieved from /home/airflow/.local/lib/python3.12/site-packages/airflow/example_dags/example_display_name.py
[2026-09-06T09:02:49.111+0000] {logging_mixin.py:190} INFO - [2026-09-06T09:02:49.111+0000] {dag.py:3239} INFO - Sync 1 DAGs
[2026-09-06T09:02:49.122+0000] {logging_mixin.py:190} INFO - [2026-09-06T09:02:49.122+0000] {dag.py:4180} INFO - Setting next_dagrun for example_display_name to None, run_after=None
[2026-09-06T09:02:49.142+0000] {processor.py:208} INFO - Processing /home/airflow/.local/lib/python3.12/site-packages/airflow/example_dags/example_display_name.py took 0.065 seconds
[2026-09-06T09:03:19.765+0000] {processor.py:186} INFO - Started process (PID=1244) to work on /home/airflow/.local/lib/python3.12/site-packages/airflow/example_dags/example_display_name.py
[2026-09-06T09:03:19.766+0000] {processor.py:914} INFO - Processing file /home/airflow/.local/lib/python3.12/site-packages/airflow/example_dags/example_display_name.py for tasks to queue
[2026-09-06T09:03:19.768+0000] {logging_mixin.py:190} INFO - [2026-09-06T09:03:19.768+0000] {dagbag.py:588} INFO - Filling up the DagBag from /home/airflow/.local/lib/python3.12/site-packages/airflow/example_dags/example_display_name.py
[2026-09-06T09:03:19.775+0000] {processor.py:925} INFO - DAG(s) 'example_display_name' retrieved from /home/airflow/.local/lib/python3.12/site-packages/airflow/example_dags/example_display_name.py
[2026-09-06T09:03:19.792+0000] {logging_mixin.py:190} INFO - [2026-09-06T09:03:19.792+0000] {dag.py:3239} INFO - Sync 1 DAGs
[2026-09-06T09:03:19.806+0000] {logging_mixin.py:190} INFO - [2026-09-06T09:03:19.805+0000] {dag.py:4180} INFO - Setting next_dagrun for example_display_name to None, run_after=None
[2026-09-06T09:03:19.827+0000] {processor.py:208} INFO - Processing /home/airflow/.local/lib/python3.12/site-packages/airflow/example_dags/example_display_name.py took 0.069 seconds
[2026-09-06T09:03:50.658+0000] {processor.py:186} INFO - Started process (PID=1308) to work on /home/airflow/.local/lib/python3.12/site-packages/airflow/example_dags/example_display_name.py
[2026-09-06T09:03:50.659+0000] {processor.py:914} INFO - Processing file /home/airflow/.local/lib/python3.12/site-packages/airflow/example_dags/example_display_name.py for tasks to queue
[2026-09-06T09:03:50.661+0000] {logging_mixin.py:190} INFO - [2026-09-06T09:03:50.661+0000] {dagbag.py:588} INFO - Filling up the DagBag from /home/airflow/.local/lib/python3.12/site-packages/airflow/example_dags/example_display_name.py
[2026-09-06T09:03:50.668+0000] {processor.py:925} INFO - DAG(s) 'example_display_name' retrieved from /home/airflow/.local/lib/python3.12/site-packages/airflow/example_dags/example_display_name.py
[2026-09-06T09:03:50.684+0000] {logging_mixin.py:190} INFO - [2026-09-06T09:03:50.683+0000] {dag.py:3239} INFO - Sync 1 DAGs
[2026-09-06T09:03:50.695+0000] {logging_mixin.py:190} INFO - [2026-09-06T09:03:50.694+0000] {dag.py:4180} INFO - Setting next_dagrun for example_display_name to None, run_after=None
[2026-09-06T09:03:50.721+0000] {processor.py:208} INFO - Processing /home/airflow/.local/lib/python3.12/site-packages/airflow/example_dags/example_display_name.py took 0.068 seconds
[2026-09-06T09:04:21.605+0000] {processor.py:186} INFO - Started process (PID=1372) to work on /home/airflow/.local/lib/python3.12/site-packages/airflow/example_dags/example_display_name.py
[2026-09-06T09:04:21.606+0000] {processor.py:914} INFO - Processing file /home/airflow/.local/lib/python3.12/site-packages/airflow/example_dags/example_display_name.py for tasks to queue
[2026-09-06T09:04:21.609+0000] {logging_mixin.py:190} INFO - [2026-09-06T09:04:21.608+0000] {dagbag.py:588} INFO - Filling up the DagBag from /home/airflow/.local/lib/python3.12/site-packages/airflow/example_dags/example_display_name.py
[2026-09-06T09:04:21.615+0000] {processor.py:925} INFO - DAG(s) 'example_display_name' retrieved from /home/airflow/.local/lib/python3.12/site-packages/airflow/example_dags/example_display_name.py
[2026-09-06T09:04:21.630+0000] {logging_mixin.py:190} INFO - [2026-09-06T09:04:21.630+0000] {dag.py:3239} INFO - Sync 1 DAGs
[2026-09-06T09:04:21.641+0000] {logging_mixin.py:190} INFO - [2026-09-06T09:04:21.641+0000] {dag.py:4180} INFO - Setting next_dagrun for example_display_name to None, run_after=None
[2026-09-06T09:04:21.660+0000] {processor.py:208} INFO - Processing /home/airflow/.local/lib/python3.12/site-packages/airflow/example_dags/example_display_name.py took 0.059 seconds
[2026-09-06T09:04:53.009+0000] {processor.py:186} INFO - Started process (PID=1436) to work on /home/airflow/.local/lib/python3.12/site-packages/airflow/example_dags/example_display_name.py
[2026-09-06T09:04:53.010+0000] {processor.py:914} INFO - Processing file /home/airflow/.local/lib/python3.12/site-packages/airflow/example_dags/example_display_name.py for tasks to queue
[2026-09-06T09:04:53.012+0000] {logging_mixin.py:190} INFO - [2026-09-06T09:04:53.012+0000] {dagbag.py:588} INFO - Filling up the DagBag from /home/airflow/.local/lib/python3.12/site-packages/airflow/example_dags/example_display_name.py
[2026-09-06T09:04:53.019+0000] {processor.py:925} INFO - DAG(s) 'example_display_name' retrieved from /home/airflow/.local/lib/python3.12/site-packages/airflow/example_dags/example_display_name.py
[2026-09-06T09:04:53.034+0000] {logging_mixin.py:190} INFO - [2026-09-06T09:04:53.033+0000] {dag.py:3239} INFO - Sync 1 DAGs
[2026-09-06T09:04:53.045+0000] {logging_mixin.py:190} INFO - [2026-09-06T09:04:53.044+0000] {dag.py:4180} INFO - Setting next_dagrun for example_display_name to None, run_after=None
[2026-09-06T09:04:53.059+0000] {processor.py:208} INFO - Processing /home/airflow/.local/lib/python3.12/site-packages/airflow/example_dags/example_display_name.py took 0.054 seconds
[2026-09-06T09:05:23.899+0000] {processor.py:186} INFO - Started process (PID=1500) to work on /home/airflow/.local/lib/python3.12/site-packages/airflow/example_dags/example_display_name.py
[2026-09-06T09:05:23.901+0000] {processor.py:914} INFO - Processing file /home/airflow/.local/lib/python3.12/site-packages/airflow/example_dags/example_display_name.py for tasks to queue
[2026-09-06T09:05:23.903+0000] {logging_mixin.py:190} INFO - [2026-09-06T09:05:23.903+0000] {dagbag.py:588} INFO - Filling up the DagBag from /home/airflow/.local/lib/python3.12/site-packages/airflow/example_dags/example_display_name.py
[2026-09-06T09:05:23.910+0000] {processor.py:925} INFO - DAG(s) 'example_display_name' retrieved from /home/airflow/.local/lib/python3.12/site-packages/airflow/example_dags/example_display_name.py
[2026-09-06T09:05:23.926+0000] {logging_mixin.py:190} INFO - [2026-09-06T09:05:23.926+0000] {dag.py:3239} INFO - Sync 1 DAGs
[2026-09-06T09:05:23.937+0000] {logging_mixin.py:190} INFO - [2026-09-06T09:05:23.937+0000] {dag.py:4180} INFO - Setting next_dagrun for example_display_name to None, run_after=None
[2026-09-06T09:05:23.953+0000] {processor.py:208} INFO - Processing /home/airflow/.local/lib/python3.12/site-packages/airflow/example_dags/example_display_name.py took 0.058 seconds
[2026-09-06T09:05:54.824+0000] {processor.py:186} INFO - Started process (PID=1564) to work on /home/airflow/.local/lib/python3.12/site-packages/airflow/example_dags/example_display_name.py
[2026-09-06T09:05:54.825+0000] {processor.py:914} INFO - Processing file /home/airflow/.local/lib/python3.12/site-packages/airflow/example_dags/example_display_name.py for tasks to queue
[2026-09-06T09:05:54.828+0000] {logging_mixin.py:190} INFO - [2026-09-06T09:05:54.828+0000] {dagbag.py:588} INFO - Filling up the DagBag from /home/airflow/.local/lib/python3.12/site-packages/airflow/example_dags/example_display_name.py
[2026-09-06T09:05:54.836+0000] {processor.py:925} INFO - DAG(s) 'example_display_name' retrieved from /home/airflow/.local/lib/python3.12/site-packages/airflow/example_dags/example_display_name.py
[2026-09-06T09:05:54.853+0000] {logging_mixin.py:190} INFO - [2026-09-06T09:05:54.852+0000] {dag.py:3239} INFO - Sync 1 DAGs
[2026-09-06T09:05:54.866+0000] {logging_mixin.py:190} INFO - [2026-09-06T09:05:54.865+0000] {dag.py:4180} INFO - Setting next_dagrun for example_display_name to None, run_after=None
[2026-09-06T09:05:54.881+0000] {processor.py:208} INFO - Processing /home/airflow/.local/lib/python3.12/site-packages/airflow/example_dags/example_display_name.py took 0.061 seconds
[2026-09-06T09:06:25.646+0000] {processor.py:186} INFO - Started process (PID=1628) to work on /home/airflow/.local/lib/python3.12/site-packages/airflow/example_dags/example_display_name.py
[2026-09-06T09:06:25.647+0000] {processor.py:914} INFO - Processing file /home/airflow/.local/lib/python3.12/site-packages/airflow/example_dags/example_display_name.py for tasks to queue
[2026-09-06T09:06:25.649+0000] {logging_mixin.py:190} INFO - [2026-09-06T09:06:25.649+0000] {dagbag.py:588} INFO - Filling up the DagBag from /home/airflow/.local/lib/python3.12/site-packages/airflow/example_dags/example_display_name.py
[2026-09-06T09:06:25.656+0000] {processor.py:925} INFO - DAG(s) 'example_display_name' retrieved from /home/airflow/.local/lib/python3.12/site-packages/airflow/example_dags/example_display_name.py
[2026-09-06T09:06:25.671+0000] {logging_mixin.py:190} INFO - [2026-09-06T09:06:25.671+0000] {dag.py:3239} INFO - Sync 1 DAGs
[2026-09-06T09:06:25.681+0000] {logging_mixin.py:190} INFO - [2026-09-06T09:06:25.681+0000] {dag.py:4180} INFO - Setting next_dagrun for example_display_name to None, run_after=None
[2026-09-06T09:06:25.697+0000] {processor.py:208} INFO - Processing /home/airflow/.local/lib/python3.12/site-packages/airflow/example_dags/example_display_name.py took 0.055 seconds
[2026-09-06T09:06:56.367+0000] {processor.py:186} INFO - Started process (PID=1692) to work on /home/airflow/.local/lib/python3.12/site-packages/airflow/example_dags/example_display_name.py
[2026-09-06T09:06:56.368+0000] {processor.py:914} INFO - Processing file /home/airflow/.local/lib/python3.12/site-packages/airflow/example_dags/example_display_name.py for tasks to queue
[2026-09-06T09:06:56.370+0000] {logging_mixin.py:190} INFO - [2026-09-06T09:06:56.370+0000] {dagbag.py:588} INFO - Filling up the DagBag from /home/airflow/.local/lib/python3.12/site-packages/airflow/example_dags/example_display_name.py
[2026-09-06T09:06:56.377+0000] {processor.py:925} INFO - DAG(s) 'example_display_name' retrieved from /home/airflow/.local/lib/python3.12/site-packages/airflow/example_dags/example_display_name.py
[2026-09-06T09:06:56.393+0000] {logging_mixin.py:190} INFO - [2026-09-06T09:06:56.393+0000] {dag.py:3239} INFO - Sync 1 DAGs
[2026-09-06T09:06:56.405+0000] {logging_mixin.py:190} INFO - [2026-09-06T09:06:56.404+0000] {dag.py:4180} INFO - Setting next_dagrun for example_display_name to None, run_after=None
[2026-09-06T09:06:56.421+0000] {processor.py:208} INFO - Processing /home/airflow/.local/lib/python3.12/site-packages/airflow/example_dags/example_display_name.py took 0.058 seconds
[2026-09-06T09:07:27.434+0000] {processor.py:186} INFO - Started process (PID=1756) to work on /home/airflow/.local/lib/python3.12/site-packages/airflow/example_dags/example_display_name.py
[2026-09-06T09:07:27.436+0000] {processor.py:914} INFO - Processing file /home/airflow/.local/lib/python3.12/site-packages/airflow/example_dags/example_display_name.py for tasks to queue
[2026-09-06T09:07:27.438+0000] {logging_mixin.py:190} INFO - [2026-09-06T09:07:27.438+0000] {dagbag.py:588} INFO - Filling up the DagBag from /home/airflow/.local/lib/python3.12/site-packages/airflow/example_dags/example_display_name.py
[2026-09-06T09:07:27.445+0000] {processor.py:925} INFO - DAG(s) 'example_display_name' retrieved from /home/airflow/.local/lib/python3.12/site-packages/airflow/example_dags/example_display_name.py
[2026-09-06T09:07:27.460+0000] {logging_mixin.py:190} INFO - [2026-09-06T09:07:27.460+0000] {dag.py:3239} INFO - Sync 1 DAGs
[2026-09-06T09:07:27.470+0000] {logging_mixin.py:190} INFO - [2026-09-06T09:07:27.470+0000] {dag.py:4180} INFO - Setting next_dagrun for example_display_name to None, run_after=None
[2026-09-06T09:07:27.487+0000] {processor.py:208} INFO - Processing /home/airflow/.local/lib/python3.12/site-packages/airflow/example_dags/example_display_name.py took 0.057 seconds
[2026-09-06T09:07:58.217+0000] {processor.py:186} INFO - Started process (PID=1820) to work on /home/airflow/.local/lib/python3.12/site-packages/airflow/example_dags/example_display_name.py
[2026-09-06T09:07:58.218+0000] {processor.py:914} INFO - Processing file /home/airflow/.local/lib/python3.12/site-packages/airflow/example_dags/example_display_name.py for tasks to queue
[2026-09-06T09:07:58.220+0000] {logging_mixin.py:190} INFO - [2026-09-06T09:07:58.220+0000] {dagbag.py:588} INFO - Filling up the DagBag from /home/airflow/.local/lib/python3.12/site-packages/airflow/example_dags/example_display_name.py
[2026-09-06T09:07:58.226+0000] {processor.py:925} INFO - DAG(s) 'example_display_name' retrieved from /home/airflow/.local/lib/python3.12/site-packages/airflow/example_dags/example_display_name.py
[2026-09-06T09:07:58.240+0000] {logging_mixin.py:190} INFO - [2026-09-06T09:07:58.240+0000] {dag.py:3239} INFO - Sync 1 DAGs
[2026-09-06T09:07:58.250+0000] {logging_mixin.py:190} INFO - [2026-09-06T09:07:58.249+0000] {dag.py:4180} INFO - Setting next_dagrun for example_display_name to None, run_after=None
[2026-09-06T09:07:58.263+0000] {processor.py:208} INFO - Processing /home/airflow/.local/lib/python3.12/site-packages/airflow/example_dags/example_display_name.py took 0.050 seconds
[2026-09-06T09:08:29.072+0000] {processor.py:186} INFO - Started process (PID=1890) to work on /home/airflow/.local/lib/python3.12/site-packages/airflow/example_dags/example_display_name.py
[2026-09-06T09:08:29.073+0000] {processor.py:914} INFO - Processing file /home/airflow/.local/lib/python3.12/site-packages/airflow/example_dags/example_display_name.py for tasks to queue
[2026-09-06T09:08:29.075+0000] {logging_mixin.py:190} INFO - [2026-09-06T09:08:29.075+0000] {dagbag.py:588} INFO - Filling up the DagBag from /home/airflow/.local/lib/python3.12/site-packages/airflow/example_dags/example_display_name.py
[2026-09-06T09:08:29.081+0000] {processor.py:925} INFO - DAG(s) 'example_display_name' retrieved from /home/airflow/.local/lib/python3.12/site-packages/airflow/example_dags/example_display_name.py
[2026-09-06T09:08:29.096+0000] {logging_mixin.py:190} INFO - [2026-09-06T09:08:29.096+0000] {dag.py:3239} INFO - Sync 1 DAGs
[2026-09-06T09:08:29.106+0000] {logging_mixin.py:190} INFO - [2026-09-06T09:08:29.106+0000] {dag.py:4180} INFO - Setting next_dagrun for example_display_name to None, run_after=None
[2026-09-06T09:08:29.120+0000] {processor.py:208} INFO - Processing /home/airflow/.local/lib/python3.12/site-packages/airflow/example_dags/example_display_name.py took 0.052 seconds
[2026-09-06T09:08:59.724+0000] {processor.py:186} INFO - Started process (PID=1954) to work on /home/airflow/.local/lib/python3.12/site-packages/airflow/example_dags/example_display_name.py
[2026-09-06T09:08:59.726+0000] {processor.py:914} INFO - Processing file /home/airflow/.local/lib/python3.12/site-packages/airflow/example_dags/example_display_name.py for tasks to queue
[2026-09-06T09:08:59.727+0000] {logging_mixin.py:190} INFO - [2026-09-06T09:08:59.727+0000] {dagbag.py:588} INFO - Filling up the DagBag from /home/airflow/.local/lib/python3.12/site-packages/airflow/example_dags/example_display_name.py
[2026-09-06T09:08:59.734+0000] {processor.py:925} INFO - DAG(s) 'example_display_name' retrieved from /home/airflow/.local/lib/python3.12/site-packages/airflow/example_dags/example_display_name.py
[2026-09-06T09:08:59.749+0000] {logging_mixin.py:190} INFO - [2026-09-06T09:08:59.749+0000] {dag.py:3239} INFO - Sync 1 DAGs
[2026-09-06T09:08:59.760+0000] {logging_mixin.py:190} INFO - [2026-09-06T09:08:59.759+0000] {dag.py:4180} INFO - Setting next_dagrun for example_display_name to None, run_after=None
[2026-09-06T09:08:59.773+0000] {processor.py:208} INFO - Processing /home/airflow/.local/lib/python3.12/site-packages/airflow/example_dags/example_display_name.py took 0.053 seconds
[2026-09-06T09:09:30.410+0000] {processor.py:186} INFO - Started process (PID=2018) to work on /home/airflow/.local/lib/python3.12/site-packages/airflow/example_dags/example_display_name.py
[2026-09-06T09:09:30.411+0000] {processor.py:914} INFO - Processing file /home/airflow/.local/lib/python3.12/site-packages/airflow/example_dags/example_display_name.py for tasks to queue
[2026-09-06T09:09:30.413+0000] {logging_mixin.py:190} INFO - [2026-09-06T09:09:30.413+0000] {dagbag.py:588} INFO - Filling up the DagBag from /home/airflow/.local/lib/python3.12/site-packages/airflow/example_dags/example_display_name.py
[2026-09-06T09:09:30.420+0000] {processor.py:925} INFO - DAG(s) 'example_display_name' retrieved from /home/airflow/.local/lib/python3.12/site-packages/airflow/example_dags/example_display_name.py
[2026-09-06T09:09:30.435+0000] {logging_mixin.py:190} INFO - [2026-09-06T09:09:30.435+0000] {dag.py:3239} INFO - Sync 1 DAGs
[2026-09-06T09:09:30.446+0000] {logging_mixin.py:190} INFO - [2026-09-06T09:09:30.446+0000] {dag.py:4180} INFO - Setting next_dagrun for example_display_name to None, run_after=None
[2026-09-06T09:09:30.460+0000] {processor.py:208} INFO - Processing /home/airflow/.local/lib/python3.12/site-packages/airflow/example_dags/example_display_name.py took 0.054 seconds
[2026-09-06T09:10:01.866+0000] {processor.py:186} INFO - Started process (PID=2082) to work on /home/airflow/.local/lib/python3.12/site-packages/airflow/example_dags/example_display_name.py
[2026-09-06T09:10:01.867+0000] {processor.py:914} INFO - Processing file /home/airflow/.local/lib/python3.12/site-packages/airflow/example_dags/example_display_name.py for tasks to queue
[2026-09-06T09:10:01.869+0000] {logging_mixin.py:190} INFO - [2026-09-06T09:10:01.868+0000] {dagbag.py:588} INFO - Filling up the DagBag from /home/airflow/.local/lib/python3.12/site-packages/airflow/example_dags/example_display_name.py
[2026-09-06T09:10:01.876+0000] {processor.py:925} INFO - DAG(s) 'example_display_name' retrieved from /home/airflow/.local/lib/python3.12/site-packages/airflow/example_dags/example_display_name.py
[2026-09-06T09:10:01.892+0000] {logging_mixin.py:190} INFO - [2026-09-06T09:10:01.892+0000] {dag.py:3239} INFO - Sync 1 DAGs
[2026-09-06T09:10:01.903+0000] {logging_mixin.py:190} INFO - [2026-09-06T09:10:01.903+0000] {dag.py:4180} INFO - Setting next_dagrun for example_display_name to None, run_after=None
[2026-09-06T09:10:01.917+0000] {processor.py:208} INFO - Processing /home/airflow/.local/lib/python3.12/site-packages/airflow/example_dags/example_display_name.py took 0.056 seconds
[2026-09-06T09:10:33.382+0000] {processor.py:186} INFO - Started process (PID=2146) to work on /home/airflow/.local/lib/python3.12/site-packages/airflow/example_dags/example_display_name.py
[2026-09-06T09:10:33.383+0000] {processor.py:914} INFO - Processing file /home/airflow/.local/lib/python3.12/site-packages/airflow/example_dags/example_display_name.py for tasks to queue
[2026-09-06T09:10:33.385+0000] {logging_mixin.py:190} INFO - [2026-09-06T09:10:33.385+0000] {dagbag.py:588} INFO - Filling up the DagBag from /home/airflow/.local/lib/python3.12/site-packages/airflow/example_dags/example_display_name.py
[2026-09-06T09:10:33.393+0000] {processor.py:925} INFO - DAG(s) 'example_display_name' retrieved from /home/airflow/.local/lib/python3.12/site-packages/airflow/example_dags/example_display_name.py
[2026-09-06T09:10:33.410+0000] {logging_mixin.py:190} INFO - [2026-09-06T09:10:33.409+0000] {dag.py:3239} INFO - Sync 1 DAGs
[2026-09-06T09:10:33.421+0000] {logging_mixin.py:190} INFO - [2026-09-06T09:10:33.421+0000] {dag.py:4180} INFO - Setting next_dagrun for example_display_name to None, run_after=None
[2026-09-06T09:10:33.436+0000] {processor.py:208} INFO - Processing /home/airflow/.local/lib/python3.12/site-packages/airflow/example_dags/example_display_name.py took 0.059 seconds
[2026-09-06T09:11:05.083+0000] {processor.py:186} INFO - Started process (PID=2210) to work on /home/airflow/.local/lib/python3.12/site-packages/airflow/example_dags/example_display_name.py
[2026-09-06T09:11:05.084+0000] {processor.py:914} INFO - Processing file /home/airflow/.local/lib/python3.12/site-packages/airflow/example_dags/example_display_name.py for tasks to queue
[2026-09-06T09:11:05.087+0000] {logging_mixin.py:190} INFO - [2026-09-06T09:11:05.087+0000] {dagbag.py:588} INFO - Filling up the DagBag from /home/airflow/.local/lib/python3.12/site-packages/airflow/example_dags/example_display_name.py
[2026-09-06T09:11:05.096+0000] {processor.py:925} INFO - DAG(s) 'example_display_name' retrieved from /home/airflow/.local/lib/python3.12/site-packages/airflow/example_dags/example_display_name.py
[2026-09-06T09:11:05.117+0000] {logging_mixin.py:190} INFO - [2026-09-06T09:11:05.117+0000] {dag.py:3239} INFO - Sync 1 DAGs
[2026-09-06T09:11:05.130+0000] {logging_mixin.py:190} INFO - [2026-09-06T09:11:05.130+0000] {dag.py:4180} INFO - Setting next_dagrun for example_display_name to None, run_after=None
[2026-09-06T09:11:05.153+0000] {processor.py:208} INFO - Processing /home/airflow/.local/lib/python3.12/site-packages/airflow/example_dags/example_display_name.py took 0.077 seconds
[2026-09-06T09:11:35.960+0000] {processor.py:186} INFO - Started process (PID=2274) to work on /home/airflow/.local/lib/python3.12/site-packages/airflow/example_dags/example_display_name.py
[2026-09-06T09:11:35.961+0000] {processor.py:914} INFO - Processing file /home/airflow/.local/lib/python3.12/site-packages/airflow/example_dags/example_display_name.py for tasks to queue
[2026-09-06T09:11:35.966+0000] {logging_mixin.py:190} INFO - [2026-09-06T09:11:35.966+0000] {dagbag.py:588} INFO - Filling up the DagBag from /home/airflow/.local/lib/python3.12/site-packages/airflow/example_dags/example_display_name.py
[2026-09-06T09:11:35.979+0000] {processor.py:925} INFO - DAG(s) 'example_display_name' retrieved from /home/airflow/.local/lib/python3.12/site-packages/airflow/example_dags/example_display_name.py
[2026-09-06T09:11:36.000+0000] {logging_mixin.py:190} INFO - [2026-09-06T09:11:36.000+0000] {dag.py:3239} INFO - Sync 1 DAGs
[2026-09-06T09:11:36.015+0000] {logging_mixin.py:190} INFO - [2026-09-06T09:11:36.015+0000] {dag.py:4180} INFO - Setting next_dagrun for example_display_name to None, run_after=None
[2026-09-06T09:11:36.034+0000] {processor.py:208} INFO - Processing /home/airflow/.local/lib/python3.12/site-packages/airflow/example_dags/example_display_name.py took 0.081 seconds
[2026-09-06T09:12:07.391+0000] {processor.py:186} INFO - Started process (PID=2338) to work on /home/airflow/.local/lib/python3.12/site-packages/airflow/example_dags/example_display_name.py
[2026-09-06T09:12:07.392+0000] {processor.py:914} INFO - Processing file /home/airflow/.local/lib/python3.12/site-packages/airflow/example_dags/example_display_name.py for tasks to queue
[2026-09-06T09:12:07.393+0000] {logging_mixin.py:190} INFO - [2026-09-06T09:12:07.393+0000] {dagbag.py:588} INFO - Filling up the DagBag from /home/airflow/.local/lib/python3.12/site-packages/airflow/example_dags/example_display_name.py
[2026-09-06T09:12:07.400+0000] {processor.py:925} INFO - DAG(s) 'example_display_name' retrieved from /home/airflow/.local/lib/python3.12/site-packages/airflow/example_dags/example_display_name.py
[2026-09-06T09:12:07.417+0000] {logging_mixin.py:190} INFO - [2026-09-06T09:12:07.417+0000] {dag.py:3239} INFO - Sync 1 DAGs
[2026-09-06T09:12:07.430+0000] {logging_mixin.py:190} INFO - [2026-09-06T09:12:07.430+0000] {dag.py:4180} INFO - Setting next_dagrun for example_display_name to None, run_after=None
[2026-09-06T09:12:07.446+0000] {processor.py:208} INFO - Processing /home/airflow/.local/lib/python3.12/site-packages/airflow/example_dags/example_display_name.py took 0.059 seconds
[2026-09-06T09:12:38.834+0000] {processor.py:186} INFO - Started process (PID=2402) to work on /home/airflow/.local/lib/python3.12/site-packages/airflow/example_dags/example_display_name.py
[2026-09-06T09:12:38.835+0000] {processor.py:914} INFO - Processing file /home/airflow/.local/lib/python3.12/site-packages/airflow/example_dags/example_display_name.py for tasks to queue
[2026-09-06T09:12:38.837+0000] {logging_mixin.py:190} INFO - [2026-09-06T09:12:38.837+0000] {dagbag.py:588} INFO - Filling up the DagBag from /home/airflow/.local/lib/python3.12/site-packages/airflow/example_dags/example_display_name.py
[2026-09-06T09:12:38.844+0000] {processor.py:925} INFO - DAG(s) 'example_display_name' retrieved from /home/airflow/.local/lib/python3.12/site-packages/airflow/example_dags/example_display_name.py
[2026-09-06T09:12:38.861+0000] {logging_mixin.py:190} INFO - [2026-09-06T09:12:38.860+0000] {dag.py:3239} INFO - Sync 1 DAGs
[2026-09-06T09:12:38.872+0000] {logging_mixin.py:190} INFO - [2026-09-06T09:12:38.872+0000] {dag.py:4180} INFO - Setting next_dagrun for example_display_name to None, run_after=None
[2026-09-06T09:12:38.888+0000] {processor.py:208} INFO - Processing /home/airflow/.local/lib/python3.12/site-packages/airflow/example_dags/example_display_name.py took 0.059 seconds
[2026-09-06T09:13:10.356+0000] {processor.py:186} INFO - Started process (PID=2468) to work on /home/airflow/.local/lib/python3.12/site-packages/airflow/example_dags/example_display_name.py
[2026-09-06T09:13:10.357+0000] {processor.py:914} INFO - Processing file /home/airflow/.local/lib/python3.12/site-packages/airflow/example_dags/example_display_name.py for tasks to queue
[2026-09-06T09:13:10.360+0000] {logging_mixin.py:190} INFO - [2026-09-06T09:13:10.359+0000] {dagbag.py:588} INFO - Filling up the DagBag from /home/airflow/.local/lib/python3.12/site-packages/airflow/example_dags/example_display_name.py
[2026-09-06T09:13:10.369+0000] {processor.py:925} INFO - DAG(s) 'example_display_name' retrieved from /home/airflow/.local/lib/python3.12/site-packages/airflow/example_dags/example_display_name.py
[2026-09-06T09:13:10.392+0000] {logging_mixin.py:190} INFO - [2026-09-06T09:13:10.392+0000] {dag.py:3239} INFO - Sync 1 DAGs
[2026-09-06T09:13:10.404+0000] {logging_mixin.py:190} INFO - [2026-09-06T09:13:10.403+0000] {dag.py:4180} INFO - Setting next_dagrun for example_display_name to None, run_after=None
[2026-09-06T09:13:10.423+0000] {processor.py:208} INFO - Processing /home/airflow/.local/lib/python3.12/site-packages/airflow/example_dags/example_display_name.py took 0.072 seconds
[2026-09-06T09:13:41.080+0000] {processor.py:186} INFO - Started process (PID=2531) to work on /home/airflow/.local/lib/python3.12/site-packages/airflow/example_dags/example_display_name.py
[2026-09-06T09:13:41.081+0000] {processor.py:914} INFO - Processing file /home/airflow/.local/lib/python3.12/site-packages/airflow/example_dags/example_display_name.py for tasks to queue
[2026-09-06T09:13:41.083+0000] {logging_mixin.py:190} INFO - [2026-09-06T09:13:41.083+0000] {dagbag.py:588} INFO - Filling up the DagBag from /home/airflow/.local/lib/python3.12/site-packages/airflow/example_dags/example_display_name.py
[2026-09-06T09:13:41.090+0000] {processor.py:925} INFO - DAG(s) 'example_display_name' retrieved from /home/airflow/.local/lib/python3.12/site-packages/airflow/example_dags/example_display_name.py
[2026-09-06T09:13:41.105+0000] {logging_mixin.py:190} INFO - [2026-09-06T09:13:41.105+0000] {dag.py:3239} INFO - Sync 1 DAGs
[2026-09-06T09:13:41.116+0000] {logging_mixin.py:190} INFO - [2026-09-06T09:13:41.116+0000] {dag.py:4180} INFO - Setting next_dagrun for example_display_name to None, run_after=None
[2026-09-06T09:13:41.129+0000] {processor.py:208} INFO - Processing /home/airflow/.local/lib/python3.12/site-packages/airflow/example_dags/example_display_name.py took 0.054 seconds
[2026-09-06T09:14:12.273+0000] {processor.py:186} INFO - Started process (PID=2595) to work on /home/airflow/.local/lib/python3.12/site-packages/airflow/example_dags/example_display_name.py
[2026-09-06T09:14:12.274+0000] {processor.py:914} INFO - Processing file /home/airflow/.local/lib/python3.12/site-packages/airflow/example_dags/example_display_name.py for tasks to queue
[2026-09-06T09:14:12.276+0000] {logging_mixin.py:190} INFO - [2026-09-06T09:14:12.276+0000] {dagbag.py:588} INFO - Filling up the DagBag from /home/airflow/.local/lib/python3.12/site-packages/airflow/example_dags/example_display_name.py
[2026-09-06T09:14:12.283+0000] {processor.py:925} INFO - DAG(s) 'example_display_name' retrieved from /home/airflow/.local/lib/python3.12/site-packages/airflow/example_dags/example_display_name.py
[2026-09-06T09:14:12.298+0000] {logging_mixin.py:190} INFO - [2026-09-06T09:14:12.298+0000] {dag.py:3239} INFO - Sync 1 DAGs
[2026-09-06T09:14:12.308+0000] {logging_mixin.py:190} INFO - [2026-09-06T09:14:12.308+0000] {dag.py:4180} INFO - Setting next_dagrun for example_display_name to None, run_after=None
[2026-09-06T09:14:12.323+0000] {processor.py:208} INFO - Processing /home/airflow/.local/lib/python3.12/site-packages/airflow/example_dags/example_display_name.py took 0.054 seconds
[2026-09-06T09:14:43.690+0000] {processor.py:186} INFO - Started process (PID=2659) to work on /home/airflow/.local/lib/python3.12/site-packages/airflow/example_dags/example_display_name.py
[2026-09-06T09:14:43.691+0000] {processor.py:914} INFO - Processing file /home/airflow/.local/lib/python3.12/site-packages/airflow/example_dags/example_display_name.py for tasks to queue
[2026-09-06T09:14:43.693+0000] {logging_mixin.py:190} INFO - [2026-09-06T09:14:43.692+0000] {dagbag.py:588} INFO - Filling up the DagBag from /home/airflow/.local/lib/python3.12/site-packages/airflow/example_dags/example_display_name.py
[2026-09-06T09:14:43.699+0000] {processor.py:925} INFO - DAG(s) 'example_display_name' retrieved from /home/airflow/.local/lib/python3.12/site-packages/airflow/example_dags/example_display_name.py
[2026-09-06T09:14:43.716+0000] {logging_mixin.py:190} INFO - [2026-09-06T09:14:43.715+0000] {dag.py:3239} INFO - Sync 1 DAGs
[2026-09-06T09:14:43.727+0000] {logging_mixin.py:190} INFO - [2026-09-06T09:14:43.727+0000] {dag.py:4180} INFO - Setting next_dagrun for example_display_name to None, run_after=None
[2026-09-06T09:14:43.742+0000] {processor.py:208} INFO - Processing /home/airflow/.local/lib/python3.12/site-packages/airflow/example_dags/example_display_name.py took 0.056 seconds
[2026-09-06T09:15:14.889+0000] {processor.py:186} INFO - Started process (PID=2724) to work on /home/airflow/.local/lib/python3.12/site-packages/airflow/example_dags/example_display_name.py
[2026-09-06T09:15:14.890+0000] {processor.py:914} INFO - Processing file /home/airflow/.local/lib/python3.12/site-packages/airflow/example_dags/example_display_name.py for tasks to queue
[2026-09-06T09:15:14.892+0000] {logging_mixin.py:190} INFO - [2026-09-06T09:15:14.892+0000] {dagbag.py:588} INFO - Filling up the DagBag from /home/airflow/.local/lib/python3.12/site-packages/airflow/example_dags/example_display_name.py
[2026-09-06T09:15:14.899+0000] {processor.py:925} INFO - DAG(s) 'example_display_name' retrieved from /home/airflow/.local/lib/python3.12/site-packages/airflow/example_dags/example_display_name.py
[2026-09-06T09:15:14.915+0000] {logging_mixin.py:190} INFO - [2026-09-06T09:15:14.914+0000] {dag.py:3239} INFO - Sync 1 DAGs
[2026-09-06T09:15:14.926+0000] {logging_mixin.py:190} INFO - [2026-09-06T09:15:14.925+0000] {dag.py:4180} INFO - Setting next_dagrun for example_display_name to None, run_after=None
[2026-09-06T09:15:14.940+0000] {processor.py:208} INFO - Processing /home/airflow/.local/lib/python3.12/site-packages/airflow/example_dags/example_display_name.py took 0.055 seconds
[2026-09-06T09:15:45.732+0000] {processor.py:186} INFO - Started process (PID=2789) to work on /home/airflow/.local/lib/python3.12/site-packages/airflow/example_dags/example_display_name.py
[2026-09-06T09:15:45.733+0000] {processor.py:914} INFO - Processing file /home/airflow/.local/lib/python3.12/site-packages/airflow/example_dags/example_display_name.py for tasks to queue
[2026-09-06T09:15:45.736+0000] {logging_mixin.py:190} INFO - [2026-09-06T09:15:45.735+0000] {dagbag.py:588} INFO - Filling up the DagBag from /home/airflow/.local/lib/python3.12/site-packages/airflow/example_dags/example_display_name.py
[2026-09-06T09:15:45.742+0000] {processor.py:925} INFO - DAG(s) 'example_display_name' retrieved from /home/airflow/.local/lib/python3.12/site-packages/airflow/example_dags/example_display_name.py
[2026-09-06T09:15:45.759+0000] {logging_mixin.py:190} INFO - [2026-09-06T09:15:45.758+0000] {dag.py:3239} INFO - Sync 1 DAGs
[2026-09-06T09:15:45.770+0000] {logging_mixin.py:190} INFO - [2026-09-06T09:15:45.770+0000] {dag.py:4180} INFO - Setting next_dagrun for example_display_name to None, run_after=None
[2026-09-06T09:15:45.801+0000] {processor.py:208} INFO - Processing /home/airflow/.local/lib/python3.12/site-packages/airflow/example_dags/example_display_name.py took 0.075 seconds
[2026-09-06T09:16:16.168+0000] {processor.py:186} INFO - Started process (PID=2852) to work on /home/airflow/.local/lib/python3.12/site-packages/airflow/example_dags/example_display_name.py
[2026-09-06T09:16:16.169+0000] {processor.py:914} INFO - Processing file /home/airflow/.local/lib/python3.12/site-packages/airflow/example_dags/example_display_name.py for tasks to queue
[2026-09-06T09:16:16.171+0000] {logging_mixin.py:190} INFO - [2026-09-06T09:16:16.171+0000] {dagbag.py:588} INFO - Filling up the DagBag from /home/airflow/.local/lib/python3.12/site-packages/airflow/example_dags/example_display_name.py
[2026-09-06T09:16:16.177+0000] {processor.py:925} INFO - DAG(s) 'example_display_name' retrieved from /home/airflow/.local/lib/python3.12/site-packages/airflow/example_dags/example_display_name.py
[2026-09-06T09:16:16.192+0000] {logging_mixin.py:190} INFO - [2026-09-06T09:16:16.192+0000] {dag.py:3239} INFO - Sync 1 DAGs
[2026-09-06T09:16:16.203+0000] {logging_mixin.py:190} INFO - [2026-09-06T09:16:16.203+0000] {dag.py:4180} INFO - Setting next_dagrun for example_display_name to None, run_after=None
[2026-09-06T09:16:16.221+0000] {processor.py:208} INFO - Processing /home/airflow/.local/lib/python3.12/site-packages/airflow/example_dags/example_display_name.py took 0.058 seconds
[2026-09-06T09:16:48.488+0000] {processor.py:186} INFO - Started process (PID=2919) to work on /home/airflow/.local/lib/python3.12/site-packages/airflow/example_dags/example_display_name.py
[2026-09-06T09:16:48.490+0000] {processor.py:914} INFO - Processing file /home/airflow/.local/lib/python3.12/site-packages/airflow/example_dags/example_display_name.py for tasks to queue
[2026-09-06T09:16:48.492+0000] {logging_mixin.py:190} INFO - [2026-09-06T09:16:48.492+0000] {dagbag.py:588} INFO - Filling up the DagBag from /home/airflow/.local/lib/python3.12/site-packages/airflow/example_dags/example_display_name.py
[2026-09-06T09:16:48.499+0000] {processor.py:925} INFO - DAG(s) 'example_display_name' retrieved from /home/airflow/.local/lib/python3.12/site-packages/airflow/example_dags/example_display_name.py
[2026-09-06T09:16:48.518+0000] {logging_mixin.py:190} INFO - [2026-09-06T09:16:48.518+0000] {dag.py:3239} INFO - Sync 1 DAGs
[2026-09-06T09:16:48.532+0000] {logging_mixin.py:190} INFO - [2026-09-06T09:16:48.532+0000] {dag.py:4180} INFO - Setting next_dagrun for example_display_name to None, run_after=None
[2026-09-06T09:16:48.552+0000] {processor.py:208} INFO - Processing /home/airflow/.local/lib/python3.12/site-packages/airflow/example_dags/example_display_name.py took 0.069 seconds
[2026-09-06T09:17:19.329+0000] {processor.py:186} INFO - Started process (PID=2983) to work on /home/airflow/.local/lib/python3.12/site-packages/airflow/example_dags/example_display_name.py
[2026-09-06T09:17:19.330+0000] {processor.py:914} INFO - Processing file /home/airflow/.local/lib/python3.12/site-packages/airflow/example_dags/example_display_name.py for tasks to queue
[2026-09-06T09:17:19.333+0000] {logging_mixin.py:190} INFO - [2026-09-06T09:17:19.332+0000] {dagbag.py:588} INFO - Filling up the DagBag from /home/airflow/.local/lib/python3.12/site-packages/airflow/example_dags/example_display_name.py
[2026-09-06T09:17:19.339+0000] {processor.py:925} INFO - DAG(s) 'example_display_name' retrieved from /home/airflow/.local/lib/python3.12/site-packages/airflow/example_dags/example_display_name.py
[2026-09-06T09:17:19.354+0000] {logging_mixin.py:190} INFO - [2026-09-06T09:17:19.354+0000] {dag.py:3239} INFO - Sync 1 DAGs
[2026-09-06T09:17:19.365+0000] {logging_mixin.py:190} INFO - [2026-09-06T09:17:19.365+0000] {dag.py:4180} INFO - Setting next_dagrun for example_display_name to None, run_after=None
[2026-09-06T09:17:19.379+0000] {processor.py:208} INFO - Processing /home/airflow/.local/lib/python3.12/site-packages/airflow/example_dags/example_display_name.py took 0.055 seconds
[2026-09-06T09:17:49.725+0000] {processor.py:186} INFO - Started process (PID=3046) to work on /home/airflow/.local/lib/python3.12/site-packages/airflow/example_dags/example_display_name.py
[2026-09-06T09:17:49.726+0000] {processor.py:914} INFO - Processing file /home/airflow/.local/lib/python3.12/site-packages/airflow/example_dags/example_display_name.py for tasks to queue
[2026-09-06T09:17:49.728+0000] {logging_mixin.py:190} INFO - [2026-09-06T09:17:49.728+0000] {dagbag.py:588} INFO - Filling up the DagBag from /home/airflow/.local/lib/python3.12/site-packages/airflow/example_dags/example_display_name.py
[2026-09-06T09:17:49.734+0000] {processor.py:925} INFO - DAG(s) 'example_display_name' retrieved from /home/airflow/.local/lib/python3.12/site-packages/airflow/example_dags/example_display_name.py
[2026-09-06T09:17:49.750+0000] {logging_mixin.py:190} INFO - [2026-09-06T09:17:49.749+0000] {dag.py:3239} INFO - Sync 1 DAGs
[2026-09-06T09:17:49.761+0000] {logging_mixin.py:190} INFO - [2026-09-06T09:17:49.760+0000] {dag.py:4180} INFO - Setting next_dagrun for example_display_name to None, run_after=None
[2026-09-06T09:17:49.775+0000] {processor.py:208} INFO - Processing /home/airflow/.local/lib/python3.12/site-packages/airflow/example_dags/example_display_name.py took 0.055 seconds
[2026-09-06T09:18:21.820+0000] {processor.py:186} INFO - Started process (PID=3116) to work on /home/airflow/.local/lib/python3.12/site-packages/airflow/example_dags/example_display_name.py
[2026-09-06T09:18:21.821+0000] {processor.py:914} INFO - Processing file /home/airflow/.local/lib/python3.12/site-packages/airflow/example_dags/example_display_name.py for tasks to queue
[2026-09-06T09:18:21.823+0000] {logging_mixin.py:190} INFO - [2026-09-06T09:18:21.822+0000] {dagbag.py:588} INFO - Filling up the DagBag from /home/airflow/.local/lib/python3.12/site-packages/airflow/example_dags/example_display_name.py
[2026-09-06T09:18:21.829+0000] {processor.py:925} INFO - DAG(s) 'example_display_name' retrieved from /home/airflow/.local/lib/python3.12/site-packages/airflow/example_dags/example_display_name.py
[2026-09-06T09:18:21.844+0000] {logging_mixin.py:190} INFO - [2026-09-06T09:18:21.843+0000] {dag.py:3239} INFO - Sync 1 DAGs
[2026-09-06T09:18:21.855+0000] {logging_mixin.py:190} INFO - [2026-09-06T09:18:21.854+0000] {dag.py:4180} INFO - Setting next_dagrun for example_display_name to None, run_after=None
[2026-09-06T09:18:21.868+0000] {processor.py:208} INFO - Processing /home/airflow/.local/lib/python3.12/site-packages/airflow/example_dags/example_display_name.py took 0.053 seconds
[2026-09-06T09:18:54.145+0000] {processor.py:186} INFO - Started process (PID=3182) to work on /home/airflow/.local/lib/python3.12/site-packages/airflow/example_dags/example_display_name.py
[2026-09-06T09:18:54.147+0000] {processor.py:914} INFO - Processing file /home/airflow/.local/lib/python3.12/site-packages/airflow/example_dags/example_display_name.py for tasks to queue
[2026-09-06T09:18:54.152+0000] {logging_mixin.py:190} INFO - [2026-09-06T09:18:54.151+0000] {dagbag.py:588} INFO - Filling up the DagBag from /home/airflow/.local/lib/python3.12/site-packages/airflow/example_dags/example_display_name.py
[2026-09-06T09:18:54.167+0000] {processor.py:925} INFO - DAG(s) 'example_display_name' retrieved from /home/airflow/.local/lib/python3.12/site-packages/airflow/example_dags/example_display_name.py
[2026-09-06T09:18:54.193+0000] {logging_mixin.py:190} INFO - [2026-09-06T09:18:54.192+0000] {dag.py:3239} INFO - Sync 1 DAGs
[2026-09-06T09:18:54.433+0000] {logging_mixin.py:190} INFO - [2026-09-06T09:18:54.433+0000] {dag.py:4180} INFO - Setting next_dagrun for example_display_name to None, run_after=None
[2026-09-06T09:18:54.449+0000] {processor.py:208} INFO - Processing /home/airflow/.local/lib/python3.12/site-packages/airflow/example_dags/example_display_name.py took 0.315 seconds
[2026-09-06T09:19:24.844+0000] {processor.py:186} INFO - Started process (PID=3246) to work on /home/airflow/.local/lib/python3.12/site-packages/airflow/example_dags/example_display_name.py
[2026-09-06T09:19:24.845+0000] {processor.py:914} INFO - Processing file /home/airflow/.local/lib/python3.12/site-packages/airflow/example_dags/example_display_name.py for tasks to queue
[2026-09-06T09:19:24.847+0000] {logging_mixin.py:190} INFO - [2026-09-06T09:19:24.847+0000] {dagbag.py:588} INFO - Filling up the DagBag from /home/airflow/.local/lib/python3.12/site-packages/airflow/example_dags/example_display_name.py
[2026-09-06T09:19:24.855+0000] {processor.py:925} INFO - DAG(s) 'example_display_name' retrieved from /home/airflow/.local/lib/python3.12/site-packages/airflow/example_dags/example_display_name.py
[2026-09-06T09:19:24.872+0000] {logging_mixin.py:190} INFO - [2026-09-06T09:19:24.872+0000] {dag.py:3239} INFO - Sync 1 DAGs
[2026-09-06T09:19:24.883+0000] {logging_mixin.py:190} INFO - [2026-09-06T09:19:24.883+0000] {dag.py:4180} INFO - Setting next_dagrun for example_display_name to None, run_after=None
[2026-09-06T09:19:25.093+0000] {processor.py:208} INFO - Processing /home/airflow/.local/lib/python3.12/site-packages/airflow/example_dags/example_display_name.py took 0.253 seconds
[2026-09-06T09:19:56.208+0000] {processor.py:186} INFO - Started process (PID=3310) to work on /home/airflow/.local/lib/python3.12/site-packages/airflow/example_dags/example_display_name.py
[2026-09-06T09:19:56.209+0000] {processor.py:914} INFO - Processing file /home/airflow/.local/lib/python3.12/site-packages/airflow/example_dags/example_display_name.py for tasks to queue
[2026-09-06T09:19:56.212+0000] {logging_mixin.py:190} INFO - [2026-09-06T09:19:56.211+0000] {dagbag.py:588} INFO - Filling up the DagBag from /home/airflow/.local/lib/python3.12/site-packages/airflow/example_dags/example_display_name.py
[2026-09-06T09:19:56.219+0000] {processor.py:925} INFO - DAG(s) 'example_display_name' retrieved from /home/airflow/.local/lib/python3.12/site-packages/airflow/example_dags/example_display_name.py
[2026-09-06T09:19:56.236+0000] {logging_mixin.py:190} INFO - [2026-09-06T09:19:56.236+0000] {dag.py:3239} INFO - Sync 1 DAGs
[2026-09-06T09:19:56.249+0000] {logging_mixin.py:190} INFO - [2026-09-06T09:19:56.248+0000] {dag.py:4180} INFO - Setting next_dagrun for example_display_name to None, run_after=None
[2026-09-06T09:19:56.265+0000] {processor.py:208} INFO - Processing /home/airflow/.local/lib/python3.12/site-packages/airflow/example_dags/example_display_name.py took 0.063 seconds
[2026-09-06T09:20:27.198+0000] {processor.py:186} INFO - Started process (PID=3374) to work on /home/airflow/.local/lib/python3.12/site-packages/airflow/example_dags/example_display_name.py
[2026-09-06T09:20:27.200+0000] {processor.py:914} INFO - Processing file /home/airflow/.local/lib/python3.12/site-packages/airflow/example_dags/example_display_name.py for tasks to queue
[2026-09-06T09:20:27.202+0000] {logging_mixin.py:190} INFO - [2026-09-06T09:20:27.202+0000] {dagbag.py:588} INFO - Filling up the DagBag from /home/airflow/.local/lib/python3.12/site-packages/airflow/example_dags/example_display_name.py
[2026-09-06T09:20:27.209+0000] {processor.py:925} INFO - DAG(s) 'example_display_name' retrieved from /home/airflow/.local/lib/python3.12/site-packages/airflow/example_dags/example_display_name.py
[2026-09-06T09:20:27.225+0000] {logging_mixin.py:190} INFO - [2026-09-06T09:20:27.225+0000] {dag.py:3239} INFO - Sync 1 DAGs
[2026-09-06T09:20:27.235+0000] {logging_mixin.py:190} INFO - [2026-09-06T09:20:27.235+0000] {dag.py:4180} INFO - Setting next_dagrun for example_display_name to None, run_after=None
[2026-09-06T09:20:27.251+0000] {processor.py:208} INFO - Processing /home/airflow/.local/lib/python3.12/site-packages/airflow/example_dags/example_display_name.py took 0.057 seconds
[2026-09-06T09:20:58.794+0000] {processor.py:186} INFO - Started process (PID=3442) to work on /home/airflow/.local/lib/python3.12/site-packages/airflow/example_dags/example_display_name.py
[2026-09-06T09:20:58.795+0000] {processor.py:914} INFO - Processing file /home/airflow/.local/lib/python3.12/site-packages/airflow/example_dags/example_display_name.py for tasks to queue
[2026-09-06T09:20:58.798+0000] {logging_mixin.py:190} INFO - [2026-09-06T09:20:58.797+0000] {dagbag.py:588} INFO - Filling up the DagBag from /home/airflow/.local/lib/python3.12/site-packages/airflow/example_dags/example_display_name.py
[2026-09-06T09:20:58.805+0000] {processor.py:925} INFO - DAG(s) 'example_display_name' retrieved from /home/airflow/.local/lib/python3.12/site-packages/airflow/example_dags/example_display_name.py
[2026-09-06T09:20:58.821+0000] {logging_mixin.py:190} INFO - [2026-09-06T09:20:58.820+0000] {dag.py:3239} INFO - Sync 1 DAGs
[2026-09-06T09:20:58.832+0000] {logging_mixin.py:190} INFO - [2026-09-06T09:20:58.832+0000] {dag.py:4180} INFO - Setting next_dagrun for example_display_name to None, run_after=None
[2026-09-06T09:20:58.847+0000] {processor.py:208} INFO - Processing /home/airflow/.local/lib/python3.12/site-packages/airflow/example_dags/example_display_name.py took 0.058 seconds
[2026-09-06T09:21:30.045+0000] {processor.py:186} INFO - Started process (PID=3512) to work on /home/airflow/.local/lib/python3.12/site-packages/airflow/example_dags/example_display_name.py
[2026-09-06T09:21:30.046+0000] {processor.py:914} INFO - Processing file /home/airflow/.local/lib/python3.12/site-packages/airflow/example_dags/example_display_name.py for tasks to queue
[2026-09-06T09:21:30.050+0000] {logging_mixin.py:190} INFO - [2026-09-06T09:21:30.049+0000] {dagbag.py:588} INFO - Filling up the DagBag from /home/airflow/.local/lib/python3.12/site-packages/airflow/example_dags/example_display_name.py
[2026-09-06T09:21:30.060+0000] {processor.py:925} INFO - DAG(s) 'example_display_name' retrieved from /home/airflow/.local/lib/python3.12/site-packages/airflow/example_dags/example_display_name.py
[2026-09-06T09:21:30.081+0000] {logging_mixin.py:190} INFO - [2026-09-06T09:21:30.080+0000] {dag.py:3239} INFO - Sync 1 DAGs
[2026-09-06T09:21:30.103+0000] {logging_mixin.py:190} INFO - [2026-09-06T09:21:30.103+0000] {dag.py:4180} INFO - Setting next_dagrun for example_display_name to None, run_after=None
[2026-09-06T09:21:30.135+0000] {processor.py:208} INFO - Processing /home/airflow/.local/lib/python3.12/site-packages/airflow/example_dags/example_display_name.py took 0.097 seconds
[2026-09-06T09:22:01.306+0000] {processor.py:186} INFO - Started process (PID=3576) to work on /home/airflow/.local/lib/python3.12/site-packages/airflow/example_dags/example_display_name.py
[2026-09-06T09:22:01.307+0000] {processor.py:914} INFO - Processing file /home/airflow/.local/lib/python3.12/site-packages/airflow/example_dags/example_display_name.py for tasks to queue
[2026-09-06T09:22:01.309+0000] {logging_mixin.py:190} INFO - [2026-09-06T09:22:01.309+0000] {dagbag.py:588} INFO - Filling up the DagBag from /home/airflow/.local/lib/python3.12/site-packages/airflow/example_dags/example_display_name.py
[2026-09-06T09:22:01.315+0000] {processor.py:925} INFO - DAG(s) 'example_display_name' retrieved from /home/airflow/.local/lib/python3.12/site-packages/airflow/example_dags/example_display_name.py
[2026-09-06T09:22:01.330+0000] {logging_mixin.py:190} INFO - [2026-09-06T09:22:01.329+0000] {dag.py:3239} INFO - Sync 1 DAGs
[2026-09-06T09:22:01.339+0000] {logging_mixin.py:190} INFO - [2026-09-06T09:22:01.339+0000] {dag.py:4180} INFO - Setting next_dagrun for example_display_name to None, run_after=None
[2026-09-06T09:22:01.356+0000] {processor.py:208} INFO - Processing /home/airflow/.local/lib/python3.12/site-packages/airflow/example_dags/example_display_name.py took 0.054 seconds
[2026-09-06T09:22:32.287+0000] {processor.py:186} INFO - Started process (PID=3640) to work on /home/airflow/.local/lib/python3.12/site-packages/airflow/example_dags/example_display_name.py
[2026-09-06T09:22:32.289+0000] {processor.py:914} INFO - Processing file /home/airflow/.local/lib/python3.12/site-packages/airflow/example_dags/example_display_name.py for tasks to queue
[2026-09-06T09:22:32.291+0000] {logging_mixin.py:190} INFO - [2026-09-06T09:22:32.291+0000] {dagbag.py:588} INFO - Filling up the DagBag from /home/airflow/.local/lib/python3.12/site-packages/airflow/example_dags/example_display_name.py
[2026-09-06T09:22:32.298+0000] {processor.py:925} INFO - DAG(s) 'example_display_name' retrieved from /home/airflow/.local/lib/python3.12/site-packages/airflow/example_dags/example_display_name.py
[2026-09-06T09:22:32.313+0000] {logging_mixin.py:190} INFO - [2026-09-06T09:22:32.313+0000] {dag.py:3239} INFO - Sync 1 DAGs
[2026-09-06T09:22:32.325+0000] {logging_mixin.py:190} INFO - [2026-09-06T09:22:32.324+0000] {dag.py:4180} INFO - Setting next_dagrun for example_display_name to None, run_after=None
[2026-09-06T09:22:32.339+0000] {processor.py:208} INFO - Processing /home/airflow/.local/lib/python3.12/site-packages/airflow/example_dags/example_display_name.py took 0.058 seconds
[2026-09-06T09:23:03.290+0000] {processor.py:186} INFO - Started process (PID=3704) to work on /home/airflow/.local/lib/python3.12/site-packages/airflow/example_dags/example_display_name.py
[2026-09-06T09:23:03.291+0000] {processor.py:914} INFO - Processing file /home/airflow/.local/lib/python3.12/site-packages/airflow/example_dags/example_display_name.py for tasks to queue
[2026-09-06T09:23:03.294+0000] {logging_mixin.py:190} INFO - [2026-09-06T09:23:03.293+0000] {dagbag.py:588} INFO - Filling up the DagBag from /home/airflow/.local/lib/python3.12/site-packages/airflow/example_dags/example_display_name.py
[2026-09-06T09:23:03.300+0000] {processor.py:925} INFO - DAG(s) 'example_display_name' retrieved from /home/airflow/.local/lib/python3.12/site-packages/airflow/example_dags/example_display_name.py
[2026-09-06T09:23:03.315+0000] {logging_mixin.py:190} INFO - [2026-09-06T09:23:03.315+0000] {dag.py:3239} INFO - Sync 1 DAGs
[2026-09-06T09:23:03.326+0000] {logging_mixin.py:190} INFO - [2026-09-06T09:23:03.326+0000] {dag.py:4180} INFO - Setting next_dagrun for example_display_name to None, run_after=None
[2026-09-06T09:23:03.343+0000] {processor.py:208} INFO - Processing /home/airflow/.local/lib/python3.12/site-packages/airflow/example_dags/example_display_name.py took 0.057 seconds
[2026-09-06T09:23:34.173+0000] {processor.py:186} INFO - Started process (PID=3768) to work on /home/airflow/.local/lib/python3.12/site-packages/airflow/example_dags/example_display_name.py
[2026-09-06T09:23:34.174+0000] {processor.py:914} INFO - Processing file /home/airflow/.local/lib/python3.12/site-packages/airflow/example_dags/example_display_name.py for tasks to queue
[2026-09-06T09:23:34.176+0000] {logging_mixin.py:190} INFO - [2026-09-06T09:23:34.176+0000] {dagbag.py:588} INFO - Filling up the DagBag from /home/airflow/.local/lib/python3.12/site-packages/airflow/example_dags/example_display_name.py
[2026-09-06T09:23:34.183+0000] {processor.py:925} INFO - DAG(s) 'example_display_name' retrieved from /home/airflow/.local/lib/python3.12/site-packages/airflow/example_dags/example_display_name.py
[2026-09-06T09:23:34.200+0000] {logging_mixin.py:190} INFO - [2026-09-06T09:23:34.200+0000] {dag.py:3239} INFO - Sync 1 DAGs
[2026-09-06T09:23:34.219+0000] {logging_mixin.py:190} INFO - [2026-09-06T09:23:34.218+0000] {dag.py:4180} INFO - Setting next_dagrun for example_display_name to None, run_after=None
[2026-09-06T09:23:34.241+0000] {processor.py:208} INFO - Processing /home/airflow/.local/lib/python3.12/site-packages/airflow/example_dags/example_display_name.py took 0.073 seconds
[2026-09-06T09:24:05.387+0000] {processor.py:186} INFO - Started process (PID=3832) to work on /home/airflow/.local/lib/python3.12/site-packages/airflow/example_dags/example_display_name.py
[2026-09-06T09:24:05.388+0000] {processor.py:914} INFO - Processing file /home/airflow/.local/lib/python3.12/site-packages/airflow/example_dags/example_display_name.py for tasks to queue
[2026-09-06T09:24:05.390+0000] {logging_mixin.py:190} INFO - [2026-09-06T09:24:05.390+0000] {dagbag.py:588} INFO - Filling up the DagBag from /home/airflow/.local/lib/python3.12/site-packages/airflow/example_dags/example_display_name.py
[2026-09-06T09:24:05.398+0000] {processor.py:925} INFO - DAG(s) 'example_display_name' retrieved from /home/airflow/.local/lib/python3.12/site-packages/airflow/example_dags/example_display_name.py
[2026-09-06T09:24:05.415+0000] {logging_mixin.py:190} INFO - [2026-09-06T09:24:05.414+0000] {dag.py:3239} INFO - Sync 1 DAGs
[2026-09-06T09:24:05.428+0000] {logging_mixin.py:190} INFO - [2026-09-06T09:24:05.427+0000] {dag.py:4180} INFO - Setting next_dagrun for example_display_name to None, run_after=None
[2026-09-06T09:24:05.443+0000] {processor.py:208} INFO - Processing /home/airflow/.local/lib/python3.12/site-packages/airflow/example_dags/example_display_name.py took 0.062 seconds
[2026-09-06T09:24:36.658+0000] {processor.py:186} INFO - Started process (PID=3896) to work on /home/airflow/.local/lib/python3.12/site-packages/airflow/example_dags/example_display_name.py
[2026-09-06T09:24:36.659+0000] {processor.py:914} INFO - Processing file /home/airflow/.local/lib/python3.12/site-packages/airflow/example_dags/example_display_name.py for tasks to queue
[2026-09-06T09:24:36.661+0000] {logging_mixin.py:190} INFO - [2026-09-06T09:24:36.661+0000] {dagbag.py:588} INFO - Filling up the DagBag from /home/airflow/.local/lib/python3.12/site-packages/airflow/example_dags/example_display_name.py
[2026-09-06T09:24:36.670+0000] {processor.py:925} INFO - DAG(s) 'example_display_name' retrieved from /home/airflow/.local/lib/python3.12/site-packages/airflow/example_dags/example_display_name.py
[2026-09-06T09:24:36.688+0000] {logging_mixin.py:190} INFO - [2026-09-06T09:24:36.688+0000] {dag.py:3239} INFO - Sync 1 DAGs
[2026-09-06T09:24:36.700+0000] {logging_mixin.py:190} INFO - [2026-09-06T09:24:36.700+0000] {dag.py:4180} INFO - Setting next_dagrun for example_display_name to None, run_after=None
[2026-09-06T09:24:36.717+0000] {processor.py:208} INFO - Processing /home/airflow/.local/lib/python3.12/site-packages/airflow/example_dags/example_display_name.py took 0.065 seconds
[2026-09-06T09:25:07.454+0000] {processor.py:186} INFO - Started process (PID=3960) to work on /home/airflow/.local/lib/python3.12/site-packages/airflow/example_dags/example_display_name.py
[2026-09-06T09:25:07.455+0000] {processor.py:914} INFO - Processing file /home/airflow/.local/lib/python3.12/site-packages/airflow/example_dags/example_display_name.py for tasks to queue
[2026-09-06T09:25:07.459+0000] {logging_mixin.py:190} INFO - [2026-09-06T09:25:07.459+0000] {dagbag.py:588} INFO - Filling up the DagBag from /home/airflow/.local/lib/python3.12/site-packages/airflow/example_dags/example_display_name.py
[2026-09-06T09:25:07.469+0000] {processor.py:925} INFO - DAG(s) 'example_display_name' retrieved from /home/airflow/.local/lib/python3.12/site-packages/airflow/example_dags/example_display_name.py
[2026-09-06T09:25:07.495+0000] {logging_mixin.py:190} INFO - [2026-09-06T09:25:07.495+0000] {dag.py:3239} INFO - Sync 1 DAGs
[2026-09-06T09:25:07.516+0000] {logging_mixin.py:190} INFO - [2026-09-06T09:25:07.515+0000] {dag.py:4180} INFO - Setting next_dagrun for example_display_name to None, run_after=None
[2026-09-06T09:25:07.537+0000] {processor.py:208} INFO - Processing /home/airflow/.local/lib/python3.12/site-packages/airflow/example_dags/example_display_name.py took 0.092 seconds
[2026-09-06T09:25:37.954+0000] {processor.py:186} INFO - Started process (PID=4024) to work on /home/airflow/.local/lib/python3.12/site-packages/airflow/example_dags/example_display_name.py
[2026-09-06T09:25:37.955+0000] {processor.py:914} INFO - Processing file /home/airflow/.local/lib/python3.12/site-packages/airflow/example_dags/example_display_name.py for tasks to queue
[2026-09-06T09:25:37.957+0000] {logging_mixin.py:190} INFO - [2026-09-06T09:25:37.957+0000] {dagbag.py:588} INFO - Filling up the DagBag from /home/airflow/.local/lib/python3.12/site-packages/airflow/example_dags/example_display_name.py
[2026-09-06T09:25:37.963+0000] {processor.py:925} INFO - DAG(s) 'example_display_name' retrieved from /home/airflow/.local/lib/python3.12/site-packages/airflow/example_dags/example_display_name.py
[2026-09-06T09:25:37.979+0000] {logging_mixin.py:190} INFO - [2026-09-06T09:25:37.979+0000] {dag.py:3239} INFO - Sync 1 DAGs
[2026-09-06T09:25:37.989+0000] {logging_mixin.py:190} INFO - [2026-09-06T09:25:37.989+0000] {dag.py:4180} INFO - Setting next_dagrun for example_display_name to None, run_after=None
[2026-09-06T09:25:38.008+0000] {processor.py:208} INFO - Processing /home/airflow/.local/lib/python3.12/site-packages/airflow/example_dags/example_display_name.py took 0.059 seconds
[2026-09-06T09:26:08.419+0000] {processor.py:186} INFO - Started process (PID=4088) to work on /home/airflow/.local/lib/python3.12/site-packages/airflow/example_dags/example_display_name.py
[2026-09-06T09:26:08.420+0000] {processor.py:914} INFO - Processing file /home/airflow/.local/lib/python3.12/site-packages/airflow/example_dags/example_display_name.py for tasks to queue
[2026-09-06T09:26:08.422+0000] {logging_mixin.py:190} INFO - [2026-09-06T09:26:08.422+0000] {dagbag.py:588} INFO - Filling up the DagBag from /home/airflow/.local/lib/python3.12/site-packages/airflow/example_dags/example_display_name.py
[2026-09-06T09:26:08.429+0000] {processor.py:925} INFO - DAG(s) 'example_display_name' retrieved from /home/airflow/.local/lib/python3.12/site-packages/airflow/example_dags/example_display_name.py
[2026-09-06T09:26:08.446+0000] {logging_mixin.py:190} INFO - [2026-09-06T09:26:08.446+0000] {dag.py:3239} INFO - Sync 1 DAGs
[2026-09-06T09:26:08.459+0000] {logging_mixin.py:190} INFO - [2026-09-06T09:26:08.458+0000] {dag.py:4180} INFO - Setting next_dagrun for example_display_name to None, run_after=None
[2026-09-06T09:26:08.477+0000] {processor.py:208} INFO - Processing /home/airflow/.local/lib/python3.12/site-packages/airflow/example_dags/example_display_name.py took 0.064 seconds
[2026-09-06T09:26:39.752+0000] {processor.py:186} INFO - Started process (PID=4152) to work on /home/airflow/.local/lib/python3.12/site-packages/airflow/example_dags/example_display_name.py
[2026-09-06T09:26:39.753+0000] {processor.py:914} INFO - Processing file /home/airflow/.local/lib/python3.12/site-packages/airflow/example_dags/example_display_name.py for tasks to queue
[2026-09-06T09:26:39.756+0000] {logging_mixin.py:190} INFO - [2026-09-06T09:26:39.756+0000] {dagbag.py:588} INFO - Filling up the DagBag from /home/airflow/.local/lib/python3.12/site-packages/airflow/example_dags/example_display_name.py
[2026-09-06T09:26:39.766+0000] {processor.py:925} INFO - DAG(s) 'example_display_name' retrieved from /home/airflow/.local/lib/python3.12/site-packages/airflow/example_dags/example_display_name.py
[2026-09-06T09:26:39.783+0000] {logging_mixin.py:190} INFO - [2026-09-06T09:26:39.783+0000] {dag.py:3239} INFO - Sync 1 DAGs
[2026-09-06T09:26:39.794+0000] {logging_mixin.py:190} INFO - [2026-09-06T09:26:39.794+0000] {dag.py:4180} INFO - Setting next_dagrun for example_display_name to None, run_after=None
[2026-09-06T09:26:39.808+0000] {processor.py:208} INFO - Processing /home/airflow/.local/lib/python3.12/site-packages/airflow/example_dags/example_display_name.py took 0.062 seconds
[2026-09-06T09:27:10.873+0000] {processor.py:186} INFO - Started process (PID=4217) to work on /home/airflow/.local/lib/python3.12/site-packages/airflow/example_dags/example_display_name.py
[2026-09-06T09:27:10.874+0000] {processor.py:914} INFO - Processing file /home/airflow/.local/lib/python3.12/site-packages/airflow/example_dags/example_display_name.py for tasks to queue
[2026-09-06T09:27:10.876+0000] {logging_mixin.py:190} INFO - [2026-09-06T09:27:10.876+0000] {dagbag.py:588} INFO - Filling up the DagBag from /home/airflow/.local/lib/python3.12/site-packages/airflow/example_dags/example_display_name.py
[2026-09-06T09:27:10.882+0000] {processor.py:925} INFO - DAG(s) 'example_display_name' retrieved from /home/airflow/.local/lib/python3.12/site-packages/airflow/example_dags/example_display_name.py
[2026-09-06T09:27:10.898+0000] {logging_mixin.py:190} INFO - [2026-09-06T09:27:10.898+0000] {dag.py:3239} INFO - Sync 1 DAGs
[2026-09-06T09:27:10.909+0000] {logging_mixin.py:190} INFO - [2026-09-06T09:27:10.909+0000] {dag.py:4180} INFO - Setting next_dagrun for example_display_name to None, run_after=None
[2026-09-06T09:27:10.922+0000] {processor.py:208} INFO - Processing /home/airflow/.local/lib/python3.12/site-packages/airflow/example_dags/example_display_name.py took 0.054 seconds
