[2026-09-06T08:54:00.789+0000] {processor.py:186} INFO - Started process (PID=90) to work on /home/airflow/.local/lib/python3.12/site-packages/airflow/example_dags/example_sensor_decorator.py
[2026-09-06T08:54:00.791+0000] {processor.py:914} INFO - Processing file /home/airflow/.local/lib/python3.12/site-packages/airflow/example_dags/example_sensor_decorator.py for tasks to queue
[2026-09-06T08:54:00.794+0000] {logging_mixin.py:190} INFO - [2026-09-06T08:54:00.794+0000] {dagbag.py:588} INFO - Filling up the DagBag from /home/airflow/.local/lib/python3.12/site-packages/airflow/example_dags/example_sensor_decorator.py
[2026-09-06T08:54:00.804+0000] {processor.py:925} INFO - DAG(s) 'example_sensor_decorator' retrieved from /home/airflow/.local/lib/python3.12/site-packages/airflow/example_dags/example_sensor_decorator.py
[2026-09-06T08:54:00.923+0000] {logging_mixin.py:190} INFO - [2026-09-06T08:54:00.922+0000] {override.py:1911} INFO - Created Permission View: can edit on DAG:example_sensor_decorator
[2026-09-06T08:54:00.934+0000] {logging_mixin.py:190} INFO - [2026-09-06T08:54:00.934+0000] {override.py:1911} INFO - Created Permission View: can delete on DAG:example_sensor_decorator
[2026-09-06T08:54:00.948+0000] {logging_mixin.py:190} INFO - [2026-09-06T08:54:00.947+0000] {override.py:1911} INFO - Created Permission View: can read on DAG:example_sensor_decorator
[2026-09-06T08:54:00.960+0000] {logging_mixin.py:190} INFO - [2026-09-06T08:54:00.959+0000] {override.py:1911} INFO - Created Permission View: can create on DAG Run:example_sensor_decorator
[2026-09-06T08:54:00.968+0000] {logging_mixin.py:190} INFO - [2026-09-06T08:54:00.967+0000] {override.py:1911} INFO - Created Permission View: can delete on DAG Run:example_sensor_decorator
[2026-09-06T08:54:00.976+0000] {logging_mixin.py:190} INFO - [2026-09-06T08:54:00.976+0000] {override.py:1911} INFO - Created Permission View: can read on DAG Run:example_sensor_decorator
[2026-09-06T08:54:00.984+0000] {logging_mixin.py:190} INFO - [2026-09-06T08:54:00.984+0000] {override.py:1911} INFO - Created Permission View: menu access on DAG Run:example_sensor_decorator
[2026-09-06T08:54:00.985+0000] {logging_mixin.py:190} INFO - [2026-09-06T08:54:00.985+0000] {dag.py:3239} INFO - Sync 1 DAGs
[2026-09-06T08:54:01.000+0000] {logging_mixin.py:190} INFO - [2026-09-06T08:54:00.999+0000] {dag.py:3262} INFO - Creating ORM DAG for example_sensor_decorator
[2026-09-06T08:54:01.001+0000] {logging_mixin.py:190} INFO - [2026-09-06T08:54:01.001+0000] {dag.py:4180} INFO - Setting next_dagrun for example_sensor_decorator to None, run_after=None
[2026-09-06T08:54:01.015+0000] {processor.py:208} INFO - Processing /home/airflow/.local/lib/python3.12/site-packages/airflow/example_dags/example_sensor_decorator.py took 0.235 seconds
[2026-09-06T08:54:31.898+0000] {processor.py:186} INFO - Started process (PID=153) to work on /home/airflow/.local/lib/python3.12/site-packages/airflow/example_dags/example_sensor_decorator.py
[2026-09-06T08:54:31.899+0000] {processor.py:914} INFO - Processing file /home/airflow/.local/lib/python3.12/site-packages/airflow/example_dags/example_sensor_decorator.py for tasks to queue
[2026-09-06T08:54:31.901+0000] {logging_mixin.py:190} INFO - [2026-09-06T08:54:31.901+0000] {dagbag.py:588} INFO - Filling up the DagBag from /home/airflow/.local/lib/python3.12/site-packages/airflow/example_dags/example_sensor_decorator.py
[2026-09-06T08:54:31.908+0000] {processor.py:925} INFO - DAG(s) 'example_sensor_decorator' retrieved from /home/airflow/.local/lib/python3.12/site-packages/airflow/example_dags/example_sensor_decorator.py
[2026-09-06T08:54:31.924+0000] {logging_mixin.py:190} INFO - [2026-09-06T08:54:31.924+0000] {dag.py:3239} INFO - Sync 1 DAGs
[2026-09-06T08:54:31.936+0000] {logging_mixin.py:190} INFO - [2026-09-06T08:54:31.936+0000] {dag.py:4180} INFO - Setting next_dagrun for example_sensor_decorator to None, run_after=None
[2026-09-06T08:54:31.954+0000] {processor.py:208} INFO - Processing /home/airflow/.local/lib/python3.12/site-packages/airflow/example_dags/example_sensor_decorator.py took 0.059 seconds
[2026-09-06T08:55:02.795+0000] {processor.py:186} INFO - Started process (PID=216) to work on /home/airflow/.local/lib/python3.12/site-packages/airflow/example_dags/example_sensor_decorator.py
[2026-09-06T08:55:02.796+0000] {processor.py:914} INFO - Processing file /home/airflow/.local/lib/python3.12/site-packages/airflow/example_dags/example_sensor_decorator.py for tasks to queue
[2026-09-06T08:55:02.799+0000] {logging_mixin.py:190} INFO - [2026-09-06T08:55:02.798+0000] {dagbag.py:588} INFO - Filling up the DagBag from /home/airflow/.local/lib/python3.12/site-packages/airflow/example_dags/example_sensor_decorator.py
[2026-09-06T08:55:02.805+0000] {processor.py:925} INFO - DAG(s) 'example_sensor_decorator' retrieved from /home/airflow/.local/lib/python3.12/site-packages/airflow/example_dags/example_sensor_decorator.py
[2026-09-06T08:55:02.820+0000] {logging_mixin.py:190} INFO - [2026-09-06T08:55:02.820+0000] {dag.py:3239} INFO - Sync 1 DAGs
[2026-09-06T08:55:02.831+0000] {logging_mixin.py:190} INFO - [2026-09-06T08:55:02.831+0000] {dag.py:4180} INFO - Setting next_dagrun for example_sensor_decorator to None, run_after=None
[2026-09-06T08:55:02.849+0000] {processor.py:208} INFO - Processing /home/airflow/.local/lib/python3.12/site-packages/airflow/example_dags/example_sensor_decorator.py took 0.058 seconds
[2026-09-06T08:55:33.263+0000] {processor.py:186} INFO - Started process (PID=279) to work on /home/airflow/.local/lib/python3.12/site-packages/airflow/example_dags/example_sensor_decorator.py
[2026-09-06T08:55:33.264+0000] {processor.py:914} INFO - Processing file /home/airflow/.local/lib/python3.12/site-packages/airflow/example_dags/example_sensor_decorator.py for tasks to queue
[2026-09-06T08:55:33.267+0000] {logging_mixin.py:190} INFO - [2026-09-06T08:55:33.266+0000] {dagbag.py:588} INFO - Filling up the DagBag from /home/airflow/.local/lib/python3.12/site-packages/airflow/example_dags/example_sensor_decorator.py
[2026-09-06T08:55:33.274+0000] {processor.py:925} INFO - DAG(s) 'example_sensor_decorator' retrieved from /home/airflow/.local/lib/python3.12/site-packages/airflow/example_dags/example_sensor_decorator.py
[2026-09-06T08:55:33.290+0000] {logging_mixin.py:190} INFO - [2026-09-06T08:55:33.290+0000] {dag.py:3239} INFO - Sync 1 DAGs
[2026-09-06T08:55:33.301+0000] {logging_mixin.py:190} INFO - [2026-09-06T08:55:33.301+0000] {dag.py:4180} INFO - Setting next_dagrun for example_sensor_decorator to None, run_after=None
[2026-09-06T08:55:33.315+0000] {processor.py:208} INFO - Processing /home/airflow/.local/lib/python3.12/site-packages/airflow/example_dags/example_sensor_decorator.py took 0.056 seconds
[2026-09-06T08:56:03.769+0000] {processor.py:186} INFO - Started process (PID=342) to work on /home/airflow/.local/lib/python3.12/site-packages/airflow/example_dags/example_sensor_decorator.py
[2026-09-06T08:56:03.770+0000] {processor.py:914} INFO - Processing file /home/airflow/.local/lib/python3.12/site-packages/airflow/example_dags/example_sensor_decorator.py for tasks to queue
[2026-09-06T08:56:03.772+0000] {logging_mixin.py:190} INFO - [2026-09-06T08:56:03.772+0000] {dagbag.py:588} INFO - Filling up the DagBag from /home/airflow/.local/lib/python3.12/site-packages/airflow/example_dags/example_sensor_decorator.py
[2026-09-06T08:56:03.779+0000] {processor.py:925} INFO - DAG(s) 'example_sensor_decorator' retrieved from /home/airflow/.local/lib/python3.12/site-packages/airflow/example_dags/example_sensor_decorator.py
[2026-09-06T08:56:03.795+0000] {logging_mixin.py:190} INFO - [2026-09-06T08:56:03.795+0000] {dag.py:3239} INFO - Sync 1 DAGs
[2026-09-06T08:56:03.807+0000] {logging_mixin.py:190} INFO - [2026-09-06T08:56:03.807+0000] {dag.py:4180} INFO - Setting next_dagrun for example_sensor_decorator to None, run_after=None
[2026-09-06T08:56:03.822+0000] {processor.py:208} INFO - Processing /home/airflow/.local/lib/python3.12/site-packages/airflow/example_dags/example_sensor_decorator.py took 0.058 seconds
[2026-09-06T08:56:34.450+0000] {processor.py:186} INFO - Started process (PID=405) to work on /home/airflow/.local/lib/python3.12/site-packages/airflow/example_dags/example_sensor_decorator.py
[2026-09-06T08:56:34.451+0000] {processor.py:914} INFO - Processing file /home/airflow/.local/lib/python3.12/site-packages/airflow/example_dags/example_sensor_decorator.py for tasks to queue
[2026-09-06T08:56:34.453+0000] {logging_mixin.py:190} INFO - [2026-09-06T08:56:34.453+0000] {dagbag.py:588} INFO - Filling up the DagBag from /home/airflow/.local/lib/python3.12/site-packages/airflow/example_dags/example_sensor_decorator.py
[2026-09-06T08:56:34.460+0000] {processor.py:925} INFO - DAG(s) 'example_sensor_decorator' retrieved from /home/airflow/.local/lib/python3.12/site-packages/airflow/example_dags/example_sensor_decorator.py
[2026-09-06T08:56:34.477+0000] {logging_mixin.py:190} INFO - [2026-09-06T08:56:34.477+0000] {dag.py:3239} INFO - Sync 1 DAGs
[2026-09-06T08:56:34.489+0000] {logging_mixin.py:190} INFO - [2026-09-06T08:56:34.488+0000] {dag.py:4180} INFO - Setting next_dagrun for example_sensor_decorator to None, run_after=None
[2026-09-06T08:56:34.505+0000] {processor.py:208} INFO - Processing /home/airflow/.local/lib/python3.12/site-packages/airflow/example_dags/example_sensor_decorator.py took 0.059 seconds
[2026-09-06T08:57:05.666+0000] {processor.py:186} INFO - Started process (PID=468) to work on /home/airflow/.local/lib/python3.12/site-packages/airflow/example_dags/example_sensor_decorator.py
[2026-09-06T08:57:05.668+0000] {processor.py:914} INFO - Processing file /home/airflow/.local/lib/python3.12/site-packages/airflow/example_dags/example_sensor_decorator.py for tasks to queue
[2026-09-06T08:57:05.670+0000] {logging_mixin.py:190} INFO - [2026-09-06T08:57:05.670+0000] {dagbag.py:588} INFO - Filling up the DagBag from /home/airflow/.local/lib/python3.12/site-packages/airflow/example_dags/example_sensor_decorator.py
[2026-09-06T08:57:05.677+0000] {processor.py:925} INFO - DAG(s) 'example_sensor_decorator' retrieved from /home/airflow/.local/lib/python3.12/site-packages/airflow/example_dags/example_sensor_decorator.py
[2026-09-06T08:57:05.698+0000] {logging_mixin.py:190} INFO - [2026-09-06T08:57:05.697+0000] {dag.py:3239} INFO - Sync 1 DAGs
[2026-09-06T08:57:05.710+0000] {logging_mixin.py:190} INFO - [2026-09-06T08:57:05.710+0000] {dag.py:4180} INFO - Setting next_dagrun for example_sensor_decorator to None, run_after=None
[2026-09-06T08:57:05.729+0000] {processor.py:208} INFO - Processing /home/airflow/.local/lib/python3.12/site-packages/airflow/example_dags/example_sensor_decorator.py took 0.067 seconds
[2026-09-06T08:57:36.212+0000] {processor.py:186} INFO - Started process (PID=531) to work on /home/airflow/.local/lib/python3.12/site-packages/airflow/example_dags/example_sensor_decorator.py
[2026-09-06T08:57:36.213+0000] {processor.py:914} INFO - Processing file /home/airflow/.local/lib/python3.12/site-packages/airflow/example_dags/example_sensor_decorator.py for tasks to queue
[2026-09-06T08:57:36.215+0000] {logging_mixin.py:190} INFO - [2026-09-06T08:57:36.215+0000] {dagbag.py:588} INFO - Filling up the DagBag from /home/airflow/.local/lib/python3.12/site-packages/airflow/example_dags/example_sensor_decorator.py
[2026-09-06T08:57:36.222+0000] {processor.py:925} INFO - DAG(s) 'example_sensor_decorator' retrieved from /home/airflow/.local/lib/python3.12/site-packages/airflow/example_dags/example_sensor_decorator.py
[2026-09-06T08:57:36.237+0000] {logging_mixin.py:190} INFO - [2026-09-06T08:57:36.237+0000] {dag.py:3239} INFO - Sync 1 DAGs
[2026-09-06T08:57:36.248+0000] {logging_mixin.py:190} INFO - [2026-09-06T08:57:36.248+0000] {dag.py:4180} INFO - Setting next_dagrun for example_sensor_decorator to None, run_after=None
[2026-09-06T08:57:36.263+0000] {processor.py:208} INFO - Processing /home/airflow/.local/lib/python3.12/site-packages/airflow/example_dags/example_sensor_decorator.py took 0.055 seconds
[2026-09-06T08:58:07.265+0000] {processor.py:186} INFO - Started process (PID=594) to work on /home/airflow/.local/lib/python3.12/site-packages/airflow/example_dags/example_sensor_decorator.py
[2026-09-06T08:58:07.267+0000] {processor.py:914} INFO - Processing file /home/airflow/.local/lib/python3.12/site-packages/airflow/example_dags/example_sensor_decorator.py for tasks to queue
[2026-09-06T08:58:07.269+0000] {logging_mixin.py:190} INFO - [2026-09-06T08:58:07.269+0000] {dagbag.py:588} INFO - Filling up the DagBag from /home/airflow/.local/lib/python3.12/site-packages/airflow/example_dags/example_sensor_decorator.py
[2026-09-06T08:58:07.277+0000] {processor.py:925} INFO - DAG(s) 'example_sensor_decorator' retrieved from /home/airflow/.local/lib/python3.12/site-packages/airflow/example_dags/example_sensor_decorator.py
[2026-09-06T08:58:07.296+0000] {logging_mixin.py:190} INFO - [2026-09-06T08:58:07.296+0000] {dag.py:3239} INFO - Sync 1 DAGs
[2026-09-06T08:58:07.309+0000] {logging_mixin.py:190} INFO - [2026-09-06T08:58:07.309+0000] {dag.py:4180} INFO - Setting next_dagrun for example_sensor_decorator to None, run_after=None
[2026-09-06T08:58:07.325+0000] {processor.py:208} INFO - Processing /home/airflow/.local/lib/python3.12/site-packages/airflow/example_dags/example_sensor_decorator.py took 0.065 seconds
[2026-09-06T08:58:38.774+0000] {processor.py:186} INFO - Started process (PID=656) to work on /home/airflow/.local/lib/python3.12/site-packages/airflow/example_dags/example_sensor_decorator.py
[2026-09-06T08:58:38.775+0000] {processor.py:914} INFO - Processing file /home/airflow/.local/lib/python3.12/site-packages/airflow/example_dags/example_sensor_decorator.py for tasks to queue
[2026-09-06T08:58:38.777+0000] {logging_mixin.py:190} INFO - [2026-09-06T08:58:38.776+0000] {dagbag.py:588} INFO - Filling up the DagBag from /home/airflow/.local/lib/python3.12/site-packages/airflow/example_dags/example_sensor_decorator.py
[2026-09-06T08:58:38.783+0000] {processor.py:925} INFO - DAG(s) 'example_sensor_decorator' retrieved from /home/airflow/.local/lib/python3.12/site-packages/airflow/example_dags/example_sensor_decorator.py
[2026-09-06T08:58:38.798+0000] {logging_mixin.py:190} INFO - [2026-09-06T08:58:38.798+0000] {dag.py:3239} INFO - Sync 1 DAGs
[2026-09-06T08:58:38.809+0000] {logging_mixin.py:190} INFO - [2026-09-06T08:58:38.809+0000] {dag.py:4180} INFO - Setting next_dagrun for example_sensor_decorator to None, run_after=None
[2026-09-06T08:58:38.823+0000] {processor.py:208} INFO - Processing /home/airflow/.local/lib/python3.12/site-packages/airflow/example_dags/example_sensor_decorator.py took 0.054 seconds
[2026-09-06T08:59:10.237+0000] {processor.py:186} INFO - Started process (PID=720) to work on /home/airflow/.local/lib/python3.12/site-packages/airflow/example_dags/example_sensor_decorator.py
[2026-09-06T08:59:10.238+0000] {processor.py:914} INFO - Processing file /home/airflow/.local/lib/python3.12/site-packages/airflow/example_dags/example_sensor_decorator.py for tasks to queue
[2026-09-06T08:59:10.240+0000] {logging_mixin.py:190} INFO - [2026-09-06T08:59:10.240+0000] {dagbag.py:588} INFO - Filling up the DagBag from /home/airflow/.local/lib/python3.12/site-packages/airflow/example_dags/example_sensor_decorator.py
[2026-09-06T08:59:10.248+0000] {processor.py:925} INFO - DAG(s) 'example_sensor_decorator' retrieved from /home/airflow/.local/lib/python3.12/site-packages/airflow/example_dags/example_sensor_decorator.py
[2026-09-06T08:59:10.264+0000] {logging_mixin.py:190} INFO - [2026-09-06T08:59:10.264+0000] {dag.py:3239} INFO - Sync 1 DAGs
[2026-09-06T08:59:10.276+0000] {logging_mixin.py:190} INFO - [2026-09-06T08:59:10.276+0000] {dag.py:4180} INFO - Setting next_dagrun for example_sensor_decorator to None, run_after=None
[2026-09-06T08:59:10.292+0000] {processor.py:208} INFO - Processing /home/airflow/.local/lib/python3.12/site-packages/airflow/example_dags/example_sensor_decorator.py took 0.061 seconds
[2026-09-06T08:59:41.493+0000] {processor.py:186} INFO - Started process (PID=785) to work on /home/airflow/.local/lib/python3.12/site-packages/airflow/example_dags/example_sensor_decorator.py
[2026-09-06T08:59:41.495+0000] {processor.py:914} INFO - Processing file /home/airflow/.local/lib/python3.12/site-packages/airflow/example_dags/example_sensor_decorator.py for tasks to queue
[2026-09-06T08:59:41.497+0000] {logging_mixin.py:190} INFO - [2026-09-06T08:59:41.497+0000] {dagbag.py:588} INFO - Filling up the DagBag from /home/airflow/.local/lib/python3.12/site-packages/airflow/example_dags/example_sensor_decorator.py
[2026-09-06T08:59:41.505+0000] {processor.py:925} INFO - DAG(s) 'example_sensor_decorator' retrieved from /home/airflow/.local/lib/python3.12/site-packages/airflow/example_dags/example_sensor_decorator.py
[2026-09-06T08:59:41.524+0000] {logging_mixin.py:190} INFO - [2026-09-06T08:59:41.523+0000] {dag.py:3239} INFO - Sync 1 DAGs
[2026-09-06T08:59:41.537+0000] {logging_mixin.py:190} INFO - [2026-09-06T08:59:41.537+0000] {dag.py:4180} INFO - Setting next_dagrun for example_sensor_decorator to None, run_after=None
[2026-09-06T08:59:41.554+0000] {processor.py:208} INFO - Processing /home/airflow/.local/lib/python3.12/site-packages/airflow/example_dags/example_sensor_decorator.py took 0.066 seconds
[2026-09-06T09:00:12.650+0000] {processor.py:186} INFO - Started process (PID=848) to work on /home/airflow/.local/lib/python3.12/site-packages/airflow/example_dags/example_sensor_decorator.py
[2026-09-06T09:00:12.651+0000] {processor.py:914} INFO - Processing file /home/airflow/.local/lib/python3.12/site-packages/airflow/example_dags/example_sensor_decorator.py for tasks to queue
[2026-09-06T09:00:12.653+0000] {logging_mixin.py:190} INFO - [2026-09-06T09:00:12.652+0000] {dagbag.py:588} INFO - Filling up the DagBag from /home/airflow/.local/lib/python3.12/site-packages/airflow/example_dags/example_sensor_decorator.py
[2026-09-06T09:00:12.659+0000] {processor.py:925} INFO - DAG(s) 'example_sensor_decorator' retrieved from /home/airflow/.local/lib/python3.12/site-packages/airflow/example_dags/example_sensor_decorator.py
[2026-09-06T09:00:12.675+0000] {logging_mixin.py:190} INFO - [2026-09-06T09:00:12.674+0000] {dag.py:3239} INFO - Sync 1 DAGs
[2026-09-06T09:00:12.686+0000] {logging_mixin.py:190} INFO - [2026-09-06T09:00:12.686+0000] {dag.py:4180} INFO - Setting next_dagrun for example_sensor_decorator to None, run_after=None
[2026-09-06T09:00:12.700+0000] {processor.py:208} INFO - Processing /home/airflow/.local/lib/python3.12/site-packages/airflow/example_dags/example_sensor_decorator.py took 0.054 seconds
[2026-09-06T09:00:44.207+0000] {processor.py:186} INFO - Started process (PID=912) to work on /home/airflow/.local/lib/python3.12/site-packages/airflow/example_dags/example_sensor_decorator.py
[2026-09-06T09:00:44.208+0000] {processor.py:914} INFO - Processing file /home/airflow/.local/lib/python3.12/site-packages/airflow/example_dags/example_sensor_decorator.py for tasks to queue
[2026-09-06T09:00:44.210+0000] {logging_mixin.py:190} INFO - [2026-09-06T09:00:44.209+0000] {dagbag.py:588} INFO - Filling up the DagBag from /home/airflow/.local/lib/python3.12/site-packages/airflow/example_dags/example_sensor_decorator.py
[2026-09-06T09:00:44.216+0000] {processor.py:925} INFO - DAG(s) 'example_sensor_decorator' retrieved from /home/airflow/.local/lib/python3.12/site-packages/airflow/example_dags/example_sensor_decorator.py
[2026-09-06T09:00:44.229+0000] {logging_mixin.py:190} INFO - [2026-09-06T09:00:44.229+0000] {dag.py:3239} INFO - Sync 1 DAGs
[2026-09-06T09:00:44.239+0000] {logging_mixin.py:190} INFO - [2026-09-06T09:00:44.238+0000] {dag.py:4180} INFO - Setting next_dagrun for example_sensor_decorator to None, run_after=None
[2026-09-06T09:00:44.254+0000] {processor.py:208} INFO - Processing /home/airflow/.local/lib/python3.12/site-packages/airflow/example_dags/example_sensor_decorator.py took 0.051 seconds
[2026-09-06T09:01:14.775+0000] {processor.py:186} INFO - Started process (PID=976) to work on /home/airflow/.local/lib/python3.12/site-packages/airflow/example_dags/example_sensor_decorator.py
[2026-09-06T09:01:14.776+0000] {processor.py:914} INFO - Processing file /home/airflow/.local/lib/python3.12/site-packages/airflow/example_dags/example_sensor_decorator.py for tasks to queue
[2026-09-06T09:01:14.778+0000] {logging_mixin.py:190} INFO - [2026-09-06T09:01:14.778+0000] {dagbag.py:588} INFO - Filling up the DagBag from /home/airflow/.local/lib/python3.12/site-packages/airflow/example_dags/example_sensor_decorator.py
[2026-09-06T09:01:14.785+0000] {processor.py:925} INFO - DAG(s) 'example_sensor_decorator' retrieved from /home/airflow/.local/lib/python3.12/site-packages/airflow/example_dags/example_sensor_decorator.py
[2026-09-06T09:01:14.800+0000] {logging_mixin.py:190} INFO - [2026-09-06T09:01:14.800+0000] {dag.py:3239} INFO - Sync 1 DAGs
[2026-09-06T09:01:14.810+0000] {logging_mixin.py:190} INFO - [2026-09-06T09:01:14.810+0000] {dag.py:4180} INFO - Setting next_dagrun for example_sensor_decorator to None, run_after=None
[2026-09-06T09:01:14.826+0000] {processor.py:208} INFO - Processing /home/airflow/.local/lib/python3.12/site-packages/airflow/example_dags/example_sensor_decorator.py took 0.055 seconds
[2026-09-06T09:01:45.423+0000] {processor.py:186} INFO - Started process (PID=1040) to work on /home/airflow/.local/lib/python3.12/site-packages/airflow/example_dags/example_sensor_decorator.py
[2026-09-06T09:01:45.425+0000] {processor.py:914} INFO - Processing file /home/airflow/.local/lib/python3.12/site-packages/airflow/example_dags/example_sensor_decorator.py for tasks to queue
[2026-09-06T09:01:45.427+0000] {logging_mixin.py:190} INFO - [2026-09-06T09:01:45.427+0000] {dagbag.py:588} INFO - Filling up the DagBag from /home/airflow/.local/lib/python3.12/site-packages/airflow/example_dags/example_sensor_decorator.py
[2026-09-06T09:01:45.434+0000] {processor.py:925} INFO - DAG(s) 'example_sensor_decorator' retrieved from /home/airflow/.local/lib/python3.12/site-packages/airflow/example_dags/example_sensor_decorator.py
[2026-09-06T09:01:45.449+0000] {logging_mixin.py:190} INFO - [2026-09-06T09:01:45.449+0000] {dag.py:3239} INFO - Sync 1 DAGs
[2026-09-06T09:01:45.460+0000] {logging_mixin.py:190} INFO - [2026-09-06T09:01:45.459+0000] {dag.py:4180} INFO - Setting next_dagrun for example_sensor_decorator to None, run_after=None
[2026-09-06T09:01:45.474+0000] {processor.py:208} INFO - Processing /home/airflow/.local/lib/python3.12/site-packages/airflow/example_dags/example_sensor_decorator.py took 0.055 seconds
[2026-09-06T09:02:16.204+0000] {processor.py:186} INFO - Started process (PID=1104) to work on /home/airflow/.local/lib/python3.12/site-packages/airflow/example_dags/example_sensor_decorator.py
[2026-09-06T09:02:16.205+0000] {processor.py:914} INFO - Processing file /home/airflow/.local/lib/python3.12/site-packages/airflow/example_dags/example_sensor_decorator.py for tasks to queue
[2026-09-06T09:02:16.207+0000] {logging_mixin.py:190} INFO - [2026-09-06T09:02:16.207+0000] {dagbag.py:588} INFO - Filling up the DagBag from /home/airflow/.local/lib/python3.12/site-packages/airflow/example_dags/example_sensor_decorator.py
[2026-09-06T09:02:16.215+0000] {processor.py:925} INFO - DAG(s) 'example_sensor_decorator' retrieved from /home/airflow/.local/lib/python3.12/site-packages/airflow/example_dags/example_sensor_decorator.py
[2026-09-06T09:02:16.231+0000] {logging_mixin.py:190} INFO - [2026-09-06T09:02:16.231+0000] {dag.py:3239} INFO - Sync 1 DAGs
[2026-09-06T09:02:16.242+0000] {logging_mixin.py:190} INFO - [2026-09-06T09:02:16.242+0000] {dag.py:4180} INFO - Setting next_dagrun for example_sensor_decorator to None, run_after=None
[2026-09-06T09:02:16.256+0000] {processor.py:208} INFO - Processing /home/airflow/.local/lib/python3.12/site-packages/airflow/example_dags/example_sensor_decorator.py took 0.057 seconds
[2026-09-06T09:02:47.725+0000] {processor.py:186} INFO - Started process (PID=1168) to work on /home/airflow/.local/lib/python3.12/site-packages/airflow/example_dags/example_sensor_decorator.py
[2026-09-06T09:02:47.726+0000] {processor.py:914} INFO - Processing file /home/airflow/.local/lib/python3.12/site-packages/airflow/example_dags/example_sensor_decorator.py for tasks to queue
[2026-09-06T09:02:47.728+0000] {logging_mixin.py:190} INFO - [2026-09-06T09:02:47.728+0000] {dagbag.py:588} INFO - Filling up the DagBag from /home/airflow/.local/lib/python3.12/site-packages/airflow/example_dags/example_sensor_decorator.py
[2026-09-06T09:02:47.735+0000] {processor.py:925} INFO - DAG(s) 'example_sensor_decorator' retrieved from /home/airflow/.local/lib/python3.12/site-packages/airflow/example_dags/example_sensor_decorator.py
[2026-09-06T09:02:47.751+0000] {logging_mixin.py:190} INFO - [2026-09-06T09:02:47.751+0000] {dag.py:3239} INFO - Sync 1 DAGs
[2026-09-06T09:02:47.763+0000] {logging_mixin.py:190} INFO - [2026-09-06T09:02:47.763+0000] {dag.py:4180} INFO - Setting next_dagrun for example_sensor_decorator to None, run_after=None
[2026-09-06T09:02:47.792+0000] {processor.py:208} INFO - Processing /home/airflow/.local/lib/python3.12/site-packages/airflow/example_dags/example_sensor_decorator.py took 0.072 seconds
[2026-09-06T09:03:18.436+0000] {processor.py:186} INFO - Started process (PID=1232) to work on /home/airflow/.local/lib/python3.12/site-packages/airflow/example_dags/example_sensor_decorator.py
[2026-09-06T09:03:18.437+0000] {processor.py:914} INFO - Processing file /home/airflow/.local/lib/python3.12/site-packages/airflow/example_dags/example_sensor_decorator.py for tasks to queue
[2026-09-06T09:03:18.439+0000] {logging_mixin.py:190} INFO - [2026-09-06T09:03:18.439+0000] {dagbag.py:588} INFO - Filling up the DagBag from /home/airflow/.local/lib/python3.12/site-packages/airflow/example_dags/example_sensor_decorator.py
[2026-09-06T09:03:18.448+0000] {processor.py:925} INFO - DAG(s) 'example_sensor_decorator' retrieved from /home/airflow/.local/lib/python3.12/site-packages/airflow/example_dags/example_sensor_decorator.py
[2026-09-06T09:03:18.465+0000] {logging_mixin.py:190} INFO - [2026-09-06T09:03:18.465+0000] {dag.py:3239} INFO - Sync 1 DAGs
[2026-09-06T09:03:18.477+0000] {logging_mixin.py:190} INFO - [2026-09-06T09:03:18.477+0000] {dag.py:4180} INFO - Setting next_dagrun for example_sensor_decorator to None, run_after=None
[2026-09-06T09:03:18.501+0000] {processor.py:208} INFO - Processing /home/airflow/.local/lib/python3.12/site-packages/airflow/example_dags/example_sensor_decorator.py took 0.071 seconds
[2026-09-06T09:03:49.910+0000] {processor.py:186} INFO - Started process (PID=1297) to work on /home/airflow/.local/lib/python3.12/site-packages/airflow/example_dags/example_sensor_decorator.py
[2026-09-06T09:03:49.911+0000] {processor.py:914} INFO - Processing file /home/airflow/.local/lib/python3.12/site-packages/airflow/example_dags/example_sensor_decorator.py for tasks to queue
[2026-09-06T09:03:49.914+0000] {logging_mixin.py:190} INFO - [2026-09-06T09:03:49.913+0000] {dagbag.py:588} INFO - Filling up the DagBag from /home/airflow/.local/lib/python3.12/site-packages/airflow/example_dags/example_sensor_decorator.py
[2026-09-06T09:03:49.922+0000] {processor.py:925} INFO - DAG(s) 'example_sensor_decorator' retrieved from /home/airflow/.local/lib/python3.12/site-packages/airflow/example_dags/example_sensor_decorator.py
[2026-09-06T09:03:49.939+0000] {logging_mixin.py:190} INFO - [2026-09-06T09:03:49.939+0000] {dag.py:3239} INFO - Sync 1 DAGs
[2026-09-06T09:03:49.951+0000] {logging_mixin.py:190} INFO - [2026-09-06T09:03:49.951+0000] {dag.py:4180} INFO - Setting next_dagrun for example_sensor_decorator to None, run_after=None
[2026-09-06T09:03:49.977+0000] {processor.py:208} INFO - Processing /home/airflow/.local/lib/python3.12/site-packages/airflow/example_dags/example_sensor_decorator.py took 0.072 seconds
[2026-09-06T09:04:20.969+0000] {processor.py:186} INFO - Started process (PID=1361) to work on /home/airflow/.local/lib/python3.12/site-packages/airflow/example_dags/example_sensor_decorator.py
[2026-09-06T09:04:20.970+0000] {processor.py:914} INFO - Processing file /home/airflow/.local/lib/python3.12/site-packages/airflow/example_dags/example_sensor_decorator.py for tasks to queue
[2026-09-06T09:04:20.972+0000] {logging_mixin.py:190} INFO - [2026-09-06T09:04:20.971+0000] {dagbag.py:588} INFO - Filling up the DagBag from /home/airflow/.local/lib/python3.12/site-packages/airflow/example_dags/example_sensor_decorator.py
[2026-09-06T09:04:20.978+0000] {processor.py:925} INFO - DAG(s) 'example_sensor_decorator' retrieved from /home/airflow/.local/lib/python3.12/site-packages/airflow/example_dags/example_sensor_decorator.py
[2026-09-06T09:04:20.994+0000] {logging_mixin.py:190} INFO - [2026-09-06T09:04:20.993+0000] {dag.py:3239} INFO - Sync 1 DAGs
[2026-09-06T09:04:21.005+0000] {logging_mixin.py:190} INFO - [2026-09-06T09:04:21.005+0000] {dag.py:4180} INFO - Setting next_dagrun for example_sensor_decorator to None, run_after=None
[2026-09-06T09:04:21.025+0000] {processor.py:208} INFO - Processing /home/airflow/.local/lib/python3.12/site-packages/airflow/example_dags/example_sensor_decorator.py took 0.061 seconds
[2026-09-06T09:04:52.173+0000] {processor.py:186} INFO - Started process (PID=1425) to work on /home/airflow/.local/lib/python3.12/site-packages/airflow/example_dags/example_sensor_decorator.py
[2026-09-06T09:04:52.174+0000] {processor.py:914} INFO - Processing file /home/airflow/.local/lib/python3.12/site-packages/airflow/example_dags/example_sensor_decorator.py for tasks to queue
[2026-09-06T09:04:52.176+0000] {logging_mixin.py:190} INFO - [2026-09-06T09:04:52.176+0000] {dagbag.py:588} INFO - Filling up the DagBag from /home/airflow/.local/lib/python3.12/site-packages/airflow/example_dags/example_sensor_decorator.py
[2026-09-06T09:04:52.183+0000] {processor.py:925} INFO - DAG(s) 'example_sensor_decorator' retrieved from /home/airflow/.local/lib/python3.12/site-packages/airflow/example_dags/example_sensor_decorator.py
[2026-09-06T09:04:52.198+0000] {logging_mixin.py:190} INFO - [2026-09-06T09:04:52.198+0000] {dag.py:3239} INFO - Sync 1 DAGs
[2026-09-06T09:04:52.209+0000] {logging_mixin.py:190} INFO - [2026-09-06T09:04:52.209+0000] {dag.py:4180} INFO - Setting next_dagrun for example_sensor_decorator to None, run_after=None
[2026-09-06T09:04:52.225+0000] {processor.py:208} INFO - Processing /home/airflow/.local/lib/python3.12/site-packages/airflow/example_dags/example_sensor_decorator.py took 0.057 seconds
[2026-09-06T09:05:22.991+0000] {processor.py:186} INFO - Started process (PID=1489) to work on /home/airflow/.local/lib/python3.12/site-packages/airflow/example_dags/example_sensor_decorator.py
[2026-09-06T09:05:22.992+0000] {processor.py:914} INFO - Processing file /home/airflow/.local/lib/python3.12/site-packages/airflow/example_dags/example_sensor_decorator.py for tasks to queue
[2026-09-06T09:05:22.994+0000] {logging_mixin.py:190} INFO - [2026-09-06T09:05:22.994+0000] {dagbag.py:588} INFO - Filling up the DagBag from /home/airflow/.local/lib/python3.12/site-packages/airflow/example_dags/example_sensor_decorator.py
[2026-09-06T09:05:23.001+0000] {processor.py:925} INFO - DAG(s) 'example_sensor_decorator' retrieved from /home/airflow/.local/lib/python3.12/site-packages/airflow/example_dags/example_sensor_decorator.py
[2026-09-06T09:05:23.016+0000] {logging_mixin.py:190} INFO - [2026-09-06T09:05:23.015+0000] {dag.py:3239} INFO - Sync 1 DAGs
[2026-09-06T09:05:23.026+0000] {logging_mixin.py:190} INFO - [2026-09-06T09:05:23.026+0000] {dag.py:4180} INFO - Setting next_dagrun for example_sensor_decorator to None, run_after=None
[2026-09-06T09:05:23.040+0000] {processor.py:208} INFO - Processing /home/airflow/.local/lib/python3.12/site-packages/airflow/example_dags/example_sensor_decorator.py took 0.054 seconds
[2026-09-06T09:05:54.273+0000] {processor.py:186} INFO - Started process (PID=1553) to work on /home/airflow/.local/lib/python3.12/site-packages/airflow/example_dags/example_sensor_decorator.py
[2026-09-06T09:05:54.274+0000] {processor.py:914} INFO - Processing file /home/airflow/.local/lib/python3.12/site-packages/airflow/example_dags/example_sensor_decorator.py for tasks to queue
[2026-09-06T09:05:54.276+0000] {logging_mixin.py:190} INFO - [2026-09-06T09:05:54.276+0000] {dagbag.py:588} INFO - Filling up the DagBag from /home/airflow/.local/lib/python3.12/site-packages/airflow/example_dags/example_sensor_decorator.py
[2026-09-06T09:05:54.283+0000] {processor.py:925} INFO - DAG(s) 'example_sensor_decorator' retrieved from /home/airflow/.local/lib/python3.12/site-packages/airflow/example_dags/example_sensor_decorator.py
[2026-09-06T09:05:54.297+0000] {logging_mixin.py:190} INFO - [2026-09-06T09:05:54.297+0000] {dag.py:3239} INFO - Sync 1 DAGs
[2026-09-06T09:05:54.308+0000] {logging_mixin.py:190} INFO - [2026-09-06T09:05:54.307+0000] {dag.py:4180} INFO - Setting next_dagrun for example_sensor_decorator to None, run_after=None
[2026-09-06T09:05:54.322+0000] {processor.py:208} INFO - Processing /home/airflow/.local/lib/python3.12/site-packages/airflow/example_dags/example_sensor_decorator.py took 0.054 seconds
[2026-09-06T09:06:24.797+0000] {processor.py:186} INFO - Started process (PID=1617) to work on /home/airflow/.local/lib/python3.12/site-packages/airflow/example_dags/example_sensor_decorator.py
[2026-09-06T09:06:24.798+0000] {processor.py:914} INFO - Processing file /home/airflow/.local/lib/python3.12/site-packages/airflow/example_dags/example_sensor_decorator.py for tasks to queue
[2026-09-06T09:06:24.800+0000] {logging_mixin.py:190} INFO - [2026-09-06T09:06:24.800+0000] {dagbag.py:588} INFO - Filling up the DagBag from /home/airflow/.local/lib/python3.12/site-packages/airflow/example_dags/example_sensor_decorator.py
[2026-09-06T09:06:24.808+0000] {processor.py:925} INFO - DAG(s) 'example_sensor_decorator' retrieved from /home/airflow/.local/lib/python3.12/site-packages/airflow/example_dags/example_sensor_decorator.py
[2026-09-06T09:06:24.825+0000] {logging_mixin.py:190} INFO - [2026-09-06T09:06:24.824+0000] {dag.py:3239} INFO - Sync 1 DAGs
[2026-09-06T09:06:24.836+0000] {logging_mixin.py:190} INFO - [2026-09-06T09:06:24.836+0000] {dag.py:4180} INFO - Setting next_dagrun for example_sensor_decorator to None, run_after=None
[2026-09-06T09:06:24.850+0000] {processor.py:208} INFO - Processing /home/airflow/.local/lib/python3.12/site-packages/airflow/example_dags/example_sensor_decorator.py took 0.058 seconds
[2026-09-06T09:06:55.866+0000] {processor.py:186} INFO - Started process (PID=1681) to work on /home/airflow/.local/lib/python3.12/site-packages/airflow/example_dags/example_sensor_decorator.py
[2026-09-06T09:06:55.867+0000] {processor.py:914} INFO - Processing file /home/airflow/.local/lib/python3.12/site-packages/airflow/example_dags/example_sensor_decorator.py for tasks to queue
[2026-09-06T09:06:55.869+0000] {logging_mixin.py:190} INFO - [2026-09-06T09:06:55.869+0000] {dagbag.py:588} INFO - Filling up the DagBag from /home/airflow/.local/lib/python3.12/site-packages/airflow/example_dags/example_sensor_decorator.py
[2026-09-06T09:06:55.876+0000] {processor.py:925} INFO - DAG(s) 'example_sensor_decorator' retrieved from /home/airflow/.local/lib/python3.12/site-packages/airflow/example_dags/example_sensor_decorator.py
[2026-09-06T09:06:55.891+0000] {logging_mixin.py:190} INFO - [2026-09-06T09:06:55.891+0000] {dag.py:3239} INFO - Sync 1 DAGs
[2026-09-06T09:06:55.902+0000] {logging_mixin.py:190} INFO - [2026-09-06T09:06:55.902+0000] {dag.py:4180} INFO - Setting next_dagrun for example_sensor_decorator to None, run_after=None
[2026-09-06T09:06:55.917+0000] {processor.py:208} INFO - Processing /home/airflow/.local/lib/python3.12/site-packages/airflow/example_dags/example_sensor_decorator.py took 0.056 seconds
[2026-09-06T09:07:26.871+0000] {processor.py:186} INFO - Started process (PID=1745) to work on /home/airflow/.local/lib/python3.12/site-packages/airflow/example_dags/example_sensor_decorator.py
[2026-09-06T09:07:26.873+0000] {processor.py:914} INFO - Processing file /home/airflow/.local/lib/python3.12/site-packages/airflow/example_dags/example_sensor_decorator.py for tasks to queue
[2026-09-06T09:07:26.875+0000] {logging_mixin.py:190} INFO - [2026-09-06T09:07:26.875+0000] {dagbag.py:588} INFO - Filling up the DagBag from /home/airflow/.local/lib/python3.12/site-packages/airflow/example_dags/example_sensor_decorator.py
[2026-09-06T09:07:26.884+0000] {processor.py:925} INFO - DAG(s) 'example_sensor_decorator' retrieved from /home/airflow/.local/lib/python3.12/site-packages/airflow/example_dags/example_sensor_decorator.py
[2026-09-06T09:07:26.902+0000] {logging_mixin.py:190} INFO - [2026-09-06T09:07:26.902+0000] {dag.py:3239} INFO - Sync 1 DAGs
[2026-09-06T09:07:26.915+0000] {logging_mixin.py:190} INFO - [2026-09-06T09:07:26.914+0000] {dag.py:4180} INFO - Setting next_dagrun for example_sensor_decorator to None, run_after=None
[2026-09-06T09:07:26.931+0000] {processor.py:208} INFO - Processing /home/airflow/.local/lib/python3.12/site-packages/airflow/example_dags/example_sensor_decorator.py took 0.065 seconds
[2026-09-06T09:07:57.709+0000] {processor.py:186} INFO - Started process (PID=1809) to work on /home/airflow/.local/lib/python3.12/site-packages/airflow/example_dags/example_sensor_decorator.py
[2026-09-06T09:07:57.710+0000] {processor.py:914} INFO - Processing file /home/airflow/.local/lib/python3.12/site-packages/airflow/example_dags/example_sensor_decorator.py for tasks to queue
[2026-09-06T09:07:57.712+0000] {logging_mixin.py:190} INFO - [2026-09-06T09:07:57.712+0000] {dagbag.py:588} INFO - Filling up the DagBag from /home/airflow/.local/lib/python3.12/site-packages/airflow/example_dags/example_sensor_decorator.py
[2026-09-06T09:07:57.719+0000] {processor.py:925} INFO - DAG(s) 'example_sensor_decorator' retrieved from /home/airflow/.local/lib/python3.12/site-packages/airflow/example_dags/example_sensor_decorator.py
[2026-09-06T09:07:57.734+0000] {logging_mixin.py:190} INFO - [2026-09-06T09:07:57.734+0000] {dag.py:3239} INFO - Sync 1 DAGs
[2026-09-06T09:07:57.745+0000] {logging_mixin.py:190} INFO - [2026-09-06T09:07:57.744+0000] {dag.py:4180} INFO - Setting next_dagrun for example_sensor_decorator to None, run_after=None
[2026-09-06T09:07:57.758+0000] {processor.py:208} INFO - Processing /home/airflow/.local/lib/python3.12/site-packages/airflow/example_dags/example_sensor_decorator.py took 0.054 seconds
[2026-09-06T09:08:28.249+0000] {processor.py:186} INFO - Started process (PID=1873) to work on /home/airflow/.local/lib/python3.12/site-packages/airflow/example_dags/example_sensor_decorator.py
[2026-09-06T09:08:28.250+0000] {processor.py:914} INFO - Processing file /home/airflow/.local/lib/python3.12/site-packages/airflow/example_dags/example_sensor_decorator.py for tasks to queue
[2026-09-06T09:08:28.252+0000] {logging_mixin.py:190} INFO - [2026-09-06T09:08:28.252+0000] {dagbag.py:588} INFO - Filling up the DagBag from /home/airflow/.local/lib/python3.12/site-packages/airflow/example_dags/example_sensor_decorator.py
[2026-09-06T09:08:28.258+0000] {processor.py:925} INFO - DAG(s) 'example_sensor_decorator' retrieved from /home/airflow/.local/lib/python3.12/site-packages/airflow/example_dags/example_sensor_decorator.py
[2026-09-06T09:08:28.273+0000] {logging_mixin.py:190} INFO - [2026-09-06T09:08:28.273+0000] {dag.py:3239} INFO - Sync 1 DAGs
[2026-09-06T09:08:28.283+0000] {logging_mixin.py:190} INFO - [2026-09-06T09:08:28.283+0000] {dag.py:4180} INFO - Setting next_dagrun for example_sensor_decorator to None, run_after=None
[2026-09-06T09:08:28.297+0000] {processor.py:208} INFO - Processing /home/airflow/.local/lib/python3.12/site-packages/airflow/example_dags/example_sensor_decorator.py took 0.053 seconds
[2026-09-06T09:08:58.909+0000] {processor.py:186} INFO - Started process (PID=1942) to work on /home/airflow/.local/lib/python3.12/site-packages/airflow/example_dags/example_sensor_decorator.py
[2026-09-06T09:08:58.910+0000] {processor.py:914} INFO - Processing file /home/airflow/.local/lib/python3.12/site-packages/airflow/example_dags/example_sensor_decorator.py for tasks to queue
[2026-09-06T09:08:58.912+0000] {logging_mixin.py:190} INFO - [2026-09-06T09:08:58.912+0000] {dagbag.py:588} INFO - Filling up the DagBag from /home/airflow/.local/lib/python3.12/site-packages/airflow/example_dags/example_sensor_decorator.py
[2026-09-06T09:08:58.919+0000] {processor.py:925} INFO - DAG(s) 'example_sensor_decorator' retrieved from /home/airflow/.local/lib/python3.12/site-packages/airflow/example_dags/example_sensor_decorator.py
[2026-09-06T09:08:58.934+0000] {logging_mixin.py:190} INFO - [2026-09-06T09:08:58.934+0000] {dag.py:3239} INFO - Sync 1 DAGs
[2026-09-06T09:08:58.945+0000] {logging_mixin.py:190} INFO - [2026-09-06T09:08:58.945+0000] {dag.py:4180} INFO - Setting next_dagrun for example_sensor_decorator to None, run_after=None
[2026-09-06T09:08:58.960+0000] {processor.py:208} INFO - Processing /home/airflow/.local/lib/python3.12/site-packages/airflow/example_dags/example_sensor_decorator.py took 0.055 seconds
[2026-09-06T09:09:29.523+0000] {processor.py:186} INFO - Started process (PID=2006) to work on /home/airflow/.local/lib/python3.12/site-packages/airflow/example_dags/example_sensor_decorator.py
[2026-09-06T09:09:29.524+0000] {processor.py:914} INFO - Processing file /home/airflow/.local/lib/python3.12/site-packages/airflow/example_dags/example_sensor_decorator.py for tasks to queue
[2026-09-06T09:09:29.527+0000] {logging_mixin.py:190} INFO - [2026-09-06T09:09:29.526+0000] {dagbag.py:588} INFO - Filling up the DagBag from /home/airflow/.local/lib/python3.12/site-packages/airflow/example_dags/example_sensor_decorator.py
[2026-09-06T09:09:29.534+0000] {processor.py:925} INFO - DAG(s) 'example_sensor_decorator' retrieved from /home/airflow/.local/lib/python3.12/site-packages/airflow/example_dags/example_sensor_decorator.py
[2026-09-06T09:09:29.552+0000] {logging_mixin.py:190} INFO - [2026-09-06T09:09:29.552+0000] {dag.py:3239} INFO - Sync 1 DAGs
[2026-09-06T09:09:29.565+0000] {logging_mixin.py:190} INFO - [2026-09-06T09:09:29.565+0000] {dag.py:4180} INFO - Setting next_dagrun for example_sensor_decorator to None, run_after=None
[2026-09-06T09:09:29.584+0000] {processor.py:208} INFO - Processing /home/airflow/.local/lib/python3.12/site-packages/airflow/example_dags/example_sensor_decorator.py took 0.066 seconds
[2026-09-06T09:10:01.090+0000] {processor.py:186} INFO - Started process (PID=2071) to work on /home/airflow/.local/lib/python3.12/site-packages/airflow/example_dags/example_sensor_decorator.py
[2026-09-06T09:10:01.091+0000] {processor.py:914} INFO - Processing file /home/airflow/.local/lib/python3.12/site-packages/airflow/example_dags/example_sensor_decorator.py for tasks to queue
[2026-09-06T09:10:01.093+0000] {logging_mixin.py:190} INFO - [2026-09-06T09:10:01.093+0000] {dagbag.py:588} INFO - Filling up the DagBag from /home/airflow/.local/lib/python3.12/site-packages/airflow/example_dags/example_sensor_decorator.py
[2026-09-06T09:10:01.100+0000] {processor.py:925} INFO - DAG(s) 'example_sensor_decorator' retrieved from /home/airflow/.local/lib/python3.12/site-packages/airflow/example_dags/example_sensor_decorator.py
[2026-09-06T09:10:01.118+0000] {logging_mixin.py:190} INFO - [2026-09-06T09:10:01.118+0000] {dag.py:3239} INFO - Sync 1 DAGs
[2026-09-06T09:10:01.130+0000] {logging_mixin.py:190} INFO - [2026-09-06T09:10:01.130+0000] {dag.py:4180} INFO - Setting next_dagrun for example_sensor_decorator to None, run_after=None
[2026-09-06T09:10:01.152+0000] {processor.py:208} INFO - Processing /home/airflow/.local/lib/python3.12/site-packages/airflow/example_dags/example_sensor_decorator.py took 0.067 seconds
[2026-09-06T09:10:32.463+0000] {processor.py:186} INFO - Started process (PID=2134) to work on /home/airflow/.local/lib/python3.12/site-packages/airflow/example_dags/example_sensor_decorator.py
[2026-09-06T09:10:32.464+0000] {processor.py:914} INFO - Processing file /home/airflow/.local/lib/python3.12/site-packages/airflow/example_dags/example_sensor_decorator.py for tasks to queue
[2026-09-06T09:10:32.466+0000] {logging_mixin.py:190} INFO - [2026-09-06T09:10:32.466+0000] {dagbag.py:588} INFO - Filling up the DagBag from /home/airflow/.local/lib/python3.12/site-packages/airflow/example_dags/example_sensor_decorator.py
[2026-09-06T09:10:32.473+0000] {processor.py:925} INFO - DAG(s) 'example_sensor_decorator' retrieved from /home/airflow/.local/lib/python3.12/site-packages/airflow/example_dags/example_sensor_decorator.py
[2026-09-06T09:10:32.488+0000] {logging_mixin.py:190} INFO - [2026-09-06T09:10:32.488+0000] {dag.py:3239} INFO - Sync 1 DAGs
[2026-09-06T09:10:32.499+0000] {logging_mixin.py:190} INFO - [2026-09-06T09:10:32.499+0000] {dag.py:4180} INFO - Setting next_dagrun for example_sensor_decorator to None, run_after=None
[2026-09-06T09:10:32.514+0000] {processor.py:208} INFO - Processing /home/airflow/.local/lib/python3.12/site-packages/airflow/example_dags/example_sensor_decorator.py took 0.056 seconds
[2026-09-06T09:11:04.394+0000] {processor.py:186} INFO - Started process (PID=2199) to work on /home/airflow/.local/lib/python3.12/site-packages/airflow/example_dags/example_sensor_decorator.py
[2026-09-06T09:11:04.396+0000] {processor.py:914} INFO - Processing file /home/airflow/.local/lib/python3.12/site-packages/airflow/example_dags/example_sensor_decorator.py for tasks to queue
[2026-09-06T09:11:04.398+0000] {logging_mixin.py:190} INFO - [2026-09-06T09:11:04.398+0000] {dagbag.py:588} INFO - Filling up the DagBag from /home/airflow/.local/lib/python3.12/site-packages/airflow/example_dags/example_sensor_decorator.py
[2026-09-06T09:11:04.405+0000] {processor.py:925} INFO - DAG(s) 'example_sensor_decorator' retrieved from /home/airflow/.local/lib/python3.12/site-packages/airflow/example_dags/example_sensor_decorator.py
[2026-09-06T09:11:04.421+0000] {logging_mixin.py:190} INFO - [2026-09-06T09:11:04.421+0000] {dag.py:3239} INFO - Sync 1 DAGs
[2026-09-06T09:11:04.432+0000] {logging_mixin.py:190} INFO - [2026-09-06T09:11:04.432+0000] {dag.py:4180} INFO - Setting next_dagrun for example_sensor_decorator to None, run_after=None
[2026-09-06T09:11:04.446+0000] {processor.py:208} INFO - Processing /home/airflow/.local/lib/python3.12/site-packages/airflow/example_dags/example_sensor_decorator.py took 0.057 seconds
[2026-09-06T09:11:35.077+0000] {processor.py:186} INFO - Started process (PID=2263) to work on /home/airflow/.local/lib/python3.12/site-packages/airflow/example_dags/example_sensor_decorator.py
[2026-09-06T09:11:35.079+0000] {processor.py:914} INFO - Processing file /home/airflow/.local/lib/python3.12/site-packages/airflow/example_dags/example_sensor_decorator.py for tasks to queue
[2026-09-06T09:11:35.081+0000] {logging_mixin.py:190} INFO - [2026-09-06T09:11:35.080+0000] {dagbag.py:588} INFO - Filling up the DagBag from /home/airflow/.local/lib/python3.12/site-packages/airflow/example_dags/example_sensor_decorator.py
[2026-09-06T09:11:35.088+0000] {processor.py:925} INFO - DAG(s) 'example_sensor_decorator' retrieved from /home/airflow/.local/lib/python3.12/site-packages/airflow/example_dags/example_sensor_decorator.py
[2026-09-06T09:11:35.105+0000] {logging_mixin.py:190} INFO - [2026-09-06T09:11:35.104+0000] {dag.py:3239} INFO - Sync 1 DAGs
[2026-09-06T09:11:35.116+0000] {logging_mixin.py:190} INFO - [2026-09-06T09:11:35.116+0000] {dag.py:4180} INFO - Setting next_dagrun for example_sensor_decorator to None, run_after=None
[2026-09-06T09:11:35.131+0000] {processor.py:208} INFO - Processing /home/airflow/.local/lib/python3.12/site-packages/airflow/example_dags/example_sensor_decorator.py took 0.058 seconds
[2026-09-06T09:12:06.743+0000] {processor.py:186} INFO - Started process (PID=2327) to work on /home/airflow/.local/lib/python3.12/site-packages/airflow/example_dags/example_sensor_decorator.py
[2026-09-06T09:12:06.744+0000] {processor.py:914} INFO - Processing file /home/airflow/.local/lib/python3.12/site-packages/airflow/example_dags/example_sensor_decorator.py for tasks to queue
[2026-09-06T09:12:06.746+0000] {logging_mixin.py:190} INFO - [2026-09-06T09:12:06.746+0000] {dagbag.py:588} INFO - Filling up the DagBag from /home/airflow/.local/lib/python3.12/site-packages/airflow/example_dags/example_sensor_decorator.py
[2026-09-06T09:12:06.753+0000] {processor.py:925} INFO - DAG(s) 'example_sensor_decorator' retrieved from /home/airflow/.local/lib/python3.12/site-packages/airflow/example_dags/example_sensor_decorator.py
[2026-09-06T09:12:06.767+0000] {logging_mixin.py:190} INFO - [2026-09-06T09:12:06.767+0000] {dag.py:3239} INFO - Sync 1 DAGs
[2026-09-06T09:12:06.778+0000] {logging_mixin.py:190} INFO - [2026-09-06T09:12:06.778+0000] {dag.py:4180} INFO - Setting next_dagrun for example_sensor_decorator to None, run_after=None
[2026-09-06T09:12:06.792+0000] {processor.py:208} INFO - Processing /home/airflow/.local/lib/python3.12/site-packages/airflow/example_dags/example_sensor_decorator.py took 0.053 seconds
[2026-09-06T09:12:38.152+0000] {processor.py:186} INFO - Started process (PID=2391) to work on /home/airflow/.local/lib/python3.12/site-packages/airflow/example_dags/example_sensor_decorator.py
[2026-09-06T09:12:38.153+0000] {processor.py:914} INFO - Processing file /home/airflow/.local/lib/python3.12/site-packages/airflow/example_dags/example_sensor_decorator.py for tasks to queue
[2026-09-06T09:12:38.156+0000] {logging_mixin.py:190} INFO - [2026-09-06T09:12:38.155+0000] {dagbag.py:588} INFO - Filling up the DagBag from /home/airflow/.local/lib/python3.12/site-packages/airflow/example_dags/example_sensor_decorator.py
[2026-09-06T09:12:38.163+0000] {processor.py:925} INFO - DAG(s) 'example_sensor_decorator' retrieved from /home/airflow/.local/lib/python3.12/site-packages/airflow/example_dags/example_sensor_decorator.py
[2026-09-06T09:12:38.178+0000] {logging_mixin.py:190} INFO - [2026-09-06T09:12:38.178+0000] {dag.py:3239} INFO - Sync 1 DAGs
[2026-09-06T09:12:38.188+0000] {logging_mixin.py:190} INFO - [2026-09-06T09:12:38.188+0000] {dag.py:4180} INFO - Setting next_dagrun for example_sensor_decorator to None, run_after=None
[2026-09-06T09:12:38.203+0000] {processor.py:208} INFO - Processing /home/airflow/.local/lib/python3.12/site-packages/airflow/example_dags/example_sensor_decorator.py took 0.055 seconds
[2026-09-06T09:13:09.543+0000] {processor.py:186} INFO - Started process (PID=2455) to work on /home/airflow/.local/lib/python3.12/site-packages/airflow/example_dags/example_sensor_decorator.py
[2026-09-06T09:13:09.544+0000] {processor.py:914} INFO - Processing file /home/airflow/.local/lib/python3.12/site-packages/airflow/example_dags/example_sensor_decorator.py for tasks to queue
[2026-09-06T09:13:09.546+0000] {logging_mixin.py:190} INFO - [2026-09-06T09:13:09.546+0000] {dagbag.py:588} INFO - Filling up the DagBag from /home/airflow/.local/lib/python3.12/site-packages/airflow/example_dags/example_sensor_decorator.py
[2026-09-06T09:13:09.552+0000] {processor.py:925} INFO - DAG(s) 'example_sensor_decorator' retrieved from /home/airflow/.local/lib/python3.12/site-packages/airflow/example_dags/example_sensor_decorator.py
[2026-09-06T09:13:09.569+0000] {logging_mixin.py:190} INFO - [2026-09-06T09:13:09.568+0000] {dag.py:3239} INFO - Sync 1 DAGs
[2026-09-06T09:13:09.580+0000] {logging_mixin.py:190} INFO - [2026-09-06T09:13:09.580+0000] {dag.py:4180} INFO - Setting next_dagrun for example_sensor_decorator to None, run_after=None
[2026-09-06T09:13:09.595+0000] {processor.py:208} INFO - Processing /home/airflow/.local/lib/python3.12/site-packages/airflow/example_dags/example_sensor_decorator.py took 0.057 seconds
[2026-09-06T09:13:40.224+0000] {processor.py:186} INFO - Started process (PID=2519) to work on /home/airflow/.local/lib/python3.12/site-packages/airflow/example_dags/example_sensor_decorator.py
[2026-09-06T09:13:40.225+0000] {processor.py:914} INFO - Processing file /home/airflow/.local/lib/python3.12/site-packages/airflow/example_dags/example_sensor_decorator.py for tasks to queue
[2026-09-06T09:13:40.227+0000] {logging_mixin.py:190} INFO - [2026-09-06T09:13:40.227+0000] {dagbag.py:588} INFO - Filling up the DagBag from /home/airflow/.local/lib/python3.12/site-packages/airflow/example_dags/example_sensor_decorator.py
[2026-09-06T09:13:40.235+0000] {processor.py:925} INFO - DAG(s) 'example_sensor_decorator' retrieved from /home/airflow/.local/lib/python3.12/site-packages/airflow/example_dags/example_sensor_decorator.py
[2026-09-06T09:13:40.251+0000] {logging_mixin.py:190} INFO - [2026-09-06T09:13:40.251+0000] {dag.py:3239} INFO - Sync 1 DAGs
[2026-09-06T09:13:40.262+0000] {logging_mixin.py:190} INFO - [2026-09-06T09:13:40.262+0000] {dag.py:4180} INFO - Setting next_dagrun for example_sensor_decorator to None, run_after=None
[2026-09-06T09:13:40.276+0000] {processor.py:208} INFO - Processing /home/airflow/.local/lib/python3.12/site-packages/airflow/example_dags/example_sensor_decorator.py took 0.057 seconds
[2026-09-06T09:14:11.581+0000] {processor.py:186} INFO - Started process (PID=2584) to work on /home/airflow/.local/lib/python3.12/site-packages/airflow/example_dags/example_sensor_decorator.py
[2026-09-06T09:14:11.582+0000] {processor.py:914} INFO - Processing file /home/airflow/.local/lib/python3.12/site-packages/airflow/example_dags/example_sensor_decorator.py for tasks to queue
[2026-09-06T09:14:11.585+0000] {logging_mixin.py:190} INFO - [2026-09-06T09:14:11.584+0000] {dagbag.py:588} INFO - Filling up the DagBag from /home/airflow/.local/lib/python3.12/site-packages/airflow/example_dags/example_sensor_decorator.py
[2026-09-06T09:14:11.591+0000] {processor.py:925} INFO - DAG(s) 'example_sensor_decorator' retrieved from /home/airflow/.local/lib/python3.12/site-packages/airflow/example_dags/example_sensor_decorator.py
[2026-09-06T09:14:11.606+0000] {logging_mixin.py:190} INFO - [2026-09-06T09:14:11.606+0000] {dag.py:3239} INFO - Sync 1 DAGs
[2026-09-06T09:14:11.616+0000] {logging_mixin.py:190} INFO - [2026-09-06T09:14:11.616+0000] {dag.py:4180} INFO - Setting next_dagrun for example_sensor_decorator to None, run_after=None
[2026-09-06T09:14:11.629+0000] {processor.py:208} INFO - Processing /home/airflow/.local/lib/python3.12/site-packages/airflow/example_dags/example_sensor_decorator.py took 0.053 seconds
[2026-09-06T09:14:42.922+0000] {processor.py:186} INFO - Started process (PID=2648) to work on /home/airflow/.local/lib/python3.12/site-packages/airflow/example_dags/example_sensor_decorator.py
[2026-09-06T09:14:42.924+0000] {processor.py:914} INFO - Processing file /home/airflow/.local/lib/python3.12/site-packages/airflow/example_dags/example_sensor_decorator.py for tasks to queue
[2026-09-06T09:14:42.927+0000] {logging_mixin.py:190} INFO - [2026-09-06T09:14:42.926+0000] {dagbag.py:588} INFO - Filling up the DagBag from /home/airflow/.local/lib/python3.12/site-packages/airflow/example_dags/example_sensor_decorator.py
[2026-09-06T09:14:42.934+0000] {processor.py:925} INFO - DAG(s) 'example_sensor_decorator' retrieved from /home/airflow/.local/lib/python3.12/site-packages/airflow/example_dags/example_sensor_decorator.py
[2026-09-06T09:14:42.952+0000] {logging_mixin.py:190} INFO - [2026-09-06T09:14:42.951+0000] {dag.py:3239} INFO - Sync 1 DAGs
[2026-09-06T09:14:42.963+0000] {logging_mixin.py:190} INFO - [2026-09-06T09:14:42.963+0000] {dag.py:4180} INFO - Setting next_dagrun for example_sensor_decorator to None, run_after=None
[2026-09-06T09:14:42.979+0000] {processor.py:208} INFO - Processing /home/airflow/.local/lib/python3.12/site-packages/airflow/example_dags/example_sensor_decorator.py took 0.062 seconds
[2026-09-06T09:15:14.080+0000] {processor.py:186} INFO - Started process (PID=2712) to work on /home/airflow/.local/lib/python3.12/site-packages/airflow/example_dags/example_sensor_decorator.py
[2026-09-06T09:15:14.081+0000] {processor.py:914} INFO - Processing file /home/airflow/.local/lib/python3.12/site-packages/airflow/example_dags/example_sensor_decorator.py for tasks to queue
[2026-09-06T09:15:14.083+0000] {logging_mixin.py:190} INFO - [2026-09-06T09:15:14.083+0000] {dagbag.py:588} INFO - Filling up the DagBag from /home/airflow/.local/lib/python3.12/site-packages/airflow/example_dags/example_sensor_decorator.py
[2026-09-06T09:15:14.091+0000] {processor.py:925} INFO - DAG(s) 'example_sensor_decorator' retrieved from /home/airflow/.local/lib/python3.12/site-packages/airflow/example_dags/example_sensor_decorator.py
[2026-09-06T09:15:14.108+0000] {logging_mixin.py:190} INFO - [2026-09-06T09:15:14.107+0000] {dag.py:3239} INFO - Sync 1 DAGs
[2026-09-06T09:15:14.121+0000] {logging_mixin.py:190} INFO - [2026-09-06T09:15:14.121+0000] {dag.py:4180} INFO - Setting next_dagrun for example_sensor_decorator to None, run_after=None
[2026-09-06T09:15:14.143+0000] {processor.py:208} INFO - Processing /home/airflow/.local/lib/python3.12/site-packages/airflow/example_dags/example_sensor_decorator.py took 0.069 seconds
[2026-09-06T09:15:44.814+0000] {processor.py:186} INFO - Started process (PID=2777) to work on /home/airflow/.local/lib/python3.12/site-packages/airflow/example_dags/example_sensor_decorator.py
[2026-09-06T09:15:44.815+0000] {processor.py:914} INFO - Processing file /home/airflow/.local/lib/python3.12/site-packages/airflow/example_dags/example_sensor_decorator.py for tasks to queue
[2026-09-06T09:15:44.818+0000] {logging_mixin.py:190} INFO - [2026-09-06T09:15:44.818+0000] {dagbag.py:588} INFO - Filling up the DagBag from /home/airflow/.local/lib/python3.12/site-packages/airflow/example_dags/example_sensor_decorator.py
[2026-09-06T09:15:44.826+0000] {processor.py:925} INFO - DAG(s) 'example_sensor_decorator' retrieved from /home/airflow/.local/lib/python3.12/site-packages/airflow/example_dags/example_sensor_decorator.py
[2026-09-06T09:15:44.843+0000] {logging_mixin.py:190} INFO - [2026-09-06T09:15:44.843+0000] {dag.py:3239} INFO - Sync 1 DAGs
[2026-09-06T09:15:44.856+0000] {logging_mixin.py:190} INFO - [2026-09-06T09:15:44.856+0000] {dag.py:4180} INFO - Setting next_dagrun for example_sensor_decorator to None, run_after=None
[2026-09-06T09:15:44.882+0000] {processor.py:208} INFO - Processing /home/airflow/.local/lib/python3.12/site-packages/airflow/example_dags/example_sensor_decorator.py took 0.073 seconds
[2026-09-06T09:16:15.370+0000] {processor.py:186} INFO - Started process (PID=2840) to work on /home/airflow/.local/lib/python3.12/site-packages/airflow/example_dags/example_sensor_decorator.py
[2026-09-06T09:16:15.371+0000] {processor.py:914} INFO - Processing file /home/airflow/.local/lib/python3.12/site-packages/airflow/example_dags/example_sensor_decorator.py for tasks to queue
[2026-09-06T09:16:15.373+0000] {logging_mixin.py:190} INFO - [2026-09-06T09:16:15.373+0000] {dagbag.py:588} INFO - Filling up the DagBag from /home/airflow/.local/lib/python3.12/site-packages/airflow/example_dags/example_sensor_decorator.py
[2026-09-06T09:16:15.382+0000] {processor.py:925} INFO - DAG(s) 'example_sensor_decorator' retrieved from /home/airflow/.local/lib/python3.12/site-packages/airflow/example_dags/example_sensor_decorator.py
[2026-09-06T09:16:15.399+0000] {logging_mixin.py:190} INFO - [2026-09-06T09:16:15.399+0000] {dag.py:3239} INFO - Sync 1 DAGs
[2026-09-06T09:16:15.411+0000] {logging_mixin.py:190} INFO - [2026-09-06T09:16:15.411+0000] {dag.py:4180} INFO - Setting next_dagrun for example_sensor_decorator to None, run_after=None
[2026-09-06T09:16:15.427+0000] {processor.py:208} INFO - Processing /home/airflow/.local/lib/python3.12/site-packages/airflow/example_dags/example_sensor_decorator.py took 0.063 seconds
[2026-09-06T09:16:46.332+0000] {processor.py:186} INFO - Started process (PID=2904) to work on /home/airflow/.local/lib/python3.12/site-packages/airflow/example_dags/example_sensor_decorator.py
[2026-09-06T09:16:46.334+0000] {processor.py:914} INFO - Processing file /home/airflow/.local/lib/python3.12/site-packages/airflow/example_dags/example_sensor_decorator.py for tasks to queue
[2026-09-06T09:16:46.336+0000] {logging_mixin.py:190} INFO - [2026-09-06T09:16:46.336+0000] {dagbag.py:588} INFO - Filling up the DagBag from /home/airflow/.local/lib/python3.12/site-packages/airflow/example_dags/example_sensor_decorator.py
[2026-09-06T09:16:46.346+0000] {processor.py:925} INFO - DAG(s) 'example_sensor_decorator' retrieved from /home/airflow/.local/lib/python3.12/site-packages/airflow/example_dags/example_sensor_decorator.py
[2026-09-06T09:16:46.365+0000] {logging_mixin.py:190} INFO - [2026-09-06T09:16:46.365+0000] {dag.py:3239} INFO - Sync 1 DAGs
[2026-09-06T09:16:46.378+0000] {logging_mixin.py:190} INFO - [2026-09-06T09:16:46.378+0000] {dag.py:4180} INFO - Setting next_dagrun for example_sensor_decorator to None, run_after=None
[2026-09-06T09:16:46.395+0000] {processor.py:208} INFO - Processing /home/airflow/.local/lib/python3.12/site-packages/airflow/example_dags/example_sensor_decorator.py took 0.068 seconds
[2026-09-06T09:17:16.805+0000] {processor.py:186} INFO - Started process (PID=2967) to work on /home/airflow/.local/lib/python3.12/site-packages/airflow/example_dags/example_sensor_decorator.py
[2026-09-06T09:17:16.806+0000] {processor.py:914} INFO - Processing file /home/airflow/.local/lib/python3.12/site-packages/airflow/example_dags/example_sensor_decorator.py for tasks to queue
[2026-09-06T09:17:16.808+0000] {logging_mixin.py:190} INFO - [2026-09-06T09:17:16.808+0000] {dagbag.py:588} INFO - Filling up the DagBag from /home/airflow/.local/lib/python3.12/site-packages/airflow/example_dags/example_sensor_decorator.py
[2026-09-06T09:17:16.815+0000] {processor.py:925} INFO - DAG(s) 'example_sensor_decorator' retrieved from /home/airflow/.local/lib/python3.12/site-packages/airflow/example_dags/example_sensor_decorator.py
[2026-09-06T09:17:16.830+0000] {logging_mixin.py:190} INFO - [2026-09-06T09:17:16.830+0000] {dag.py:3239} INFO - Sync 1 DAGs
[2026-09-06T09:17:16.842+0000] {logging_mixin.py:190} INFO - [2026-09-06T09:17:16.841+0000] {dag.py:4180} INFO - Setting next_dagrun for example_sensor_decorator to None, run_after=None
[2026-09-06T09:17:16.856+0000] {processor.py:208} INFO - Processing /home/airflow/.local/lib/python3.12/site-packages/airflow/example_dags/example_sensor_decorator.py took 0.057 seconds
[2026-09-06T09:17:47.573+0000] {processor.py:186} INFO - Started process (PID=3032) to work on /home/airflow/.local/lib/python3.12/site-packages/airflow/example_dags/example_sensor_decorator.py
[2026-09-06T09:17:47.574+0000] {processor.py:914} INFO - Processing file /home/airflow/.local/lib/python3.12/site-packages/airflow/example_dags/example_sensor_decorator.py for tasks to queue
[2026-09-06T09:17:47.576+0000] {logging_mixin.py:190} INFO - [2026-09-06T09:17:47.575+0000] {dagbag.py:588} INFO - Filling up the DagBag from /home/airflow/.local/lib/python3.12/site-packages/airflow/example_dags/example_sensor_decorator.py
[2026-09-06T09:17:47.583+0000] {processor.py:925} INFO - DAG(s) 'example_sensor_decorator' retrieved from /home/airflow/.local/lib/python3.12/site-packages/airflow/example_dags/example_sensor_decorator.py
[2026-09-06T09:17:47.597+0000] {logging_mixin.py:190} INFO - [2026-09-06T09:17:47.597+0000] {dag.py:3239} INFO - Sync 1 DAGs
[2026-09-06T09:17:47.607+0000] {logging_mixin.py:190} INFO - [2026-09-06T09:17:47.607+0000] {dag.py:4180} INFO - Setting next_dagrun for example_sensor_decorator to None, run_after=None
[2026-09-06T09:17:47.621+0000] {processor.py:208} INFO - Processing /home/airflow/.local/lib/python3.12/site-packages/airflow/example_dags/example_sensor_decorator.py took 0.053 seconds
[2026-09-06T09:18:20.083+0000] {processor.py:186} INFO - Started process (PID=3098) to work on /home/airflow/.local/lib/python3.12/site-packages/airflow/example_dags/example_sensor_decorator.py
[2026-09-06T09:18:20.084+0000] {processor.py:914} INFO - Processing file /home/airflow/.local/lib/python3.12/site-packages/airflow/example_dags/example_sensor_decorator.py for tasks to queue
[2026-09-06T09:18:20.086+0000] {logging_mixin.py:190} INFO - [2026-09-06T09:18:20.086+0000] {dagbag.py:588} INFO - Filling up the DagBag from /home/airflow/.local/lib/python3.12/site-packages/airflow/example_dags/example_sensor_decorator.py
[2026-09-06T09:18:20.093+0000] {processor.py:925} INFO - DAG(s) 'example_sensor_decorator' retrieved from /home/airflow/.local/lib/python3.12/site-packages/airflow/example_dags/example_sensor_decorator.py
[2026-09-06T09:18:20.109+0000] {logging_mixin.py:190} INFO - [2026-09-06T09:18:20.109+0000] {dag.py:3239} INFO - Sync 1 DAGs
[2026-09-06T09:18:20.308+0000] {logging_mixin.py:190} INFO - [2026-09-06T09:18:20.308+0000] {dag.py:4180} INFO - Setting next_dagrun for example_sensor_decorator to None, run_after=None
[2026-09-06T09:18:20.323+0000] {processor.py:208} INFO - Processing /home/airflow/.local/lib/python3.12/site-packages/airflow/example_dags/example_sensor_decorator.py took 0.244 seconds
[2026-09-06T09:18:50.814+0000] {processor.py:186} INFO - Started process (PID=3162) to work on /home/airflow/.local/lib/python3.12/site-packages/airflow/example_dags/example_sensor_decorator.py
[2026-09-06T09:18:50.815+0000] {processor.py:914} INFO - Processing file /home/airflow/.local/lib/python3.12/site-packages/airflow/example_dags/example_sensor_decorator.py for tasks to queue
[2026-09-06T09:18:50.817+0000] {logging_mixin.py:190} INFO - [2026-09-06T09:18:50.817+0000] {dagbag.py:588} INFO - Filling up the DagBag from /home/airflow/.local/lib/python3.12/site-packages/airflow/example_dags/example_sensor_decorator.py
[2026-09-06T09:18:50.824+0000] {processor.py:925} INFO - DAG(s) 'example_sensor_decorator' retrieved from /home/airflow/.local/lib/python3.12/site-packages/airflow/example_dags/example_sensor_decorator.py
[2026-09-06T09:18:50.846+0000] {logging_mixin.py:190} INFO - [2026-09-06T09:18:50.846+0000] {dag.py:3239} INFO - Sync 1 DAGs
[2026-09-06T09:18:50.857+0000] {logging_mixin.py:190} INFO - [2026-09-06T09:18:50.857+0000] {dag.py:4180} INFO - Setting next_dagrun for example_sensor_decorator to None, run_after=None
[2026-09-06T09:18:50.872+0000] {processor.py:208} INFO - Processing /home/airflow/.local/lib/python3.12/site-packages/airflow/example_dags/example_sensor_decorator.py took 0.063 seconds
[2026-09-06T09:19:21.407+0000] {processor.py:186} INFO - Started process (PID=3227) to work on /home/airflow/.local/lib/python3.12/site-packages/airflow/example_dags/example_sensor_decorator.py
[2026-09-06T09:19:21.408+0000] {processor.py:914} INFO - Processing file /home/airflow/.local/lib/python3.12/site-packages/airflow/example_dags/example_sensor_decorator.py for tasks to queue
[2026-09-06T09:19:21.410+0000] {logging_mixin.py:190} INFO - [2026-09-06T09:19:21.410+0000] {dagbag.py:588} INFO - Filling up the DagBag from /home/airflow/.local/lib/python3.12/site-packages/airflow/example_dags/example_sensor_decorator.py
[2026-09-06T09:19:21.417+0000] {processor.py:925} INFO - DAG(s) 'example_sensor_decorator' retrieved from /home/airflow/.local/lib/python3.12/site-packages/airflow/example_dags/example_sensor_decorator.py
[2026-09-06T09:19:21.432+0000] {logging_mixin.py:190} INFO - [2026-09-06T09:19:21.432+0000] {dag.py:3239} INFO - Sync 1 DAGs
[2026-09-06T09:19:21.443+0000] {logging_mixin.py:190} INFO - [2026-09-06T09:19:21.443+0000] {dag.py:4180} INFO - Setting next_dagrun for example_sensor_decorator to None, run_after=None
[2026-09-06T09:19:21.458+0000] {processor.py:208} INFO - Processing /home/airflow/.local/lib/python3.12/site-packages/airflow/example_dags/example_sensor_decorator.py took 0.056 seconds
[2026-09-06T09:19:52.590+0000] {processor.py:186} INFO - Started process (PID=3292) to work on /home/airflow/.local/lib/python3.12/site-packages/airflow/example_dags/example_sensor_decorator.py
[2026-09-06T09:19:52.591+0000] {processor.py:914} INFO - Processing file /home/airflow/.local/lib/python3.12/site-packages/airflow/example_dags/example_sensor_decorator.py for tasks to queue
[2026-09-06T09:19:52.593+0000] {logging_mixin.py:190} INFO - [2026-09-06T09:19:52.593+0000] {dagbag.py:588} INFO - Filling up the DagBag from /home/airflow/.local/lib/python3.12/site-packages/airflow/example_dags/example_sensor_decorator.py
[2026-09-06T09:19:52.599+0000] {processor.py:925} INFO - DAG(s) 'example_sensor_decorator' retrieved from /home/airflow/.local/lib/python3.12/site-packages/airflow/example_dags/example_sensor_decorator.py
[2026-09-06T09:19:52.614+0000] {logging_mixin.py:190} INFO - [2026-09-06T09:19:52.614+0000] {dag.py:3239} INFO - Sync 1 DAGs
[2026-09-06T09:19:52.624+0000] {logging_mixin.py:190} INFO - [2026-09-06T09:19:52.624+0000] {dag.py:4180} INFO - Setting next_dagrun for example_sensor_decorator to None, run_after=None
[2026-09-06T09:19:52.638+0000] {processor.py:208} INFO - Processing /home/airflow/.local/lib/python3.12/site-packages/airflow/example_dags/example_sensor_decorator.py took 0.052 seconds
[2026-09-06T09:20:25.717+0000] {processor.py:186} INFO - Started process (PID=3361) to work on /home/airflow/.local/lib/python3.12/site-packages/airflow/example_dags/example_sensor_decorator.py
[2026-09-06T09:20:25.719+0000] {processor.py:914} INFO - Processing file /home/airflow/.local/lib/python3.12/site-packages/airflow/example_dags/example_sensor_decorator.py for tasks to queue
[2026-09-06T09:20:25.722+0000] {logging_mixin.py:190} INFO - [2026-09-06T09:20:25.721+0000] {dagbag.py:588} INFO - Filling up the DagBag from /home/airflow/.local/lib/python3.12/site-packages/airflow/example_dags/example_sensor_decorator.py
[2026-09-06T09:20:25.912+0000] {processor.py:925} INFO - DAG(s) 'example_sensor_decorator' retrieved from /home/airflow/.local/lib/python3.12/site-packages/airflow/example_dags/example_sensor_decorator.py
[2026-09-06T09:20:25.926+0000] {logging_mixin.py:190} INFO - [2026-09-06T09:20:25.926+0000] {dag.py:3239} INFO - Sync 1 DAGs
[2026-09-06T09:20:25.935+0000] {logging_mixin.py:190} INFO - [2026-09-06T09:20:25.935+0000] {dag.py:4180} INFO - Setting next_dagrun for example_sensor_decorator to None, run_after=None
[2026-09-06T09:20:25.949+0000] {processor.py:208} INFO - Processing /home/airflow/.local/lib/python3.12/site-packages/airflow/example_dags/example_sensor_decorator.py took 0.236 seconds
[2026-09-06T09:20:56.513+0000] {processor.py:186} INFO - Started process (PID=3425) to work on /home/airflow/.local/lib/python3.12/site-packages/airflow/example_dags/example_sensor_decorator.py
[2026-09-06T09:20:56.514+0000] {processor.py:914} INFO - Processing file /home/airflow/.local/lib/python3.12/site-packages/airflow/example_dags/example_sensor_decorator.py for tasks to queue
[2026-09-06T09:20:56.516+0000] {logging_mixin.py:190} INFO - [2026-09-06T09:20:56.516+0000] {dagbag.py:588} INFO - Filling up the DagBag from /home/airflow/.local/lib/python3.12/site-packages/airflow/example_dags/example_sensor_decorator.py
[2026-09-06T09:20:56.523+0000] {processor.py:925} INFO - DAG(s) 'example_sensor_decorator' retrieved from /home/airflow/.local/lib/python3.12/site-packages/airflow/example_dags/example_sensor_decorator.py
[2026-09-06T09:20:56.538+0000] {logging_mixin.py:190} INFO - [2026-09-06T09:20:56.538+0000] {dag.py:3239} INFO - Sync 1 DAGs
[2026-09-06T09:20:56.549+0000] {logging_mixin.py:190} INFO - [2026-09-06T09:20:56.548+0000] {dag.py:4180} INFO - Setting next_dagrun for example_sensor_decorator to None, run_after=None
[2026-09-06T09:20:56.563+0000] {processor.py:208} INFO - Processing /home/airflow/.local/lib/python3.12/site-packages/airflow/example_dags/example_sensor_decorator.py took 0.054 seconds
[2026-09-06T09:21:26.762+0000] {processor.py:186} INFO - Started process (PID=3489) to work on /home/airflow/.local/lib/python3.12/site-packages/airflow/example_dags/example_sensor_decorator.py
[2026-09-06T09:21:26.763+0000] {processor.py:914} INFO - Processing file /home/airflow/.local/lib/python3.12/site-packages/airflow/example_dags/example_sensor_decorator.py for tasks to queue
[2026-09-06T09:21:26.766+0000] {logging_mixin.py:190} INFO - [2026-09-06T09:21:26.765+0000] {dagbag.py:588} INFO - Filling up the DagBag from /home/airflow/.local/lib/python3.12/site-packages/airflow/example_dags/example_sensor_decorator.py
[2026-09-06T09:21:26.772+0000] {processor.py:925} INFO - DAG(s) 'example_sensor_decorator' retrieved from /home/airflow/.local/lib/python3.12/site-packages/airflow/example_dags/example_sensor_decorator.py
[2026-09-06T09:21:26.789+0000] {logging_mixin.py:190} INFO - [2026-09-06T09:21:26.788+0000] {dag.py:3239} INFO - Sync 1 DAGs
[2026-09-06T09:21:26.800+0000] {logging_mixin.py:190} INFO - [2026-09-06T09:21:26.800+0000] {dag.py:4180} INFO - Setting next_dagrun for example_sensor_decorator to None, run_after=None
[2026-09-06T09:21:26.815+0000] {processor.py:208} INFO - Processing /home/airflow/.local/lib/python3.12/site-packages/airflow/example_dags/example_sensor_decorator.py took 0.058 seconds
[2026-09-06T09:21:57.999+0000] {processor.py:186} INFO - Started process (PID=3553) to work on /home/airflow/.local/lib/python3.12/site-packages/airflow/example_dags/example_sensor_decorator.py
[2026-09-06T09:21:58.000+0000] {processor.py:914} INFO - Processing file /home/airflow/.local/lib/python3.12/site-packages/airflow/example_dags/example_sensor_decorator.py for tasks to queue
[2026-09-06T09:21:58.003+0000] {logging_mixin.py:190} INFO - [2026-09-06T09:21:58.002+0000] {dagbag.py:588} INFO - Filling up the DagBag from /home/airflow/.local/lib/python3.12/site-packages/airflow/example_dags/example_sensor_decorator.py
[2026-09-06T09:21:58.010+0000] {processor.py:925} INFO - DAG(s) 'example_sensor_decorator' retrieved from /home/airflow/.local/lib/python3.12/site-packages/airflow/example_dags/example_sensor_decorator.py
[2026-09-06T09:21:58.027+0000] {logging_mixin.py:190} INFO - [2026-09-06T09:21:58.027+0000] {dag.py:3239} INFO - Sync 1 DAGs
[2026-09-06T09:21:58.041+0000] {logging_mixin.py:190} INFO - [2026-09-06T09:21:58.040+0000] {dag.py:4180} INFO - Setting next_dagrun for example_sensor_decorator to None, run_after=None
[2026-09-06T09:21:58.061+0000] {processor.py:208} INFO - Processing /home/airflow/.local/lib/python3.12/site-packages/airflow/example_dags/example_sensor_decorator.py took 0.067 seconds
[2026-09-06T09:22:29.105+0000] {processor.py:186} INFO - Started process (PID=3619) to work on /home/airflow/.local/lib/python3.12/site-packages/airflow/example_dags/example_sensor_decorator.py
[2026-09-06T09:22:29.106+0000] {processor.py:914} INFO - Processing file /home/airflow/.local/lib/python3.12/site-packages/airflow/example_dags/example_sensor_decorator.py for tasks to queue
[2026-09-06T09:22:29.108+0000] {logging_mixin.py:190} INFO - [2026-09-06T09:22:29.108+0000] {dagbag.py:588} INFO - Filling up the DagBag from /home/airflow/.local/lib/python3.12/site-packages/airflow/example_dags/example_sensor_decorator.py
[2026-09-06T09:22:29.115+0000] {processor.py:925} INFO - DAG(s) 'example_sensor_decorator' retrieved from /home/airflow/.local/lib/python3.12/site-packages/airflow/example_dags/example_sensor_decorator.py
[2026-09-06T09:22:29.132+0000] {logging_mixin.py:190} INFO - [2026-09-06T09:22:29.132+0000] {dag.py:3239} INFO - Sync 1 DAGs
[2026-09-06T09:22:29.143+0000] {logging_mixin.py:190} INFO - [2026-09-06T09:22:29.142+0000] {dag.py:4180} INFO - Setting next_dagrun for example_sensor_decorator to None, run_after=None
[2026-09-06T09:22:29.158+0000] {processor.py:208} INFO - Processing /home/airflow/.local/lib/python3.12/site-packages/airflow/example_dags/example_sensor_decorator.py took 0.057 seconds
[2026-09-06T09:23:00.057+0000] {processor.py:186} INFO - Started process (PID=3689) to work on /home/airflow/.local/lib/python3.12/site-packages/airflow/example_dags/example_sensor_decorator.py
[2026-09-06T09:23:00.058+0000] {processor.py:914} INFO - Processing file /home/airflow/.local/lib/python3.12/site-packages/airflow/example_dags/example_sensor_decorator.py for tasks to queue
[2026-09-06T09:23:00.061+0000] {logging_mixin.py:190} INFO - [2026-09-06T09:23:00.060+0000] {dagbag.py:588} INFO - Filling up the DagBag from /home/airflow/.local/lib/python3.12/site-packages/airflow/example_dags/example_sensor_decorator.py
[2026-09-06T09:23:00.067+0000] {processor.py:925} INFO - DAG(s) 'example_sensor_decorator' retrieved from /home/airflow/.local/lib/python3.12/site-packages/airflow/example_dags/example_sensor_decorator.py
[2026-09-06T09:23:00.081+0000] {logging_mixin.py:190} INFO - [2026-09-06T09:23:00.081+0000] {dag.py:3239} INFO - Sync 1 DAGs
[2026-09-06T09:23:00.091+0000] {logging_mixin.py:190} INFO - [2026-09-06T09:23:00.091+0000] {dag.py:4180} INFO - Setting next_dagrun for example_sensor_decorator to None, run_after=None
[2026-09-06T09:23:00.105+0000] {processor.py:208} INFO - Processing /home/airflow/.local/lib/python3.12/site-packages/airflow/example_dags/example_sensor_decorator.py took 0.052 seconds
[2026-09-06T09:23:31.160+0000] {processor.py:186} INFO - Started process (PID=3755) to work on /home/airflow/.local/lib/python3.12/site-packages/airflow/example_dags/example_sensor_decorator.py
[2026-09-06T09:23:31.162+0000] {processor.py:914} INFO - Processing file /home/airflow/.local/lib/python3.12/site-packages/airflow/example_dags/example_sensor_decorator.py for tasks to queue
[2026-09-06T09:23:31.164+0000] {logging_mixin.py:190} INFO - [2026-09-06T09:23:31.163+0000] {dagbag.py:588} INFO - Filling up the DagBag from /home/airflow/.local/lib/python3.12/site-packages/airflow/example_dags/example_sensor_decorator.py
[2026-09-06T09:23:31.171+0000] {processor.py:925} INFO - DAG(s) 'example_sensor_decorator' retrieved from /home/airflow/.local/lib/python3.12/site-packages/airflow/example_dags/example_sensor_decorator.py
[2026-09-06T09:23:31.185+0000] {logging_mixin.py:190} INFO - [2026-09-06T09:23:31.185+0000] {dag.py:3239} INFO - Sync 1 DAGs
[2026-09-06T09:23:31.196+0000] {logging_mixin.py:190} INFO - [2026-09-06T09:23:31.196+0000] {dag.py:4180} INFO - Setting next_dagrun for example_sensor_decorator to None, run_after=None
[2026-09-06T09:23:31.211+0000] {processor.py:208} INFO - Processing /home/airflow/.local/lib/python3.12/site-packages/airflow/example_dags/example_sensor_decorator.py took 0.056 seconds
[2026-09-06T09:24:02.102+0000] {processor.py:186} INFO - Started process (PID=3819) to work on /home/airflow/.local/lib/python3.12/site-packages/airflow/example_dags/example_sensor_decorator.py
[2026-09-06T09:24:02.103+0000] {processor.py:914} INFO - Processing file /home/airflow/.local/lib/python3.12/site-packages/airflow/example_dags/example_sensor_decorator.py for tasks to queue
[2026-09-06T09:24:02.105+0000] {logging_mixin.py:190} INFO - [2026-09-06T09:24:02.105+0000] {dagbag.py:588} INFO - Filling up the DagBag from /home/airflow/.local/lib/python3.12/site-packages/airflow/example_dags/example_sensor_decorator.py
[2026-09-06T09:24:02.112+0000] {processor.py:925} INFO - DAG(s) 'example_sensor_decorator' retrieved from /home/airflow/.local/lib/python3.12/site-packages/airflow/example_dags/example_sensor_decorator.py
[2026-09-06T09:24:02.128+0000] {logging_mixin.py:190} INFO - [2026-09-06T09:24:02.128+0000] {dag.py:3239} INFO - Sync 1 DAGs
[2026-09-06T09:24:02.139+0000] {logging_mixin.py:190} INFO - [2026-09-06T09:24:02.139+0000] {dag.py:4180} INFO - Setting next_dagrun for example_sensor_decorator to None, run_after=None
[2026-09-06T09:24:02.154+0000] {processor.py:208} INFO - Processing /home/airflow/.local/lib/python3.12/site-packages/airflow/example_dags/example_sensor_decorator.py took 0.057 seconds
[2026-09-06T09:24:33.469+0000] {processor.py:186} INFO - Started process (PID=3883) to work on /home/airflow/.local/lib/python3.12/site-packages/airflow/example_dags/example_sensor_decorator.py
[2026-09-06T09:24:33.470+0000] {processor.py:914} INFO - Processing file /home/airflow/.local/lib/python3.12/site-packages/airflow/example_dags/example_sensor_decorator.py for tasks to queue
[2026-09-06T09:24:33.472+0000] {logging_mixin.py:190} INFO - [2026-09-06T09:24:33.472+0000] {dagbag.py:588} INFO - Filling up the DagBag from /home/airflow/.local/lib/python3.12/site-packages/airflow/example_dags/example_sensor_decorator.py
[2026-09-06T09:24:33.479+0000] {processor.py:925} INFO - DAG(s) 'example_sensor_decorator' retrieved from /home/airflow/.local/lib/python3.12/site-packages/airflow/example_dags/example_sensor_decorator.py
[2026-09-06T09:24:33.496+0000] {logging_mixin.py:190} INFO - [2026-09-06T09:24:33.496+0000] {dag.py:3239} INFO - Sync 1 DAGs
[2026-09-06T09:24:33.509+0000] {logging_mixin.py:190} INFO - [2026-09-06T09:24:33.509+0000] {dag.py:4180} INFO - Setting next_dagrun for example_sensor_decorator to None, run_after=None
[2026-09-06T09:24:33.525+0000] {processor.py:208} INFO - Processing /home/airflow/.local/lib/python3.12/site-packages/airflow/example_dags/example_sensor_decorator.py took 0.060 seconds
[2026-09-06T09:25:04.366+0000] {processor.py:186} INFO - Started process (PID=3947) to work on /home/airflow/.local/lib/python3.12/site-packages/airflow/example_dags/example_sensor_decorator.py
[2026-09-06T09:25:04.368+0000] {processor.py:914} INFO - Processing file /home/airflow/.local/lib/python3.12/site-packages/airflow/example_dags/example_sensor_decorator.py for tasks to queue
[2026-09-06T09:25:04.373+0000] {logging_mixin.py:190} INFO - [2026-09-06T09:25:04.372+0000] {dagbag.py:588} INFO - Filling up the DagBag from /home/airflow/.local/lib/python3.12/site-packages/airflow/example_dags/example_sensor_decorator.py
[2026-09-06T09:25:04.385+0000] {processor.py:925} INFO - DAG(s) 'example_sensor_decorator' retrieved from /home/airflow/.local/lib/python3.12/site-packages/airflow/example_dags/example_sensor_decorator.py
[2026-09-06T09:25:04.409+0000] {logging_mixin.py:190} INFO - [2026-09-06T09:25:04.408+0000] {dag.py:3239} INFO - Sync 1 DAGs
[2026-09-06T09:25:04.425+0000] {logging_mixin.py:190} INFO - [2026-09-06T09:25:04.424+0000] {dag.py:4180} INFO - Setting next_dagrun for example_sensor_decorator to None, run_after=None
[2026-09-06T09:25:04.440+0000] {processor.py:208} INFO - Processing /home/airflow/.local/lib/python3.12/site-packages/airflow/example_dags/example_sensor_decorator.py took 0.085 seconds
[2026-09-06T09:25:35.703+0000] {processor.py:186} INFO - Started process (PID=4011) to work on /home/airflow/.local/lib/python3.12/site-packages/airflow/example_dags/example_sensor_decorator.py
[2026-09-06T09:25:35.704+0000] {processor.py:914} INFO - Processing file /home/airflow/.local/lib/python3.12/site-packages/airflow/example_dags/example_sensor_decorator.py for tasks to queue
[2026-09-06T09:25:35.706+0000] {logging_mixin.py:190} INFO - [2026-09-06T09:25:35.706+0000] {dagbag.py:588} INFO - Filling up the DagBag from /home/airflow/.local/lib/python3.12/site-packages/airflow/example_dags/example_sensor_decorator.py
[2026-09-06T09:25:35.713+0000] {processor.py:925} INFO - DAG(s) 'example_sensor_decorator' retrieved from /home/airflow/.local/lib/python3.12/site-packages/airflow/example_dags/example_sensor_decorator.py
[2026-09-06T09:25:35.729+0000] {logging_mixin.py:190} INFO - [2026-09-06T09:25:35.729+0000] {dag.py:3239} INFO - Sync 1 DAGs
[2026-09-06T09:25:35.740+0000] {logging_mixin.py:190} INFO - [2026-09-06T09:25:35.740+0000] {dag.py:4180} INFO - Setting next_dagrun for example_sensor_decorator to None, run_after=None
[2026-09-06T09:25:35.756+0000] {processor.py:208} INFO - Processing /home/airflow/.local/lib/python3.12/site-packages/airflow/example_dags/example_sensor_decorator.py took 0.058 seconds
[2026-09-06T09:26:06.256+0000] {processor.py:186} INFO - Started process (PID=4075) to work on /home/airflow/.local/lib/python3.12/site-packages/airflow/example_dags/example_sensor_decorator.py
[2026-09-06T09:26:06.257+0000] {processor.py:914} INFO - Processing file /home/airflow/.local/lib/python3.12/site-packages/airflow/example_dags/example_sensor_decorator.py for tasks to queue
[2026-09-06T09:26:06.259+0000] {logging_mixin.py:190} INFO - [2026-09-06T09:26:06.259+0000] {dagbag.py:588} INFO - Filling up the DagBag from /home/airflow/.local/lib/python3.12/site-packages/airflow/example_dags/example_sensor_decorator.py
[2026-09-06T09:26:06.267+0000] {processor.py:925} INFO - DAG(s) 'example_sensor_decorator' retrieved from /home/airflow/.local/lib/python3.12/site-packages/airflow/example_dags/example_sensor_decorator.py
[2026-09-06T09:26:06.283+0000] {logging_mixin.py:190} INFO - [2026-09-06T09:26:06.283+0000] {dag.py:3239} INFO - Sync 1 DAGs
[2026-09-06T09:26:06.296+0000] {logging_mixin.py:190} INFO - [2026-09-06T09:26:06.295+0000] {dag.py:4180} INFO - Setting next_dagrun for example_sensor_decorator to None, run_after=None
[2026-09-06T09:26:06.311+0000] {processor.py:208} INFO - Processing /home/airflow/.local/lib/python3.12/site-packages/airflow/example_dags/example_sensor_decorator.py took 0.060 seconds
[2026-09-06T09:26:36.488+0000] {processor.py:186} INFO - Started process (PID=4139) to work on /home/airflow/.local/lib/python3.12/site-packages/airflow/example_dags/example_sensor_decorator.py
[2026-09-06T09:26:36.489+0000] {processor.py:914} INFO - Processing file /home/airflow/.local/lib/python3.12/site-packages/airflow/example_dags/example_sensor_decorator.py for tasks to queue
[2026-09-06T09:26:36.491+0000] {logging_mixin.py:190} INFO - [2026-09-06T09:26:36.491+0000] {dagbag.py:588} INFO - Filling up the DagBag from /home/airflow/.local/lib/python3.12/site-packages/airflow/example_dags/example_sensor_decorator.py
[2026-09-06T09:26:36.498+0000] {processor.py:925} INFO - DAG(s) 'example_sensor_decorator' retrieved from /home/airflow/.local/lib/python3.12/site-packages/airflow/example_dags/example_sensor_decorator.py
[2026-09-06T09:26:36.516+0000] {logging_mixin.py:190} INFO - [2026-09-06T09:26:36.516+0000] {dag.py:3239} INFO - Sync 1 DAGs
[2026-09-06T09:26:36.529+0000] {logging_mixin.py:190} INFO - [2026-09-06T09:26:36.529+0000] {dag.py:4180} INFO - Setting next_dagrun for example_sensor_decorator to None, run_after=None
[2026-09-06T09:26:36.543+0000] {processor.py:208} INFO - Processing /home/airflow/.local/lib/python3.12/site-packages/airflow/example_dags/example_sensor_decorator.py took 0.060 seconds
[2026-09-06T09:27:06.852+0000] {processor.py:186} INFO - Started process (PID=4204) to work on /home/airflow/.local/lib/python3.12/site-packages/airflow/example_dags/example_sensor_decorator.py
[2026-09-06T09:27:06.854+0000] {processor.py:914} INFO - Processing file /home/airflow/.local/lib/python3.12/site-packages/airflow/example_dags/example_sensor_decorator.py for tasks to queue
[2026-09-06T09:27:06.856+0000] {logging_mixin.py:190} INFO - [2026-09-06T09:27:06.856+0000] {dagbag.py:588} INFO - Filling up the DagBag from /home/airflow/.local/lib/python3.12/site-packages/airflow/example_dags/example_sensor_decorator.py
[2026-09-06T09:27:06.863+0000] {processor.py:925} INFO - DAG(s) 'example_sensor_decorator' retrieved from /home/airflow/.local/lib/python3.12/site-packages/airflow/example_dags/example_sensor_decorator.py
[2026-09-06T09:27:06.880+0000] {logging_mixin.py:190} INFO - [2026-09-06T09:27:06.880+0000] {dag.py:3239} INFO - Sync 1 DAGs
[2026-09-06T09:27:06.892+0000] {logging_mixin.py:190} INFO - [2026-09-06T09:27:06.892+0000] {dag.py:4180} INFO - Setting next_dagrun for example_sensor_decorator to None, run_after=None
[2026-09-06T09:27:06.907+0000] {processor.py:208} INFO - Processing /home/airflow/.local/lib/python3.12/site-packages/airflow/example_dags/example_sensor_decorator.py took 0.059 seconds
