[2026-09-06T08:53:55.867+0000] {processor.py:186} INFO - Started process (PID=64) to work on /home/airflow/.local/lib/python3.12/site-packages/airflow/example_dags/example_python_decorator.py
[2026-09-06T08:53:55.869+0000] {processor.py:914} INFO - Processing file /home/airflow/.local/lib/python3.12/site-packages/airflow/example_dags/example_python_decorator.py for tasks to queue
[2026-09-06T08:53:55.872+0000] {logging_mixin.py:190} INFO - [2026-09-06T08:53:55.872+0000] {dagbag.py:588} INFO - Filling up the DagBag from /home/airflow/.local/lib/python3.12/site-packages/airflow/example_dags/example_python_decorator.py
[2026-09-06T08:53:55.908+0000] {processor.py:925} INFO - DAG(s) 'example_python_decorator' retrieved from /home/airflow/.local/lib/python3.12/site-packages/airflow/example_dags/example_python_decorator.py
[2026-09-06T08:53:56.030+0000] {logging_mixin.py:190} INFO - [2026-09-06T08:53:56.030+0000] {override.py:1911} INFO - Created Permission View: can edit on DAG:example_python_decorator
[2026-09-06T08:53:56.041+0000] {logging_mixin.py:190} INFO - [2026-09-06T08:53:56.041+0000] {override.py:1911} INFO - Created Permission View: can delete on DAG:example_python_decorator
[2026-09-06T08:53:56.048+0000] {logging_mixin.py:190} INFO - [2026-09-06T08:53:56.048+0000] {override.py:1911} INFO - Created Permission View: can read on DAG:example_python_decorator
[2026-09-06T08:53:56.060+0000] {logging_mixin.py:190} INFO - [2026-09-06T08:53:56.060+0000] {override.py:1911} INFO - Created Permission View: can create on DAG Run:example_python_decorator
[2026-09-06T08:53:56.068+0000] {logging_mixin.py:190} INFO - [2026-09-06T08:53:56.068+0000] {override.py:1911} INFO - Created Permission View: can delete on DAG Run:example_python_decorator
[2026-09-06T08:53:56.077+0000] {logging_mixin.py:190} INFO - [2026-09-06T08:53:56.077+0000] {override.py:1911} INFO - Created Permission View: can read on DAG Run:example_python_decorator
[2026-09-06T08:53:56.086+0000] {logging_mixin.py:190} INFO - [2026-09-06T08:53:56.086+0000] {override.py:1911} INFO - Created Permission View: menu access on DAG Run:example_python_decorator
[2026-09-06T08:53:56.087+0000] {logging_mixin.py:190} INFO - [2026-09-06T08:53:56.087+0000] {dag.py:3239} INFO - Sync 1 DAGs
[2026-09-06T08:53:56.101+0000] {logging_mixin.py:190} INFO - [2026-09-06T08:53:56.101+0000] {dag.py:3262} INFO - Creating ORM DAG for example_python_decorator
[2026-09-06T08:53:56.102+0000] {logging_mixin.py:190} INFO - [2026-09-06T08:53:56.102+0000] {dag.py:4180} INFO - Setting next_dagrun for example_python_decorator to None, run_after=None
[2026-09-06T08:53:56.122+0000] {processor.py:208} INFO - Processing /home/airflow/.local/lib/python3.12/site-packages/airflow/example_dags/example_python_decorator.py took 0.264 seconds
[2026-09-06T08:54:26.866+0000] {processor.py:186} INFO - Started process (PID=127) to work on /home/airflow/.local/lib/python3.12/site-packages/airflow/example_dags/example_python_decorator.py
[2026-09-06T08:54:26.866+0000] {processor.py:914} INFO - Processing file /home/airflow/.local/lib/python3.12/site-packages/airflow/example_dags/example_python_decorator.py for tasks to queue
[2026-09-06T08:54:26.868+0000] {logging_mixin.py:190} INFO - [2026-09-06T08:54:26.868+0000] {dagbag.py:588} INFO - Filling up the DagBag from /home/airflow/.local/lib/python3.12/site-packages/airflow/example_dags/example_python_decorator.py
[2026-09-06T08:54:26.881+0000] {processor.py:925} INFO - DAG(s) 'example_python_decorator' retrieved from /home/airflow/.local/lib/python3.12/site-packages/airflow/example_dags/example_python_decorator.py
[2026-09-06T08:54:26.902+0000] {logging_mixin.py:190} INFO - [2026-09-06T08:54:26.902+0000] {dag.py:3239} INFO - Sync 1 DAGs
[2026-09-06T08:54:26.914+0000] {logging_mixin.py:190} INFO - [2026-09-06T08:54:26.914+0000] {dag.py:4180} INFO - Setting next_dagrun for example_python_decorator to None, run_after=None
[2026-09-06T08:54:26.931+0000] {processor.py:208} INFO - Processing /home/airflow/.local/lib/python3.12/site-packages/airflow/example_dags/example_python_decorator.py took 0.070 seconds
[2026-09-06T08:54:57.025+0000] {processor.py:186} INFO - Started process (PID=190) to work on /home/airflow/.local/lib/python3.12/site-packages/airflow/example_dags/example_python_decorator.py
[2026-09-06T08:54:57.026+0000] {processor.py:914} INFO - Processing file /home/airflow/.local/lib/python3.12/site-packages/airflow/example_dags/example_python_decorator.py for tasks to queue
[2026-09-06T08:54:57.029+0000] {logging_mixin.py:190} INFO - [2026-09-06T08:54:57.029+0000] {dagbag.py:588} INFO - Filling up the DagBag from /home/airflow/.local/lib/python3.12/site-packages/airflow/example_dags/example_python_decorator.py
[2026-09-06T08:54:57.043+0000] {processor.py:925} INFO - DAG(s) 'example_python_decorator' retrieved from /home/airflow/.local/lib/python3.12/site-packages/airflow/example_dags/example_python_decorator.py
[2026-09-06T08:54:57.062+0000] {logging_mixin.py:190} INFO - [2026-09-06T08:54:57.062+0000] {dag.py:3239} INFO - Sync 1 DAGs
[2026-09-06T08:54:57.077+0000] {logging_mixin.py:190} INFO - [2026-09-06T08:54:57.077+0000] {dag.py:4180} INFO - Setting next_dagrun for example_python_decorator to None, run_after=None
[2026-09-06T08:54:57.096+0000] {processor.py:208} INFO - Processing /home/airflow/.local/lib/python3.12/site-packages/airflow/example_dags/example_python_decorator.py took 0.077 seconds
[2026-09-06T08:55:27.859+0000] {processor.py:186} INFO - Started process (PID=259) to work on /home/airflow/.local/lib/python3.12/site-packages/airflow/example_dags/example_python_decorator.py
[2026-09-06T08:55:27.860+0000] {processor.py:914} INFO - Processing file /home/airflow/.local/lib/python3.12/site-packages/airflow/example_dags/example_python_decorator.py for tasks to queue
[2026-09-06T08:55:27.862+0000] {logging_mixin.py:190} INFO - [2026-09-06T08:55:27.862+0000] {dagbag.py:588} INFO - Filling up the DagBag from /home/airflow/.local/lib/python3.12/site-packages/airflow/example_dags/example_python_decorator.py
[2026-09-06T08:55:27.873+0000] {processor.py:925} INFO - DAG(s) 'example_python_decorator' retrieved from /home/airflow/.local/lib/python3.12/site-packages/airflow/example_dags/example_python_decorator.py
[2026-09-06T08:55:27.889+0000] {logging_mixin.py:190} INFO - [2026-09-06T08:55:27.889+0000] {dag.py:3239} INFO - Sync 1 DAGs
[2026-09-06T08:55:27.900+0000] {logging_mixin.py:190} INFO - [2026-09-06T08:55:27.900+0000] {dag.py:4180} INFO - Setting next_dagrun for example_python_decorator to None, run_after=None
[2026-09-06T08:55:27.915+0000] {processor.py:208} INFO - Processing /home/airflow/.local/lib/python3.12/site-packages/airflow/example_dags/example_python_decorator.py took 0.061 seconds
[2026-09-06T08:55:58.911+0000] {processor.py:186} INFO - Started process (PID=322) to work on /home/airflow/.local/lib/python3.12/site-packages/airflow/example_dags/example_python_decorator.py
[2026-09-06T08:55:58.912+0000] {processor.py:914} INFO - Processing file /home/airflow/.local/lib/python3.12/site-packages/airflow/example_dags/example_python_decorator.py for tasks to queue
[2026-09-06T08:55:58.914+0000] {logging_mixin.py:190} INFO - [2026-09-06T08:55:58.914+0000] {dagbag.py:588} INFO - Filling up the DagBag from /home/airflow/.local/lib/python3.12/site-packages/airflow/example_dags/example_python_decorator.py
[2026-09-06T08:55:58.925+0000] {processor.py:925} INFO - DAG(s) 'example_python_decorator' retrieved from /home/airflow/.local/lib/python3.12/site-packages/airflow/example_dags/example_python_decorator.py
[2026-09-06T08:55:58.942+0000] {logging_mixin.py:190} INFO - [2026-09-06T08:55:58.941+0000] {dag.py:3239} INFO - Sync 1 DAGs
[2026-09-06T08:55:58.953+0000] {logging_mixin.py:190} INFO - [2026-09-06T08:55:58.953+0000] {dag.py:4180} INFO - Setting next_dagrun for example_python_decorator to None, run_after=None
[2026-09-06T08:55:58.971+0000] {processor.py:208} INFO - Processing /home/airflow/.local/lib/python3.12/site-packages/airflow/example_dags/example_python_decorator.py took 0.064 seconds
[2026-09-06T08:56:29.662+0000] {processor.py:186} INFO - Started process (PID=385) to work on /home/airflow/.local/lib/python3.12/site-packages/airflow/example_dags/example_python_decorator.py
[2026-09-06T08:56:29.663+0000] {processor.py:914} INFO - Processing file /home/airflow/.local/lib/python3.12/site-packages/airflow/example_dags/example_python_decorator.py for tasks to queue
[2026-09-06T08:56:29.666+0000] {logging_mixin.py:190} INFO - [2026-09-06T08:56:29.665+0000] {dagbag.py:588} INFO - Filling up the DagBag from /home/airflow/.local/lib/python3.12/site-packages/airflow/example_dags/example_python_decorator.py
[2026-09-06T08:56:29.679+0000] {processor.py:925} INFO - DAG(s) 'example_python_decorator' retrieved from /home/airflow/.local/lib/python3.12/site-packages/airflow/example_dags/example_python_decorator.py
[2026-09-06T08:56:29.698+0000] {logging_mixin.py:190} INFO - [2026-09-06T08:56:29.698+0000] {dag.py:3239} INFO - Sync 1 DAGs
[2026-09-06T08:56:29.711+0000] {logging_mixin.py:190} INFO - [2026-09-06T08:56:29.710+0000] {dag.py:4180} INFO - Setting next_dagrun for example_python_decorator to None, run_after=None
[2026-09-06T08:56:29.725+0000] {processor.py:208} INFO - Processing /home/airflow/.local/lib/python3.12/site-packages/airflow/example_dags/example_python_decorator.py took 0.069 seconds
[2026-09-06T08:56:59.798+0000] {processor.py:186} INFO - Started process (PID=448) to work on /home/airflow/.local/lib/python3.12/site-packages/airflow/example_dags/example_python_decorator.py
[2026-09-06T08:56:59.799+0000] {processor.py:914} INFO - Processing file /home/airflow/.local/lib/python3.12/site-packages/airflow/example_dags/example_python_decorator.py for tasks to queue
[2026-09-06T08:56:59.801+0000] {logging_mixin.py:190} INFO - [2026-09-06T08:56:59.801+0000] {dagbag.py:588} INFO - Filling up the DagBag from /home/airflow/.local/lib/python3.12/site-packages/airflow/example_dags/example_python_decorator.py
[2026-09-06T08:56:59.812+0000] {processor.py:925} INFO - DAG(s) 'example_python_decorator' retrieved from /home/airflow/.local/lib/python3.12/site-packages/airflow/example_dags/example_python_decorator.py
[2026-09-06T08:56:59.829+0000] {logging_mixin.py:190} INFO - [2026-09-06T08:56:59.828+0000] {dag.py:3239} INFO - Sync 1 DAGs
[2026-09-06T08:56:59.840+0000] {logging_mixin.py:190} INFO - [2026-09-06T08:56:59.839+0000] {dag.py:4180} INFO - Setting next_dagrun for example_python_decorator to None, run_after=None
[2026-09-06T08:56:59.854+0000] {processor.py:208} INFO - Processing /home/airflow/.local/lib/python3.12/site-packages/airflow/example_dags/example_python_decorator.py took 0.060 seconds
[2026-09-06T08:57:30.466+0000] {processor.py:186} INFO - Started process (PID=511) to work on /home/airflow/.local/lib/python3.12/site-packages/airflow/example_dags/example_python_decorator.py
[2026-09-06T08:57:30.467+0000] {processor.py:914} INFO - Processing file /home/airflow/.local/lib/python3.12/site-packages/airflow/example_dags/example_python_decorator.py for tasks to queue
[2026-09-06T08:57:30.469+0000] {logging_mixin.py:190} INFO - [2026-09-06T08:57:30.469+0000] {dagbag.py:588} INFO - Filling up the DagBag from /home/airflow/.local/lib/python3.12/site-packages/airflow/example_dags/example_python_decorator.py
[2026-09-06T08:57:30.480+0000] {processor.py:925} INFO - DAG(s) 'example_python_decorator' retrieved from /home/airflow/.local/lib/python3.12/site-packages/airflow/example_dags/example_python_decorator.py
[2026-09-06T08:57:30.496+0000] {logging_mixin.py:190} INFO - [2026-09-06T08:57:30.496+0000] {dag.py:3239} INFO - Sync 1 DAGs
[2026-09-06T08:57:30.507+0000] {logging_mixin.py:190} INFO - [2026-09-06T08:57:30.507+0000] {dag.py:4180} INFO - Setting next_dagrun for example_python_decorator to None, run_after=None
[2026-09-06T08:57:30.521+0000] {processor.py:208} INFO - Processing /home/airflow/.local/lib/python3.12/site-packages/airflow/example_dags/example_python_decorator.py took 0.060 seconds
[2026-09-06T08:58:00.640+0000] {processor.py:186} INFO - Started process (PID=574) to work on /home/airflow/.local/lib/python3.12/site-packages/airflow/example_dags/example_python_decorator.py
[2026-09-06T08:58:00.641+0000] {processor.py:914} INFO - Processing file /home/airflow/.local/lib/python3.12/site-packages/airflow/example_dags/example_python_decorator.py for tasks to queue
[2026-09-06T08:58:00.643+0000] {logging_mixin.py:190} INFO - [2026-09-06T08:58:00.643+0000] {dagbag.py:588} INFO - Filling up the DagBag from /home/airflow/.local/lib/python3.12/site-packages/airflow/example_dags/example_python_decorator.py
[2026-09-06T08:58:00.656+0000] {processor.py:925} INFO - DAG(s) 'example_python_decorator' retrieved from /home/airflow/.local/lib/python3.12/site-packages/airflow/example_dags/example_python_decorator.py
[2026-09-06T08:58:00.673+0000] {logging_mixin.py:190} INFO - [2026-09-06T08:58:00.673+0000] {dag.py:3239} INFO - Sync 1 DAGs
[2026-09-06T08:58:00.684+0000] {logging_mixin.py:190} INFO - [2026-09-06T08:58:00.684+0000] {dag.py:4180} INFO - Setting next_dagrun for example_python_decorator to None, run_after=None
[2026-09-06T08:58:00.702+0000] {processor.py:208} INFO - Processing /home/airflow/.local/lib/python3.12/site-packages/airflow/example_dags/example_python_decorator.py took 0.067 seconds
[2026-09-06T08:58:31.044+0000] {processor.py:186} INFO - Started process (PID=637) to work on /home/airflow/.local/lib/python3.12/site-packages/airflow/example_dags/example_python_decorator.py
[2026-09-06T08:58:31.045+0000] {processor.py:914} INFO - Processing file /home/airflow/.local/lib/python3.12/site-packages/airflow/example_dags/example_python_decorator.py for tasks to queue
[2026-09-06T08:58:31.047+0000] {logging_mixin.py:190} INFO - [2026-09-06T08:58:31.047+0000] {dagbag.py:588} INFO - Filling up the DagBag from /home/airflow/.local/lib/python3.12/site-packages/airflow/example_dags/example_python_decorator.py
[2026-09-06T08:58:31.058+0000] {processor.py:925} INFO - DAG(s) 'example_python_decorator' retrieved from /home/airflow/.local/lib/python3.12/site-packages/airflow/example_dags/example_python_decorator.py
[2026-09-06T08:58:31.075+0000] {logging_mixin.py:190} INFO - [2026-09-06T08:58:31.075+0000] {dag.py:3239} INFO - Sync 1 DAGs
[2026-09-06T08:58:31.084+0000] {logging_mixin.py:190} INFO - [2026-09-06T08:58:31.084+0000] {dag.py:4180} INFO - Setting next_dagrun for example_python_decorator to None, run_after=None
[2026-09-06T08:58:31.097+0000] {processor.py:208} INFO - Processing /home/airflow/.local/lib/python3.12/site-packages/airflow/example_dags/example_python_decorator.py took 0.058 seconds
[2026-09-06T08:59:01.439+0000] {processor.py:186} INFO - Started process (PID=701) to work on /home/airflow/.local/lib/python3.12/site-packages/airflow/example_dags/example_python_decorator.py
[2026-09-06T08:59:01.440+0000] {processor.py:914} INFO - Processing file /home/airflow/.local/lib/python3.12/site-packages/airflow/example_dags/example_python_decorator.py for tasks to queue
[2026-09-06T08:59:01.443+0000] {logging_mixin.py:190} INFO - [2026-09-06T08:59:01.443+0000] {dagbag.py:588} INFO - Filling up the DagBag from /home/airflow/.local/lib/python3.12/site-packages/airflow/example_dags/example_python_decorator.py
[2026-09-06T08:59:01.455+0000] {processor.py:925} INFO - DAG(s) 'example_python_decorator' retrieved from /home/airflow/.local/lib/python3.12/site-packages/airflow/example_dags/example_python_decorator.py
[2026-09-06T08:59:01.475+0000] {logging_mixin.py:190} INFO - [2026-09-06T08:59:01.475+0000] {dag.py:3239} INFO - Sync 1 DAGs
[2026-09-06T08:59:01.487+0000] {logging_mixin.py:190} INFO - [2026-09-06T08:59:01.487+0000] {dag.py:4180} INFO - Setting next_dagrun for example_python_decorator to None, run_after=None
[2026-09-06T08:59:01.502+0000] {processor.py:208} INFO - Processing /home/airflow/.local/lib/python3.12/site-packages/airflow/example_dags/example_python_decorator.py took 0.068 seconds
[2026-09-06T08:59:31.891+0000] {processor.py:186} INFO - Started process (PID=765) to work on /home/airflow/.local/lib/python3.12/site-packages/airflow/example_dags/example_python_decorator.py
[2026-09-06T08:59:31.892+0000] {processor.py:914} INFO - Processing file /home/airflow/.local/lib/python3.12/site-packages/airflow/example_dags/example_python_decorator.py for tasks to queue
[2026-09-06T08:59:31.894+0000] {logging_mixin.py:190} INFO - [2026-09-06T08:59:31.894+0000] {dagbag.py:588} INFO - Filling up the DagBag from /home/airflow/.local/lib/python3.12/site-packages/airflow/example_dags/example_python_decorator.py
[2026-09-06T08:59:31.906+0000] {processor.py:925} INFO - DAG(s) 'example_python_decorator' retrieved from /home/airflow/.local/lib/python3.12/site-packages/airflow/example_dags/example_python_decorator.py
[2026-09-06T08:59:31.922+0000] {logging_mixin.py:190} INFO - [2026-09-06T08:59:31.922+0000] {dag.py:3239} INFO - Sync 1 DAGs
[2026-09-06T08:59:31.932+0000] {logging_mixin.py:190} INFO - [2026-09-06T08:59:31.932+0000] {dag.py:4180} INFO - Setting next_dagrun for example_python_decorator to None, run_after=None
[2026-09-06T08:59:31.946+0000] {processor.py:208} INFO - Processing /home/airflow/.local/lib/python3.12/site-packages/airflow/example_dags/example_python_decorator.py took 0.061 seconds
[2026-09-06T09:00:02.266+0000] {processor.py:186} INFO - Started process (PID=829) to work on /home/airflow/.local/lib/python3.12/site-packages/airflow/example_dags/example_python_decorator.py
[2026-09-06T09:00:02.267+0000] {processor.py:914} INFO - Processing file /home/airflow/.local/lib/python3.12/site-packages/airflow/example_dags/example_python_decorator.py for tasks to queue
[2026-09-06T09:00:02.269+0000] {logging_mixin.py:190} INFO - [2026-09-06T09:00:02.268+0000] {dagbag.py:588} INFO - Filling up the DagBag from /home/airflow/.local/lib/python3.12/site-packages/airflow/example_dags/example_python_decorator.py
[2026-09-06T09:00:02.280+0000] {processor.py:925} INFO - DAG(s) 'example_python_decorator' retrieved from /home/airflow/.local/lib/python3.12/site-packages/airflow/example_dags/example_python_decorator.py
[2026-09-06T09:00:02.296+0000] {logging_mixin.py:190} INFO - [2026-09-06T09:00:02.296+0000] {dag.py:3239} INFO - Sync 1 DAGs
[2026-09-06T09:00:02.307+0000] {logging_mixin.py:190} INFO - [2026-09-06T09:00:02.307+0000] {dag.py:4180} INFO - Setting next_dagrun for example_python_decorator to None, run_after=None
[2026-09-06T09:00:02.322+0000] {processor.py:208} INFO - Processing /home/airflow/.local/lib/python3.12/site-packages/airflow/example_dags/example_python_decorator.py took 0.061 seconds
[2026-09-06T09:00:32.552+0000] {processor.py:186} INFO - Started process (PID=893) to work on /home/airflow/.local/lib/python3.12/site-packages/airflow/example_dags/example_python_decorator.py
[2026-09-06T09:00:32.553+0000] {processor.py:914} INFO - Processing file /home/airflow/.local/lib/python3.12/site-packages/airflow/example_dags/example_python_decorator.py for tasks to queue
[2026-09-06T09:00:32.555+0000] {logging_mixin.py:190} INFO - [2026-09-06T09:00:32.555+0000] {dagbag.py:588} INFO - Filling up the DagBag from /home/airflow/.local/lib/python3.12/site-packages/airflow/example_dags/example_python_decorator.py
[2026-09-06T09:00:32.566+0000] {processor.py:925} INFO - DAG(s) 'example_python_decorator' retrieved from /home/airflow/.local/lib/python3.12/site-packages/airflow/example_dags/example_python_decorator.py
[2026-09-06T09:00:32.584+0000] {logging_mixin.py:190} INFO - [2026-09-06T09:00:32.584+0000] {dag.py:3239} INFO - Sync 1 DAGs
[2026-09-06T09:00:32.595+0000] {logging_mixin.py:190} INFO - [2026-09-06T09:00:32.595+0000] {dag.py:4180} INFO - Setting next_dagrun for example_python_decorator to None, run_after=None
[2026-09-06T09:00:32.609+0000] {processor.py:208} INFO - Processing /home/airflow/.local/lib/python3.12/site-packages/airflow/example_dags/example_python_decorator.py took 0.061 seconds
[2026-09-06T09:01:03.212+0000] {processor.py:186} INFO - Started process (PID=957) to work on /home/airflow/.local/lib/python3.12/site-packages/airflow/example_dags/example_python_decorator.py
[2026-09-06T09:01:03.213+0000] {processor.py:914} INFO - Processing file /home/airflow/.local/lib/python3.12/site-packages/airflow/example_dags/example_python_decorator.py for tasks to queue
[2026-09-06T09:01:03.216+0000] {logging_mixin.py:190} INFO - [2026-09-06T09:01:03.215+0000] {dagbag.py:588} INFO - Filling up the DagBag from /home/airflow/.local/lib/python3.12/site-packages/airflow/example_dags/example_python_decorator.py
[2026-09-06T09:01:03.227+0000] {processor.py:925} INFO - DAG(s) 'example_python_decorator' retrieved from /home/airflow/.local/lib/python3.12/site-packages/airflow/example_dags/example_python_decorator.py
[2026-09-06T09:01:03.244+0000] {logging_mixin.py:190} INFO - [2026-09-06T09:01:03.244+0000] {dag.py:3239} INFO - Sync 1 DAGs
[2026-09-06T09:01:03.255+0000] {logging_mixin.py:190} INFO - [2026-09-06T09:01:03.255+0000] {dag.py:4180} INFO - Setting next_dagrun for example_python_decorator to None, run_after=None
[2026-09-06T09:01:03.270+0000] {processor.py:208} INFO - Processing /home/airflow/.local/lib/python3.12/site-packages/airflow/example_dags/example_python_decorator.py took 0.062 seconds
[2026-09-06T09:01:33.918+0000] {processor.py:186} INFO - Started process (PID=1021) to work on /home/airflow/.local/lib/python3.12/site-packages/airflow/example_dags/example_python_decorator.py
[2026-09-06T09:01:33.919+0000] {processor.py:914} INFO - Processing file /home/airflow/.local/lib/python3.12/site-packages/airflow/example_dags/example_python_decorator.py for tasks to queue
[2026-09-06T09:01:33.921+0000] {logging_mixin.py:190} INFO - [2026-09-06T09:01:33.921+0000] {dagbag.py:588} INFO - Filling up the DagBag from /home/airflow/.local/lib/python3.12/site-packages/airflow/example_dags/example_python_decorator.py
[2026-09-06T09:01:33.934+0000] {processor.py:925} INFO - DAG(s) 'example_python_decorator' retrieved from /home/airflow/.local/lib/python3.12/site-packages/airflow/example_dags/example_python_decorator.py
[2026-09-06T09:01:33.953+0000] {logging_mixin.py:190} INFO - [2026-09-06T09:01:33.953+0000] {dag.py:3239} INFO - Sync 1 DAGs
[2026-09-06T09:01:33.966+0000] {logging_mixin.py:190} INFO - [2026-09-06T09:01:33.966+0000] {dag.py:4180} INFO - Setting next_dagrun for example_python_decorator to None, run_after=None
[2026-09-06T09:01:33.980+0000] {processor.py:208} INFO - Processing /home/airflow/.local/lib/python3.12/site-packages/airflow/example_dags/example_python_decorator.py took 0.067 seconds
[2026-09-06T09:02:04.549+0000] {processor.py:186} INFO - Started process (PID=1085) to work on /home/airflow/.local/lib/python3.12/site-packages/airflow/example_dags/example_python_decorator.py
[2026-09-06T09:02:04.550+0000] {processor.py:914} INFO - Processing file /home/airflow/.local/lib/python3.12/site-packages/airflow/example_dags/example_python_decorator.py for tasks to queue
[2026-09-06T09:02:04.552+0000] {logging_mixin.py:190} INFO - [2026-09-06T09:02:04.552+0000] {dagbag.py:588} INFO - Filling up the DagBag from /home/airflow/.local/lib/python3.12/site-packages/airflow/example_dags/example_python_decorator.py
[2026-09-06T09:02:04.564+0000] {processor.py:925} INFO - DAG(s) 'example_python_decorator' retrieved from /home/airflow/.local/lib/python3.12/site-packages/airflow/example_dags/example_python_decorator.py
[2026-09-06T09:02:04.581+0000] {logging_mixin.py:190} INFO - [2026-09-06T09:02:04.581+0000] {dag.py:3239} INFO - Sync 1 DAGs
[2026-09-06T09:02:04.593+0000] {logging_mixin.py:190} INFO - [2026-09-06T09:02:04.593+0000] {dag.py:4180} INFO - Setting next_dagrun for example_python_decorator to None, run_after=None
[2026-09-06T09:02:04.609+0000] {processor.py:208} INFO - Processing /home/airflow/.local/lib/python3.12/site-packages/airflow/example_dags/example_python_decorator.py took 0.065 seconds
[2026-09-06T09:02:34.830+0000] {processor.py:186} INFO - Started process (PID=1149) to work on /home/airflow/.local/lib/python3.12/site-packages/airflow/example_dags/example_python_decorator.py
[2026-09-06T09:02:34.832+0000] {processor.py:914} INFO - Processing file /home/airflow/.local/lib/python3.12/site-packages/airflow/example_dags/example_python_decorator.py for tasks to queue
[2026-09-06T09:02:34.834+0000] {logging_mixin.py:190} INFO - [2026-09-06T09:02:34.834+0000] {dagbag.py:588} INFO - Filling up the DagBag from /home/airflow/.local/lib/python3.12/site-packages/airflow/example_dags/example_python_decorator.py
[2026-09-06T09:02:34.847+0000] {processor.py:925} INFO - DAG(s) 'example_python_decorator' retrieved from /home/airflow/.local/lib/python3.12/site-packages/airflow/example_dags/example_python_decorator.py
[2026-09-06T09:02:34.865+0000] {logging_mixin.py:190} INFO - [2026-09-06T09:02:34.865+0000] {dag.py:3239} INFO - Sync 1 DAGs
[2026-09-06T09:02:34.876+0000] {logging_mixin.py:190} INFO - [2026-09-06T09:02:34.875+0000] {dag.py:4180} INFO - Setting next_dagrun for example_python_decorator to None, run_after=None
[2026-09-06T09:02:34.890+0000] {processor.py:208} INFO - Processing /home/airflow/.local/lib/python3.12/site-packages/airflow/example_dags/example_python_decorator.py took 0.066 seconds
[2026-09-06T09:03:05.629+0000] {processor.py:186} INFO - Started process (PID=1213) to work on /home/airflow/.local/lib/python3.12/site-packages/airflow/example_dags/example_python_decorator.py
[2026-09-06T09:03:05.630+0000] {processor.py:914} INFO - Processing file /home/airflow/.local/lib/python3.12/site-packages/airflow/example_dags/example_python_decorator.py for tasks to queue
[2026-09-06T09:03:05.633+0000] {logging_mixin.py:190} INFO - [2026-09-06T09:03:05.633+0000] {dagbag.py:588} INFO - Filling up the DagBag from /home/airflow/.local/lib/python3.12/site-packages/airflow/example_dags/example_python_decorator.py
[2026-09-06T09:03:05.647+0000] {processor.py:925} INFO - DAG(s) 'example_python_decorator' retrieved from /home/airflow/.local/lib/python3.12/site-packages/airflow/example_dags/example_python_decorator.py
[2026-09-06T09:03:05.665+0000] {logging_mixin.py:190} INFO - [2026-09-06T09:03:05.665+0000] {dag.py:3239} INFO - Sync 1 DAGs
[2026-09-06T09:03:05.677+0000] {logging_mixin.py:190} INFO - [2026-09-06T09:03:05.677+0000] {dag.py:4180} INFO - Setting next_dagrun for example_python_decorator to None, run_after=None
[2026-09-06T09:03:05.702+0000] {processor.py:208} INFO - Processing /home/airflow/.local/lib/python3.12/site-packages/airflow/example_dags/example_python_decorator.py took 0.078 seconds
[2026-09-06T09:03:35.864+0000] {processor.py:186} INFO - Started process (PID=1277) to work on /home/airflow/.local/lib/python3.12/site-packages/airflow/example_dags/example_python_decorator.py
[2026-09-06T09:03:35.865+0000] {processor.py:914} INFO - Processing file /home/airflow/.local/lib/python3.12/site-packages/airflow/example_dags/example_python_decorator.py for tasks to queue
[2026-09-06T09:03:35.867+0000] {logging_mixin.py:190} INFO - [2026-09-06T09:03:35.867+0000] {dagbag.py:588} INFO - Filling up the DagBag from /home/airflow/.local/lib/python3.12/site-packages/airflow/example_dags/example_python_decorator.py
[2026-09-06T09:03:35.881+0000] {processor.py:925} INFO - DAG(s) 'example_python_decorator' retrieved from /home/airflow/.local/lib/python3.12/site-packages/airflow/example_dags/example_python_decorator.py
[2026-09-06T09:03:35.904+0000] {logging_mixin.py:190} INFO - [2026-09-06T09:03:35.903+0000] {dag.py:3239} INFO - Sync 1 DAGs
[2026-09-06T09:03:35.918+0000] {logging_mixin.py:190} INFO - [2026-09-06T09:03:35.918+0000] {dag.py:4180} INFO - Setting next_dagrun for example_python_decorator to None, run_after=None
[2026-09-06T09:03:35.955+0000] {processor.py:208} INFO - Processing /home/airflow/.local/lib/python3.12/site-packages/airflow/example_dags/example_python_decorator.py took 0.097 seconds
[2026-09-06T09:04:06.089+0000] {processor.py:186} INFO - Started process (PID=1341) to work on /home/airflow/.local/lib/python3.12/site-packages/airflow/example_dags/example_python_decorator.py
[2026-09-06T09:04:06.090+0000] {processor.py:914} INFO - Processing file /home/airflow/.local/lib/python3.12/site-packages/airflow/example_dags/example_python_decorator.py for tasks to queue
[2026-09-06T09:04:06.093+0000] {logging_mixin.py:190} INFO - [2026-09-06T09:04:06.092+0000] {dagbag.py:588} INFO - Filling up the DagBag from /home/airflow/.local/lib/python3.12/site-packages/airflow/example_dags/example_python_decorator.py
[2026-09-06T09:04:06.105+0000] {processor.py:925} INFO - DAG(s) 'example_python_decorator' retrieved from /home/airflow/.local/lib/python3.12/site-packages/airflow/example_dags/example_python_decorator.py
[2026-09-06T09:04:06.123+0000] {logging_mixin.py:190} INFO - [2026-09-06T09:04:06.123+0000] {dag.py:3239} INFO - Sync 1 DAGs
[2026-09-06T09:04:06.134+0000] {logging_mixin.py:190} INFO - [2026-09-06T09:04:06.134+0000] {dag.py:4180} INFO - Setting next_dagrun for example_python_decorator to None, run_after=None
[2026-09-06T09:04:06.154+0000] {processor.py:208} INFO - Processing /home/airflow/.local/lib/python3.12/site-packages/airflow/example_dags/example_python_decorator.py took 0.069 seconds
[2026-09-06T09:04:36.568+0000] {processor.py:186} INFO - Started process (PID=1405) to work on /home/airflow/.local/lib/python3.12/site-packages/airflow/example_dags/example_python_decorator.py
[2026-09-06T09:04:36.569+0000] {processor.py:914} INFO - Processing file /home/airflow/.local/lib/python3.12/site-packages/airflow/example_dags/example_python_decorator.py for tasks to queue
[2026-09-06T09:04:36.571+0000] {logging_mixin.py:190} INFO - [2026-09-06T09:04:36.571+0000] {dagbag.py:588} INFO - Filling up the DagBag from /home/airflow/.local/lib/python3.12/site-packages/airflow/example_dags/example_python_decorator.py
[2026-09-06T09:04:36.582+0000] {processor.py:925} INFO - DAG(s) 'example_python_decorator' retrieved from /home/airflow/.local/lib/python3.12/site-packages/airflow/example_dags/example_python_decorator.py
[2026-09-06T09:04:36.599+0000] {logging_mixin.py:190} INFO - [2026-09-06T09:04:36.599+0000] {dag.py:3239} INFO - Sync 1 DAGs
[2026-09-06T09:04:36.610+0000] {logging_mixin.py:190} INFO - [2026-09-06T09:04:36.610+0000] {dag.py:4180} INFO - Setting next_dagrun for example_python_decorator to None, run_after=None
[2026-09-06T09:04:36.643+0000] {processor.py:208} INFO - Processing /home/airflow/.local/lib/python3.12/site-packages/airflow/example_dags/example_python_decorator.py took 0.079 seconds
[2026-09-06T09:05:07.198+0000] {processor.py:186} INFO - Started process (PID=1469) to work on /home/airflow/.local/lib/python3.12/site-packages/airflow/example_dags/example_python_decorator.py
[2026-09-06T09:05:07.199+0000] {processor.py:914} INFO - Processing file /home/airflow/.local/lib/python3.12/site-packages/airflow/example_dags/example_python_decorator.py for tasks to queue
[2026-09-06T09:05:07.202+0000] {logging_mixin.py:190} INFO - [2026-09-06T09:05:07.201+0000] {dagbag.py:588} INFO - Filling up the DagBag from /home/airflow/.local/lib/python3.12/site-packages/airflow/example_dags/example_python_decorator.py
[2026-09-06T09:05:07.214+0000] {processor.py:925} INFO - DAG(s) 'example_python_decorator' retrieved from /home/airflow/.local/lib/python3.12/site-packages/airflow/example_dags/example_python_decorator.py
[2026-09-06T09:05:07.232+0000] {logging_mixin.py:190} INFO - [2026-09-06T09:05:07.232+0000] {dag.py:3239} INFO - Sync 1 DAGs
[2026-09-06T09:05:07.245+0000] {logging_mixin.py:190} INFO - [2026-09-06T09:05:07.245+0000] {dag.py:4180} INFO - Setting next_dagrun for example_python_decorator to None, run_after=None
[2026-09-06T09:05:07.260+0000] {processor.py:208} INFO - Processing /home/airflow/.local/lib/python3.12/site-packages/airflow/example_dags/example_python_decorator.py took 0.067 seconds
[2026-09-06T09:05:37.408+0000] {processor.py:186} INFO - Started process (PID=1533) to work on /home/airflow/.local/lib/python3.12/site-packages/airflow/example_dags/example_python_decorator.py
[2026-09-06T09:05:37.409+0000] {processor.py:914} INFO - Processing file /home/airflow/.local/lib/python3.12/site-packages/airflow/example_dags/example_python_decorator.py for tasks to queue
[2026-09-06T09:05:37.411+0000] {logging_mixin.py:190} INFO - [2026-09-06T09:05:37.410+0000] {dagbag.py:588} INFO - Filling up the DagBag from /home/airflow/.local/lib/python3.12/site-packages/airflow/example_dags/example_python_decorator.py
[2026-09-06T09:05:37.421+0000] {processor.py:925} INFO - DAG(s) 'example_python_decorator' retrieved from /home/airflow/.local/lib/python3.12/site-packages/airflow/example_dags/example_python_decorator.py
[2026-09-06T09:05:37.439+0000] {logging_mixin.py:190} INFO - [2026-09-06T09:05:37.439+0000] {dag.py:3239} INFO - Sync 1 DAGs
[2026-09-06T09:05:37.452+0000] {logging_mixin.py:190} INFO - [2026-09-06T09:05:37.452+0000] {dag.py:4180} INFO - Setting next_dagrun for example_python_decorator to None, run_after=None
[2026-09-06T09:05:37.466+0000] {processor.py:208} INFO - Processing /home/airflow/.local/lib/python3.12/site-packages/airflow/example_dags/example_python_decorator.py took 0.063 seconds
[2026-09-06T09:06:08.076+0000] {processor.py:186} INFO - Started process (PID=1597) to work on /home/airflow/.local/lib/python3.12/site-packages/airflow/example_dags/example_python_decorator.py
[2026-09-06T09:06:08.076+0000] {processor.py:914} INFO - Processing file /home/airflow/.local/lib/python3.12/site-packages/airflow/example_dags/example_python_decorator.py for tasks to queue
[2026-09-06T09:06:08.078+0000] {logging_mixin.py:190} INFO - [2026-09-06T09:06:08.078+0000] {dagbag.py:588} INFO - Filling up the DagBag from /home/airflow/.local/lib/python3.12/site-packages/airflow/example_dags/example_python_decorator.py
[2026-09-06T09:06:08.091+0000] {processor.py:925} INFO - DAG(s) 'example_python_decorator' retrieved from /home/airflow/.local/lib/python3.12/site-packages/airflow/example_dags/example_python_decorator.py
[2026-09-06T09:06:08.109+0000] {logging_mixin.py:190} INFO - [2026-09-06T09:06:08.109+0000] {dag.py:3239} INFO - Sync 1 DAGs
[2026-09-06T09:06:08.121+0000] {logging_mixin.py:190} INFO - [2026-09-06T09:06:08.121+0000] {dag.py:4180} INFO - Setting next_dagrun for example_python_decorator to None, run_after=None
[2026-09-06T09:06:08.136+0000] {processor.py:208} INFO - Processing /home/airflow/.local/lib/python3.12/site-packages/airflow/example_dags/example_python_decorator.py took 0.065 seconds
[2026-09-06T09:06:39.040+0000] {processor.py:186} INFO - Started process (PID=1661) to work on /home/airflow/.local/lib/python3.12/site-packages/airflow/example_dags/example_python_decorator.py
[2026-09-06T09:06:39.041+0000] {processor.py:914} INFO - Processing file /home/airflow/.local/lib/python3.12/site-packages/airflow/example_dags/example_python_decorator.py for tasks to queue
[2026-09-06T09:06:39.043+0000] {logging_mixin.py:190} INFO - [2026-09-06T09:06:39.042+0000] {dagbag.py:588} INFO - Filling up the DagBag from /home/airflow/.local/lib/python3.12/site-packages/airflow/example_dags/example_python_decorator.py
[2026-09-06T09:06:39.054+0000] {processor.py:925} INFO - DAG(s) 'example_python_decorator' retrieved from /home/airflow/.local/lib/python3.12/site-packages/airflow/example_dags/example_python_decorator.py
[2026-09-06T09:06:39.071+0000] {logging_mixin.py:190} INFO - [2026-09-06T09:06:39.071+0000] {dag.py:3239} INFO - Sync 1 DAGs
[2026-09-06T09:06:39.083+0000] {logging_mixin.py:190} INFO - [2026-09-06T09:06:39.082+0000] {dag.py:4180} INFO - Setting next_dagrun for example_python_decorator to None, run_after=None
[2026-09-06T09:06:39.097+0000] {processor.py:208} INFO - Processing /home/airflow/.local/lib/python3.12/site-packages/airflow/example_dags/example_python_decorator.py took 0.062 seconds
[2026-09-06T09:07:09.932+0000] {processor.py:186} INFO - Started process (PID=1725) to work on /home/airflow/.local/lib/python3.12/site-packages/airflow/example_dags/example_python_decorator.py
[2026-09-06T09:07:09.934+0000] {processor.py:914} INFO - Processing file /home/airflow/.local/lib/python3.12/site-packages/airflow/example_dags/example_python_decorator.py for tasks to queue
[2026-09-06T09:07:09.936+0000] {logging_mixin.py:190} INFO - [2026-09-06T09:07:09.936+0000] {dagbag.py:588} INFO - Filling up the DagBag from /home/airflow/.local/lib/python3.12/site-packages/airflow/example_dags/example_python_decorator.py
[2026-09-06T09:07:09.947+0000] {processor.py:925} INFO - DAG(s) 'example_python_decorator' retrieved from /home/airflow/.local/lib/python3.12/site-packages/airflow/example_dags/example_python_decorator.py
[2026-09-06T09:07:09.966+0000] {logging_mixin.py:190} INFO - [2026-09-06T09:07:09.966+0000] {dag.py:3239} INFO - Sync 1 DAGs
[2026-09-06T09:07:09.979+0000] {logging_mixin.py:190} INFO - [2026-09-06T09:07:09.979+0000] {dag.py:4180} INFO - Setting next_dagrun for example_python_decorator to None, run_after=None
[2026-09-06T09:07:09.995+0000] {processor.py:208} INFO - Processing /home/airflow/.local/lib/python3.12/site-packages/airflow/example_dags/example_python_decorator.py took 0.068 seconds
[2026-09-06T09:07:40.855+0000] {processor.py:186} INFO - Started process (PID=1789) to work on /home/airflow/.local/lib/python3.12/site-packages/airflow/example_dags/example_python_decorator.py
[2026-09-06T09:07:40.856+0000] {processor.py:914} INFO - Processing file /home/airflow/.local/lib/python3.12/site-packages/airflow/example_dags/example_python_decorator.py for tasks to queue
[2026-09-06T09:07:40.859+0000] {logging_mixin.py:190} INFO - [2026-09-06T09:07:40.858+0000] {dagbag.py:588} INFO - Filling up the DagBag from /home/airflow/.local/lib/python3.12/site-packages/airflow/example_dags/example_python_decorator.py
[2026-09-06T09:07:40.872+0000] {processor.py:925} INFO - DAG(s) 'example_python_decorator' retrieved from /home/airflow/.local/lib/python3.12/site-packages/airflow/example_dags/example_python_decorator.py
[2026-09-06T09:07:40.891+0000] {logging_mixin.py:190} INFO - [2026-09-06T09:07:40.891+0000] {dag.py:3239} INFO - Sync 1 DAGs
[2026-09-06T09:07:40.905+0000] {logging_mixin.py:190} INFO - [2026-09-06T09:07:40.905+0000] {dag.py:4180} INFO - Setting next_dagrun for example_python_decorator to None, run_after=None
[2026-09-06T09:07:40.920+0000] {processor.py:208} INFO - Processing /home/airflow/.local/lib/python3.12/site-packages/airflow/example_dags/example_python_decorator.py took 0.071 seconds
[2026-09-06T09:08:11.566+0000] {processor.py:186} INFO - Started process (PID=1853) to work on /home/airflow/.local/lib/python3.12/site-packages/airflow/example_dags/example_python_decorator.py
[2026-09-06T09:08:11.567+0000] {processor.py:914} INFO - Processing file /home/airflow/.local/lib/python3.12/site-packages/airflow/example_dags/example_python_decorator.py for tasks to queue
[2026-09-06T09:08:11.569+0000] {logging_mixin.py:190} INFO - [2026-09-06T09:08:11.569+0000] {dagbag.py:588} INFO - Filling up the DagBag from /home/airflow/.local/lib/python3.12/site-packages/airflow/example_dags/example_python_decorator.py
[2026-09-06T09:08:11.580+0000] {processor.py:925} INFO - DAG(s) 'example_python_decorator' retrieved from /home/airflow/.local/lib/python3.12/site-packages/airflow/example_dags/example_python_decorator.py
[2026-09-06T09:08:11.596+0000] {logging_mixin.py:190} INFO - [2026-09-06T09:08:11.596+0000] {dag.py:3239} INFO - Sync 1 DAGs
[2026-09-06T09:08:11.607+0000] {logging_mixin.py:190} INFO - [2026-09-06T09:08:11.607+0000] {dag.py:4180} INFO - Setting next_dagrun for example_python_decorator to None, run_after=None
[2026-09-06T09:08:11.622+0000] {processor.py:208} INFO - Processing /home/airflow/.local/lib/python3.12/site-packages/airflow/example_dags/example_python_decorator.py took 0.060 seconds
[2026-09-06T09:08:42.229+0000] {processor.py:186} INFO - Started process (PID=1917) to work on /home/airflow/.local/lib/python3.12/site-packages/airflow/example_dags/example_python_decorator.py
[2026-09-06T09:08:42.230+0000] {processor.py:914} INFO - Processing file /home/airflow/.local/lib/python3.12/site-packages/airflow/example_dags/example_python_decorator.py for tasks to queue
[2026-09-06T09:08:42.231+0000] {logging_mixin.py:190} INFO - [2026-09-06T09:08:42.231+0000] {dagbag.py:588} INFO - Filling up the DagBag from /home/airflow/.local/lib/python3.12/site-packages/airflow/example_dags/example_python_decorator.py
[2026-09-06T09:08:42.242+0000] {processor.py:925} INFO - DAG(s) 'example_python_decorator' retrieved from /home/airflow/.local/lib/python3.12/site-packages/airflow/example_dags/example_python_decorator.py
[2026-09-06T09:08:42.259+0000] {logging_mixin.py:190} INFO - [2026-09-06T09:08:42.259+0000] {dag.py:3239} INFO - Sync 1 DAGs
[2026-09-06T09:08:42.271+0000] {logging_mixin.py:190} INFO - [2026-09-06T09:08:42.271+0000] {dag.py:4180} INFO - Setting next_dagrun for example_python_decorator to None, run_after=None
[2026-09-06T09:08:42.286+0000] {processor.py:208} INFO - Processing /home/airflow/.local/lib/python3.12/site-packages/airflow/example_dags/example_python_decorator.py took 0.061 seconds
[2026-09-06T09:09:12.988+0000] {processor.py:186} INFO - Started process (PID=1981) to work on /home/airflow/.local/lib/python3.12/site-packages/airflow/example_dags/example_python_decorator.py
[2026-09-06T09:09:12.990+0000] {processor.py:914} INFO - Processing file /home/airflow/.local/lib/python3.12/site-packages/airflow/example_dags/example_python_decorator.py for tasks to queue
[2026-09-06T09:09:12.992+0000] {logging_mixin.py:190} INFO - [2026-09-06T09:09:12.991+0000] {dagbag.py:588} INFO - Filling up the DagBag from /home/airflow/.local/lib/python3.12/site-packages/airflow/example_dags/example_python_decorator.py
[2026-09-06T09:09:13.002+0000] {processor.py:925} INFO - DAG(s) 'example_python_decorator' retrieved from /home/airflow/.local/lib/python3.12/site-packages/airflow/example_dags/example_python_decorator.py
[2026-09-06T09:09:13.018+0000] {logging_mixin.py:190} INFO - [2026-09-06T09:09:13.018+0000] {dag.py:3239} INFO - Sync 1 DAGs
[2026-09-06T09:09:13.029+0000] {logging_mixin.py:190} INFO - [2026-09-06T09:09:13.029+0000] {dag.py:4180} INFO - Setting next_dagrun for example_python_decorator to None, run_after=None
[2026-09-06T09:09:13.043+0000] {processor.py:208} INFO - Processing /home/airflow/.local/lib/python3.12/site-packages/airflow/example_dags/example_python_decorator.py took 0.059 seconds
[2026-09-06T09:09:43.179+0000] {processor.py:186} INFO - Started process (PID=2045) to work on /home/airflow/.local/lib/python3.12/site-packages/airflow/example_dags/example_python_decorator.py
[2026-09-06T09:09:43.180+0000] {processor.py:914} INFO - Processing file /home/airflow/.local/lib/python3.12/site-packages/airflow/example_dags/example_python_decorator.py for tasks to queue
[2026-09-06T09:09:43.183+0000] {logging_mixin.py:190} INFO - [2026-09-06T09:09:43.182+0000] {dagbag.py:588} INFO - Filling up the DagBag from /home/airflow/.local/lib/python3.12/site-packages/airflow/example_dags/example_python_decorator.py
[2026-09-06T09:09:43.194+0000] {processor.py:925} INFO - DAG(s) 'example_python_decorator' retrieved from /home/airflow/.local/lib/python3.12/site-packages/airflow/example_dags/example_python_decorator.py
[2026-09-06T09:09:43.210+0000] {logging_mixin.py:190} INFO - [2026-09-06T09:09:43.210+0000] {dag.py:3239} INFO - Sync 1 DAGs
[2026-09-06T09:09:43.221+0000] {logging_mixin.py:190} INFO - [2026-09-06T09:09:43.221+0000] {dag.py:4180} INFO - Setting next_dagrun for example_python_decorator to None, run_after=None
[2026-09-06T09:09:43.236+0000] {processor.py:208} INFO - Processing /home/airflow/.local/lib/python3.12/site-packages/airflow/example_dags/example_python_decorator.py took 0.061 seconds
[2026-09-06T09:10:13.723+0000] {processor.py:186} INFO - Started process (PID=2109) to work on /home/airflow/.local/lib/python3.12/site-packages/airflow/example_dags/example_python_decorator.py
[2026-09-06T09:10:13.724+0000] {processor.py:914} INFO - Processing file /home/airflow/.local/lib/python3.12/site-packages/airflow/example_dags/example_python_decorator.py for tasks to queue
[2026-09-06T09:10:13.726+0000] {logging_mixin.py:190} INFO - [2026-09-06T09:10:13.726+0000] {dagbag.py:588} INFO - Filling up the DagBag from /home/airflow/.local/lib/python3.12/site-packages/airflow/example_dags/example_python_decorator.py
[2026-09-06T09:10:13.738+0000] {processor.py:925} INFO - DAG(s) 'example_python_decorator' retrieved from /home/airflow/.local/lib/python3.12/site-packages/airflow/example_dags/example_python_decorator.py
[2026-09-06T09:10:13.761+0000] {logging_mixin.py:190} INFO - [2026-09-06T09:10:13.761+0000] {dag.py:3239} INFO - Sync 1 DAGs
[2026-09-06T09:10:13.776+0000] {logging_mixin.py:190} INFO - [2026-09-06T09:10:13.776+0000] {dag.py:4180} INFO - Setting next_dagrun for example_python_decorator to None, run_after=None
[2026-09-06T09:10:13.797+0000] {processor.py:208} INFO - Processing /home/airflow/.local/lib/python3.12/site-packages/airflow/example_dags/example_python_decorator.py took 0.079 seconds
[2026-09-06T09:10:44.051+0000] {processor.py:186} INFO - Started process (PID=2173) to work on /home/airflow/.local/lib/python3.12/site-packages/airflow/example_dags/example_python_decorator.py
[2026-09-06T09:10:44.052+0000] {processor.py:914} INFO - Processing file /home/airflow/.local/lib/python3.12/site-packages/airflow/example_dags/example_python_decorator.py for tasks to queue
[2026-09-06T09:10:44.054+0000] {logging_mixin.py:190} INFO - [2026-09-06T09:10:44.054+0000] {dagbag.py:588} INFO - Filling up the DagBag from /home/airflow/.local/lib/python3.12/site-packages/airflow/example_dags/example_python_decorator.py
[2026-09-06T09:10:44.065+0000] {processor.py:925} INFO - DAG(s) 'example_python_decorator' retrieved from /home/airflow/.local/lib/python3.12/site-packages/airflow/example_dags/example_python_decorator.py
[2026-09-06T09:10:44.083+0000] {logging_mixin.py:190} INFO - [2026-09-06T09:10:44.082+0000] {dag.py:3239} INFO - Sync 1 DAGs
[2026-09-06T09:10:44.095+0000] {logging_mixin.py:190} INFO - [2026-09-06T09:10:44.095+0000] {dag.py:4180} INFO - Setting next_dagrun for example_python_decorator to None, run_after=None
[2026-09-06T09:10:44.110+0000] {processor.py:208} INFO - Processing /home/airflow/.local/lib/python3.12/site-packages/airflow/example_dags/example_python_decorator.py took 0.064 seconds
[2026-09-06T09:11:14.276+0000] {processor.py:186} INFO - Started process (PID=2237) to work on /home/airflow/.local/lib/python3.12/site-packages/airflow/example_dags/example_python_decorator.py
[2026-09-06T09:11:14.277+0000] {processor.py:914} INFO - Processing file /home/airflow/.local/lib/python3.12/site-packages/airflow/example_dags/example_python_decorator.py for tasks to queue
[2026-09-06T09:11:14.279+0000] {logging_mixin.py:190} INFO - [2026-09-06T09:11:14.279+0000] {dagbag.py:588} INFO - Filling up the DagBag from /home/airflow/.local/lib/python3.12/site-packages/airflow/example_dags/example_python_decorator.py
[2026-09-06T09:11:14.292+0000] {processor.py:925} INFO - DAG(s) 'example_python_decorator' retrieved from /home/airflow/.local/lib/python3.12/site-packages/airflow/example_dags/example_python_decorator.py
[2026-09-06T09:11:14.312+0000] {logging_mixin.py:190} INFO - [2026-09-06T09:11:14.312+0000] {dag.py:3239} INFO - Sync 1 DAGs
[2026-09-06T09:11:14.326+0000] {logging_mixin.py:190} INFO - [2026-09-06T09:11:14.326+0000] {dag.py:4180} INFO - Setting next_dagrun for example_python_decorator to None, run_after=None
[2026-09-06T09:11:14.342+0000] {processor.py:208} INFO - Processing /home/airflow/.local/lib/python3.12/site-packages/airflow/example_dags/example_python_decorator.py took 0.071 seconds
[2026-09-06T09:11:44.495+0000] {processor.py:186} INFO - Started process (PID=2301) to work on /home/airflow/.local/lib/python3.12/site-packages/airflow/example_dags/example_python_decorator.py
[2026-09-06T09:11:44.496+0000] {processor.py:914} INFO - Processing file /home/airflow/.local/lib/python3.12/site-packages/airflow/example_dags/example_python_decorator.py for tasks to queue
[2026-09-06T09:11:44.498+0000] {logging_mixin.py:190} INFO - [2026-09-06T09:11:44.498+0000] {dagbag.py:588} INFO - Filling up the DagBag from /home/airflow/.local/lib/python3.12/site-packages/airflow/example_dags/example_python_decorator.py
[2026-09-06T09:11:44.511+0000] {processor.py:925} INFO - DAG(s) 'example_python_decorator' retrieved from /home/airflow/.local/lib/python3.12/site-packages/airflow/example_dags/example_python_decorator.py
[2026-09-06T09:11:44.529+0000] {logging_mixin.py:190} INFO - [2026-09-06T09:11:44.529+0000] {dag.py:3239} INFO - Sync 1 DAGs
[2026-09-06T09:11:44.541+0000] {logging_mixin.py:190} INFO - [2026-09-06T09:11:44.541+0000] {dag.py:4180} INFO - Setting next_dagrun for example_python_decorator to None, run_after=None
[2026-09-06T09:11:44.557+0000] {processor.py:208} INFO - Processing /home/airflow/.local/lib/python3.12/site-packages/airflow/example_dags/example_python_decorator.py took 0.067 seconds
[2026-09-06T09:12:14.893+0000] {processor.py:186} INFO - Started process (PID=2365) to work on /home/airflow/.local/lib/python3.12/site-packages/airflow/example_dags/example_python_decorator.py
[2026-09-06T09:12:14.894+0000] {processor.py:914} INFO - Processing file /home/airflow/.local/lib/python3.12/site-packages/airflow/example_dags/example_python_decorator.py for tasks to queue
[2026-09-06T09:12:14.896+0000] {logging_mixin.py:190} INFO - [2026-09-06T09:12:14.896+0000] {dagbag.py:588} INFO - Filling up the DagBag from /home/airflow/.local/lib/python3.12/site-packages/airflow/example_dags/example_python_decorator.py
[2026-09-06T09:12:14.908+0000] {processor.py:925} INFO - DAG(s) 'example_python_decorator' retrieved from /home/airflow/.local/lib/python3.12/site-packages/airflow/example_dags/example_python_decorator.py
[2026-09-06T09:12:14.928+0000] {logging_mixin.py:190} INFO - [2026-09-06T09:12:14.928+0000] {dag.py:3239} INFO - Sync 1 DAGs
[2026-09-06T09:12:14.942+0000] {logging_mixin.py:190} INFO - [2026-09-06T09:12:14.942+0000] {dag.py:4180} INFO - Setting next_dagrun for example_python_decorator to None, run_after=None
[2026-09-06T09:12:14.959+0000] {processor.py:208} INFO - Processing /home/airflow/.local/lib/python3.12/site-packages/airflow/example_dags/example_python_decorator.py took 0.071 seconds
[2026-09-06T09:12:45.148+0000] {processor.py:186} INFO - Started process (PID=2429) to work on /home/airflow/.local/lib/python3.12/site-packages/airflow/example_dags/example_python_decorator.py
[2026-09-06T09:12:45.150+0000] {processor.py:914} INFO - Processing file /home/airflow/.local/lib/python3.12/site-packages/airflow/example_dags/example_python_decorator.py for tasks to queue
[2026-09-06T09:12:45.151+0000] {logging_mixin.py:190} INFO - [2026-09-06T09:12:45.151+0000] {dagbag.py:588} INFO - Filling up the DagBag from /home/airflow/.local/lib/python3.12/site-packages/airflow/example_dags/example_python_decorator.py
[2026-09-06T09:12:45.163+0000] {processor.py:925} INFO - DAG(s) 'example_python_decorator' retrieved from /home/airflow/.local/lib/python3.12/site-packages/airflow/example_dags/example_python_decorator.py
[2026-09-06T09:12:45.182+0000] {logging_mixin.py:190} INFO - [2026-09-06T09:12:45.181+0000] {dag.py:3239} INFO - Sync 1 DAGs
[2026-09-06T09:12:45.193+0000] {logging_mixin.py:190} INFO - [2026-09-06T09:12:45.193+0000] {dag.py:4180} INFO - Setting next_dagrun for example_python_decorator to None, run_after=None
[2026-09-06T09:12:45.210+0000] {processor.py:208} INFO - Processing /home/airflow/.local/lib/python3.12/site-packages/airflow/example_dags/example_python_decorator.py took 0.066 seconds
[2026-09-06T09:13:15.426+0000] {processor.py:186} INFO - Started process (PID=2493) to work on /home/airflow/.local/lib/python3.12/site-packages/airflow/example_dags/example_python_decorator.py
[2026-09-06T09:13:15.427+0000] {processor.py:914} INFO - Processing file /home/airflow/.local/lib/python3.12/site-packages/airflow/example_dags/example_python_decorator.py for tasks to queue
[2026-09-06T09:13:15.429+0000] {logging_mixin.py:190} INFO - [2026-09-06T09:13:15.429+0000] {dagbag.py:588} INFO - Filling up the DagBag from /home/airflow/.local/lib/python3.12/site-packages/airflow/example_dags/example_python_decorator.py
[2026-09-06T09:13:15.440+0000] {processor.py:925} INFO - DAG(s) 'example_python_decorator' retrieved from /home/airflow/.local/lib/python3.12/site-packages/airflow/example_dags/example_python_decorator.py
[2026-09-06T09:13:15.459+0000] {logging_mixin.py:190} INFO - [2026-09-06T09:13:15.458+0000] {dag.py:3239} INFO - Sync 1 DAGs
[2026-09-06T09:13:15.470+0000] {logging_mixin.py:190} INFO - [2026-09-06T09:13:15.470+0000] {dag.py:4180} INFO - Setting next_dagrun for example_python_decorator to None, run_after=None
[2026-09-06T09:13:15.484+0000] {processor.py:208} INFO - Processing /home/airflow/.local/lib/python3.12/site-packages/airflow/example_dags/example_python_decorator.py took 0.064 seconds
[2026-09-06T09:13:45.692+0000] {processor.py:186} INFO - Started process (PID=2557) to work on /home/airflow/.local/lib/python3.12/site-packages/airflow/example_dags/example_python_decorator.py
[2026-09-06T09:13:45.693+0000] {processor.py:914} INFO - Processing file /home/airflow/.local/lib/python3.12/site-packages/airflow/example_dags/example_python_decorator.py for tasks to queue
[2026-09-06T09:13:45.694+0000] {logging_mixin.py:190} INFO - [2026-09-06T09:13:45.694+0000] {dagbag.py:588} INFO - Filling up the DagBag from /home/airflow/.local/lib/python3.12/site-packages/airflow/example_dags/example_python_decorator.py
[2026-09-06T09:13:45.705+0000] {processor.py:925} INFO - DAG(s) 'example_python_decorator' retrieved from /home/airflow/.local/lib/python3.12/site-packages/airflow/example_dags/example_python_decorator.py
[2026-09-06T09:13:45.722+0000] {logging_mixin.py:190} INFO - [2026-09-06T09:13:45.721+0000] {dag.py:3239} INFO - Sync 1 DAGs
[2026-09-06T09:13:45.734+0000] {logging_mixin.py:190} INFO - [2026-09-06T09:13:45.733+0000] {dag.py:4180} INFO - Setting next_dagrun for example_python_decorator to None, run_after=None
[2026-09-06T09:13:45.748+0000] {processor.py:208} INFO - Processing /home/airflow/.local/lib/python3.12/site-packages/airflow/example_dags/example_python_decorator.py took 0.061 seconds
[2026-09-06T09:14:15.815+0000] {processor.py:186} INFO - Started process (PID=2621) to work on /home/airflow/.local/lib/python3.12/site-packages/airflow/example_dags/example_python_decorator.py
[2026-09-06T09:14:15.815+0000] {processor.py:914} INFO - Processing file /home/airflow/.local/lib/python3.12/site-packages/airflow/example_dags/example_python_decorator.py for tasks to queue
[2026-09-06T09:14:15.817+0000] {logging_mixin.py:190} INFO - [2026-09-06T09:14:15.817+0000] {dagbag.py:588} INFO - Filling up the DagBag from /home/airflow/.local/lib/python3.12/site-packages/airflow/example_dags/example_python_decorator.py
[2026-09-06T09:14:15.829+0000] {processor.py:925} INFO - DAG(s) 'example_python_decorator' retrieved from /home/airflow/.local/lib/python3.12/site-packages/airflow/example_dags/example_python_decorator.py
[2026-09-06T09:14:15.845+0000] {logging_mixin.py:190} INFO - [2026-09-06T09:14:15.845+0000] {dag.py:3239} INFO - Sync 1 DAGs
[2026-09-06T09:14:15.855+0000] {logging_mixin.py:190} INFO - [2026-09-06T09:14:15.855+0000] {dag.py:4180} INFO - Setting next_dagrun for example_python_decorator to None, run_after=None
[2026-09-06T09:14:15.869+0000] {processor.py:208} INFO - Processing /home/airflow/.local/lib/python3.12/site-packages/airflow/example_dags/example_python_decorator.py took 0.058 seconds
[2026-09-06T09:14:46.010+0000] {processor.py:186} INFO - Started process (PID=2685) to work on /home/airflow/.local/lib/python3.12/site-packages/airflow/example_dags/example_python_decorator.py
[2026-09-06T09:14:46.011+0000] {processor.py:914} INFO - Processing file /home/airflow/.local/lib/python3.12/site-packages/airflow/example_dags/example_python_decorator.py for tasks to queue
[2026-09-06T09:14:46.013+0000] {logging_mixin.py:190} INFO - [2026-09-06T09:14:46.013+0000] {dagbag.py:588} INFO - Filling up the DagBag from /home/airflow/.local/lib/python3.12/site-packages/airflow/example_dags/example_python_decorator.py
[2026-09-06T09:14:46.024+0000] {processor.py:925} INFO - DAG(s) 'example_python_decorator' retrieved from /home/airflow/.local/lib/python3.12/site-packages/airflow/example_dags/example_python_decorator.py
[2026-09-06T09:14:46.041+0000] {logging_mixin.py:190} INFO - [2026-09-06T09:14:46.041+0000] {dag.py:3239} INFO - Sync 1 DAGs
[2026-09-06T09:14:46.052+0000] {logging_mixin.py:190} INFO - [2026-09-06T09:14:46.051+0000] {dag.py:4180} INFO - Setting next_dagrun for example_python_decorator to None, run_after=None
[2026-09-06T09:14:46.066+0000] {processor.py:208} INFO - Processing /home/airflow/.local/lib/python3.12/site-packages/airflow/example_dags/example_python_decorator.py took 0.060 seconds
[2026-09-06T09:15:16.719+0000] {processor.py:186} INFO - Started process (PID=2749) to work on /home/airflow/.local/lib/python3.12/site-packages/airflow/example_dags/example_python_decorator.py
[2026-09-06T09:15:16.720+0000] {processor.py:914} INFO - Processing file /home/airflow/.local/lib/python3.12/site-packages/airflow/example_dags/example_python_decorator.py for tasks to queue
[2026-09-06T09:15:16.722+0000] {logging_mixin.py:190} INFO - [2026-09-06T09:15:16.722+0000] {dagbag.py:588} INFO - Filling up the DagBag from /home/airflow/.local/lib/python3.12/site-packages/airflow/example_dags/example_python_decorator.py
[2026-09-06T09:15:16.735+0000] {processor.py:925} INFO - DAG(s) 'example_python_decorator' retrieved from /home/airflow/.local/lib/python3.12/site-packages/airflow/example_dags/example_python_decorator.py
[2026-09-06T09:15:16.753+0000] {logging_mixin.py:190} INFO - [2026-09-06T09:15:16.753+0000] {dag.py:3239} INFO - Sync 1 DAGs
[2026-09-06T09:15:16.764+0000] {logging_mixin.py:190} INFO - [2026-09-06T09:15:16.764+0000] {dag.py:4180} INFO - Setting next_dagrun for example_python_decorator to None, run_after=None
[2026-09-06T09:15:16.778+0000] {processor.py:208} INFO - Processing /home/airflow/.local/lib/python3.12/site-packages/airflow/example_dags/example_python_decorator.py took 0.063 seconds
[2026-09-06T09:15:47.248+0000] {processor.py:186} INFO - Started process (PID=2811) to work on /home/airflow/.local/lib/python3.12/site-packages/airflow/example_dags/example_python_decorator.py
[2026-09-06T09:15:47.249+0000] {processor.py:914} INFO - Processing file /home/airflow/.local/lib/python3.12/site-packages/airflow/example_dags/example_python_decorator.py for tasks to queue
[2026-09-06T09:15:47.251+0000] {logging_mixin.py:190} INFO - [2026-09-06T09:15:47.250+0000] {dagbag.py:588} INFO - Filling up the DagBag from /home/airflow/.local/lib/python3.12/site-packages/airflow/example_dags/example_python_decorator.py
[2026-09-06T09:15:47.262+0000] {processor.py:925} INFO - DAG(s) 'example_python_decorator' retrieved from /home/airflow/.local/lib/python3.12/site-packages/airflow/example_dags/example_python_decorator.py
[2026-09-06T09:15:47.278+0000] {logging_mixin.py:190} INFO - [2026-09-06T09:15:47.278+0000] {dag.py:3239} INFO - Sync 1 DAGs
[2026-09-06T09:15:47.288+0000] {logging_mixin.py:190} INFO - [2026-09-06T09:15:47.288+0000] {dag.py:4180} INFO - Setting next_dagrun for example_python_decorator to None, run_after=None
[2026-09-06T09:15:47.309+0000] {processor.py:208} INFO - Processing /home/airflow/.local/lib/python3.12/site-packages/airflow/example_dags/example_python_decorator.py took 0.065 seconds
[2026-09-06T09:16:17.695+0000] {processor.py:186} INFO - Started process (PID=2875) to work on /home/airflow/.local/lib/python3.12/site-packages/airflow/example_dags/example_python_decorator.py
[2026-09-06T09:16:17.696+0000] {processor.py:914} INFO - Processing file /home/airflow/.local/lib/python3.12/site-packages/airflow/example_dags/example_python_decorator.py for tasks to queue
[2026-09-06T09:16:17.698+0000] {logging_mixin.py:190} INFO - [2026-09-06T09:16:17.698+0000] {dagbag.py:588} INFO - Filling up the DagBag from /home/airflow/.local/lib/python3.12/site-packages/airflow/example_dags/example_python_decorator.py
[2026-09-06T09:16:17.711+0000] {processor.py:925} INFO - DAG(s) 'example_python_decorator' retrieved from /home/airflow/.local/lib/python3.12/site-packages/airflow/example_dags/example_python_decorator.py
[2026-09-06T09:16:17.728+0000] {logging_mixin.py:190} INFO - [2026-09-06T09:16:17.728+0000] {dag.py:3239} INFO - Sync 1 DAGs
[2026-09-06T09:16:17.738+0000] {logging_mixin.py:190} INFO - [2026-09-06T09:16:17.738+0000] {dag.py:4180} INFO - Setting next_dagrun for example_python_decorator to None, run_after=None
[2026-09-06T09:16:17.754+0000] {processor.py:208} INFO - Processing /home/airflow/.local/lib/python3.12/site-packages/airflow/example_dags/example_python_decorator.py took 0.063 seconds
[2026-09-06T09:16:49.708+0000] {processor.py:186} INFO - Started process (PID=2933) to work on /home/airflow/.local/lib/python3.12/site-packages/airflow/example_dags/example_python_decorator.py
[2026-09-06T09:16:49.709+0000] {processor.py:914} INFO - Processing file /home/airflow/.local/lib/python3.12/site-packages/airflow/example_dags/example_python_decorator.py for tasks to queue
[2026-09-06T09:16:49.711+0000] {logging_mixin.py:190} INFO - [2026-09-06T09:16:49.711+0000] {dagbag.py:588} INFO - Filling up the DagBag from /home/airflow/.local/lib/python3.12/site-packages/airflow/example_dags/example_python_decorator.py
[2026-09-06T09:16:49.724+0000] {processor.py:925} INFO - DAG(s) 'example_python_decorator' retrieved from /home/airflow/.local/lib/python3.12/site-packages/airflow/example_dags/example_python_decorator.py
[2026-09-06T09:16:49.741+0000] {logging_mixin.py:190} INFO - [2026-09-06T09:16:49.741+0000] {dag.py:3239} INFO - Sync 1 DAGs
[2026-09-06T09:16:49.752+0000] {logging_mixin.py:190} INFO - [2026-09-06T09:16:49.752+0000] {dag.py:4180} INFO - Setting next_dagrun for example_python_decorator to None, run_after=None
[2026-09-06T09:16:49.766+0000] {processor.py:208} INFO - Processing /home/airflow/.local/lib/python3.12/site-packages/airflow/example_dags/example_python_decorator.py took 0.062 seconds
[2026-09-06T09:17:20.377+0000] {processor.py:186} INFO - Started process (PID=2997) to work on /home/airflow/.local/lib/python3.12/site-packages/airflow/example_dags/example_python_decorator.py
[2026-09-06T09:17:20.378+0000] {processor.py:914} INFO - Processing file /home/airflow/.local/lib/python3.12/site-packages/airflow/example_dags/example_python_decorator.py for tasks to queue
[2026-09-06T09:17:20.380+0000] {logging_mixin.py:190} INFO - [2026-09-06T09:17:20.380+0000] {dagbag.py:588} INFO - Filling up the DagBag from /home/airflow/.local/lib/python3.12/site-packages/airflow/example_dags/example_python_decorator.py
[2026-09-06T09:17:20.392+0000] {processor.py:925} INFO - DAG(s) 'example_python_decorator' retrieved from /home/airflow/.local/lib/python3.12/site-packages/airflow/example_dags/example_python_decorator.py
[2026-09-06T09:17:20.410+0000] {logging_mixin.py:190} INFO - [2026-09-06T09:17:20.410+0000] {dag.py:3239} INFO - Sync 1 DAGs
[2026-09-06T09:17:20.421+0000] {logging_mixin.py:190} INFO - [2026-09-06T09:17:20.421+0000] {dag.py:4180} INFO - Setting next_dagrun for example_python_decorator to None, run_after=None
[2026-09-06T09:17:20.437+0000] {processor.py:208} INFO - Processing /home/airflow/.local/lib/python3.12/site-packages/airflow/example_dags/example_python_decorator.py took 0.066 seconds
[2026-09-06T09:17:50.689+0000] {processor.py:186} INFO - Started process (PID=3058) to work on /home/airflow/.local/lib/python3.12/site-packages/airflow/example_dags/example_python_decorator.py
[2026-09-06T09:17:50.690+0000] {processor.py:914} INFO - Processing file /home/airflow/.local/lib/python3.12/site-packages/airflow/example_dags/example_python_decorator.py for tasks to queue
[2026-09-06T09:17:50.692+0000] {logging_mixin.py:190} INFO - [2026-09-06T09:17:50.692+0000] {dagbag.py:588} INFO - Filling up the DagBag from /home/airflow/.local/lib/python3.12/site-packages/airflow/example_dags/example_python_decorator.py
[2026-09-06T09:17:50.703+0000] {processor.py:925} INFO - DAG(s) 'example_python_decorator' retrieved from /home/airflow/.local/lib/python3.12/site-packages/airflow/example_dags/example_python_decorator.py
[2026-09-06T09:17:50.720+0000] {logging_mixin.py:190} INFO - [2026-09-06T09:17:50.720+0000] {dag.py:3239} INFO - Sync 1 DAGs
[2026-09-06T09:17:50.730+0000] {logging_mixin.py:190} INFO - [2026-09-06T09:17:50.730+0000] {dag.py:4180} INFO - Setting next_dagrun for example_python_decorator to None, run_after=None
[2026-09-06T09:17:50.744+0000] {processor.py:208} INFO - Processing /home/airflow/.local/lib/python3.12/site-packages/airflow/example_dags/example_python_decorator.py took 0.060 seconds
[2026-09-06T09:18:22.114+0000] {processor.py:186} INFO - Started process (PID=3122) to work on /home/airflow/.local/lib/python3.12/site-packages/airflow/example_dags/example_python_decorator.py
[2026-09-06T09:18:22.115+0000] {processor.py:914} INFO - Processing file /home/airflow/.local/lib/python3.12/site-packages/airflow/example_dags/example_python_decorator.py for tasks to queue
[2026-09-06T09:18:22.117+0000] {logging_mixin.py:190} INFO - [2026-09-06T09:18:22.117+0000] {dagbag.py:588} INFO - Filling up the DagBag from /home/airflow/.local/lib/python3.12/site-packages/airflow/example_dags/example_python_decorator.py
[2026-09-06T09:18:22.128+0000] {processor.py:925} INFO - DAG(s) 'example_python_decorator' retrieved from /home/airflow/.local/lib/python3.12/site-packages/airflow/example_dags/example_python_decorator.py
[2026-09-06T09:18:22.145+0000] {logging_mixin.py:190} INFO - [2026-09-06T09:18:22.145+0000] {dag.py:3239} INFO - Sync 1 DAGs
[2026-09-06T09:18:22.157+0000] {logging_mixin.py:190} INFO - [2026-09-06T09:18:22.157+0000] {dag.py:4180} INFO - Setting next_dagrun for example_python_decorator to None, run_after=None
[2026-09-06T09:18:22.176+0000] {processor.py:208} INFO - Processing /home/airflow/.local/lib/python3.12/site-packages/airflow/example_dags/example_python_decorator.py took 0.066 seconds
[2026-09-06T09:18:52.601+0000] {processor.py:186} INFO - Started process (PID=3175) to work on /home/airflow/.local/lib/python3.12/site-packages/airflow/example_dags/example_python_decorator.py
[2026-09-06T09:18:52.602+0000] {processor.py:914} INFO - Processing file /home/airflow/.local/lib/python3.12/site-packages/airflow/example_dags/example_python_decorator.py for tasks to queue
[2026-09-06T09:18:52.604+0000] {logging_mixin.py:190} INFO - [2026-09-06T09:18:52.604+0000] {dagbag.py:588} INFO - Filling up the DagBag from /home/airflow/.local/lib/python3.12/site-packages/airflow/example_dags/example_python_decorator.py
[2026-09-06T09:18:52.615+0000] {processor.py:925} INFO - DAG(s) 'example_python_decorator' retrieved from /home/airflow/.local/lib/python3.12/site-packages/airflow/example_dags/example_python_decorator.py
[2026-09-06T09:18:52.633+0000] {logging_mixin.py:190} INFO - [2026-09-06T09:18:52.633+0000] {dag.py:3239} INFO - Sync 1 DAGs
[2026-09-06T09:18:52.818+0000] {logging_mixin.py:190} INFO - [2026-09-06T09:18:52.818+0000] {dag.py:4180} INFO - Setting next_dagrun for example_python_decorator to None, run_after=None
[2026-09-06T09:18:52.833+0000] {processor.py:208} INFO - Processing /home/airflow/.local/lib/python3.12/site-packages/airflow/example_dags/example_python_decorator.py took 0.237 seconds
[2026-09-06T09:19:23.517+0000] {processor.py:186} INFO - Started process (PID=3239) to work on /home/airflow/.local/lib/python3.12/site-packages/airflow/example_dags/example_python_decorator.py
[2026-09-06T09:19:23.518+0000] {processor.py:914} INFO - Processing file /home/airflow/.local/lib/python3.12/site-packages/airflow/example_dags/example_python_decorator.py for tasks to queue
[2026-09-06T09:19:23.520+0000] {logging_mixin.py:190} INFO - [2026-09-06T09:19:23.520+0000] {dagbag.py:588} INFO - Filling up the DagBag from /home/airflow/.local/lib/python3.12/site-packages/airflow/example_dags/example_python_decorator.py
[2026-09-06T09:19:23.531+0000] {processor.py:925} INFO - DAG(s) 'example_python_decorator' retrieved from /home/airflow/.local/lib/python3.12/site-packages/airflow/example_dags/example_python_decorator.py
[2026-09-06T09:19:23.560+0000] {logging_mixin.py:190} INFO - [2026-09-06T09:19:23.559+0000] {dag.py:3239} INFO - Sync 1 DAGs
[2026-09-06T09:19:23.577+0000] {logging_mixin.py:190} INFO - [2026-09-06T09:19:23.577+0000] {dag.py:4180} INFO - Setting next_dagrun for example_python_decorator to None, run_after=None
[2026-09-06T09:19:23.799+0000] {processor.py:208} INFO - Processing /home/airflow/.local/lib/python3.12/site-packages/airflow/example_dags/example_python_decorator.py took 0.287 seconds
[2026-09-06T09:19:54.344+0000] {processor.py:186} INFO - Started process (PID=3303) to work on /home/airflow/.local/lib/python3.12/site-packages/airflow/example_dags/example_python_decorator.py
[2026-09-06T09:19:54.345+0000] {processor.py:914} INFO - Processing file /home/airflow/.local/lib/python3.12/site-packages/airflow/example_dags/example_python_decorator.py for tasks to queue
[2026-09-06T09:19:54.347+0000] {logging_mixin.py:190} INFO - [2026-09-06T09:19:54.347+0000] {dagbag.py:588} INFO - Filling up the DagBag from /home/airflow/.local/lib/python3.12/site-packages/airflow/example_dags/example_python_decorator.py
[2026-09-06T09:19:54.359+0000] {processor.py:925} INFO - DAG(s) 'example_python_decorator' retrieved from /home/airflow/.local/lib/python3.12/site-packages/airflow/example_dags/example_python_decorator.py
[2026-09-06T09:19:54.377+0000] {logging_mixin.py:190} INFO - [2026-09-06T09:19:54.377+0000] {dag.py:3239} INFO - Sync 1 DAGs
[2026-09-06T09:19:54.390+0000] {logging_mixin.py:190} INFO - [2026-09-06T09:19:54.390+0000] {dag.py:4180} INFO - Setting next_dagrun for example_python_decorator to None, run_after=None
[2026-09-06T09:19:54.405+0000] {processor.py:208} INFO - Processing /home/airflow/.local/lib/python3.12/site-packages/airflow/example_dags/example_python_decorator.py took 0.066 seconds
[2026-09-06T09:20:24.915+0000] {processor.py:186} INFO - Started process (PID=3356) to work on /home/airflow/.local/lib/python3.12/site-packages/airflow/example_dags/example_python_decorator.py
[2026-09-06T09:20:24.916+0000] {processor.py:914} INFO - Processing file /home/airflow/.local/lib/python3.12/site-packages/airflow/example_dags/example_python_decorator.py for tasks to queue
[2026-09-06T09:20:24.919+0000] {logging_mixin.py:190} INFO - [2026-09-06T09:20:24.918+0000] {dagbag.py:588} INFO - Filling up the DagBag from /home/airflow/.local/lib/python3.12/site-packages/airflow/example_dags/example_python_decorator.py
[2026-09-06T09:20:24.930+0000] {processor.py:925} INFO - DAG(s) 'example_python_decorator' retrieved from /home/airflow/.local/lib/python3.12/site-packages/airflow/example_dags/example_python_decorator.py
[2026-09-06T09:20:25.117+0000] {logging_mixin.py:190} INFO - [2026-09-06T09:20:25.117+0000] {dag.py:3239} INFO - Sync 1 DAGs
[2026-09-06T09:20:25.127+0000] {logging_mixin.py:190} INFO - [2026-09-06T09:20:25.127+0000] {dag.py:4180} INFO - Setting next_dagrun for example_python_decorator to None, run_after=None
[2026-09-06T09:20:25.141+0000] {processor.py:208} INFO - Processing /home/airflow/.local/lib/python3.12/site-packages/airflow/example_dags/example_python_decorator.py took 0.230 seconds
[2026-09-06T09:20:56.110+0000] {processor.py:186} INFO - Started process (PID=3420) to work on /home/airflow/.local/lib/python3.12/site-packages/airflow/example_dags/example_python_decorator.py
[2026-09-06T09:20:56.111+0000] {processor.py:914} INFO - Processing file /home/airflow/.local/lib/python3.12/site-packages/airflow/example_dags/example_python_decorator.py for tasks to queue
[2026-09-06T09:20:56.113+0000] {logging_mixin.py:190} INFO - [2026-09-06T09:20:56.113+0000] {dagbag.py:588} INFO - Filling up the DagBag from /home/airflow/.local/lib/python3.12/site-packages/airflow/example_dags/example_python_decorator.py
[2026-09-06T09:20:56.123+0000] {processor.py:925} INFO - DAG(s) 'example_python_decorator' retrieved from /home/airflow/.local/lib/python3.12/site-packages/airflow/example_dags/example_python_decorator.py
[2026-09-06T09:20:56.137+0000] {logging_mixin.py:190} INFO - [2026-09-06T09:20:56.137+0000] {dag.py:3239} INFO - Sync 1 DAGs
[2026-09-06T09:20:56.147+0000] {logging_mixin.py:190} INFO - [2026-09-06T09:20:56.147+0000] {dag.py:4180} INFO - Setting next_dagrun for example_python_decorator to None, run_after=None
[2026-09-06T09:20:56.164+0000] {processor.py:208} INFO - Processing /home/airflow/.local/lib/python3.12/site-packages/airflow/example_dags/example_python_decorator.py took 0.058 seconds
[2026-09-06T09:21:26.507+0000] {processor.py:186} INFO - Started process (PID=3484) to work on /home/airflow/.local/lib/python3.12/site-packages/airflow/example_dags/example_python_decorator.py
[2026-09-06T09:21:26.508+0000] {processor.py:914} INFO - Processing file /home/airflow/.local/lib/python3.12/site-packages/airflow/example_dags/example_python_decorator.py for tasks to queue
[2026-09-06T09:21:26.511+0000] {logging_mixin.py:190} INFO - [2026-09-06T09:21:26.510+0000] {dagbag.py:588} INFO - Filling up the DagBag from /home/airflow/.local/lib/python3.12/site-packages/airflow/example_dags/example_python_decorator.py
[2026-09-06T09:21:26.522+0000] {processor.py:925} INFO - DAG(s) 'example_python_decorator' retrieved from /home/airflow/.local/lib/python3.12/site-packages/airflow/example_dags/example_python_decorator.py
[2026-09-06T09:21:26.543+0000] {logging_mixin.py:190} INFO - [2026-09-06T09:21:26.542+0000] {dag.py:3239} INFO - Sync 1 DAGs
[2026-09-06T09:21:26.556+0000] {logging_mixin.py:190} INFO - [2026-09-06T09:21:26.555+0000] {dag.py:4180} INFO - Setting next_dagrun for example_python_decorator to None, run_after=None
[2026-09-06T09:21:26.572+0000] {processor.py:208} INFO - Processing /home/airflow/.local/lib/python3.12/site-packages/airflow/example_dags/example_python_decorator.py took 0.071 seconds
[2026-09-06T09:21:56.772+0000] {processor.py:186} INFO - Started process (PID=3538) to work on /home/airflow/.local/lib/python3.12/site-packages/airflow/example_dags/example_python_decorator.py
[2026-09-06T09:21:56.775+0000] {processor.py:914} INFO - Processing file /home/airflow/.local/lib/python3.12/site-packages/airflow/example_dags/example_python_decorator.py for tasks to queue
[2026-09-06T09:21:56.779+0000] {logging_mixin.py:190} INFO - [2026-09-06T09:21:56.778+0000] {dagbag.py:588} INFO - Filling up the DagBag from /home/airflow/.local/lib/python3.12/site-packages/airflow/example_dags/example_python_decorator.py
[2026-09-06T09:21:56.793+0000] {processor.py:925} INFO - DAG(s) 'example_python_decorator' retrieved from /home/airflow/.local/lib/python3.12/site-packages/airflow/example_dags/example_python_decorator.py
[2026-09-06T09:21:56.812+0000] {logging_mixin.py:190} INFO - [2026-09-06T09:21:56.812+0000] {dag.py:3239} INFO - Sync 1 DAGs
[2026-09-06T09:21:56.822+0000] {logging_mixin.py:190} INFO - [2026-09-06T09:21:56.822+0000] {dag.py:4180} INFO - Setting next_dagrun for example_python_decorator to None, run_after=None
[2026-09-06T09:21:56.836+0000] {processor.py:208} INFO - Processing /home/airflow/.local/lib/python3.12/site-packages/airflow/example_dags/example_python_decorator.py took 0.072 seconds
[2026-09-06T09:22:27.713+0000] {processor.py:186} INFO - Started process (PID=3602) to work on /home/airflow/.local/lib/python3.12/site-packages/airflow/example_dags/example_python_decorator.py
[2026-09-06T09:22:27.714+0000] {processor.py:914} INFO - Processing file /home/airflow/.local/lib/python3.12/site-packages/airflow/example_dags/example_python_decorator.py for tasks to queue
[2026-09-06T09:22:27.716+0000] {logging_mixin.py:190} INFO - [2026-09-06T09:22:27.716+0000] {dagbag.py:588} INFO - Filling up the DagBag from /home/airflow/.local/lib/python3.12/site-packages/airflow/example_dags/example_python_decorator.py
[2026-09-06T09:22:27.728+0000] {processor.py:925} INFO - DAG(s) 'example_python_decorator' retrieved from /home/airflow/.local/lib/python3.12/site-packages/airflow/example_dags/example_python_decorator.py
[2026-09-06T09:22:27.745+0000] {logging_mixin.py:190} INFO - [2026-09-06T09:22:27.745+0000] {dag.py:3239} INFO - Sync 1 DAGs
[2026-09-06T09:22:27.756+0000] {logging_mixin.py:190} INFO - [2026-09-06T09:22:27.756+0000] {dag.py:4180} INFO - Setting next_dagrun for example_python_decorator to None, run_after=None
[2026-09-06T09:22:27.769+0000] {processor.py:208} INFO - Processing /home/airflow/.local/lib/python3.12/site-packages/airflow/example_dags/example_python_decorator.py took 0.061 seconds
[2026-09-06T09:22:58.723+0000] {processor.py:186} INFO - Started process (PID=3666) to work on /home/airflow/.local/lib/python3.12/site-packages/airflow/example_dags/example_python_decorator.py
[2026-09-06T09:22:58.724+0000] {processor.py:914} INFO - Processing file /home/airflow/.local/lib/python3.12/site-packages/airflow/example_dags/example_python_decorator.py for tasks to queue
[2026-09-06T09:22:58.727+0000] {logging_mixin.py:190} INFO - [2026-09-06T09:22:58.726+0000] {dagbag.py:588} INFO - Filling up the DagBag from /home/airflow/.local/lib/python3.12/site-packages/airflow/example_dags/example_python_decorator.py
[2026-09-06T09:22:58.740+0000] {processor.py:925} INFO - DAG(s) 'example_python_decorator' retrieved from /home/airflow/.local/lib/python3.12/site-packages/airflow/example_dags/example_python_decorator.py
[2026-09-06T09:22:58.759+0000] {logging_mixin.py:190} INFO - [2026-09-06T09:22:58.759+0000] {dag.py:3239} INFO - Sync 1 DAGs
[2026-09-06T09:22:58.770+0000] {logging_mixin.py:190} INFO - [2026-09-06T09:22:58.769+0000] {dag.py:4180} INFO - Setting next_dagrun for example_python_decorator to None, run_after=None
[2026-09-06T09:22:58.783+0000] {processor.py:208} INFO - Processing /home/airflow/.local/lib/python3.12/site-packages/airflow/example_dags/example_python_decorator.py took 0.067 seconds
[2026-09-06T09:23:28.930+0000] {processor.py:186} INFO - Started process (PID=3730) to work on /home/airflow/.local/lib/python3.12/site-packages/airflow/example_dags/example_python_decorator.py
[2026-09-06T09:23:28.931+0000] {processor.py:914} INFO - Processing file /home/airflow/.local/lib/python3.12/site-packages/airflow/example_dags/example_python_decorator.py for tasks to queue
[2026-09-06T09:23:28.933+0000] {logging_mixin.py:190} INFO - [2026-09-06T09:23:28.932+0000] {dagbag.py:588} INFO - Filling up the DagBag from /home/airflow/.local/lib/python3.12/site-packages/airflow/example_dags/example_python_decorator.py
[2026-09-06T09:23:28.943+0000] {processor.py:925} INFO - DAG(s) 'example_python_decorator' retrieved from /home/airflow/.local/lib/python3.12/site-packages/airflow/example_dags/example_python_decorator.py
[2026-09-06T09:23:28.961+0000] {logging_mixin.py:190} INFO - [2026-09-06T09:23:28.961+0000] {dag.py:3239} INFO - Sync 1 DAGs
[2026-09-06T09:23:28.971+0000] {logging_mixin.py:190} INFO - [2026-09-06T09:23:28.971+0000] {dag.py:4180} INFO - Setting next_dagrun for example_python_decorator to None, run_after=None
[2026-09-06T09:23:28.986+0000] {processor.py:208} INFO - Processing /home/airflow/.local/lib/python3.12/site-packages/airflow/example_dags/example_python_decorator.py took 0.060 seconds
[2026-09-06T09:23:59.765+0000] {processor.py:186} INFO - Started process (PID=3800) to work on /home/airflow/.local/lib/python3.12/site-packages/airflow/example_dags/example_python_decorator.py
[2026-09-06T09:23:59.766+0000] {processor.py:914} INFO - Processing file /home/airflow/.local/lib/python3.12/site-packages/airflow/example_dags/example_python_decorator.py for tasks to queue
[2026-09-06T09:23:59.768+0000] {logging_mixin.py:190} INFO - [2026-09-06T09:23:59.768+0000] {dagbag.py:588} INFO - Filling up the DagBag from /home/airflow/.local/lib/python3.12/site-packages/airflow/example_dags/example_python_decorator.py
[2026-09-06T09:23:59.782+0000] {processor.py:925} INFO - DAG(s) 'example_python_decorator' retrieved from /home/airflow/.local/lib/python3.12/site-packages/airflow/example_dags/example_python_decorator.py
[2026-09-06T09:23:59.799+0000] {logging_mixin.py:190} INFO - [2026-09-06T09:23:59.799+0000] {dag.py:3239} INFO - Sync 1 DAGs
[2026-09-06T09:23:59.811+0000] {logging_mixin.py:190} INFO - [2026-09-06T09:23:59.810+0000] {dag.py:4180} INFO - Setting next_dagrun for example_python_decorator to None, run_after=None
[2026-09-06T09:23:59.825+0000] {processor.py:208} INFO - Processing /home/airflow/.local/lib/python3.12/site-packages/airflow/example_dags/example_python_decorator.py took 0.066 seconds
[2026-09-06T09:24:29.927+0000] {processor.py:186} INFO - Started process (PID=3864) to work on /home/airflow/.local/lib/python3.12/site-packages/airflow/example_dags/example_python_decorator.py
[2026-09-06T09:24:29.928+0000] {processor.py:914} INFO - Processing file /home/airflow/.local/lib/python3.12/site-packages/airflow/example_dags/example_python_decorator.py for tasks to queue
[2026-09-06T09:24:29.930+0000] {logging_mixin.py:190} INFO - [2026-09-06T09:24:29.930+0000] {dagbag.py:588} INFO - Filling up the DagBag from /home/airflow/.local/lib/python3.12/site-packages/airflow/example_dags/example_python_decorator.py
[2026-09-06T09:24:29.944+0000] {processor.py:925} INFO - DAG(s) 'example_python_decorator' retrieved from /home/airflow/.local/lib/python3.12/site-packages/airflow/example_dags/example_python_decorator.py
[2026-09-06T09:24:29.965+0000] {logging_mixin.py:190} INFO - [2026-09-06T09:24:29.965+0000] {dag.py:3239} INFO - Sync 1 DAGs
[2026-09-06T09:24:29.981+0000] {logging_mixin.py:190} INFO - [2026-09-06T09:24:29.981+0000] {dag.py:4180} INFO - Setting next_dagrun for example_python_decorator to None, run_after=None
[2026-09-06T09:24:29.997+0000] {processor.py:208} INFO - Processing /home/airflow/.local/lib/python3.12/site-packages/airflow/example_dags/example_python_decorator.py took 0.076 seconds
[2026-09-06T09:25:00.064+0000] {processor.py:186} INFO - Started process (PID=3928) to work on /home/airflow/.local/lib/python3.12/site-packages/airflow/example_dags/example_python_decorator.py
[2026-09-06T09:25:00.065+0000] {processor.py:914} INFO - Processing file /home/airflow/.local/lib/python3.12/site-packages/airflow/example_dags/example_python_decorator.py for tasks to queue
[2026-09-06T09:25:00.067+0000] {logging_mixin.py:190} INFO - [2026-09-06T09:25:00.067+0000] {dagbag.py:588} INFO - Filling up the DagBag from /home/airflow/.local/lib/python3.12/site-packages/airflow/example_dags/example_python_decorator.py
[2026-09-06T09:25:00.078+0000] {processor.py:925} INFO - DAG(s) 'example_python_decorator' retrieved from /home/airflow/.local/lib/python3.12/site-packages/airflow/example_dags/example_python_decorator.py
[2026-09-06T09:25:00.098+0000] {logging_mixin.py:190} INFO - [2026-09-06T09:25:00.098+0000] {dag.py:3239} INFO - Sync 1 DAGs
[2026-09-06T09:25:00.108+0000] {logging_mixin.py:190} INFO - [2026-09-06T09:25:00.108+0000] {dag.py:4180} INFO - Setting next_dagrun for example_python_decorator to None, run_after=None
[2026-09-06T09:25:00.122+0000] {processor.py:208} INFO - Processing /home/airflow/.local/lib/python3.12/site-packages/airflow/example_dags/example_python_decorator.py took 0.064 seconds
[2026-09-06T09:25:30.253+0000] {processor.py:186} INFO - Started process (PID=3992) to work on /home/airflow/.local/lib/python3.12/site-packages/airflow/example_dags/example_python_decorator.py
[2026-09-06T09:25:30.254+0000] {processor.py:914} INFO - Processing file /home/airflow/.local/lib/python3.12/site-packages/airflow/example_dags/example_python_decorator.py for tasks to queue
[2026-09-06T09:25:30.256+0000] {logging_mixin.py:190} INFO - [2026-09-06T09:25:30.256+0000] {dagbag.py:588} INFO - Filling up the DagBag from /home/airflow/.local/lib/python3.12/site-packages/airflow/example_dags/example_python_decorator.py
[2026-09-06T09:25:30.269+0000] {processor.py:925} INFO - DAG(s) 'example_python_decorator' retrieved from /home/airflow/.local/lib/python3.12/site-packages/airflow/example_dags/example_python_decorator.py
[2026-09-06T09:25:30.291+0000] {logging_mixin.py:190} INFO - [2026-09-06T09:25:30.291+0000] {dag.py:3239} INFO - Sync 1 DAGs
[2026-09-06T09:25:30.303+0000] {logging_mixin.py:190} INFO - [2026-09-06T09:25:30.303+0000] {dag.py:4180} INFO - Setting next_dagrun for example_python_decorator to None, run_after=None
[2026-09-06T09:25:30.318+0000] {processor.py:208} INFO - Processing /home/airflow/.local/lib/python3.12/site-packages/airflow/example_dags/example_python_decorator.py took 0.072 seconds
[2026-09-06T09:26:00.657+0000] {processor.py:186} INFO - Started process (PID=4056) to work on /home/airflow/.local/lib/python3.12/site-packages/airflow/example_dags/example_python_decorator.py
[2026-09-06T09:26:00.658+0000] {processor.py:914} INFO - Processing file /home/airflow/.local/lib/python3.12/site-packages/airflow/example_dags/example_python_decorator.py for tasks to queue
[2026-09-06T09:26:00.660+0000] {logging_mixin.py:190} INFO - [2026-09-06T09:26:00.660+0000] {dagbag.py:588} INFO - Filling up the DagBag from /home/airflow/.local/lib/python3.12/site-packages/airflow/example_dags/example_python_decorator.py
[2026-09-06T09:26:00.672+0000] {processor.py:925} INFO - DAG(s) 'example_python_decorator' retrieved from /home/airflow/.local/lib/python3.12/site-packages/airflow/example_dags/example_python_decorator.py
[2026-09-06T09:26:00.689+0000] {logging_mixin.py:190} INFO - [2026-09-06T09:26:00.689+0000] {dag.py:3239} INFO - Sync 1 DAGs
[2026-09-06T09:26:00.701+0000] {logging_mixin.py:190} INFO - [2026-09-06T09:26:00.701+0000] {dag.py:4180} INFO - Setting next_dagrun for example_python_decorator to None, run_after=None
[2026-09-06T09:26:00.717+0000] {processor.py:208} INFO - Processing /home/airflow/.local/lib/python3.12/site-packages/airflow/example_dags/example_python_decorator.py took 0.065 seconds
[2026-09-06T09:26:31.329+0000] {processor.py:186} INFO - Started process (PID=4120) to work on /home/airflow/.local/lib/python3.12/site-packages/airflow/example_dags/example_python_decorator.py
[2026-09-06T09:26:31.330+0000] {processor.py:914} INFO - Processing file /home/airflow/.local/lib/python3.12/site-packages/airflow/example_dags/example_python_decorator.py for tasks to queue
[2026-09-06T09:26:31.332+0000] {logging_mixin.py:190} INFO - [2026-09-06T09:26:31.332+0000] {dagbag.py:588} INFO - Filling up the DagBag from /home/airflow/.local/lib/python3.12/site-packages/airflow/example_dags/example_python_decorator.py
[2026-09-06T09:26:31.345+0000] {processor.py:925} INFO - DAG(s) 'example_python_decorator' retrieved from /home/airflow/.local/lib/python3.12/site-packages/airflow/example_dags/example_python_decorator.py
[2026-09-06T09:26:31.361+0000] {logging_mixin.py:190} INFO - [2026-09-06T09:26:31.361+0000] {dag.py:3239} INFO - Sync 1 DAGs
[2026-09-06T09:26:31.372+0000] {logging_mixin.py:190} INFO - [2026-09-06T09:26:31.371+0000] {dag.py:4180} INFO - Setting next_dagrun for example_python_decorator to None, run_after=None
[2026-09-06T09:26:31.387+0000] {processor.py:208} INFO - Processing /home/airflow/.local/lib/python3.12/site-packages/airflow/example_dags/example_python_decorator.py took 0.064 seconds
[2026-09-06T09:27:01.543+0000] {processor.py:186} INFO - Started process (PID=4185) to work on /home/airflow/.local/lib/python3.12/site-packages/airflow/example_dags/example_python_decorator.py
[2026-09-06T09:27:01.544+0000] {processor.py:914} INFO - Processing file /home/airflow/.local/lib/python3.12/site-packages/airflow/example_dags/example_python_decorator.py for tasks to queue
[2026-09-06T09:27:01.547+0000] {logging_mixin.py:190} INFO - [2026-09-06T09:27:01.546+0000] {dagbag.py:588} INFO - Filling up the DagBag from /home/airflow/.local/lib/python3.12/site-packages/airflow/example_dags/example_python_decorator.py
[2026-09-06T09:27:01.559+0000] {processor.py:925} INFO - DAG(s) 'example_python_decorator' retrieved from /home/airflow/.local/lib/python3.12/site-packages/airflow/example_dags/example_python_decorator.py
[2026-09-06T09:27:01.584+0000] {logging_mixin.py:190} INFO - [2026-09-06T09:27:01.583+0000] {dag.py:3239} INFO - Sync 1 DAGs
[2026-09-06T09:27:01.600+0000] {logging_mixin.py:190} INFO - [2026-09-06T09:27:01.599+0000] {dag.py:4180} INFO - Setting next_dagrun for example_python_decorator to None, run_after=None
[2026-09-06T09:27:01.616+0000] {processor.py:208} INFO - Processing /home/airflow/.local/lib/python3.12/site-packages/airflow/example_dags/example_python_decorator.py took 0.078 seconds
