[2026-09-06T08:54:04.833+0000] {processor.py:186} INFO - Started process (PID=112) to work on /home/airflow/.local/lib/python3.12/site-packages/airflow/example_dags/example_task_group.py
[2026-09-06T08:54:04.834+0000] {processor.py:914} INFO - Processing file /home/airflow/.local/lib/python3.12/site-packages/airflow/example_dags/example_task_group.py for tasks to queue
[2026-09-06T08:54:04.836+0000] {logging_mixin.py:190} INFO - [2026-09-06T08:54:04.836+0000] {dagbag.py:588} INFO - Filling up the DagBag from /home/airflow/.local/lib/python3.12/site-packages/airflow/example_dags/example_task_group.py
[2026-09-06T08:54:04.846+0000] {processor.py:925} INFO - DAG(s) 'example_task_group' retrieved from /home/airflow/.local/lib/python3.12/site-packages/airflow/example_dags/example_task_group.py
[2026-09-06T08:54:04.957+0000] {logging_mixin.py:190} INFO - [2026-09-06T08:54:04.957+0000] {override.py:1911} INFO - Created Permission View: can edit on DAG:example_task_group
[2026-09-06T08:54:04.968+0000] {logging_mixin.py:190} INFO - [2026-09-06T08:54:04.968+0000] {override.py:1911} INFO - Created Permission View: can delete on DAG:example_task_group
[2026-09-06T08:54:04.975+0000] {logging_mixin.py:190} INFO - [2026-09-06T08:54:04.975+0000] {override.py:1911} INFO - Created Permission View: can read on DAG:example_task_group
[2026-09-06T08:54:04.983+0000] {logging_mixin.py:190} INFO - [2026-09-06T08:54:04.983+0000] {override.py:1911} INFO - Created Permission View: can create on DAG Run:example_task_group
[2026-09-06T08:54:04.989+0000] {logging_mixin.py:190} INFO - [2026-09-06T08:54:04.989+0000] {override.py:1911} INFO - Created Permission View: can delete on DAG Run:example_task_group
[2026-09-06T08:54:04.995+0000] {logging_mixin.py:190} INFO - [2026-09-06T08:54:04.995+0000] {override.py:1911} INFO - Created Permission View: can read on DAG Run:example_task_group
[2026-09-06T08:54:05.001+0000] {logging_mixin.py:190} INFO - [2026-09-06T08:54:05.001+0000] {override.py:1911} INFO - Created Permission View: menu access on DAG Run:example_task_group
[2026-09-06T08:54:05.002+0000] {logging_mixin.py:190} INFO - [2026-09-06T08:54:05.002+0000] {dag.py:3239} INFO - Sync 1 DAGs
[2026-09-06T08:54:05.012+0000] {logging_mixin.py:190} INFO - [2026-09-06T08:54:05.011+0000] {dag.py:3262} INFO - Creating ORM DAG for example_task_group
[2026-09-06T08:54:05.012+0000] {logging_mixin.py:190} INFO - [2026-09-06T08:54:05.012+0000] {dag.py:4180} INFO - Setting next_dagrun for example_task_group to None, run_after=None
[2026-09-06T08:54:05.025+0000] {processor.py:208} INFO - Processing /home/airflow/.local/lib/python3.12/site-packages/airflow/example_dags/example_task_group.py took 0.198 seconds
[2026-09-06T08:54:35.175+0000] {processor.py:186} INFO - Started process (PID=175) to work on /home/airflow/.local/lib/python3.12/site-packages/airflow/example_dags/example_task_group.py
[2026-09-06T08:54:35.176+0000] {processor.py:914} INFO - Processing file /home/airflow/.local/lib/python3.12/site-packages/airflow/example_dags/example_task_group.py for tasks to queue
[2026-09-06T08:54:35.178+0000] {logging_mixin.py:190} INFO - [2026-09-06T08:54:35.177+0000] {dagbag.py:588} INFO - Filling up the DagBag from /home/airflow/.local/lib/python3.12/site-packages/airflow/example_dags/example_task_group.py
[2026-09-06T08:54:35.185+0000] {processor.py:925} INFO - DAG(s) 'example_task_group' retrieved from /home/airflow/.local/lib/python3.12/site-packages/airflow/example_dags/example_task_group.py
[2026-09-06T08:54:35.200+0000] {logging_mixin.py:190} INFO - [2026-09-06T08:54:35.200+0000] {dag.py:3239} INFO - Sync 1 DAGs
[2026-09-06T08:54:35.218+0000] {logging_mixin.py:190} INFO - [2026-09-06T08:54:35.218+0000] {dag.py:4180} INFO - Setting next_dagrun for example_task_group to None, run_after=None
[2026-09-06T08:54:35.235+0000] {processor.py:208} INFO - Processing /home/airflow/.local/lib/python3.12/site-packages/airflow/example_dags/example_task_group.py took 0.065 seconds
[2026-09-06T08:55:05.986+0000] {processor.py:186} INFO - Started process (PID=238) to work on /home/airflow/.local/lib/python3.12/site-packages/airflow/example_dags/example_task_group.py
[2026-09-06T08:55:05.987+0000] {processor.py:914} INFO - Processing file /home/airflow/.local/lib/python3.12/site-packages/airflow/example_dags/example_task_group.py for tasks to queue
[2026-09-06T08:55:05.990+0000] {logging_mixin.py:190} INFO - [2026-09-06T08:55:05.989+0000] {dagbag.py:588} INFO - Filling up the DagBag from /home/airflow/.local/lib/python3.12/site-packages/airflow/example_dags/example_task_group.py
[2026-09-06T08:55:05.997+0000] {processor.py:925} INFO - DAG(s) 'example_task_group' retrieved from /home/airflow/.local/lib/python3.12/site-packages/airflow/example_dags/example_task_group.py
[2026-09-06T08:55:06.016+0000] {logging_mixin.py:190} INFO - [2026-09-06T08:55:06.016+0000] {dag.py:3239} INFO - Sync 1 DAGs
[2026-09-06T08:55:06.029+0000] {logging_mixin.py:190} INFO - [2026-09-06T08:55:06.028+0000] {dag.py:4180} INFO - Setting next_dagrun for example_task_group to None, run_after=None
[2026-09-06T08:55:06.045+0000] {processor.py:208} INFO - Processing /home/airflow/.local/lib/python3.12/site-packages/airflow/example_dags/example_task_group.py took 0.065 seconds
[2026-09-06T08:55:36.954+0000] {processor.py:186} INFO - Started process (PID=301) to work on /home/airflow/.local/lib/python3.12/site-packages/airflow/example_dags/example_task_group.py
[2026-09-06T08:55:36.958+0000] {processor.py:914} INFO - Processing file /home/airflow/.local/lib/python3.12/site-packages/airflow/example_dags/example_task_group.py for tasks to queue
[2026-09-06T08:55:36.960+0000] {logging_mixin.py:190} INFO - [2026-09-06T08:55:36.960+0000] {dagbag.py:588} INFO - Filling up the DagBag from /home/airflow/.local/lib/python3.12/site-packages/airflow/example_dags/example_task_group.py
[2026-09-06T08:55:36.967+0000] {processor.py:925} INFO - DAG(s) 'example_task_group' retrieved from /home/airflow/.local/lib/python3.12/site-packages/airflow/example_dags/example_task_group.py
[2026-09-06T08:55:36.985+0000] {logging_mixin.py:190} INFO - [2026-09-06T08:55:36.984+0000] {dag.py:3239} INFO - Sync 1 DAGs
[2026-09-06T08:55:36.996+0000] {logging_mixin.py:190} INFO - [2026-09-06T08:55:36.996+0000] {dag.py:4180} INFO - Setting next_dagrun for example_task_group to None, run_after=None
[2026-09-06T08:55:37.013+0000] {processor.py:208} INFO - Processing /home/airflow/.local/lib/python3.12/site-packages/airflow/example_dags/example_task_group.py took 0.064 seconds
[2026-09-06T08:56:07.919+0000] {processor.py:186} INFO - Started process (PID=364) to work on /home/airflow/.local/lib/python3.12/site-packages/airflow/example_dags/example_task_group.py
[2026-09-06T08:56:07.920+0000] {processor.py:914} INFO - Processing file /home/airflow/.local/lib/python3.12/site-packages/airflow/example_dags/example_task_group.py for tasks to queue
[2026-09-06T08:56:07.922+0000] {logging_mixin.py:190} INFO - [2026-09-06T08:56:07.922+0000] {dagbag.py:588} INFO - Filling up the DagBag from /home/airflow/.local/lib/python3.12/site-packages/airflow/example_dags/example_task_group.py
[2026-09-06T08:56:07.928+0000] {processor.py:925} INFO - DAG(s) 'example_task_group' retrieved from /home/airflow/.local/lib/python3.12/site-packages/airflow/example_dags/example_task_group.py
[2026-09-06T08:56:07.943+0000] {logging_mixin.py:190} INFO - [2026-09-06T08:56:07.943+0000] {dag.py:3239} INFO - Sync 1 DAGs
[2026-09-06T08:56:07.952+0000] {logging_mixin.py:190} INFO - [2026-09-06T08:56:07.952+0000] {dag.py:4180} INFO - Setting next_dagrun for example_task_group to None, run_after=None
[2026-09-06T08:56:07.965+0000] {processor.py:208} INFO - Processing /home/airflow/.local/lib/python3.12/site-packages/airflow/example_dags/example_task_group.py took 0.051 seconds
[2026-09-06T08:56:38.736+0000] {processor.py:186} INFO - Started process (PID=427) to work on /home/airflow/.local/lib/python3.12/site-packages/airflow/example_dags/example_task_group.py
[2026-09-06T08:56:38.737+0000] {processor.py:914} INFO - Processing file /home/airflow/.local/lib/python3.12/site-packages/airflow/example_dags/example_task_group.py for tasks to queue
[2026-09-06T08:56:38.739+0000] {logging_mixin.py:190} INFO - [2026-09-06T08:56:38.739+0000] {dagbag.py:588} INFO - Filling up the DagBag from /home/airflow/.local/lib/python3.12/site-packages/airflow/example_dags/example_task_group.py
[2026-09-06T08:56:38.750+0000] {processor.py:925} INFO - DAG(s) 'example_task_group' retrieved from /home/airflow/.local/lib/python3.12/site-packages/airflow/example_dags/example_task_group.py
[2026-09-06T08:56:38.774+0000] {logging_mixin.py:190} INFO - [2026-09-06T08:56:38.774+0000] {dag.py:3239} INFO - Sync 1 DAGs
[2026-09-06T08:56:38.787+0000] {logging_mixin.py:190} INFO - [2026-09-06T08:56:38.787+0000] {dag.py:4180} INFO - Setting next_dagrun for example_task_group to None, run_after=None
[2026-09-06T08:56:38.805+0000] {processor.py:208} INFO - Processing /home/airflow/.local/lib/python3.12/site-packages/airflow/example_dags/example_task_group.py took 0.075 seconds
[2026-09-06T08:57:09.070+0000] {processor.py:186} INFO - Started process (PID=489) to work on /home/airflow/.local/lib/python3.12/site-packages/airflow/example_dags/example_task_group.py
[2026-09-06T08:57:09.071+0000] {processor.py:914} INFO - Processing file /home/airflow/.local/lib/python3.12/site-packages/airflow/example_dags/example_task_group.py for tasks to queue
[2026-09-06T08:57:09.073+0000] {logging_mixin.py:190} INFO - [2026-09-06T08:57:09.073+0000] {dagbag.py:588} INFO - Filling up the DagBag from /home/airflow/.local/lib/python3.12/site-packages/airflow/example_dags/example_task_group.py
[2026-09-06T08:57:09.079+0000] {processor.py:925} INFO - DAG(s) 'example_task_group' retrieved from /home/airflow/.local/lib/python3.12/site-packages/airflow/example_dags/example_task_group.py
[2026-09-06T08:57:09.095+0000] {logging_mixin.py:190} INFO - [2026-09-06T08:57:09.095+0000] {dag.py:3239} INFO - Sync 1 DAGs
[2026-09-06T08:57:09.105+0000] {logging_mixin.py:190} INFO - [2026-09-06T08:57:09.105+0000] {dag.py:4180} INFO - Setting next_dagrun for example_task_group to None, run_after=None
[2026-09-06T08:57:09.119+0000] {processor.py:208} INFO - Processing /home/airflow/.local/lib/python3.12/site-packages/airflow/example_dags/example_task_group.py took 0.053 seconds
[2026-09-06T08:57:39.766+0000] {processor.py:186} INFO - Started process (PID=552) to work on /home/airflow/.local/lib/python3.12/site-packages/airflow/example_dags/example_task_group.py
[2026-09-06T08:57:39.767+0000] {processor.py:914} INFO - Processing file /home/airflow/.local/lib/python3.12/site-packages/airflow/example_dags/example_task_group.py for tasks to queue
[2026-09-06T08:57:39.770+0000] {logging_mixin.py:190} INFO - [2026-09-06T08:57:39.770+0000] {dagbag.py:588} INFO - Filling up the DagBag from /home/airflow/.local/lib/python3.12/site-packages/airflow/example_dags/example_task_group.py
[2026-09-06T08:57:39.778+0000] {processor.py:925} INFO - DAG(s) 'example_task_group' retrieved from /home/airflow/.local/lib/python3.12/site-packages/airflow/example_dags/example_task_group.py
[2026-09-06T08:57:39.796+0000] {logging_mixin.py:190} INFO - [2026-09-06T08:57:39.796+0000] {dag.py:3239} INFO - Sync 1 DAGs
[2026-09-06T08:57:39.808+0000] {logging_mixin.py:190} INFO - [2026-09-06T08:57:39.808+0000] {dag.py:4180} INFO - Setting next_dagrun for example_task_group to None, run_after=None
[2026-09-06T08:57:39.821+0000] {processor.py:208} INFO - Processing /home/airflow/.local/lib/python3.12/site-packages/airflow/example_dags/example_task_group.py took 0.061 seconds
[2026-09-06T08:58:10.759+0000] {processor.py:186} INFO - Started process (PID=615) to work on /home/airflow/.local/lib/python3.12/site-packages/airflow/example_dags/example_task_group.py
[2026-09-06T08:58:10.760+0000] {processor.py:914} INFO - Processing file /home/airflow/.local/lib/python3.12/site-packages/airflow/example_dags/example_task_group.py for tasks to queue
[2026-09-06T08:58:10.761+0000] {logging_mixin.py:190} INFO - [2026-09-06T08:58:10.761+0000] {dagbag.py:588} INFO - Filling up the DagBag from /home/airflow/.local/lib/python3.12/site-packages/airflow/example_dags/example_task_group.py
[2026-09-06T08:58:10.768+0000] {processor.py:925} INFO - DAG(s) 'example_task_group' retrieved from /home/airflow/.local/lib/python3.12/site-packages/airflow/example_dags/example_task_group.py
[2026-09-06T08:58:10.785+0000] {logging_mixin.py:190} INFO - [2026-09-06T08:58:10.785+0000] {dag.py:3239} INFO - Sync 1 DAGs
[2026-09-06T08:58:10.796+0000] {logging_mixin.py:190} INFO - [2026-09-06T08:58:10.796+0000] {dag.py:4180} INFO - Setting next_dagrun for example_task_group to None, run_after=None
[2026-09-06T08:58:10.810+0000] {processor.py:208} INFO - Processing /home/airflow/.local/lib/python3.12/site-packages/airflow/example_dags/example_task_group.py took 0.056 seconds
[2026-09-06T08:58:40.890+0000] {processor.py:186} INFO - Started process (PID=678) to work on /home/airflow/.local/lib/python3.12/site-packages/airflow/example_dags/example_task_group.py
[2026-09-06T08:58:40.891+0000] {processor.py:914} INFO - Processing file /home/airflow/.local/lib/python3.12/site-packages/airflow/example_dags/example_task_group.py for tasks to queue
[2026-09-06T08:58:40.893+0000] {logging_mixin.py:190} INFO - [2026-09-06T08:58:40.893+0000] {dagbag.py:588} INFO - Filling up the DagBag from /home/airflow/.local/lib/python3.12/site-packages/airflow/example_dags/example_task_group.py
[2026-09-06T08:58:40.900+0000] {processor.py:925} INFO - DAG(s) 'example_task_group' retrieved from /home/airflow/.local/lib/python3.12/site-packages/airflow/example_dags/example_task_group.py
[2026-09-06T08:58:40.916+0000] {logging_mixin.py:190} INFO - [2026-09-06T08:58:40.916+0000] {dag.py:3239} INFO - Sync 1 DAGs
[2026-09-06T08:58:40.925+0000] {logging_mixin.py:190} INFO - [2026-09-06T08:58:40.925+0000] {dag.py:4180} INFO - Setting next_dagrun for example_task_group to None, run_after=None
[2026-09-06T08:58:40.940+0000] {processor.py:208} INFO - Processing /home/airflow/.local/lib/python3.12/site-packages/airflow/example_dags/example_task_group.py took 0.054 seconds
[2026-09-06T08:59:12.348+0000] {processor.py:186} INFO - Started process (PID=742) to work on /home/airflow/.local/lib/python3.12/site-packages/airflow/example_dags/example_task_group.py
[2026-09-06T08:59:12.349+0000] {processor.py:914} INFO - Processing file /home/airflow/.local/lib/python3.12/site-packages/airflow/example_dags/example_task_group.py for tasks to queue
[2026-09-06T08:59:12.351+0000] {logging_mixin.py:190} INFO - [2026-09-06T08:59:12.351+0000] {dagbag.py:588} INFO - Filling up the DagBag from /home/airflow/.local/lib/python3.12/site-packages/airflow/example_dags/example_task_group.py
[2026-09-06T08:59:12.359+0000] {processor.py:925} INFO - DAG(s) 'example_task_group' retrieved from /home/airflow/.local/lib/python3.12/site-packages/airflow/example_dags/example_task_group.py
[2026-09-06T08:59:12.377+0000] {logging_mixin.py:190} INFO - [2026-09-06T08:59:12.376+0000] {dag.py:3239} INFO - Sync 1 DAGs
[2026-09-06T08:59:12.389+0000] {logging_mixin.py:190} INFO - [2026-09-06T08:59:12.388+0000] {dag.py:4180} INFO - Setting next_dagrun for example_task_group to None, run_after=None
[2026-09-06T08:59:12.404+0000] {processor.py:208} INFO - Processing /home/airflow/.local/lib/python3.12/site-packages/airflow/example_dags/example_task_group.py took 0.061 seconds
[2026-09-06T08:59:42.897+0000] {processor.py:186} INFO - Started process (PID=806) to work on /home/airflow/.local/lib/python3.12/site-packages/airflow/example_dags/example_task_group.py
[2026-09-06T08:59:42.898+0000] {processor.py:914} INFO - Processing file /home/airflow/.local/lib/python3.12/site-packages/airflow/example_dags/example_task_group.py for tasks to queue
[2026-09-06T08:59:42.900+0000] {logging_mixin.py:190} INFO - [2026-09-06T08:59:42.900+0000] {dagbag.py:588} INFO - Filling up the DagBag from /home/airflow/.local/lib/python3.12/site-packages/airflow/example_dags/example_task_group.py
[2026-09-06T08:59:42.906+0000] {processor.py:925} INFO - DAG(s) 'example_task_group' retrieved from /home/airflow/.local/lib/python3.12/site-packages/airflow/example_dags/example_task_group.py
[2026-09-06T08:59:42.922+0000] {logging_mixin.py:190} INFO - [2026-09-06T08:59:42.922+0000] {dag.py:3239} INFO - Sync 1 DAGs
[2026-09-06T08:59:42.932+0000] {logging_mixin.py:190} INFO - [2026-09-06T08:59:42.932+0000] {dag.py:4180} INFO - Setting next_dagrun for example_task_group to None, run_after=None
[2026-09-06T08:59:42.950+0000] {processor.py:208} INFO - Processing /home/airflow/.local/lib/python3.12/site-packages/airflow/example_dags/example_task_group.py took 0.058 seconds
[2026-09-06T09:00:14.175+0000] {processor.py:186} INFO - Started process (PID=870) to work on /home/airflow/.local/lib/python3.12/site-packages/airflow/example_dags/example_task_group.py
[2026-09-06T09:00:14.176+0000] {processor.py:914} INFO - Processing file /home/airflow/.local/lib/python3.12/site-packages/airflow/example_dags/example_task_group.py for tasks to queue
[2026-09-06T09:00:14.178+0000] {logging_mixin.py:190} INFO - [2026-09-06T09:00:14.177+0000] {dagbag.py:588} INFO - Filling up the DagBag from /home/airflow/.local/lib/python3.12/site-packages/airflow/example_dags/example_task_group.py
[2026-09-06T09:00:14.185+0000] {processor.py:925} INFO - DAG(s) 'example_task_group' retrieved from /home/airflow/.local/lib/python3.12/site-packages/airflow/example_dags/example_task_group.py
[2026-09-06T09:00:14.202+0000] {logging_mixin.py:190} INFO - [2026-09-06T09:00:14.202+0000] {dag.py:3239} INFO - Sync 1 DAGs
[2026-09-06T09:00:14.212+0000] {logging_mixin.py:190} INFO - [2026-09-06T09:00:14.212+0000] {dag.py:4180} INFO - Setting next_dagrun for example_task_group to None, run_after=None
[2026-09-06T09:00:14.226+0000] {processor.py:208} INFO - Processing /home/airflow/.local/lib/python3.12/site-packages/airflow/example_dags/example_task_group.py took 0.056 seconds
[2026-09-06T09:00:46.011+0000] {processor.py:186} INFO - Started process (PID=933) to work on /home/airflow/.local/lib/python3.12/site-packages/airflow/example_dags/example_task_group.py
[2026-09-06T09:00:46.012+0000] {processor.py:914} INFO - Processing file /home/airflow/.local/lib/python3.12/site-packages/airflow/example_dags/example_task_group.py for tasks to queue
[2026-09-06T09:00:46.014+0000] {logging_mixin.py:190} INFO - [2026-09-06T09:00:46.014+0000] {dagbag.py:588} INFO - Filling up the DagBag from /home/airflow/.local/lib/python3.12/site-packages/airflow/example_dags/example_task_group.py
[2026-09-06T09:00:46.021+0000] {processor.py:925} INFO - DAG(s) 'example_task_group' retrieved from /home/airflow/.local/lib/python3.12/site-packages/airflow/example_dags/example_task_group.py
[2026-09-06T09:00:46.037+0000] {logging_mixin.py:190} INFO - [2026-09-06T09:00:46.037+0000] {dag.py:3239} INFO - Sync 1 DAGs
[2026-09-06T09:00:46.049+0000] {logging_mixin.py:190} INFO - [2026-09-06T09:00:46.048+0000] {dag.py:4180} INFO - Setting next_dagrun for example_task_group to None, run_after=None
[2026-09-06T09:00:46.063+0000] {processor.py:208} INFO - Processing /home/airflow/.local/lib/python3.12/site-packages/airflow/example_dags/example_task_group.py took 0.056 seconds
[2026-09-06T09:01:16.659+0000] {processor.py:186} INFO - Started process (PID=997) to work on /home/airflow/.local/lib/python3.12/site-packages/airflow/example_dags/example_task_group.py
[2026-09-06T09:01:16.660+0000] {processor.py:914} INFO - Processing file /home/airflow/.local/lib/python3.12/site-packages/airflow/example_dags/example_task_group.py for tasks to queue
[2026-09-06T09:01:16.663+0000] {logging_mixin.py:190} INFO - [2026-09-06T09:01:16.662+0000] {dagbag.py:588} INFO - Filling up the DagBag from /home/airflow/.local/lib/python3.12/site-packages/airflow/example_dags/example_task_group.py
[2026-09-06T09:01:16.673+0000] {processor.py:925} INFO - DAG(s) 'example_task_group' retrieved from /home/airflow/.local/lib/python3.12/site-packages/airflow/example_dags/example_task_group.py
[2026-09-06T09:01:16.692+0000] {logging_mixin.py:190} INFO - [2026-09-06T09:01:16.692+0000] {dag.py:3239} INFO - Sync 1 DAGs
[2026-09-06T09:01:16.706+0000] {logging_mixin.py:190} INFO - [2026-09-06T09:01:16.705+0000] {dag.py:4180} INFO - Setting next_dagrun for example_task_group to None, run_after=None
[2026-09-06T09:01:16.722+0000] {processor.py:208} INFO - Processing /home/airflow/.local/lib/python3.12/site-packages/airflow/example_dags/example_task_group.py took 0.070 seconds
[2026-09-06T09:01:48.109+0000] {processor.py:186} INFO - Started process (PID=1062) to work on /home/airflow/.local/lib/python3.12/site-packages/airflow/example_dags/example_task_group.py
[2026-09-06T09:01:48.110+0000] {processor.py:914} INFO - Processing file /home/airflow/.local/lib/python3.12/site-packages/airflow/example_dags/example_task_group.py for tasks to queue
[2026-09-06T09:01:48.112+0000] {logging_mixin.py:190} INFO - [2026-09-06T09:01:48.112+0000] {dagbag.py:588} INFO - Filling up the DagBag from /home/airflow/.local/lib/python3.12/site-packages/airflow/example_dags/example_task_group.py
[2026-09-06T09:01:48.118+0000] {processor.py:925} INFO - DAG(s) 'example_task_group' retrieved from /home/airflow/.local/lib/python3.12/site-packages/airflow/example_dags/example_task_group.py
[2026-09-06T09:01:48.134+0000] {logging_mixin.py:190} INFO - [2026-09-06T09:01:48.134+0000] {dag.py:3239} INFO - Sync 1 DAGs
[2026-09-06T09:01:48.144+0000] {logging_mixin.py:190} INFO - [2026-09-06T09:01:48.144+0000] {dag.py:4180} INFO - Setting next_dagrun for example_task_group to None, run_after=None
[2026-09-06T09:01:48.157+0000] {processor.py:208} INFO - Processing /home/airflow/.local/lib/python3.12/site-packages/airflow/example_dags/example_task_group.py took 0.053 seconds
[2026-09-06T09:02:19.091+0000] {processor.py:186} INFO - Started process (PID=1126) to work on /home/airflow/.local/lib/python3.12/site-packages/airflow/example_dags/example_task_group.py
[2026-09-06T09:02:19.092+0000] {processor.py:914} INFO - Processing file /home/airflow/.local/lib/python3.12/site-packages/airflow/example_dags/example_task_group.py for tasks to queue
[2026-09-06T09:02:19.094+0000] {logging_mixin.py:190} INFO - [2026-09-06T09:02:19.094+0000] {dagbag.py:588} INFO - Filling up the DagBag from /home/airflow/.local/lib/python3.12/site-packages/airflow/example_dags/example_task_group.py
[2026-09-06T09:02:19.101+0000] {processor.py:925} INFO - DAG(s) 'example_task_group' retrieved from /home/airflow/.local/lib/python3.12/site-packages/airflow/example_dags/example_task_group.py
[2026-09-06T09:02:19.117+0000] {logging_mixin.py:190} INFO - [2026-09-06T09:02:19.117+0000] {dag.py:3239} INFO - Sync 1 DAGs
[2026-09-06T09:02:19.128+0000] {logging_mixin.py:190} INFO - [2026-09-06T09:02:19.128+0000] {dag.py:4180} INFO - Setting next_dagrun for example_task_group to None, run_after=None
[2026-09-06T09:02:19.142+0000] {processor.py:208} INFO - Processing /home/airflow/.local/lib/python3.12/site-packages/airflow/example_dags/example_task_group.py took 0.055 seconds
[2026-09-06T09:02:49.847+0000] {processor.py:186} INFO - Started process (PID=1190) to work on /home/airflow/.local/lib/python3.12/site-packages/airflow/example_dags/example_task_group.py
[2026-09-06T09:02:49.848+0000] {processor.py:914} INFO - Processing file /home/airflow/.local/lib/python3.12/site-packages/airflow/example_dags/example_task_group.py for tasks to queue
[2026-09-06T09:02:49.851+0000] {logging_mixin.py:190} INFO - [2026-09-06T09:02:49.850+0000] {dagbag.py:588} INFO - Filling up the DagBag from /home/airflow/.local/lib/python3.12/site-packages/airflow/example_dags/example_task_group.py
[2026-09-06T09:02:49.858+0000] {processor.py:925} INFO - DAG(s) 'example_task_group' retrieved from /home/airflow/.local/lib/python3.12/site-packages/airflow/example_dags/example_task_group.py
[2026-09-06T09:02:49.877+0000] {logging_mixin.py:190} INFO - [2026-09-06T09:02:49.877+0000] {dag.py:3239} INFO - Sync 1 DAGs
[2026-09-06T09:02:49.889+0000] {logging_mixin.py:190} INFO - [2026-09-06T09:02:49.888+0000] {dag.py:4180} INFO - Setting next_dagrun for example_task_group to None, run_after=None
[2026-09-06T09:02:49.910+0000] {processor.py:208} INFO - Processing /home/airflow/.local/lib/python3.12/site-packages/airflow/example_dags/example_task_group.py took 0.068 seconds
[2026-09-06T09:03:20.531+0000] {processor.py:186} INFO - Started process (PID=1253) to work on /home/airflow/.local/lib/python3.12/site-packages/airflow/example_dags/example_task_group.py
[2026-09-06T09:03:20.532+0000] {processor.py:914} INFO - Processing file /home/airflow/.local/lib/python3.12/site-packages/airflow/example_dags/example_task_group.py for tasks to queue
[2026-09-06T09:03:20.535+0000] {logging_mixin.py:190} INFO - [2026-09-06T09:03:20.534+0000] {dagbag.py:588} INFO - Filling up the DagBag from /home/airflow/.local/lib/python3.12/site-packages/airflow/example_dags/example_task_group.py
[2026-09-06T09:03:20.543+0000] {processor.py:925} INFO - DAG(s) 'example_task_group' retrieved from /home/airflow/.local/lib/python3.12/site-packages/airflow/example_dags/example_task_group.py
[2026-09-06T09:03:20.563+0000] {logging_mixin.py:190} INFO - [2026-09-06T09:03:20.563+0000] {dag.py:3239} INFO - Sync 1 DAGs
[2026-09-06T09:03:20.576+0000] {logging_mixin.py:190} INFO - [2026-09-06T09:03:20.576+0000] {dag.py:4180} INFO - Setting next_dagrun for example_task_group to None, run_after=None
[2026-09-06T09:03:20.601+0000] {processor.py:208} INFO - Processing /home/airflow/.local/lib/python3.12/site-packages/airflow/example_dags/example_task_group.py took 0.075 seconds
[2026-09-06T09:03:51.277+0000] {processor.py:186} INFO - Started process (PID=1317) to work on /home/airflow/.local/lib/python3.12/site-packages/airflow/example_dags/example_task_group.py
[2026-09-06T09:03:51.279+0000] {processor.py:914} INFO - Processing file /home/airflow/.local/lib/python3.12/site-packages/airflow/example_dags/example_task_group.py for tasks to queue
[2026-09-06T09:03:51.281+0000] {logging_mixin.py:190} INFO - [2026-09-06T09:03:51.281+0000] {dagbag.py:588} INFO - Filling up the DagBag from /home/airflow/.local/lib/python3.12/site-packages/airflow/example_dags/example_task_group.py
[2026-09-06T09:03:51.289+0000] {processor.py:925} INFO - DAG(s) 'example_task_group' retrieved from /home/airflow/.local/lib/python3.12/site-packages/airflow/example_dags/example_task_group.py
[2026-09-06T09:03:51.308+0000] {logging_mixin.py:190} INFO - [2026-09-06T09:03:51.308+0000] {dag.py:3239} INFO - Sync 1 DAGs
[2026-09-06T09:03:51.319+0000] {logging_mixin.py:190} INFO - [2026-09-06T09:03:51.319+0000] {dag.py:4180} INFO - Setting next_dagrun for example_task_group to None, run_after=None
[2026-09-06T09:03:51.344+0000] {processor.py:208} INFO - Processing /home/airflow/.local/lib/python3.12/site-packages/airflow/example_dags/example_task_group.py took 0.071 seconds
[2026-09-06T09:04:22.121+0000] {processor.py:186} INFO - Started process (PID=1381) to work on /home/airflow/.local/lib/python3.12/site-packages/airflow/example_dags/example_task_group.py
[2026-09-06T09:04:22.122+0000] {processor.py:914} INFO - Processing file /home/airflow/.local/lib/python3.12/site-packages/airflow/example_dags/example_task_group.py for tasks to queue
[2026-09-06T09:04:22.125+0000] {logging_mixin.py:190} INFO - [2026-09-06T09:04:22.125+0000] {dagbag.py:588} INFO - Filling up the DagBag from /home/airflow/.local/lib/python3.12/site-packages/airflow/example_dags/example_task_group.py
[2026-09-06T09:04:22.136+0000] {processor.py:925} INFO - DAG(s) 'example_task_group' retrieved from /home/airflow/.local/lib/python3.12/site-packages/airflow/example_dags/example_task_group.py
[2026-09-06T09:04:22.159+0000] {logging_mixin.py:190} INFO - [2026-09-06T09:04:22.159+0000] {dag.py:3239} INFO - Sync 1 DAGs
[2026-09-06T09:04:22.172+0000] {logging_mixin.py:190} INFO - [2026-09-06T09:04:22.172+0000] {dag.py:4180} INFO - Setting next_dagrun for example_task_group to None, run_after=None
[2026-09-06T09:04:22.189+0000] {processor.py:208} INFO - Processing /home/airflow/.local/lib/python3.12/site-packages/airflow/example_dags/example_task_group.py took 0.075 seconds
[2026-09-06T09:04:53.721+0000] {processor.py:186} INFO - Started process (PID=1446) to work on /home/airflow/.local/lib/python3.12/site-packages/airflow/example_dags/example_task_group.py
[2026-09-06T09:04:53.722+0000] {processor.py:914} INFO - Processing file /home/airflow/.local/lib/python3.12/site-packages/airflow/example_dags/example_task_group.py for tasks to queue
[2026-09-06T09:04:53.724+0000] {logging_mixin.py:190} INFO - [2026-09-06T09:04:53.724+0000] {dagbag.py:588} INFO - Filling up the DagBag from /home/airflow/.local/lib/python3.12/site-packages/airflow/example_dags/example_task_group.py
[2026-09-06T09:04:53.731+0000] {processor.py:925} INFO - DAG(s) 'example_task_group' retrieved from /home/airflow/.local/lib/python3.12/site-packages/airflow/example_dags/example_task_group.py
[2026-09-06T09:04:53.749+0000] {logging_mixin.py:190} INFO - [2026-09-06T09:04:53.748+0000] {dag.py:3239} INFO - Sync 1 DAGs
[2026-09-06T09:04:53.760+0000] {logging_mixin.py:190} INFO - [2026-09-06T09:04:53.760+0000] {dag.py:4180} INFO - Setting next_dagrun for example_task_group to None, run_after=None
[2026-09-06T09:04:53.776+0000] {processor.py:208} INFO - Processing /home/airflow/.local/lib/python3.12/site-packages/airflow/example_dags/example_task_group.py took 0.059 seconds
[2026-09-06T09:05:25.086+0000] {processor.py:186} INFO - Started process (PID=1510) to work on /home/airflow/.local/lib/python3.12/site-packages/airflow/example_dags/example_task_group.py
[2026-09-06T09:05:25.087+0000] {processor.py:914} INFO - Processing file /home/airflow/.local/lib/python3.12/site-packages/airflow/example_dags/example_task_group.py for tasks to queue
[2026-09-06T09:05:25.089+0000] {logging_mixin.py:190} INFO - [2026-09-06T09:05:25.089+0000] {dagbag.py:588} INFO - Filling up the DagBag from /home/airflow/.local/lib/python3.12/site-packages/airflow/example_dags/example_task_group.py
[2026-09-06T09:05:25.096+0000] {processor.py:925} INFO - DAG(s) 'example_task_group' retrieved from /home/airflow/.local/lib/python3.12/site-packages/airflow/example_dags/example_task_group.py
[2026-09-06T09:05:25.114+0000] {logging_mixin.py:190} INFO - [2026-09-06T09:05:25.114+0000] {dag.py:3239} INFO - Sync 1 DAGs
[2026-09-06T09:05:25.127+0000] {logging_mixin.py:190} INFO - [2026-09-06T09:05:25.127+0000] {dag.py:4180} INFO - Setting next_dagrun for example_task_group to None, run_after=None
[2026-09-06T09:05:25.143+0000] {processor.py:208} INFO - Processing /home/airflow/.local/lib/python3.12/site-packages/airflow/example_dags/example_task_group.py took 0.061 seconds
[2026-09-06T09:05:55.398+0000] {processor.py:186} INFO - Started process (PID=1574) to work on /home/airflow/.local/lib/python3.12/site-packages/airflow/example_dags/example_task_group.py
[2026-09-06T09:05:55.399+0000] {processor.py:914} INFO - Processing file /home/airflow/.local/lib/python3.12/site-packages/airflow/example_dags/example_task_group.py for tasks to queue
[2026-09-06T09:05:55.401+0000] {logging_mixin.py:190} INFO - [2026-09-06T09:05:55.400+0000] {dagbag.py:588} INFO - Filling up the DagBag from /home/airflow/.local/lib/python3.12/site-packages/airflow/example_dags/example_task_group.py
[2026-09-06T09:05:55.408+0000] {processor.py:925} INFO - DAG(s) 'example_task_group' retrieved from /home/airflow/.local/lib/python3.12/site-packages/airflow/example_dags/example_task_group.py
[2026-09-06T09:05:55.424+0000] {logging_mixin.py:190} INFO - [2026-09-06T09:05:55.424+0000] {dag.py:3239} INFO - Sync 1 DAGs
[2026-09-06T09:05:55.435+0000] {logging_mixin.py:190} INFO - [2026-09-06T09:05:55.435+0000] {dag.py:4180} INFO - Setting next_dagrun for example_task_group to None, run_after=None
[2026-09-06T09:05:55.449+0000] {processor.py:208} INFO - Processing /home/airflow/.local/lib/python3.12/site-packages/airflow/example_dags/example_task_group.py took 0.056 seconds
[2026-09-06T09:06:26.224+0000] {processor.py:186} INFO - Started process (PID=1637) to work on /home/airflow/.local/lib/python3.12/site-packages/airflow/example_dags/example_task_group.py
[2026-09-06T09:06:26.225+0000] {processor.py:914} INFO - Processing file /home/airflow/.local/lib/python3.12/site-packages/airflow/example_dags/example_task_group.py for tasks to queue
[2026-09-06T09:06:26.227+0000] {logging_mixin.py:190} INFO - [2026-09-06T09:06:26.227+0000] {dagbag.py:588} INFO - Filling up the DagBag from /home/airflow/.local/lib/python3.12/site-packages/airflow/example_dags/example_task_group.py
[2026-09-06T09:06:26.234+0000] {processor.py:925} INFO - DAG(s) 'example_task_group' retrieved from /home/airflow/.local/lib/python3.12/site-packages/airflow/example_dags/example_task_group.py
[2026-09-06T09:06:26.252+0000] {logging_mixin.py:190} INFO - [2026-09-06T09:06:26.251+0000] {dag.py:3239} INFO - Sync 1 DAGs
[2026-09-06T09:06:26.262+0000] {logging_mixin.py:190} INFO - [2026-09-06T09:06:26.262+0000] {dag.py:4180} INFO - Setting next_dagrun for example_task_group to None, run_after=None
[2026-09-06T09:06:26.276+0000] {processor.py:208} INFO - Processing /home/airflow/.local/lib/python3.12/site-packages/airflow/example_dags/example_task_group.py took 0.057 seconds
[2026-09-06T09:06:57.094+0000] {processor.py:186} INFO - Started process (PID=1701) to work on /home/airflow/.local/lib/python3.12/site-packages/airflow/example_dags/example_task_group.py
[2026-09-06T09:06:57.095+0000] {processor.py:914} INFO - Processing file /home/airflow/.local/lib/python3.12/site-packages/airflow/example_dags/example_task_group.py for tasks to queue
[2026-09-06T09:06:57.097+0000] {logging_mixin.py:190} INFO - [2026-09-06T09:06:57.097+0000] {dagbag.py:588} INFO - Filling up the DagBag from /home/airflow/.local/lib/python3.12/site-packages/airflow/example_dags/example_task_group.py
[2026-09-06T09:06:57.105+0000] {processor.py:925} INFO - DAG(s) 'example_task_group' retrieved from /home/airflow/.local/lib/python3.12/site-packages/airflow/example_dags/example_task_group.py
[2026-09-06T09:06:57.124+0000] {logging_mixin.py:190} INFO - [2026-09-06T09:06:57.123+0000] {dag.py:3239} INFO - Sync 1 DAGs
[2026-09-06T09:06:57.136+0000] {logging_mixin.py:190} INFO - [2026-09-06T09:06:57.136+0000] {dag.py:4180} INFO - Setting next_dagrun for example_task_group to None, run_after=None
[2026-09-06T09:06:57.154+0000] {processor.py:208} INFO - Processing /home/airflow/.local/lib/python3.12/site-packages/airflow/example_dags/example_task_group.py took 0.066 seconds
[2026-09-06T09:07:28.040+0000] {processor.py:186} INFO - Started process (PID=1765) to work on /home/airflow/.local/lib/python3.12/site-packages/airflow/example_dags/example_task_group.py
[2026-09-06T09:07:28.042+0000] {processor.py:914} INFO - Processing file /home/airflow/.local/lib/python3.12/site-packages/airflow/example_dags/example_task_group.py for tasks to queue
[2026-09-06T09:07:28.044+0000] {logging_mixin.py:190} INFO - [2026-09-06T09:07:28.043+0000] {dagbag.py:588} INFO - Filling up the DagBag from /home/airflow/.local/lib/python3.12/site-packages/airflow/example_dags/example_task_group.py
[2026-09-06T09:07:28.051+0000] {processor.py:925} INFO - DAG(s) 'example_task_group' retrieved from /home/airflow/.local/lib/python3.12/site-packages/airflow/example_dags/example_task_group.py
[2026-09-06T09:07:28.067+0000] {logging_mixin.py:190} INFO - [2026-09-06T09:07:28.067+0000] {dag.py:3239} INFO - Sync 1 DAGs
[2026-09-06T09:07:28.079+0000] {logging_mixin.py:190} INFO - [2026-09-06T09:07:28.078+0000] {dag.py:4180} INFO - Setting next_dagrun for example_task_group to None, run_after=None
[2026-09-06T09:07:28.094+0000] {processor.py:208} INFO - Processing /home/airflow/.local/lib/python3.12/site-packages/airflow/example_dags/example_task_group.py took 0.058 seconds
[2026-09-06T09:07:58.814+0000] {processor.py:186} INFO - Started process (PID=1835) to work on /home/airflow/.local/lib/python3.12/site-packages/airflow/example_dags/example_task_group.py
[2026-09-06T09:07:58.815+0000] {processor.py:914} INFO - Processing file /home/airflow/.local/lib/python3.12/site-packages/airflow/example_dags/example_task_group.py for tasks to queue
[2026-09-06T09:07:58.817+0000] {logging_mixin.py:190} INFO - [2026-09-06T09:07:58.817+0000] {dagbag.py:588} INFO - Filling up the DagBag from /home/airflow/.local/lib/python3.12/site-packages/airflow/example_dags/example_task_group.py
[2026-09-06T09:07:58.826+0000] {processor.py:925} INFO - DAG(s) 'example_task_group' retrieved from /home/airflow/.local/lib/python3.12/site-packages/airflow/example_dags/example_task_group.py
[2026-09-06T09:07:58.846+0000] {logging_mixin.py:190} INFO - [2026-09-06T09:07:58.845+0000] {dag.py:3239} INFO - Sync 1 DAGs
[2026-09-06T09:07:58.857+0000] {logging_mixin.py:190} INFO - [2026-09-06T09:07:58.857+0000] {dag.py:4180} INFO - Setting next_dagrun for example_task_group to None, run_after=None
[2026-09-06T09:07:58.872+0000] {processor.py:208} INFO - Processing /home/airflow/.local/lib/python3.12/site-packages/airflow/example_dags/example_task_group.py took 0.064 seconds
[2026-09-06T09:08:29.484+0000] {processor.py:186} INFO - Started process (PID=1899) to work on /home/airflow/.local/lib/python3.12/site-packages/airflow/example_dags/example_task_group.py
[2026-09-06T09:08:29.485+0000] {processor.py:914} INFO - Processing file /home/airflow/.local/lib/python3.12/site-packages/airflow/example_dags/example_task_group.py for tasks to queue
[2026-09-06T09:08:29.488+0000] {logging_mixin.py:190} INFO - [2026-09-06T09:08:29.488+0000] {dagbag.py:588} INFO - Filling up the DagBag from /home/airflow/.local/lib/python3.12/site-packages/airflow/example_dags/example_task_group.py
[2026-09-06T09:08:29.497+0000] {processor.py:925} INFO - DAG(s) 'example_task_group' retrieved from /home/airflow/.local/lib/python3.12/site-packages/airflow/example_dags/example_task_group.py
[2026-09-06T09:08:29.516+0000] {logging_mixin.py:190} INFO - [2026-09-06T09:08:29.516+0000] {dag.py:3239} INFO - Sync 1 DAGs
[2026-09-06T09:08:29.528+0000] {logging_mixin.py:190} INFO - [2026-09-06T09:08:29.527+0000] {dag.py:4180} INFO - Setting next_dagrun for example_task_group to None, run_after=None
[2026-09-06T09:08:29.543+0000] {processor.py:208} INFO - Processing /home/airflow/.local/lib/python3.12/site-packages/airflow/example_dags/example_task_group.py took 0.065 seconds
[2026-09-06T09:09:00.252+0000] {processor.py:186} INFO - Started process (PID=1963) to work on /home/airflow/.local/lib/python3.12/site-packages/airflow/example_dags/example_task_group.py
[2026-09-06T09:09:00.253+0000] {processor.py:914} INFO - Processing file /home/airflow/.local/lib/python3.12/site-packages/airflow/example_dags/example_task_group.py for tasks to queue
[2026-09-06T09:09:00.255+0000] {logging_mixin.py:190} INFO - [2026-09-06T09:09:00.255+0000] {dagbag.py:588} INFO - Filling up the DagBag from /home/airflow/.local/lib/python3.12/site-packages/airflow/example_dags/example_task_group.py
[2026-09-06T09:09:00.262+0000] {processor.py:925} INFO - DAG(s) 'example_task_group' retrieved from /home/airflow/.local/lib/python3.12/site-packages/airflow/example_dags/example_task_group.py
[2026-09-06T09:09:00.278+0000] {logging_mixin.py:190} INFO - [2026-09-06T09:09:00.277+0000] {dag.py:3239} INFO - Sync 1 DAGs
[2026-09-06T09:09:00.287+0000] {logging_mixin.py:190} INFO - [2026-09-06T09:09:00.287+0000] {dag.py:4180} INFO - Setting next_dagrun for example_task_group to None, run_after=None
[2026-09-06T09:09:00.303+0000] {processor.py:208} INFO - Processing /home/airflow/.local/lib/python3.12/site-packages/airflow/example_dags/example_task_group.py took 0.055 seconds
[2026-09-06T09:09:30.853+0000] {processor.py:186} INFO - Started process (PID=2027) to work on /home/airflow/.local/lib/python3.12/site-packages/airflow/example_dags/example_task_group.py
[2026-09-06T09:09:30.854+0000] {processor.py:914} INFO - Processing file /home/airflow/.local/lib/python3.12/site-packages/airflow/example_dags/example_task_group.py for tasks to queue
[2026-09-06T09:09:30.856+0000] {logging_mixin.py:190} INFO - [2026-09-06T09:09:30.856+0000] {dagbag.py:588} INFO - Filling up the DagBag from /home/airflow/.local/lib/python3.12/site-packages/airflow/example_dags/example_task_group.py
[2026-09-06T09:09:30.863+0000] {processor.py:925} INFO - DAG(s) 'example_task_group' retrieved from /home/airflow/.local/lib/python3.12/site-packages/airflow/example_dags/example_task_group.py
[2026-09-06T09:09:30.880+0000] {logging_mixin.py:190} INFO - [2026-09-06T09:09:30.879+0000] {dag.py:3239} INFO - Sync 1 DAGs
[2026-09-06T09:09:30.890+0000] {logging_mixin.py:190} INFO - [2026-09-06T09:09:30.890+0000] {dag.py:4180} INFO - Setting next_dagrun for example_task_group to None, run_after=None
[2026-09-06T09:09:30.904+0000] {processor.py:208} INFO - Processing /home/airflow/.local/lib/python3.12/site-packages/airflow/example_dags/example_task_group.py took 0.055 seconds
[2026-09-06T09:10:02.465+0000] {processor.py:186} INFO - Started process (PID=2091) to work on /home/airflow/.local/lib/python3.12/site-packages/airflow/example_dags/example_task_group.py
[2026-09-06T09:10:02.466+0000] {processor.py:914} INFO - Processing file /home/airflow/.local/lib/python3.12/site-packages/airflow/example_dags/example_task_group.py for tasks to queue
[2026-09-06T09:10:02.469+0000] {logging_mixin.py:190} INFO - [2026-09-06T09:10:02.468+0000] {dagbag.py:588} INFO - Filling up the DagBag from /home/airflow/.local/lib/python3.12/site-packages/airflow/example_dags/example_task_group.py
[2026-09-06T09:10:02.478+0000] {processor.py:925} INFO - DAG(s) 'example_task_group' retrieved from /home/airflow/.local/lib/python3.12/site-packages/airflow/example_dags/example_task_group.py
[2026-09-06T09:10:02.497+0000] {logging_mixin.py:190} INFO - [2026-09-06T09:10:02.497+0000] {dag.py:3239} INFO - Sync 1 DAGs
[2026-09-06T09:10:02.513+0000] {logging_mixin.py:190} INFO - [2026-09-06T09:10:02.513+0000] {dag.py:4180} INFO - Setting next_dagrun for example_task_group to None, run_after=None
[2026-09-06T09:10:02.537+0000] {processor.py:208} INFO - Processing /home/airflow/.local/lib/python3.12/site-packages/airflow/example_dags/example_task_group.py took 0.078 seconds
[2026-09-06T09:10:33.995+0000] {processor.py:186} INFO - Started process (PID=2156) to work on /home/airflow/.local/lib/python3.12/site-packages/airflow/example_dags/example_task_group.py
[2026-09-06T09:10:33.996+0000] {processor.py:914} INFO - Processing file /home/airflow/.local/lib/python3.12/site-packages/airflow/example_dags/example_task_group.py for tasks to queue
[2026-09-06T09:10:33.998+0000] {logging_mixin.py:190} INFO - [2026-09-06T09:10:33.998+0000] {dagbag.py:588} INFO - Filling up the DagBag from /home/airflow/.local/lib/python3.12/site-packages/airflow/example_dags/example_task_group.py
[2026-09-06T09:10:34.006+0000] {processor.py:925} INFO - DAG(s) 'example_task_group' retrieved from /home/airflow/.local/lib/python3.12/site-packages/airflow/example_dags/example_task_group.py
[2026-09-06T09:10:34.023+0000] {logging_mixin.py:190} INFO - [2026-09-06T09:10:34.023+0000] {dag.py:3239} INFO - Sync 1 DAGs
[2026-09-06T09:10:34.034+0000] {logging_mixin.py:190} INFO - [2026-09-06T09:10:34.034+0000] {dag.py:4180} INFO - Setting next_dagrun for example_task_group to None, run_after=None
[2026-09-06T09:10:34.049+0000] {processor.py:208} INFO - Processing /home/airflow/.local/lib/python3.12/site-packages/airflow/example_dags/example_task_group.py took 0.058 seconds
[2026-09-06T09:11:05.959+0000] {processor.py:186} INFO - Started process (PID=2220) to work on /home/airflow/.local/lib/python3.12/site-packages/airflow/example_dags/example_task_group.py
[2026-09-06T09:11:05.961+0000] {processor.py:914} INFO - Processing file /home/airflow/.local/lib/python3.12/site-packages/airflow/example_dags/example_task_group.py for tasks to queue
[2026-09-06T09:11:05.963+0000] {logging_mixin.py:190} INFO - [2026-09-06T09:11:05.963+0000] {dagbag.py:588} INFO - Filling up the DagBag from /home/airflow/.local/lib/python3.12/site-packages/airflow/example_dags/example_task_group.py
[2026-09-06T09:11:05.972+0000] {processor.py:925} INFO - DAG(s) 'example_task_group' retrieved from /home/airflow/.local/lib/python3.12/site-packages/airflow/example_dags/example_task_group.py
[2026-09-06T09:11:05.992+0000] {logging_mixin.py:190} INFO - [2026-09-06T09:11:05.992+0000] {dag.py:3239} INFO - Sync 1 DAGs
[2026-09-06T09:11:06.003+0000] {logging_mixin.py:190} INFO - [2026-09-06T09:11:06.003+0000] {dag.py:4180} INFO - Setting next_dagrun for example_task_group to None, run_after=None
[2026-09-06T09:11:06.018+0000] {processor.py:208} INFO - Processing /home/airflow/.local/lib/python3.12/site-packages/airflow/example_dags/example_task_group.py took 0.064 seconds
[2026-09-06T09:11:36.688+0000] {processor.py:186} INFO - Started process (PID=2284) to work on /home/airflow/.local/lib/python3.12/site-packages/airflow/example_dags/example_task_group.py
[2026-09-06T09:11:36.689+0000] {processor.py:914} INFO - Processing file /home/airflow/.local/lib/python3.12/site-packages/airflow/example_dags/example_task_group.py for tasks to queue
[2026-09-06T09:11:36.691+0000] {logging_mixin.py:190} INFO - [2026-09-06T09:11:36.691+0000] {dagbag.py:588} INFO - Filling up the DagBag from /home/airflow/.local/lib/python3.12/site-packages/airflow/example_dags/example_task_group.py
[2026-09-06T09:11:36.698+0000] {processor.py:925} INFO - DAG(s) 'example_task_group' retrieved from /home/airflow/.local/lib/python3.12/site-packages/airflow/example_dags/example_task_group.py
[2026-09-06T09:11:36.714+0000] {logging_mixin.py:190} INFO - [2026-09-06T09:11:36.714+0000] {dag.py:3239} INFO - Sync 1 DAGs
[2026-09-06T09:11:36.724+0000] {logging_mixin.py:190} INFO - [2026-09-06T09:11:36.723+0000] {dag.py:4180} INFO - Setting next_dagrun for example_task_group to None, run_after=None
[2026-09-06T09:11:36.737+0000] {processor.py:208} INFO - Processing /home/airflow/.local/lib/python3.12/site-packages/airflow/example_dags/example_task_group.py took 0.054 seconds
[2026-09-06T09:12:08.600+0000] {processor.py:186} INFO - Started process (PID=2348) to work on /home/airflow/.local/lib/python3.12/site-packages/airflow/example_dags/example_task_group.py
[2026-09-06T09:12:08.601+0000] {processor.py:914} INFO - Processing file /home/airflow/.local/lib/python3.12/site-packages/airflow/example_dags/example_task_group.py for tasks to queue
[2026-09-06T09:12:08.603+0000] {logging_mixin.py:190} INFO - [2026-09-06T09:12:08.603+0000] {dagbag.py:588} INFO - Filling up the DagBag from /home/airflow/.local/lib/python3.12/site-packages/airflow/example_dags/example_task_group.py
[2026-09-06T09:12:08.610+0000] {processor.py:925} INFO - DAG(s) 'example_task_group' retrieved from /home/airflow/.local/lib/python3.12/site-packages/airflow/example_dags/example_task_group.py
[2026-09-06T09:12:08.626+0000] {logging_mixin.py:190} INFO - [2026-09-06T09:12:08.626+0000] {dag.py:3239} INFO - Sync 1 DAGs
[2026-09-06T09:12:08.636+0000] {logging_mixin.py:190} INFO - [2026-09-06T09:12:08.636+0000] {dag.py:4180} INFO - Setting next_dagrun for example_task_group to None, run_after=None
[2026-09-06T09:12:08.650+0000] {processor.py:208} INFO - Processing /home/airflow/.local/lib/python3.12/site-packages/airflow/example_dags/example_task_group.py took 0.054 seconds
[2026-09-06T09:12:39.772+0000] {processor.py:186} INFO - Started process (PID=2412) to work on /home/airflow/.local/lib/python3.12/site-packages/airflow/example_dags/example_task_group.py
[2026-09-06T09:12:39.773+0000] {processor.py:914} INFO - Processing file /home/airflow/.local/lib/python3.12/site-packages/airflow/example_dags/example_task_group.py for tasks to queue
[2026-09-06T09:12:39.775+0000] {logging_mixin.py:190} INFO - [2026-09-06T09:12:39.775+0000] {dagbag.py:588} INFO - Filling up the DagBag from /home/airflow/.local/lib/python3.12/site-packages/airflow/example_dags/example_task_group.py
[2026-09-06T09:12:39.783+0000] {processor.py:925} INFO - DAG(s) 'example_task_group' retrieved from /home/airflow/.local/lib/python3.12/site-packages/airflow/example_dags/example_task_group.py
[2026-09-06T09:12:39.802+0000] {logging_mixin.py:190} INFO - [2026-09-06T09:12:39.802+0000] {dag.py:3239} INFO - Sync 1 DAGs
[2026-09-06T09:12:39.814+0000] {logging_mixin.py:190} INFO - [2026-09-06T09:12:39.814+0000] {dag.py:4180} INFO - Setting next_dagrun for example_task_group to None, run_after=None
[2026-09-06T09:12:39.828+0000] {processor.py:208} INFO - Processing /home/airflow/.local/lib/python3.12/site-packages/airflow/example_dags/example_task_group.py took 0.061 seconds
[2026-09-06T09:13:11.234+0000] {processor.py:186} INFO - Started process (PID=2477) to work on /home/airflow/.local/lib/python3.12/site-packages/airflow/example_dags/example_task_group.py
[2026-09-06T09:13:11.235+0000] {processor.py:914} INFO - Processing file /home/airflow/.local/lib/python3.12/site-packages/airflow/example_dags/example_task_group.py for tasks to queue
[2026-09-06T09:13:11.237+0000] {logging_mixin.py:190} INFO - [2026-09-06T09:13:11.237+0000] {dagbag.py:588} INFO - Filling up the DagBag from /home/airflow/.local/lib/python3.12/site-packages/airflow/example_dags/example_task_group.py
[2026-09-06T09:13:11.245+0000] {processor.py:925} INFO - DAG(s) 'example_task_group' retrieved from /home/airflow/.local/lib/python3.12/site-packages/airflow/example_dags/example_task_group.py
[2026-09-06T09:13:11.263+0000] {logging_mixin.py:190} INFO - [2026-09-06T09:13:11.263+0000] {dag.py:3239} INFO - Sync 1 DAGs
[2026-09-06T09:13:11.275+0000] {logging_mixin.py:190} INFO - [2026-09-06T09:13:11.275+0000] {dag.py:4180} INFO - Setting next_dagrun for example_task_group to None, run_after=None
[2026-09-06T09:13:11.291+0000] {processor.py:208} INFO - Processing /home/airflow/.local/lib/python3.12/site-packages/airflow/example_dags/example_task_group.py took 0.063 seconds
[2026-09-06T09:13:41.897+0000] {processor.py:186} INFO - Started process (PID=2541) to work on /home/airflow/.local/lib/python3.12/site-packages/airflow/example_dags/example_task_group.py
[2026-09-06T09:13:41.898+0000] {processor.py:914} INFO - Processing file /home/airflow/.local/lib/python3.12/site-packages/airflow/example_dags/example_task_group.py for tasks to queue
[2026-09-06T09:13:41.900+0000] {logging_mixin.py:190} INFO - [2026-09-06T09:13:41.900+0000] {dagbag.py:588} INFO - Filling up the DagBag from /home/airflow/.local/lib/python3.12/site-packages/airflow/example_dags/example_task_group.py
[2026-09-06T09:13:41.907+0000] {processor.py:925} INFO - DAG(s) 'example_task_group' retrieved from /home/airflow/.local/lib/python3.12/site-packages/airflow/example_dags/example_task_group.py
[2026-09-06T09:13:41.923+0000] {logging_mixin.py:190} INFO - [2026-09-06T09:13:41.923+0000] {dag.py:3239} INFO - Sync 1 DAGs
[2026-09-06T09:13:41.933+0000] {logging_mixin.py:190} INFO - [2026-09-06T09:13:41.933+0000] {dag.py:4180} INFO - Setting next_dagrun for example_task_group to None, run_after=None
[2026-09-06T09:13:41.948+0000] {processor.py:208} INFO - Processing /home/airflow/.local/lib/python3.12/site-packages/airflow/example_dags/example_task_group.py took 0.054 seconds
[2026-09-06T09:14:13.104+0000] {processor.py:186} INFO - Started process (PID=2605) to work on /home/airflow/.local/lib/python3.12/site-packages/airflow/example_dags/example_task_group.py
[2026-09-06T09:14:13.105+0000] {processor.py:914} INFO - Processing file /home/airflow/.local/lib/python3.12/site-packages/airflow/example_dags/example_task_group.py for tasks to queue
[2026-09-06T09:14:13.107+0000] {logging_mixin.py:190} INFO - [2026-09-06T09:14:13.107+0000] {dagbag.py:588} INFO - Filling up the DagBag from /home/airflow/.local/lib/python3.12/site-packages/airflow/example_dags/example_task_group.py
[2026-09-06T09:14:13.114+0000] {processor.py:925} INFO - DAG(s) 'example_task_group' retrieved from /home/airflow/.local/lib/python3.12/site-packages/airflow/example_dags/example_task_group.py
[2026-09-06T09:14:13.131+0000] {logging_mixin.py:190} INFO - [2026-09-06T09:14:13.131+0000] {dag.py:3239} INFO - Sync 1 DAGs
[2026-09-06T09:14:13.142+0000] {logging_mixin.py:190} INFO - [2026-09-06T09:14:13.141+0000] {dag.py:4180} INFO - Setting next_dagrun for example_task_group to None, run_after=None
[2026-09-06T09:14:13.156+0000] {processor.py:208} INFO - Processing /home/airflow/.local/lib/python3.12/site-packages/airflow/example_dags/example_task_group.py took 0.058 seconds
[2026-09-06T09:14:44.559+0000] {processor.py:186} INFO - Started process (PID=2669) to work on /home/airflow/.local/lib/python3.12/site-packages/airflow/example_dags/example_task_group.py
[2026-09-06T09:14:44.560+0000] {processor.py:914} INFO - Processing file /home/airflow/.local/lib/python3.12/site-packages/airflow/example_dags/example_task_group.py for tasks to queue
[2026-09-06T09:14:44.563+0000] {logging_mixin.py:190} INFO - [2026-09-06T09:14:44.562+0000] {dagbag.py:588} INFO - Filling up the DagBag from /home/airflow/.local/lib/python3.12/site-packages/airflow/example_dags/example_task_group.py
[2026-09-06T09:14:44.570+0000] {processor.py:925} INFO - DAG(s) 'example_task_group' retrieved from /home/airflow/.local/lib/python3.12/site-packages/airflow/example_dags/example_task_group.py
[2026-09-06T09:14:44.588+0000] {logging_mixin.py:190} INFO - [2026-09-06T09:14:44.587+0000] {dag.py:3239} INFO - Sync 1 DAGs
[2026-09-06T09:14:44.598+0000] {logging_mixin.py:190} INFO - [2026-09-06T09:14:44.598+0000] {dag.py:4180} INFO - Setting next_dagrun for example_task_group to None, run_after=None
[2026-09-06T09:14:44.612+0000] {processor.py:208} INFO - Processing /home/airflow/.local/lib/python3.12/site-packages/airflow/example_dags/example_task_group.py took 0.057 seconds
[2026-09-06T09:15:15.813+0000] {processor.py:186} INFO - Started process (PID=2736) to work on /home/airflow/.local/lib/python3.12/site-packages/airflow/example_dags/example_task_group.py
[2026-09-06T09:15:15.815+0000] {processor.py:914} INFO - Processing file /home/airflow/.local/lib/python3.12/site-packages/airflow/example_dags/example_task_group.py for tasks to queue
[2026-09-06T09:15:15.817+0000] {logging_mixin.py:190} INFO - [2026-09-06T09:15:15.817+0000] {dagbag.py:588} INFO - Filling up the DagBag from /home/airflow/.local/lib/python3.12/site-packages/airflow/example_dags/example_task_group.py
[2026-09-06T09:15:15.824+0000] {processor.py:925} INFO - DAG(s) 'example_task_group' retrieved from /home/airflow/.local/lib/python3.12/site-packages/airflow/example_dags/example_task_group.py
[2026-09-06T09:15:15.842+0000] {logging_mixin.py:190} INFO - [2026-09-06T09:15:15.842+0000] {dag.py:3239} INFO - Sync 1 DAGs
[2026-09-06T09:15:15.854+0000] {logging_mixin.py:190} INFO - [2026-09-06T09:15:15.854+0000] {dag.py:4180} INFO - Setting next_dagrun for example_task_group to None, run_after=None
[2026-09-06T09:15:15.869+0000] {processor.py:208} INFO - Processing /home/airflow/.local/lib/python3.12/site-packages/airflow/example_dags/example_task_group.py took 0.061 seconds
[2026-09-06T09:15:46.644+0000] {processor.py:186} INFO - Started process (PID=2800) to work on /home/airflow/.local/lib/python3.12/site-packages/airflow/example_dags/example_task_group.py
[2026-09-06T09:15:46.645+0000] {processor.py:914} INFO - Processing file /home/airflow/.local/lib/python3.12/site-packages/airflow/example_dags/example_task_group.py for tasks to queue
[2026-09-06T09:15:46.647+0000] {logging_mixin.py:190} INFO - [2026-09-06T09:15:46.647+0000] {dagbag.py:588} INFO - Filling up the DagBag from /home/airflow/.local/lib/python3.12/site-packages/airflow/example_dags/example_task_group.py
[2026-09-06T09:15:46.654+0000] {processor.py:925} INFO - DAG(s) 'example_task_group' retrieved from /home/airflow/.local/lib/python3.12/site-packages/airflow/example_dags/example_task_group.py
[2026-09-06T09:15:46.674+0000] {logging_mixin.py:190} INFO - [2026-09-06T09:15:46.674+0000] {dag.py:3239} INFO - Sync 1 DAGs
[2026-09-06T09:15:46.687+0000] {logging_mixin.py:190} INFO - [2026-09-06T09:15:46.686+0000] {dag.py:4180} INFO - Setting next_dagrun for example_task_group to None, run_after=None
[2026-09-06T09:15:46.713+0000] {processor.py:208} INFO - Processing /home/airflow/.local/lib/python3.12/site-packages/airflow/example_dags/example_task_group.py took 0.074 seconds
[2026-09-06T09:16:17.068+0000] {processor.py:186} INFO - Started process (PID=2864) to work on /home/airflow/.local/lib/python3.12/site-packages/airflow/example_dags/example_task_group.py
[2026-09-06T09:16:17.069+0000] {processor.py:914} INFO - Processing file /home/airflow/.local/lib/python3.12/site-packages/airflow/example_dags/example_task_group.py for tasks to queue
[2026-09-06T09:16:17.071+0000] {logging_mixin.py:190} INFO - [2026-09-06T09:16:17.071+0000] {dagbag.py:588} INFO - Filling up the DagBag from /home/airflow/.local/lib/python3.12/site-packages/airflow/example_dags/example_task_group.py
[2026-09-06T09:16:17.078+0000] {processor.py:925} INFO - DAG(s) 'example_task_group' retrieved from /home/airflow/.local/lib/python3.12/site-packages/airflow/example_dags/example_task_group.py
[2026-09-06T09:16:17.096+0000] {logging_mixin.py:190} INFO - [2026-09-06T09:16:17.096+0000] {dag.py:3239} INFO - Sync 1 DAGs
[2026-09-06T09:16:17.106+0000] {logging_mixin.py:190} INFO - [2026-09-06T09:16:17.106+0000] {dag.py:4180} INFO - Setting next_dagrun for example_task_group to None, run_after=None
[2026-09-06T09:16:17.121+0000] {processor.py:208} INFO - Processing /home/airflow/.local/lib/python3.12/site-packages/airflow/example_dags/example_task_group.py took 0.058 seconds
[2026-09-06T09:16:49.396+0000] {processor.py:186} INFO - Started process (PID=2927) to work on /home/airflow/.local/lib/python3.12/site-packages/airflow/example_dags/example_task_group.py
[2026-09-06T09:16:49.397+0000] {processor.py:914} INFO - Processing file /home/airflow/.local/lib/python3.12/site-packages/airflow/example_dags/example_task_group.py for tasks to queue
[2026-09-06T09:16:49.399+0000] {logging_mixin.py:190} INFO - [2026-09-06T09:16:49.399+0000] {dagbag.py:588} INFO - Filling up the DagBag from /home/airflow/.local/lib/python3.12/site-packages/airflow/example_dags/example_task_group.py
[2026-09-06T09:16:49.406+0000] {processor.py:925} INFO - DAG(s) 'example_task_group' retrieved from /home/airflow/.local/lib/python3.12/site-packages/airflow/example_dags/example_task_group.py
[2026-09-06T09:16:49.423+0000] {logging_mixin.py:190} INFO - [2026-09-06T09:16:49.423+0000] {dag.py:3239} INFO - Sync 1 DAGs
[2026-09-06T09:16:49.435+0000] {logging_mixin.py:190} INFO - [2026-09-06T09:16:49.434+0000] {dag.py:4180} INFO - Setting next_dagrun for example_task_group to None, run_after=None
[2026-09-06T09:16:49.450+0000] {processor.py:208} INFO - Processing /home/airflow/.local/lib/python3.12/site-packages/airflow/example_dags/example_task_group.py took 0.059 seconds
[2026-09-06T09:17:20.051+0000] {processor.py:186} INFO - Started process (PID=2994) to work on /home/airflow/.local/lib/python3.12/site-packages/airflow/example_dags/example_task_group.py
[2026-09-06T09:17:20.052+0000] {processor.py:914} INFO - Processing file /home/airflow/.local/lib/python3.12/site-packages/airflow/example_dags/example_task_group.py for tasks to queue
[2026-09-06T09:17:20.054+0000] {logging_mixin.py:190} INFO - [2026-09-06T09:17:20.054+0000] {dagbag.py:588} INFO - Filling up the DagBag from /home/airflow/.local/lib/python3.12/site-packages/airflow/example_dags/example_task_group.py
[2026-09-06T09:17:20.061+0000] {processor.py:925} INFO - DAG(s) 'example_task_group' retrieved from /home/airflow/.local/lib/python3.12/site-packages/airflow/example_dags/example_task_group.py
[2026-09-06T09:17:20.079+0000] {logging_mixin.py:190} INFO - [2026-09-06T09:17:20.078+0000] {dag.py:3239} INFO - Sync 1 DAGs
[2026-09-06T09:17:20.090+0000] {logging_mixin.py:190} INFO - [2026-09-06T09:17:20.090+0000] {dag.py:4180} INFO - Setting next_dagrun for example_task_group to None, run_after=None
[2026-09-06T09:17:20.106+0000] {processor.py:208} INFO - Processing /home/airflow/.local/lib/python3.12/site-packages/airflow/example_dags/example_task_group.py took 0.060 seconds
[2026-09-06T09:17:50.885+0000] {processor.py:186} INFO - Started process (PID=3062) to work on /home/airflow/.local/lib/python3.12/site-packages/airflow/example_dags/example_task_group.py
[2026-09-06T09:17:50.886+0000] {processor.py:914} INFO - Processing file /home/airflow/.local/lib/python3.12/site-packages/airflow/example_dags/example_task_group.py for tasks to queue
[2026-09-06T09:17:50.888+0000] {logging_mixin.py:190} INFO - [2026-09-06T09:17:50.888+0000] {dagbag.py:588} INFO - Filling up the DagBag from /home/airflow/.local/lib/python3.12/site-packages/airflow/example_dags/example_task_group.py
[2026-09-06T09:17:50.895+0000] {processor.py:925} INFO - DAG(s) 'example_task_group' retrieved from /home/airflow/.local/lib/python3.12/site-packages/airflow/example_dags/example_task_group.py
[2026-09-06T09:17:50.912+0000] {logging_mixin.py:190} INFO - [2026-09-06T09:17:50.912+0000] {dag.py:3239} INFO - Sync 1 DAGs
[2026-09-06T09:17:50.922+0000] {logging_mixin.py:190} INFO - [2026-09-06T09:17:50.922+0000] {dag.py:4180} INFO - Setting next_dagrun for example_task_group to None, run_after=None
[2026-09-06T09:17:50.936+0000] {processor.py:208} INFO - Processing /home/airflow/.local/lib/python3.12/site-packages/airflow/example_dags/example_task_group.py took 0.055 seconds
[2026-09-06T09:18:22.714+0000] {processor.py:186} INFO - Started process (PID=3131) to work on /home/airflow/.local/lib/python3.12/site-packages/airflow/example_dags/example_task_group.py
[2026-09-06T09:18:22.715+0000] {processor.py:914} INFO - Processing file /home/airflow/.local/lib/python3.12/site-packages/airflow/example_dags/example_task_group.py for tasks to queue
[2026-09-06T09:18:22.718+0000] {logging_mixin.py:190} INFO - [2026-09-06T09:18:22.717+0000] {dagbag.py:588} INFO - Filling up the DagBag from /home/airflow/.local/lib/python3.12/site-packages/airflow/example_dags/example_task_group.py
[2026-09-06T09:18:22.725+0000] {processor.py:925} INFO - DAG(s) 'example_task_group' retrieved from /home/airflow/.local/lib/python3.12/site-packages/airflow/example_dags/example_task_group.py
[2026-09-06T09:18:22.742+0000] {logging_mixin.py:190} INFO - [2026-09-06T09:18:22.742+0000] {dag.py:3239} INFO - Sync 1 DAGs
[2026-09-06T09:18:22.753+0000] {logging_mixin.py:190} INFO - [2026-09-06T09:18:22.753+0000] {dag.py:4180} INFO - Setting next_dagrun for example_task_group to None, run_after=None
[2026-09-06T09:18:22.768+0000] {processor.py:208} INFO - Processing /home/airflow/.local/lib/python3.12/site-packages/airflow/example_dags/example_task_group.py took 0.059 seconds
[2026-09-06T09:18:57.087+0000] {processor.py:186} INFO - Started process (PID=3196) to work on /home/airflow/.local/lib/python3.12/site-packages/airflow/example_dags/example_task_group.py
[2026-09-06T09:18:57.089+0000] {processor.py:914} INFO - Processing file /home/airflow/.local/lib/python3.12/site-packages/airflow/example_dags/example_task_group.py for tasks to queue
[2026-09-06T09:18:57.091+0000] {logging_mixin.py:190} INFO - [2026-09-06T09:18:57.090+0000] {dagbag.py:588} INFO - Filling up the DagBag from /home/airflow/.local/lib/python3.12/site-packages/airflow/example_dags/example_task_group.py
[2026-09-06T09:18:57.098+0000] {processor.py:925} INFO - DAG(s) 'example_task_group' retrieved from /home/airflow/.local/lib/python3.12/site-packages/airflow/example_dags/example_task_group.py
[2026-09-06T09:18:57.114+0000] {logging_mixin.py:190} INFO - [2026-09-06T09:18:57.114+0000] {dag.py:3239} INFO - Sync 1 DAGs
[2026-09-06T09:18:57.125+0000] {logging_mixin.py:190} INFO - [2026-09-06T09:18:57.125+0000] {dag.py:4180} INFO - Setting next_dagrun for example_task_group to None, run_after=None
[2026-09-06T09:18:57.139+0000] {processor.py:208} INFO - Processing /home/airflow/.local/lib/python3.12/site-packages/airflow/example_dags/example_task_group.py took 0.056 seconds
[2026-09-06T09:19:28.182+0000] {processor.py:186} INFO - Started process (PID=3260) to work on /home/airflow/.local/lib/python3.12/site-packages/airflow/example_dags/example_task_group.py
[2026-09-06T09:19:28.183+0000] {processor.py:914} INFO - Processing file /home/airflow/.local/lib/python3.12/site-packages/airflow/example_dags/example_task_group.py for tasks to queue
[2026-09-06T09:19:28.185+0000] {logging_mixin.py:190} INFO - [2026-09-06T09:19:28.184+0000] {dagbag.py:588} INFO - Filling up the DagBag from /home/airflow/.local/lib/python3.12/site-packages/airflow/example_dags/example_task_group.py
[2026-09-06T09:19:28.192+0000] {processor.py:925} INFO - DAG(s) 'example_task_group' retrieved from /home/airflow/.local/lib/python3.12/site-packages/airflow/example_dags/example_task_group.py
[2026-09-06T09:19:28.208+0000] {logging_mixin.py:190} INFO - [2026-09-06T09:19:28.208+0000] {dag.py:3239} INFO - Sync 1 DAGs
[2026-09-06T09:19:28.395+0000] {logging_mixin.py:190} INFO - [2026-09-06T09:19:28.394+0000] {dag.py:4180} INFO - Setting next_dagrun for example_task_group to None, run_after=None
[2026-09-06T09:19:28.409+0000] {processor.py:208} INFO - Processing /home/airflow/.local/lib/python3.12/site-packages/airflow/example_dags/example_task_group.py took 0.232 seconds
[2026-09-06T09:19:59.162+0000] {processor.py:186} INFO - Started process (PID=3324) to work on /home/airflow/.local/lib/python3.12/site-packages/airflow/example_dags/example_task_group.py
[2026-09-06T09:19:59.164+0000] {processor.py:914} INFO - Processing file /home/airflow/.local/lib/python3.12/site-packages/airflow/example_dags/example_task_group.py for tasks to queue
[2026-09-06T09:19:59.166+0000] {logging_mixin.py:190} INFO - [2026-09-06T09:19:59.166+0000] {dagbag.py:588} INFO - Filling up the DagBag from /home/airflow/.local/lib/python3.12/site-packages/airflow/example_dags/example_task_group.py
[2026-09-06T09:19:59.173+0000] {processor.py:925} INFO - DAG(s) 'example_task_group' retrieved from /home/airflow/.local/lib/python3.12/site-packages/airflow/example_dags/example_task_group.py
[2026-09-06T09:19:59.191+0000] {logging_mixin.py:190} INFO - [2026-09-06T09:19:59.190+0000] {dag.py:3239} INFO - Sync 1 DAGs
[2026-09-06T09:19:59.204+0000] {logging_mixin.py:190} INFO - [2026-09-06T09:19:59.204+0000] {dag.py:4180} INFO - Setting next_dagrun for example_task_group to None, run_after=None
[2026-09-06T09:19:59.441+0000] {processor.py:208} INFO - Processing /home/airflow/.local/lib/python3.12/site-packages/airflow/example_dags/example_task_group.py took 0.284 seconds
[2026-09-06T09:20:30.128+0000] {processor.py:186} INFO - Started process (PID=3394) to work on /home/airflow/.local/lib/python3.12/site-packages/airflow/example_dags/example_task_group.py
[2026-09-06T09:20:30.129+0000] {processor.py:914} INFO - Processing file /home/airflow/.local/lib/python3.12/site-packages/airflow/example_dags/example_task_group.py for tasks to queue
[2026-09-06T09:20:30.131+0000] {logging_mixin.py:190} INFO - [2026-09-06T09:20:30.131+0000] {dagbag.py:588} INFO - Filling up the DagBag from /home/airflow/.local/lib/python3.12/site-packages/airflow/example_dags/example_task_group.py
[2026-09-06T09:20:30.138+0000] {processor.py:925} INFO - DAG(s) 'example_task_group' retrieved from /home/airflow/.local/lib/python3.12/site-packages/airflow/example_dags/example_task_group.py
[2026-09-06T09:20:30.155+0000] {logging_mixin.py:190} INFO - [2026-09-06T09:20:30.155+0000] {dag.py:3239} INFO - Sync 1 DAGs
[2026-09-06T09:20:30.166+0000] {logging_mixin.py:190} INFO - [2026-09-06T09:20:30.166+0000] {dag.py:4180} INFO - Setting next_dagrun for example_task_group to None, run_after=None
[2026-09-06T09:20:30.181+0000] {processor.py:208} INFO - Processing /home/airflow/.local/lib/python3.12/site-packages/airflow/example_dags/example_task_group.py took 0.058 seconds
[2026-09-06T09:21:00.323+0000] {processor.py:186} INFO - Started process (PID=3458) to work on /home/airflow/.local/lib/python3.12/site-packages/airflow/example_dags/example_task_group.py
[2026-09-06T09:21:00.324+0000] {processor.py:914} INFO - Processing file /home/airflow/.local/lib/python3.12/site-packages/airflow/example_dags/example_task_group.py for tasks to queue
[2026-09-06T09:21:00.326+0000] {logging_mixin.py:190} INFO - [2026-09-06T09:21:00.326+0000] {dagbag.py:588} INFO - Filling up the DagBag from /home/airflow/.local/lib/python3.12/site-packages/airflow/example_dags/example_task_group.py
[2026-09-06T09:21:00.334+0000] {processor.py:925} INFO - DAG(s) 'example_task_group' retrieved from /home/airflow/.local/lib/python3.12/site-packages/airflow/example_dags/example_task_group.py
[2026-09-06T09:21:00.353+0000] {logging_mixin.py:190} INFO - [2026-09-06T09:21:00.353+0000] {dag.py:3239} INFO - Sync 1 DAGs
[2026-09-06T09:21:00.364+0000] {logging_mixin.py:190} INFO - [2026-09-06T09:21:00.364+0000] {dag.py:4180} INFO - Setting next_dagrun for example_task_group to None, run_after=None
[2026-09-06T09:21:00.379+0000] {processor.py:208} INFO - Processing /home/airflow/.local/lib/python3.12/site-packages/airflow/example_dags/example_task_group.py took 0.062 seconds
[2026-09-06T09:21:30.745+0000] {processor.py:186} INFO - Started process (PID=3521) to work on /home/airflow/.local/lib/python3.12/site-packages/airflow/example_dags/example_task_group.py
[2026-09-06T09:21:30.746+0000] {processor.py:914} INFO - Processing file /home/airflow/.local/lib/python3.12/site-packages/airflow/example_dags/example_task_group.py for tasks to queue
[2026-09-06T09:21:30.748+0000] {logging_mixin.py:190} INFO - [2026-09-06T09:21:30.748+0000] {dagbag.py:588} INFO - Filling up the DagBag from /home/airflow/.local/lib/python3.12/site-packages/airflow/example_dags/example_task_group.py
[2026-09-06T09:21:30.755+0000] {processor.py:925} INFO - DAG(s) 'example_task_group' retrieved from /home/airflow/.local/lib/python3.12/site-packages/airflow/example_dags/example_task_group.py
[2026-09-06T09:21:30.771+0000] {logging_mixin.py:190} INFO - [2026-09-06T09:21:30.771+0000] {dag.py:3239} INFO - Sync 1 DAGs
[2026-09-06T09:21:30.781+0000] {logging_mixin.py:190} INFO - [2026-09-06T09:21:30.781+0000] {dag.py:4180} INFO - Setting next_dagrun for example_task_group to None, run_after=None
[2026-09-06T09:21:30.795+0000] {processor.py:208} INFO - Processing /home/airflow/.local/lib/python3.12/site-packages/airflow/example_dags/example_task_group.py took 0.055 seconds
[2026-09-06T09:22:01.827+0000] {processor.py:186} INFO - Started process (PID=3586) to work on /home/airflow/.local/lib/python3.12/site-packages/airflow/example_dags/example_task_group.py
[2026-09-06T09:22:01.828+0000] {processor.py:914} INFO - Processing file /home/airflow/.local/lib/python3.12/site-packages/airflow/example_dags/example_task_group.py for tasks to queue
[2026-09-06T09:22:01.830+0000] {logging_mixin.py:190} INFO - [2026-09-06T09:22:01.830+0000] {dagbag.py:588} INFO - Filling up the DagBag from /home/airflow/.local/lib/python3.12/site-packages/airflow/example_dags/example_task_group.py
[2026-09-06T09:22:01.838+0000] {processor.py:925} INFO - DAG(s) 'example_task_group' retrieved from /home/airflow/.local/lib/python3.12/site-packages/airflow/example_dags/example_task_group.py
[2026-09-06T09:22:01.856+0000] {logging_mixin.py:190} INFO - [2026-09-06T09:22:01.856+0000] {dag.py:3239} INFO - Sync 1 DAGs
[2026-09-06T09:22:01.870+0000] {logging_mixin.py:190} INFO - [2026-09-06T09:22:01.869+0000] {dag.py:4180} INFO - Setting next_dagrun for example_task_group to None, run_after=None
[2026-09-06T09:22:01.885+0000] {processor.py:208} INFO - Processing /home/airflow/.local/lib/python3.12/site-packages/airflow/example_dags/example_task_group.py took 0.064 seconds
[2026-09-06T09:22:33.003+0000] {processor.py:186} INFO - Started process (PID=3650) to work on /home/airflow/.local/lib/python3.12/site-packages/airflow/example_dags/example_task_group.py
[2026-09-06T09:22:33.004+0000] {processor.py:914} INFO - Processing file /home/airflow/.local/lib/python3.12/site-packages/airflow/example_dags/example_task_group.py for tasks to queue
[2026-09-06T09:22:33.006+0000] {logging_mixin.py:190} INFO - [2026-09-06T09:22:33.006+0000] {dagbag.py:588} INFO - Filling up the DagBag from /home/airflow/.local/lib/python3.12/site-packages/airflow/example_dags/example_task_group.py
[2026-09-06T09:22:33.014+0000] {processor.py:925} INFO - DAG(s) 'example_task_group' retrieved from /home/airflow/.local/lib/python3.12/site-packages/airflow/example_dags/example_task_group.py
[2026-09-06T09:22:33.030+0000] {logging_mixin.py:190} INFO - [2026-09-06T09:22:33.030+0000] {dag.py:3239} INFO - Sync 1 DAGs
[2026-09-06T09:22:33.041+0000] {logging_mixin.py:190} INFO - [2026-09-06T09:22:33.040+0000] {dag.py:4180} INFO - Setting next_dagrun for example_task_group to None, run_after=None
[2026-09-06T09:22:33.056+0000] {processor.py:208} INFO - Processing /home/airflow/.local/lib/python3.12/site-packages/airflow/example_dags/example_task_group.py took 0.057 seconds
[2026-09-06T09:23:04.073+0000] {processor.py:186} INFO - Started process (PID=3714) to work on /home/airflow/.local/lib/python3.12/site-packages/airflow/example_dags/example_task_group.py
[2026-09-06T09:23:04.074+0000] {processor.py:914} INFO - Processing file /home/airflow/.local/lib/python3.12/site-packages/airflow/example_dags/example_task_group.py for tasks to queue
[2026-09-06T09:23:04.076+0000] {logging_mixin.py:190} INFO - [2026-09-06T09:23:04.076+0000] {dagbag.py:588} INFO - Filling up the DagBag from /home/airflow/.local/lib/python3.12/site-packages/airflow/example_dags/example_task_group.py
[2026-09-06T09:23:04.085+0000] {processor.py:925} INFO - DAG(s) 'example_task_group' retrieved from /home/airflow/.local/lib/python3.12/site-packages/airflow/example_dags/example_task_group.py
[2026-09-06T09:23:04.103+0000] {logging_mixin.py:190} INFO - [2026-09-06T09:23:04.103+0000] {dag.py:3239} INFO - Sync 1 DAGs
[2026-09-06T09:23:04.114+0000] {logging_mixin.py:190} INFO - [2026-09-06T09:23:04.114+0000] {dag.py:4180} INFO - Setting next_dagrun for example_task_group to None, run_after=None
[2026-09-06T09:23:04.129+0000] {processor.py:208} INFO - Processing /home/airflow/.local/lib/python3.12/site-packages/airflow/example_dags/example_task_group.py took 0.060 seconds
[2026-09-06T09:23:34.921+0000] {processor.py:186} INFO - Started process (PID=3778) to work on /home/airflow/.local/lib/python3.12/site-packages/airflow/example_dags/example_task_group.py
[2026-09-06T09:23:34.922+0000] {processor.py:914} INFO - Processing file /home/airflow/.local/lib/python3.12/site-packages/airflow/example_dags/example_task_group.py for tasks to queue
[2026-09-06T09:23:34.924+0000] {logging_mixin.py:190} INFO - [2026-09-06T09:23:34.923+0000] {dagbag.py:588} INFO - Filling up the DagBag from /home/airflow/.local/lib/python3.12/site-packages/airflow/example_dags/example_task_group.py
[2026-09-06T09:23:34.930+0000] {processor.py:925} INFO - DAG(s) 'example_task_group' retrieved from /home/airflow/.local/lib/python3.12/site-packages/airflow/example_dags/example_task_group.py
[2026-09-06T09:23:34.946+0000] {logging_mixin.py:190} INFO - [2026-09-06T09:23:34.945+0000] {dag.py:3239} INFO - Sync 1 DAGs
[2026-09-06T09:23:34.955+0000] {logging_mixin.py:190} INFO - [2026-09-06T09:23:34.955+0000] {dag.py:4180} INFO - Setting next_dagrun for example_task_group to None, run_after=None
[2026-09-06T09:23:34.969+0000] {processor.py:208} INFO - Processing /home/airflow/.local/lib/python3.12/site-packages/airflow/example_dags/example_task_group.py took 0.053 seconds
[2026-09-06T09:24:06.099+0000] {processor.py:186} INFO - Started process (PID=3842) to work on /home/airflow/.local/lib/python3.12/site-packages/airflow/example_dags/example_task_group.py
[2026-09-06T09:24:06.100+0000] {processor.py:914} INFO - Processing file /home/airflow/.local/lib/python3.12/site-packages/airflow/example_dags/example_task_group.py for tasks to queue
[2026-09-06T09:24:06.102+0000] {logging_mixin.py:190} INFO - [2026-09-06T09:24:06.102+0000] {dagbag.py:588} INFO - Filling up the DagBag from /home/airflow/.local/lib/python3.12/site-packages/airflow/example_dags/example_task_group.py
[2026-09-06T09:24:06.110+0000] {processor.py:925} INFO - DAG(s) 'example_task_group' retrieved from /home/airflow/.local/lib/python3.12/site-packages/airflow/example_dags/example_task_group.py
[2026-09-06T09:24:06.126+0000] {logging_mixin.py:190} INFO - [2026-09-06T09:24:06.126+0000] {dag.py:3239} INFO - Sync 1 DAGs
[2026-09-06T09:24:06.138+0000] {logging_mixin.py:190} INFO - [2026-09-06T09:24:06.138+0000] {dag.py:4180} INFO - Setting next_dagrun for example_task_group to None, run_after=None
[2026-09-06T09:24:06.152+0000] {processor.py:208} INFO - Processing /home/airflow/.local/lib/python3.12/site-packages/airflow/example_dags/example_task_group.py took 0.057 seconds
[2026-09-06T09:24:37.304+0000] {processor.py:186} INFO - Started process (PID=3906) to work on /home/airflow/.local/lib/python3.12/site-packages/airflow/example_dags/example_task_group.py
[2026-09-06T09:24:37.305+0000] {processor.py:914} INFO - Processing file /home/airflow/.local/lib/python3.12/site-packages/airflow/example_dags/example_task_group.py for tasks to queue
[2026-09-06T09:24:37.307+0000] {logging_mixin.py:190} INFO - [2026-09-06T09:24:37.307+0000] {dagbag.py:588} INFO - Filling up the DagBag from /home/airflow/.local/lib/python3.12/site-packages/airflow/example_dags/example_task_group.py
[2026-09-06T09:24:37.314+0000] {processor.py:925} INFO - DAG(s) 'example_task_group' retrieved from /home/airflow/.local/lib/python3.12/site-packages/airflow/example_dags/example_task_group.py
[2026-09-06T09:24:37.330+0000] {logging_mixin.py:190} INFO - [2026-09-06T09:24:37.330+0000] {dag.py:3239} INFO - Sync 1 DAGs
[2026-09-06T09:24:37.341+0000] {logging_mixin.py:190} INFO - [2026-09-06T09:24:37.340+0000] {dag.py:4180} INFO - Setting next_dagrun for example_task_group to None, run_after=None
[2026-09-06T09:24:37.355+0000] {processor.py:208} INFO - Processing /home/airflow/.local/lib/python3.12/site-packages/airflow/example_dags/example_task_group.py took 0.055 seconds
[2026-09-06T09:25:08.515+0000] {processor.py:186} INFO - Started process (PID=3970) to work on /home/airflow/.local/lib/python3.12/site-packages/airflow/example_dags/example_task_group.py
[2026-09-06T09:25:08.517+0000] {processor.py:914} INFO - Processing file /home/airflow/.local/lib/python3.12/site-packages/airflow/example_dags/example_task_group.py for tasks to queue
[2026-09-06T09:25:08.520+0000] {logging_mixin.py:190} INFO - [2026-09-06T09:25:08.520+0000] {dagbag.py:588} INFO - Filling up the DagBag from /home/airflow/.local/lib/python3.12/site-packages/airflow/example_dags/example_task_group.py
[2026-09-06T09:25:08.528+0000] {processor.py:925} INFO - DAG(s) 'example_task_group' retrieved from /home/airflow/.local/lib/python3.12/site-packages/airflow/example_dags/example_task_group.py
[2026-09-06T09:25:08.548+0000] {logging_mixin.py:190} INFO - [2026-09-06T09:25:08.548+0000] {dag.py:3239} INFO - Sync 1 DAGs
[2026-09-06T09:25:08.562+0000] {logging_mixin.py:190} INFO - [2026-09-06T09:25:08.562+0000] {dag.py:4180} INFO - Setting next_dagrun for example_task_group to None, run_after=None
[2026-09-06T09:25:08.580+0000] {processor.py:208} INFO - Processing /home/airflow/.local/lib/python3.12/site-packages/airflow/example_dags/example_task_group.py took 0.070 seconds
[2026-09-06T09:25:38.984+0000] {processor.py:186} INFO - Started process (PID=4034) to work on /home/airflow/.local/lib/python3.12/site-packages/airflow/example_dags/example_task_group.py
[2026-09-06T09:25:38.985+0000] {processor.py:914} INFO - Processing file /home/airflow/.local/lib/python3.12/site-packages/airflow/example_dags/example_task_group.py for tasks to queue
[2026-09-06T09:25:38.987+0000] {logging_mixin.py:190} INFO - [2026-09-06T09:25:38.987+0000] {dagbag.py:588} INFO - Filling up the DagBag from /home/airflow/.local/lib/python3.12/site-packages/airflow/example_dags/example_task_group.py
[2026-09-06T09:25:38.994+0000] {processor.py:925} INFO - DAG(s) 'example_task_group' retrieved from /home/airflow/.local/lib/python3.12/site-packages/airflow/example_dags/example_task_group.py
[2026-09-06T09:25:39.012+0000] {logging_mixin.py:190} INFO - [2026-09-06T09:25:39.011+0000] {dag.py:3239} INFO - Sync 1 DAGs
[2026-09-06T09:25:39.024+0000] {logging_mixin.py:190} INFO - [2026-09-06T09:25:39.024+0000] {dag.py:4180} INFO - Setting next_dagrun for example_task_group to None, run_after=None
[2026-09-06T09:25:39.039+0000] {processor.py:208} INFO - Processing /home/airflow/.local/lib/python3.12/site-packages/airflow/example_dags/example_task_group.py took 0.059 seconds
[2026-09-06T09:26:09.486+0000] {processor.py:186} INFO - Started process (PID=4098) to work on /home/airflow/.local/lib/python3.12/site-packages/airflow/example_dags/example_task_group.py
[2026-09-06T09:26:09.487+0000] {processor.py:914} INFO - Processing file /home/airflow/.local/lib/python3.12/site-packages/airflow/example_dags/example_task_group.py for tasks to queue
[2026-09-06T09:26:09.490+0000] {logging_mixin.py:190} INFO - [2026-09-06T09:26:09.489+0000] {dagbag.py:588} INFO - Filling up the DagBag from /home/airflow/.local/lib/python3.12/site-packages/airflow/example_dags/example_task_group.py
[2026-09-06T09:26:09.500+0000] {processor.py:925} INFO - DAG(s) 'example_task_group' retrieved from /home/airflow/.local/lib/python3.12/site-packages/airflow/example_dags/example_task_group.py
[2026-09-06T09:26:09.519+0000] {logging_mixin.py:190} INFO - [2026-09-06T09:26:09.519+0000] {dag.py:3239} INFO - Sync 1 DAGs
[2026-09-06T09:26:09.532+0000] {logging_mixin.py:190} INFO - [2026-09-06T09:26:09.532+0000] {dag.py:4180} INFO - Setting next_dagrun for example_task_group to None, run_after=None
[2026-09-06T09:26:09.548+0000] {processor.py:208} INFO - Processing /home/airflow/.local/lib/python3.12/site-packages/airflow/example_dags/example_task_group.py took 0.067 seconds
[2026-09-06T09:26:40.552+0000] {processor.py:186} INFO - Started process (PID=4162) to work on /home/airflow/.local/lib/python3.12/site-packages/airflow/example_dags/example_task_group.py
[2026-09-06T09:26:40.554+0000] {processor.py:914} INFO - Processing file /home/airflow/.local/lib/python3.12/site-packages/airflow/example_dags/example_task_group.py for tasks to queue
[2026-09-06T09:26:40.556+0000] {logging_mixin.py:190} INFO - [2026-09-06T09:26:40.556+0000] {dagbag.py:588} INFO - Filling up the DagBag from /home/airflow/.local/lib/python3.12/site-packages/airflow/example_dags/example_task_group.py
[2026-09-06T09:26:40.566+0000] {processor.py:925} INFO - DAG(s) 'example_task_group' retrieved from /home/airflow/.local/lib/python3.12/site-packages/airflow/example_dags/example_task_group.py
[2026-09-06T09:26:40.596+0000] {logging_mixin.py:190} INFO - [2026-09-06T09:26:40.596+0000] {dag.py:3239} INFO - Sync 1 DAGs
[2026-09-06T09:26:40.611+0000] {logging_mixin.py:190} INFO - [2026-09-06T09:26:40.611+0000] {dag.py:4180} INFO - Setting next_dagrun for example_task_group to None, run_after=None
[2026-09-06T09:26:40.629+0000] {processor.py:208} INFO - Processing /home/airflow/.local/lib/python3.12/site-packages/airflow/example_dags/example_task_group.py took 0.083 seconds
[2026-09-06T09:27:11.632+0000] {processor.py:186} INFO - Started process (PID=4227) to work on /home/airflow/.local/lib/python3.12/site-packages/airflow/example_dags/example_task_group.py
[2026-09-06T09:27:11.633+0000] {processor.py:914} INFO - Processing file /home/airflow/.local/lib/python3.12/site-packages/airflow/example_dags/example_task_group.py for tasks to queue
[2026-09-06T09:27:11.636+0000] {logging_mixin.py:190} INFO - [2026-09-06T09:27:11.635+0000] {dagbag.py:588} INFO - Filling up the DagBag from /home/airflow/.local/lib/python3.12/site-packages/airflow/example_dags/example_task_group.py
[2026-09-06T09:27:11.645+0000] {processor.py:925} INFO - DAG(s) 'example_task_group' retrieved from /home/airflow/.local/lib/python3.12/site-packages/airflow/example_dags/example_task_group.py
[2026-09-06T09:27:11.664+0000] {logging_mixin.py:190} INFO - [2026-09-06T09:27:11.663+0000] {dag.py:3239} INFO - Sync 1 DAGs
[2026-09-06T09:27:11.676+0000] {logging_mixin.py:190} INFO - [2026-09-06T09:27:11.675+0000] {dag.py:4180} INFO - Setting next_dagrun for example_task_group to None, run_after=None
[2026-09-06T09:27:11.692+0000] {processor.py:208} INFO - Processing /home/airflow/.local/lib/python3.12/site-packages/airflow/example_dags/example_task_group.py took 0.066 seconds
