[2026-09-06T08:54:04.404+0000] {processor.py:186} INFO - Started process (PID=109) to work on /home/airflow/.local/lib/python3.12/site-packages/airflow/example_dags/example_dag_decorator.py
[2026-09-06T08:54:04.406+0000] {processor.py:914} INFO - Processing file /home/airflow/.local/lib/python3.12/site-packages/airflow/example_dags/example_dag_decorator.py for tasks to queue
[2026-09-06T08:54:04.408+0000] {logging_mixin.py:190} INFO - [2026-09-06T08:54:04.408+0000] {dagbag.py:588} INFO - Filling up the DagBag from /home/airflow/.local/lib/python3.12/site-packages/airflow/example_dags/example_dag_decorator.py
[2026-09-06T08:54:04.418+0000] {processor.py:925} INFO - DAG(s) 'example_dag_decorator' retrieved from /home/airflow/.local/lib/python3.12/site-packages/airflow/example_dags/example_dag_decorator.py
[2026-09-06T08:54:04.504+0000] {logging_mixin.py:190} INFO - [2026-09-06T08:54:04.504+0000] {override.py:1911} INFO - Created Permission View: can edit on DAG:example_dag_decorator
[2026-09-06T08:54:04.512+0000] {logging_mixin.py:190} INFO - [2026-09-06T08:54:04.512+0000] {override.py:1911} INFO - Created Permission View: can delete on DAG:example_dag_decorator
[2026-09-06T08:54:04.518+0000] {logging_mixin.py:190} INFO - [2026-09-06T08:54:04.518+0000] {override.py:1911} INFO - Created Permission View: can read on DAG:example_dag_decorator
[2026-09-06T08:54:04.527+0000] {logging_mixin.py:190} INFO - [2026-09-06T08:54:04.527+0000] {override.py:1911} INFO - Created Permission View: can create on DAG Run:example_dag_decorator
[2026-09-06T08:54:04.534+0000] {logging_mixin.py:190} INFO - [2026-09-06T08:54:04.533+0000] {override.py:1911} INFO - Created Permission View: can delete on DAG Run:example_dag_decorator
[2026-09-06T08:54:04.540+0000] {logging_mixin.py:190} INFO - [2026-09-06T08:54:04.539+0000] {override.py:1911} INFO - Created Permission View: can read on DAG Run:example_dag_decorator
[2026-09-06T08:54:04.545+0000] {logging_mixin.py:190} INFO - [2026-09-06T08:54:04.545+0000] {override.py:1911} INFO - Created Permission View: menu access on DAG Run:example_dag_decorator
[2026-09-06T08:54:04.546+0000] {logging_mixin.py:190} INFO - [2026-09-06T08:54:04.546+0000] {dag.py:3239} INFO - Sync 1 DAGs
[2026-09-06T08:54:04.555+0000] {logging_mixin.py:190} INFO - [2026-09-06T08:54:04.555+0000] {dag.py:3262} INFO - Creating ORM DAG for example_dag_decorator
[2026-09-06T08:54:04.556+0000] {logging_mixin.py:190} INFO - [2026-09-06T08:54:04.556+0000] {dag.py:4180} INFO - Setting next_dagrun for example_dag_decorator to None, run_after=None
[2026-09-06T08:54:04.569+0000] {processor.py:208} INFO - Processing /home/airflow/.local/lib/python3.12/site-packages/airflow/example_dags/example_dag_decorator.py took 0.169 seconds
[2026-09-06T08:54:34.986+0000] {processor.py:186} INFO - Started process (PID=172) to work on /home/airflow/.local/lib/python3.12/site-packages/airflow/example_dags/example_dag_decorator.py
[2026-09-06T08:54:34.987+0000] {processor.py:914} INFO - Processing file /home/airflow/.local/lib/python3.12/site-packages/airflow/example_dags/example_dag_decorator.py for tasks to queue
[2026-09-06T08:54:34.989+0000] {logging_mixin.py:190} INFO - [2026-09-06T08:54:34.988+0000] {dagbag.py:588} INFO - Filling up the DagBag from /home/airflow/.local/lib/python3.12/site-packages/airflow/example_dags/example_dag_decorator.py
[2026-09-06T08:54:34.997+0000] {processor.py:925} INFO - DAG(s) 'example_dag_decorator' retrieved from /home/airflow/.local/lib/python3.12/site-packages/airflow/example_dags/example_dag_decorator.py
[2026-09-06T08:54:35.015+0000] {logging_mixin.py:190} INFO - [2026-09-06T08:54:35.015+0000] {dag.py:3239} INFO - Sync 1 DAGs
[2026-09-06T08:54:35.026+0000] {logging_mixin.py:190} INFO - [2026-09-06T08:54:35.026+0000] {dag.py:4180} INFO - Setting next_dagrun for example_dag_decorator to None, run_after=None
[2026-09-06T08:54:35.040+0000] {processor.py:208} INFO - Processing /home/airflow/.local/lib/python3.12/site-packages/airflow/example_dags/example_dag_decorator.py took 0.059 seconds
[2026-09-06T08:55:05.765+0000] {processor.py:186} INFO - Started process (PID=235) to work on /home/airflow/.local/lib/python3.12/site-packages/airflow/example_dags/example_dag_decorator.py
[2026-09-06T08:55:05.766+0000] {processor.py:914} INFO - Processing file /home/airflow/.local/lib/python3.12/site-packages/airflow/example_dags/example_dag_decorator.py for tasks to queue
[2026-09-06T08:55:05.768+0000] {logging_mixin.py:190} INFO - [2026-09-06T08:55:05.768+0000] {dagbag.py:588} INFO - Filling up the DagBag from /home/airflow/.local/lib/python3.12/site-packages/airflow/example_dags/example_dag_decorator.py
[2026-09-06T08:55:05.778+0000] {processor.py:925} INFO - DAG(s) 'example_dag_decorator' retrieved from /home/airflow/.local/lib/python3.12/site-packages/airflow/example_dags/example_dag_decorator.py
[2026-09-06T08:55:05.798+0000] {logging_mixin.py:190} INFO - [2026-09-06T08:55:05.797+0000] {dag.py:3239} INFO - Sync 1 DAGs
[2026-09-06T08:55:05.809+0000] {logging_mixin.py:190} INFO - [2026-09-06T08:55:05.809+0000] {dag.py:4180} INFO - Setting next_dagrun for example_dag_decorator to None, run_after=None
[2026-09-06T08:55:05.825+0000] {processor.py:208} INFO - Processing /home/airflow/.local/lib/python3.12/site-packages/airflow/example_dags/example_dag_decorator.py took 0.065 seconds
[2026-09-06T08:55:36.656+0000] {processor.py:186} INFO - Started process (PID=298) to work on /home/airflow/.local/lib/python3.12/site-packages/airflow/example_dags/example_dag_decorator.py
[2026-09-06T08:55:36.657+0000] {processor.py:914} INFO - Processing file /home/airflow/.local/lib/python3.12/site-packages/airflow/example_dags/example_dag_decorator.py for tasks to queue
[2026-09-06T08:55:36.659+0000] {logging_mixin.py:190} INFO - [2026-09-06T08:55:36.659+0000] {dagbag.py:588} INFO - Filling up the DagBag from /home/airflow/.local/lib/python3.12/site-packages/airflow/example_dags/example_dag_decorator.py
[2026-09-06T08:55:36.668+0000] {processor.py:925} INFO - DAG(s) 'example_dag_decorator' retrieved from /home/airflow/.local/lib/python3.12/site-packages/airflow/example_dags/example_dag_decorator.py
[2026-09-06T08:55:36.685+0000] {logging_mixin.py:190} INFO - [2026-09-06T08:55:36.685+0000] {dag.py:3239} INFO - Sync 1 DAGs
[2026-09-06T08:55:36.696+0000] {logging_mixin.py:190} INFO - [2026-09-06T08:55:36.696+0000] {dag.py:4180} INFO - Setting next_dagrun for example_dag_decorator to None, run_after=None
[2026-09-06T08:55:36.710+0000] {processor.py:208} INFO - Processing /home/airflow/.local/lib/python3.12/site-packages/airflow/example_dags/example_dag_decorator.py took 0.058 seconds
[2026-09-06T08:56:07.114+0000] {processor.py:186} INFO - Started process (PID=360) to work on /home/airflow/.local/lib/python3.12/site-packages/airflow/example_dags/example_dag_decorator.py
[2026-09-06T08:56:07.115+0000] {processor.py:914} INFO - Processing file /home/airflow/.local/lib/python3.12/site-packages/airflow/example_dags/example_dag_decorator.py for tasks to queue
[2026-09-06T08:56:07.117+0000] {logging_mixin.py:190} INFO - [2026-09-06T08:56:07.117+0000] {dagbag.py:588} INFO - Filling up the DagBag from /home/airflow/.local/lib/python3.12/site-packages/airflow/example_dags/example_dag_decorator.py
[2026-09-06T08:56:07.126+0000] {processor.py:925} INFO - DAG(s) 'example_dag_decorator' retrieved from /home/airflow/.local/lib/python3.12/site-packages/airflow/example_dags/example_dag_decorator.py
[2026-09-06T08:56:07.145+0000] {logging_mixin.py:190} INFO - [2026-09-06T08:56:07.145+0000] {dag.py:3239} INFO - Sync 1 DAGs
[2026-09-06T08:56:07.157+0000] {logging_mixin.py:190} INFO - [2026-09-06T08:56:07.156+0000] {dag.py:4180} INFO - Setting next_dagrun for example_dag_decorator to None, run_after=None
[2026-09-06T08:56:07.172+0000] {processor.py:208} INFO - Processing /home/airflow/.local/lib/python3.12/site-packages/airflow/example_dags/example_dag_decorator.py took 0.063 seconds
[2026-09-06T08:56:37.408+0000] {processor.py:186} INFO - Started process (PID=423) to work on /home/airflow/.local/lib/python3.12/site-packages/airflow/example_dags/example_dag_decorator.py
[2026-09-06T08:56:37.409+0000] {processor.py:914} INFO - Processing file /home/airflow/.local/lib/python3.12/site-packages/airflow/example_dags/example_dag_decorator.py for tasks to queue
[2026-09-06T08:56:37.412+0000] {logging_mixin.py:190} INFO - [2026-09-06T08:56:37.411+0000] {dagbag.py:588} INFO - Filling up the DagBag from /home/airflow/.local/lib/python3.12/site-packages/airflow/example_dags/example_dag_decorator.py
[2026-09-06T08:56:37.422+0000] {processor.py:925} INFO - DAG(s) 'example_dag_decorator' retrieved from /home/airflow/.local/lib/python3.12/site-packages/airflow/example_dags/example_dag_decorator.py
[2026-09-06T08:56:37.509+0000] {logging_mixin.py:190} INFO - [2026-09-06T08:56:37.509+0000] {dag.py:3239} INFO - Sync 1 DAGs
[2026-09-06T08:56:37.520+0000] {logging_mixin.py:190} INFO - [2026-09-06T08:56:37.520+0000] {dag.py:4180} INFO - Setting next_dagrun for example_dag_decorator to None, run_after=None
[2026-09-06T08:56:37.539+0000] {processor.py:208} INFO - Processing /home/airflow/.local/lib/python3.12/site-packages/airflow/example_dags/example_dag_decorator.py took 0.136 seconds
[2026-09-06T08:57:07.906+0000] {processor.py:186} INFO - Started process (PID=486) to work on /home/airflow/.local/lib/python3.12/site-packages/airflow/example_dags/example_dag_decorator.py
[2026-09-06T08:57:07.907+0000] {processor.py:914} INFO - Processing file /home/airflow/.local/lib/python3.12/site-packages/airflow/example_dags/example_dag_decorator.py for tasks to queue
[2026-09-06T08:57:07.909+0000] {logging_mixin.py:190} INFO - [2026-09-06T08:57:07.909+0000] {dagbag.py:588} INFO - Filling up the DagBag from /home/airflow/.local/lib/python3.12/site-packages/airflow/example_dags/example_dag_decorator.py
[2026-09-06T08:57:07.919+0000] {processor.py:925} INFO - DAG(s) 'example_dag_decorator' retrieved from /home/airflow/.local/lib/python3.12/site-packages/airflow/example_dags/example_dag_decorator.py
[2026-09-06T08:57:07.999+0000] {logging_mixin.py:190} INFO - [2026-09-06T08:57:07.999+0000] {dag.py:3239} INFO - Sync 1 DAGs
[2026-09-06T08:57:08.008+0000] {logging_mixin.py:190} INFO - [2026-09-06T08:57:08.008+0000] {dag.py:4180} INFO - Setting next_dagrun for example_dag_decorator to None, run_after=None
[2026-09-06T08:57:08.023+0000] {processor.py:208} INFO - Processing /home/airflow/.local/lib/python3.12/site-packages/airflow/example_dags/example_dag_decorator.py took 0.122 seconds
[2026-09-06T08:57:38.577+0000] {processor.py:186} INFO - Started process (PID=549) to work on /home/airflow/.local/lib/python3.12/site-packages/airflow/example_dags/example_dag_decorator.py
[2026-09-06T08:57:38.578+0000] {processor.py:914} INFO - Processing file /home/airflow/.local/lib/python3.12/site-packages/airflow/example_dags/example_dag_decorator.py for tasks to queue
[2026-09-06T08:57:38.580+0000] {logging_mixin.py:190} INFO - [2026-09-06T08:57:38.580+0000] {dagbag.py:588} INFO - Filling up the DagBag from /home/airflow/.local/lib/python3.12/site-packages/airflow/example_dags/example_dag_decorator.py
[2026-09-06T08:57:38.590+0000] {processor.py:925} INFO - DAG(s) 'example_dag_decorator' retrieved from /home/airflow/.local/lib/python3.12/site-packages/airflow/example_dags/example_dag_decorator.py
[2026-09-06T08:57:38.685+0000] {logging_mixin.py:190} INFO - [2026-09-06T08:57:38.685+0000] {dag.py:3239} INFO - Sync 1 DAGs
[2026-09-06T08:57:38.696+0000] {logging_mixin.py:190} INFO - [2026-09-06T08:57:38.696+0000] {dag.py:4180} INFO - Setting next_dagrun for example_dag_decorator to None, run_after=None
[2026-09-06T08:57:38.711+0000] {processor.py:208} INFO - Processing /home/airflow/.local/lib/python3.12/site-packages/airflow/example_dags/example_dag_decorator.py took 0.139 seconds
[2026-09-06T08:58:09.581+0000] {processor.py:186} INFO - Started process (PID=612) to work on /home/airflow/.local/lib/python3.12/site-packages/airflow/example_dags/example_dag_decorator.py
[2026-09-06T08:58:09.582+0000] {processor.py:914} INFO - Processing file /home/airflow/.local/lib/python3.12/site-packages/airflow/example_dags/example_dag_decorator.py for tasks to queue
[2026-09-06T08:58:09.584+0000] {logging_mixin.py:190} INFO - [2026-09-06T08:58:09.584+0000] {dagbag.py:588} INFO - Filling up the DagBag from /home/airflow/.local/lib/python3.12/site-packages/airflow/example_dags/example_dag_decorator.py
[2026-09-06T08:58:09.593+0000] {processor.py:925} INFO - DAG(s) 'example_dag_decorator' retrieved from /home/airflow/.local/lib/python3.12/site-packages/airflow/example_dags/example_dag_decorator.py
[2026-09-06T08:58:09.684+0000] {logging_mixin.py:190} INFO - [2026-09-06T08:58:09.684+0000] {dag.py:3239} INFO - Sync 1 DAGs
[2026-09-06T08:58:09.696+0000] {logging_mixin.py:190} INFO - [2026-09-06T08:58:09.695+0000] {dag.py:4180} INFO - Setting next_dagrun for example_dag_decorator to None, run_after=None
[2026-09-06T08:58:09.711+0000] {processor.py:208} INFO - Processing /home/airflow/.local/lib/python3.12/site-packages/airflow/example_dags/example_dag_decorator.py took 0.134 seconds
[2026-09-06T08:58:40.517+0000] {processor.py:186} INFO - Started process (PID=675) to work on /home/airflow/.local/lib/python3.12/site-packages/airflow/example_dags/example_dag_decorator.py
[2026-09-06T08:58:40.518+0000] {processor.py:914} INFO - Processing file /home/airflow/.local/lib/python3.12/site-packages/airflow/example_dags/example_dag_decorator.py for tasks to queue
[2026-09-06T08:58:40.520+0000] {logging_mixin.py:190} INFO - [2026-09-06T08:58:40.519+0000] {dagbag.py:588} INFO - Filling up the DagBag from /home/airflow/.local/lib/python3.12/site-packages/airflow/example_dags/example_dag_decorator.py
[2026-09-06T08:58:40.529+0000] {processor.py:925} INFO - DAG(s) 'example_dag_decorator' retrieved from /home/airflow/.local/lib/python3.12/site-packages/airflow/example_dags/example_dag_decorator.py
[2026-09-06T08:58:40.611+0000] {logging_mixin.py:190} INFO - [2026-09-06T08:58:40.611+0000] {dag.py:3239} INFO - Sync 1 DAGs
[2026-09-06T08:58:40.620+0000] {logging_mixin.py:190} INFO - [2026-09-06T08:58:40.620+0000] {dag.py:4180} INFO - Setting next_dagrun for example_dag_decorator to None, run_after=None
[2026-09-06T08:58:40.635+0000] {processor.py:208} INFO - Processing /home/airflow/.local/lib/python3.12/site-packages/airflow/example_dags/example_dag_decorator.py took 0.123 seconds
[2026-09-06T08:59:11.928+0000] {processor.py:186} INFO - Started process (PID=739) to work on /home/airflow/.local/lib/python3.12/site-packages/airflow/example_dags/example_dag_decorator.py
[2026-09-06T08:59:11.929+0000] {processor.py:914} INFO - Processing file /home/airflow/.local/lib/python3.12/site-packages/airflow/example_dags/example_dag_decorator.py for tasks to queue
[2026-09-06T08:59:11.932+0000] {logging_mixin.py:190} INFO - [2026-09-06T08:59:11.931+0000] {dagbag.py:588} INFO - Filling up the DagBag from /home/airflow/.local/lib/python3.12/site-packages/airflow/example_dags/example_dag_decorator.py
[2026-09-06T08:59:11.943+0000] {processor.py:925} INFO - DAG(s) 'example_dag_decorator' retrieved from /home/airflow/.local/lib/python3.12/site-packages/airflow/example_dags/example_dag_decorator.py
[2026-09-06T08:59:12.038+0000] {logging_mixin.py:190} INFO - [2026-09-06T08:59:12.037+0000] {dag.py:3239} INFO - Sync 1 DAGs
[2026-09-06T08:59:12.047+0000] {logging_mixin.py:190} INFO - [2026-09-06T08:59:12.047+0000] {dag.py:4180} INFO - Setting next_dagrun for example_dag_decorator to None, run_after=None
[2026-09-06T08:59:12.063+0000] {processor.py:208} INFO - Processing /home/airflow/.local/lib/python3.12/site-packages/airflow/example_dags/example_dag_decorator.py took 0.140 seconds
[2026-09-06T08:59:42.555+0000] {processor.py:186} INFO - Started process (PID=803) to work on /home/airflow/.local/lib/python3.12/site-packages/airflow/example_dags/example_dag_decorator.py
[2026-09-06T08:59:42.556+0000] {processor.py:914} INFO - Processing file /home/airflow/.local/lib/python3.12/site-packages/airflow/example_dags/example_dag_decorator.py for tasks to queue
[2026-09-06T08:59:42.558+0000] {logging_mixin.py:190} INFO - [2026-09-06T08:59:42.558+0000] {dagbag.py:588} INFO - Filling up the DagBag from /home/airflow/.local/lib/python3.12/site-packages/airflow/example_dags/example_dag_decorator.py
[2026-09-06T08:59:42.567+0000] {processor.py:925} INFO - DAG(s) 'example_dag_decorator' retrieved from /home/airflow/.local/lib/python3.12/site-packages/airflow/example_dags/example_dag_decorator.py
[2026-09-06T08:59:42.650+0000] {logging_mixin.py:190} INFO - [2026-09-06T08:59:42.650+0000] {dag.py:3239} INFO - Sync 1 DAGs
[2026-09-06T08:59:42.659+0000] {logging_mixin.py:190} INFO - [2026-09-06T08:59:42.659+0000] {dag.py:4180} INFO - Setting next_dagrun for example_dag_decorator to None, run_after=None
[2026-09-06T08:59:42.674+0000] {processor.py:208} INFO - Processing /home/airflow/.local/lib/python3.12/site-packages/airflow/example_dags/example_dag_decorator.py took 0.123 seconds
[2026-09-06T09:00:13.824+0000] {processor.py:186} INFO - Started process (PID=867) to work on /home/airflow/.local/lib/python3.12/site-packages/airflow/example_dags/example_dag_decorator.py
[2026-09-06T09:00:13.825+0000] {processor.py:914} INFO - Processing file /home/airflow/.local/lib/python3.12/site-packages/airflow/example_dags/example_dag_decorator.py for tasks to queue
[2026-09-06T09:00:13.826+0000] {logging_mixin.py:190} INFO - [2026-09-06T09:00:13.826+0000] {dagbag.py:588} INFO - Filling up the DagBag from /home/airflow/.local/lib/python3.12/site-packages/airflow/example_dags/example_dag_decorator.py
[2026-09-06T09:00:13.835+0000] {processor.py:925} INFO - DAG(s) 'example_dag_decorator' retrieved from /home/airflow/.local/lib/python3.12/site-packages/airflow/example_dags/example_dag_decorator.py
[2026-09-06T09:00:13.913+0000] {logging_mixin.py:190} INFO - [2026-09-06T09:00:13.912+0000] {dag.py:3239} INFO - Sync 1 DAGs
[2026-09-06T09:00:13.922+0000] {logging_mixin.py:190} INFO - [2026-09-06T09:00:13.922+0000] {dag.py:4180} INFO - Setting next_dagrun for example_dag_decorator to None, run_after=None
[2026-09-06T09:00:13.938+0000] {processor.py:208} INFO - Processing /home/airflow/.local/lib/python3.12/site-packages/airflow/example_dags/example_dag_decorator.py took 0.119 seconds
[2026-09-06T09:00:45.769+0000] {processor.py:186} INFO - Started process (PID=930) to work on /home/airflow/.local/lib/python3.12/site-packages/airflow/example_dags/example_dag_decorator.py
[2026-09-06T09:00:45.770+0000] {processor.py:914} INFO - Processing file /home/airflow/.local/lib/python3.12/site-packages/airflow/example_dags/example_dag_decorator.py for tasks to queue
[2026-09-06T09:00:45.772+0000] {logging_mixin.py:190} INFO - [2026-09-06T09:00:45.772+0000] {dagbag.py:588} INFO - Filling up the DagBag from /home/airflow/.local/lib/python3.12/site-packages/airflow/example_dags/example_dag_decorator.py
[2026-09-06T09:00:45.781+0000] {processor.py:925} INFO - DAG(s) 'example_dag_decorator' retrieved from /home/airflow/.local/lib/python3.12/site-packages/airflow/example_dags/example_dag_decorator.py
[2026-09-06T09:00:45.857+0000] {logging_mixin.py:190} INFO - [2026-09-06T09:00:45.857+0000] {dag.py:3239} INFO - Sync 1 DAGs
[2026-09-06T09:00:45.866+0000] {logging_mixin.py:190} INFO - [2026-09-06T09:00:45.866+0000] {dag.py:4180} INFO - Setting next_dagrun for example_dag_decorator to None, run_after=None
[2026-09-06T09:00:45.879+0000] {processor.py:208} INFO - Processing /home/airflow/.local/lib/python3.12/site-packages/airflow/example_dags/example_dag_decorator.py took 0.115 seconds
[2026-09-06T09:01:16.452+0000] {processor.py:186} INFO - Started process (PID=994) to work on /home/airflow/.local/lib/python3.12/site-packages/airflow/example_dags/example_dag_decorator.py
[2026-09-06T09:01:16.454+0000] {processor.py:914} INFO - Processing file /home/airflow/.local/lib/python3.12/site-packages/airflow/example_dags/example_dag_decorator.py for tasks to queue
[2026-09-06T09:01:16.459+0000] {logging_mixin.py:190} INFO - [2026-09-06T09:01:16.459+0000] {dagbag.py:588} INFO - Filling up the DagBag from /home/airflow/.local/lib/python3.12/site-packages/airflow/example_dags/example_dag_decorator.py
[2026-09-06T09:01:16.480+0000] {processor.py:925} INFO - DAG(s) 'example_dag_decorator' retrieved from /home/airflow/.local/lib/python3.12/site-packages/airflow/example_dags/example_dag_decorator.py
[2026-09-06T09:01:16.586+0000] {logging_mixin.py:190} INFO - [2026-09-06T09:01:16.585+0000] {dag.py:3239} INFO - Sync 1 DAGs
[2026-09-06T09:01:16.596+0000] {logging_mixin.py:190} INFO - [2026-09-06T09:01:16.596+0000] {dag.py:4180} INFO - Setting next_dagrun for example_dag_decorator to None, run_after=None
[2026-09-06T09:01:16.616+0000] {processor.py:208} INFO - Processing /home/airflow/.local/lib/python3.12/site-packages/airflow/example_dags/example_dag_decorator.py took 0.175 seconds
[2026-09-06T09:01:47.755+0000] {processor.py:186} INFO - Started process (PID=1059) to work on /home/airflow/.local/lib/python3.12/site-packages/airflow/example_dags/example_dag_decorator.py
[2026-09-06T09:01:47.755+0000] {processor.py:914} INFO - Processing file /home/airflow/.local/lib/python3.12/site-packages/airflow/example_dags/example_dag_decorator.py for tasks to queue
[2026-09-06T09:01:47.757+0000] {logging_mixin.py:190} INFO - [2026-09-06T09:01:47.757+0000] {dagbag.py:588} INFO - Filling up the DagBag from /home/airflow/.local/lib/python3.12/site-packages/airflow/example_dags/example_dag_decorator.py
[2026-09-06T09:01:47.766+0000] {processor.py:925} INFO - DAG(s) 'example_dag_decorator' retrieved from /home/airflow/.local/lib/python3.12/site-packages/airflow/example_dags/example_dag_decorator.py
[2026-09-06T09:01:47.850+0000] {logging_mixin.py:190} INFO - [2026-09-06T09:01:47.849+0000] {dag.py:3239} INFO - Sync 1 DAGs
[2026-09-06T09:01:47.859+0000] {logging_mixin.py:190} INFO - [2026-09-06T09:01:47.859+0000] {dag.py:4180} INFO - Setting next_dagrun for example_dag_decorator to None, run_after=None
[2026-09-06T09:01:47.875+0000] {processor.py:208} INFO - Processing /home/airflow/.local/lib/python3.12/site-packages/airflow/example_dags/example_dag_decorator.py took 0.124 seconds
[2026-09-06T09:02:18.349+0000] {processor.py:186} INFO - Started process (PID=1122) to work on /home/airflow/.local/lib/python3.12/site-packages/airflow/example_dags/example_dag_decorator.py
[2026-09-06T09:02:18.350+0000] {processor.py:914} INFO - Processing file /home/airflow/.local/lib/python3.12/site-packages/airflow/example_dags/example_dag_decorator.py for tasks to queue
[2026-09-06T09:02:18.352+0000] {logging_mixin.py:190} INFO - [2026-09-06T09:02:18.352+0000] {dagbag.py:588} INFO - Filling up the DagBag from /home/airflow/.local/lib/python3.12/site-packages/airflow/example_dags/example_dag_decorator.py
[2026-09-06T09:02:18.362+0000] {processor.py:925} INFO - DAG(s) 'example_dag_decorator' retrieved from /home/airflow/.local/lib/python3.12/site-packages/airflow/example_dags/example_dag_decorator.py
[2026-09-06T09:02:18.445+0000] {logging_mixin.py:190} INFO - [2026-09-06T09:02:18.445+0000] {dag.py:3239} INFO - Sync 1 DAGs
[2026-09-06T09:02:18.454+0000] {logging_mixin.py:190} INFO - [2026-09-06T09:02:18.453+0000] {dag.py:4180} INFO - Setting next_dagrun for example_dag_decorator to None, run_after=None
[2026-09-06T09:02:18.468+0000] {processor.py:208} INFO - Processing /home/airflow/.local/lib/python3.12/site-packages/airflow/example_dags/example_dag_decorator.py took 0.124 seconds
[2026-09-06T09:02:49.438+0000] {processor.py:186} INFO - Started process (PID=1186) to work on /home/airflow/.local/lib/python3.12/site-packages/airflow/example_dags/example_dag_decorator.py
[2026-09-06T09:02:49.440+0000] {processor.py:914} INFO - Processing file /home/airflow/.local/lib/python3.12/site-packages/airflow/example_dags/example_dag_decorator.py for tasks to queue
[2026-09-06T09:02:49.442+0000] {logging_mixin.py:190} INFO - [2026-09-06T09:02:49.441+0000] {dagbag.py:588} INFO - Filling up the DagBag from /home/airflow/.local/lib/python3.12/site-packages/airflow/example_dags/example_dag_decorator.py
[2026-09-06T09:02:49.452+0000] {processor.py:925} INFO - DAG(s) 'example_dag_decorator' retrieved from /home/airflow/.local/lib/python3.12/site-packages/airflow/example_dags/example_dag_decorator.py
[2026-09-06T09:02:49.538+0000] {logging_mixin.py:190} INFO - [2026-09-06T09:02:49.538+0000] {dag.py:3239} INFO - Sync 1 DAGs
[2026-09-06T09:02:49.547+0000] {logging_mixin.py:190} INFO - [2026-09-06T09:02:49.547+0000] {dag.py:4180} INFO - Setting next_dagrun for example_dag_decorator to None, run_after=None
[2026-09-06T09:02:49.570+0000] {processor.py:208} INFO - Processing /home/airflow/.local/lib/python3.12/site-packages/airflow/example_dags/example_dag_decorator.py took 0.136 seconds
[2026-09-06T09:03:20.221+0000] {processor.py:186} INFO - Started process (PID=1250) to work on /home/airflow/.local/lib/python3.12/site-packages/airflow/example_dags/example_dag_decorator.py
[2026-09-06T09:03:20.222+0000] {processor.py:914} INFO - Processing file /home/airflow/.local/lib/python3.12/site-packages/airflow/example_dags/example_dag_decorator.py for tasks to queue
[2026-09-06T09:03:20.224+0000] {logging_mixin.py:190} INFO - [2026-09-06T09:03:20.224+0000] {dagbag.py:588} INFO - Filling up the DagBag from /home/airflow/.local/lib/python3.12/site-packages/airflow/example_dags/example_dag_decorator.py
[2026-09-06T09:03:20.236+0000] {processor.py:925} INFO - DAG(s) 'example_dag_decorator' retrieved from /home/airflow/.local/lib/python3.12/site-packages/airflow/example_dags/example_dag_decorator.py
[2026-09-06T09:03:20.330+0000] {logging_mixin.py:190} INFO - [2026-09-06T09:03:20.330+0000] {dag.py:3239} INFO - Sync 1 DAGs
[2026-09-06T09:03:20.340+0000] {logging_mixin.py:190} INFO - [2026-09-06T09:03:20.340+0000] {dag.py:4180} INFO - Setting next_dagrun for example_dag_decorator to None, run_after=None
[2026-09-06T09:03:20.368+0000] {processor.py:208} INFO - Processing /home/airflow/.local/lib/python3.12/site-packages/airflow/example_dags/example_dag_decorator.py took 0.152 seconds
[2026-09-06T09:03:51.093+0000] {processor.py:186} INFO - Started process (PID=1314) to work on /home/airflow/.local/lib/python3.12/site-packages/airflow/example_dags/example_dag_decorator.py
[2026-09-06T09:03:51.094+0000] {processor.py:914} INFO - Processing file /home/airflow/.local/lib/python3.12/site-packages/airflow/example_dags/example_dag_decorator.py for tasks to queue
[2026-09-06T09:03:51.097+0000] {logging_mixin.py:190} INFO - [2026-09-06T09:03:51.096+0000] {dagbag.py:588} INFO - Filling up the DagBag from /home/airflow/.local/lib/python3.12/site-packages/airflow/example_dags/example_dag_decorator.py
[2026-09-06T09:03:51.108+0000] {processor.py:925} INFO - DAG(s) 'example_dag_decorator' retrieved from /home/airflow/.local/lib/python3.12/site-packages/airflow/example_dags/example_dag_decorator.py
[2026-09-06T09:03:51.199+0000] {logging_mixin.py:190} INFO - [2026-09-06T09:03:51.199+0000] {dag.py:3239} INFO - Sync 1 DAGs
[2026-09-06T09:03:51.210+0000] {logging_mixin.py:190} INFO - [2026-09-06T09:03:51.210+0000] {dag.py:4180} INFO - Setting next_dagrun for example_dag_decorator to None, run_after=None
[2026-09-06T09:03:51.239+0000] {processor.py:208} INFO - Processing /home/airflow/.local/lib/python3.12/site-packages/airflow/example_dags/example_dag_decorator.py took 0.152 seconds
[2026-09-06T09:04:21.920+0000] {processor.py:186} INFO - Started process (PID=1378) to work on /home/airflow/.local/lib/python3.12/site-packages/airflow/example_dags/example_dag_decorator.py
[2026-09-06T09:04:21.921+0000] {processor.py:914} INFO - Processing file /home/airflow/.local/lib/python3.12/site-packages/airflow/example_dags/example_dag_decorator.py for tasks to queue
[2026-09-06T09:04:21.923+0000] {logging_mixin.py:190} INFO - [2026-09-06T09:04:21.922+0000] {dagbag.py:588} INFO - Filling up the DagBag from /home/airflow/.local/lib/python3.12/site-packages/airflow/example_dags/example_dag_decorator.py
[2026-09-06T09:04:21.932+0000] {processor.py:925} INFO - DAG(s) 'example_dag_decorator' retrieved from /home/airflow/.local/lib/python3.12/site-packages/airflow/example_dags/example_dag_decorator.py
[2026-09-06T09:04:22.013+0000] {logging_mixin.py:190} INFO - [2026-09-06T09:04:22.013+0000] {dag.py:3239} INFO - Sync 1 DAGs
[2026-09-06T09:04:22.023+0000] {logging_mixin.py:190} INFO - [2026-09-06T09:04:22.023+0000] {dag.py:4180} INFO - Setting next_dagrun for example_dag_decorator to None, run_after=None
[2026-09-06T09:04:22.042+0000] {processor.py:208} INFO - Processing /home/airflow/.local/lib/python3.12/site-packages/airflow/example_dags/example_dag_decorator.py took 0.127 seconds
[2026-09-06T09:04:53.311+0000] {processor.py:186} INFO - Started process (PID=1443) to work on /home/airflow/.local/lib/python3.12/site-packages/airflow/example_dags/example_dag_decorator.py
[2026-09-06T09:04:53.312+0000] {processor.py:914} INFO - Processing file /home/airflow/.local/lib/python3.12/site-packages/airflow/example_dags/example_dag_decorator.py for tasks to queue
[2026-09-06T09:04:53.314+0000] {logging_mixin.py:190} INFO - [2026-09-06T09:04:53.314+0000] {dagbag.py:588} INFO - Filling up the DagBag from /home/airflow/.local/lib/python3.12/site-packages/airflow/example_dags/example_dag_decorator.py
[2026-09-06T09:04:53.323+0000] {processor.py:925} INFO - DAG(s) 'example_dag_decorator' retrieved from /home/airflow/.local/lib/python3.12/site-packages/airflow/example_dags/example_dag_decorator.py
[2026-09-06T09:04:53.406+0000] {logging_mixin.py:190} INFO - [2026-09-06T09:04:53.406+0000] {dag.py:3239} INFO - Sync 1 DAGs
[2026-09-06T09:04:53.415+0000] {logging_mixin.py:190} INFO - [2026-09-06T09:04:53.415+0000] {dag.py:4180} INFO - Setting next_dagrun for example_dag_decorator to None, run_after=None
[2026-09-06T09:04:53.430+0000] {processor.py:208} INFO - Processing /home/airflow/.local/lib/python3.12/site-packages/airflow/example_dags/example_dag_decorator.py took 0.124 seconds
[2026-09-06T09:05:24.292+0000] {processor.py:186} INFO - Started process (PID=1506) to work on /home/airflow/.local/lib/python3.12/site-packages/airflow/example_dags/example_dag_decorator.py
[2026-09-06T09:05:24.293+0000] {processor.py:914} INFO - Processing file /home/airflow/.local/lib/python3.12/site-packages/airflow/example_dags/example_dag_decorator.py for tasks to queue
[2026-09-06T09:05:24.295+0000] {logging_mixin.py:190} INFO - [2026-09-06T09:05:24.295+0000] {dagbag.py:588} INFO - Filling up the DagBag from /home/airflow/.local/lib/python3.12/site-packages/airflow/example_dags/example_dag_decorator.py
[2026-09-06T09:05:24.304+0000] {processor.py:925} INFO - DAG(s) 'example_dag_decorator' retrieved from /home/airflow/.local/lib/python3.12/site-packages/airflow/example_dags/example_dag_decorator.py
[2026-09-06T09:05:24.322+0000] {logging_mixin.py:190} INFO - [2026-09-06T09:05:24.321+0000] {dag.py:3239} INFO - Sync 1 DAGs
[2026-09-06T09:05:24.335+0000] {logging_mixin.py:190} INFO - [2026-09-06T09:05:24.334+0000] {dag.py:4180} INFO - Setting next_dagrun for example_dag_decorator to None, run_after=None
[2026-09-06T09:05:24.352+0000] {processor.py:208} INFO - Processing /home/airflow/.local/lib/python3.12/site-packages/airflow/example_dags/example_dag_decorator.py took 0.064 seconds
[2026-09-06T09:05:55.116+0000] {processor.py:186} INFO - Started process (PID=1570) to work on /home/airflow/.local/lib/python3.12/site-packages/airflow/example_dags/example_dag_decorator.py
[2026-09-06T09:05:55.117+0000] {processor.py:914} INFO - Processing file /home/airflow/.local/lib/python3.12/site-packages/airflow/example_dags/example_dag_decorator.py for tasks to queue
[2026-09-06T09:05:55.119+0000] {logging_mixin.py:190} INFO - [2026-09-06T09:05:55.119+0000] {dagbag.py:588} INFO - Filling up the DagBag from /home/airflow/.local/lib/python3.12/site-packages/airflow/example_dags/example_dag_decorator.py
[2026-09-06T09:05:55.128+0000] {processor.py:925} INFO - DAG(s) 'example_dag_decorator' retrieved from /home/airflow/.local/lib/python3.12/site-packages/airflow/example_dags/example_dag_decorator.py
[2026-09-06T09:05:55.210+0000] {logging_mixin.py:190} INFO - [2026-09-06T09:05:55.209+0000] {dag.py:3239} INFO - Sync 1 DAGs
[2026-09-06T09:05:55.219+0000] {logging_mixin.py:190} INFO - [2026-09-06T09:05:55.219+0000] {dag.py:4180} INFO - Setting next_dagrun for example_dag_decorator to None, run_after=None
[2026-09-06T09:05:55.233+0000] {processor.py:208} INFO - Processing /home/airflow/.local/lib/python3.12/site-packages/airflow/example_dags/example_dag_decorator.py took 0.122 seconds
[2026-09-06T09:06:25.959+0000] {processor.py:186} INFO - Started process (PID=1634) to work on /home/airflow/.local/lib/python3.12/site-packages/airflow/example_dags/example_dag_decorator.py
[2026-09-06T09:06:25.960+0000] {processor.py:914} INFO - Processing file /home/airflow/.local/lib/python3.12/site-packages/airflow/example_dags/example_dag_decorator.py for tasks to queue
[2026-09-06T09:06:25.962+0000] {logging_mixin.py:190} INFO - [2026-09-06T09:06:25.962+0000] {dagbag.py:588} INFO - Filling up the DagBag from /home/airflow/.local/lib/python3.12/site-packages/airflow/example_dags/example_dag_decorator.py
[2026-09-06T09:06:25.971+0000] {processor.py:925} INFO - DAG(s) 'example_dag_decorator' retrieved from /home/airflow/.local/lib/python3.12/site-packages/airflow/example_dags/example_dag_decorator.py
[2026-09-06T09:06:26.050+0000] {logging_mixin.py:190} INFO - [2026-09-06T09:06:26.050+0000] {dag.py:3239} INFO - Sync 1 DAGs
[2026-09-06T09:06:26.058+0000] {logging_mixin.py:190} INFO - [2026-09-06T09:06:26.058+0000] {dag.py:4180} INFO - Setting next_dagrun for example_dag_decorator to None, run_after=None
[2026-09-06T09:06:26.074+0000] {processor.py:208} INFO - Processing /home/airflow/.local/lib/python3.12/site-packages/airflow/example_dags/example_dag_decorator.py took 0.120 seconds
[2026-09-06T09:06:56.922+0000] {processor.py:186} INFO - Started process (PID=1698) to work on /home/airflow/.local/lib/python3.12/site-packages/airflow/example_dags/example_dag_decorator.py
[2026-09-06T09:06:56.923+0000] {processor.py:914} INFO - Processing file /home/airflow/.local/lib/python3.12/site-packages/airflow/example_dags/example_dag_decorator.py for tasks to queue
[2026-09-06T09:06:56.925+0000] {logging_mixin.py:190} INFO - [2026-09-06T09:06:56.924+0000] {dagbag.py:588} INFO - Filling up the DagBag from /home/airflow/.local/lib/python3.12/site-packages/airflow/example_dags/example_dag_decorator.py
[2026-09-06T09:06:56.935+0000] {processor.py:925} INFO - DAG(s) 'example_dag_decorator' retrieved from /home/airflow/.local/lib/python3.12/site-packages/airflow/example_dags/example_dag_decorator.py
[2026-09-06T09:06:57.026+0000] {logging_mixin.py:190} INFO - [2026-09-06T09:06:57.026+0000] {dag.py:3239} INFO - Sync 1 DAGs
[2026-09-06T09:06:57.039+0000] {logging_mixin.py:190} INFO - [2026-09-06T09:06:57.038+0000] {dag.py:4180} INFO - Setting next_dagrun for example_dag_decorator to None, run_after=None
[2026-09-06T09:06:57.056+0000] {processor.py:208} INFO - Processing /home/airflow/.local/lib/python3.12/site-packages/airflow/example_dags/example_dag_decorator.py took 0.139 seconds
[2026-09-06T09:07:27.843+0000] {processor.py:186} INFO - Started process (PID=1762) to work on /home/airflow/.local/lib/python3.12/site-packages/airflow/example_dags/example_dag_decorator.py
[2026-09-06T09:07:27.844+0000] {processor.py:914} INFO - Processing file /home/airflow/.local/lib/python3.12/site-packages/airflow/example_dags/example_dag_decorator.py for tasks to queue
[2026-09-06T09:07:27.846+0000] {logging_mixin.py:190} INFO - [2026-09-06T09:07:27.846+0000] {dagbag.py:588} INFO - Filling up the DagBag from /home/airflow/.local/lib/python3.12/site-packages/airflow/example_dags/example_dag_decorator.py
[2026-09-06T09:07:27.856+0000] {processor.py:925} INFO - DAG(s) 'example_dag_decorator' retrieved from /home/airflow/.local/lib/python3.12/site-packages/airflow/example_dags/example_dag_decorator.py
[2026-09-06T09:07:27.937+0000] {logging_mixin.py:190} INFO - [2026-09-06T09:07:27.937+0000] {dag.py:3239} INFO - Sync 1 DAGs
[2026-09-06T09:07:27.946+0000] {logging_mixin.py:190} INFO - [2026-09-06T09:07:27.946+0000] {dag.py:4180} INFO - Setting next_dagrun for example_dag_decorator to None, run_after=None
[2026-09-06T09:07:27.960+0000] {processor.py:208} INFO - Processing /home/airflow/.local/lib/python3.12/site-packages/airflow/example_dags/example_dag_decorator.py took 0.122 seconds
[2026-09-06T09:07:58.613+0000] {processor.py:186} INFO - Started process (PID=1832) to work on /home/airflow/.local/lib/python3.12/site-packages/airflow/example_dags/example_dag_decorator.py
[2026-09-06T09:07:58.614+0000] {processor.py:914} INFO - Processing file /home/airflow/.local/lib/python3.12/site-packages/airflow/example_dags/example_dag_decorator.py for tasks to queue
[2026-09-06T09:07:58.616+0000] {logging_mixin.py:190} INFO - [2026-09-06T09:07:58.616+0000] {dagbag.py:588} INFO - Filling up the DagBag from /home/airflow/.local/lib/python3.12/site-packages/airflow/example_dags/example_dag_decorator.py
[2026-09-06T09:07:58.625+0000] {processor.py:925} INFO - DAG(s) 'example_dag_decorator' retrieved from /home/airflow/.local/lib/python3.12/site-packages/airflow/example_dags/example_dag_decorator.py
[2026-09-06T09:07:58.705+0000] {logging_mixin.py:190} INFO - [2026-09-06T09:07:58.705+0000] {dag.py:3239} INFO - Sync 1 DAGs
[2026-09-06T09:07:58.714+0000] {logging_mixin.py:190} INFO - [2026-09-06T09:07:58.714+0000] {dag.py:4180} INFO - Setting next_dagrun for example_dag_decorator to None, run_after=None
[2026-09-06T09:07:58.728+0000] {processor.py:208} INFO - Processing /home/airflow/.local/lib/python3.12/site-packages/airflow/example_dags/example_dag_decorator.py took 0.120 seconds
[2026-09-06T09:08:29.338+0000] {processor.py:186} INFO - Started process (PID=1896) to work on /home/airflow/.local/lib/python3.12/site-packages/airflow/example_dags/example_dag_decorator.py
[2026-09-06T09:08:29.339+0000] {processor.py:914} INFO - Processing file /home/airflow/.local/lib/python3.12/site-packages/airflow/example_dags/example_dag_decorator.py for tasks to queue
[2026-09-06T09:08:29.341+0000] {logging_mixin.py:190} INFO - [2026-09-06T09:08:29.341+0000] {dagbag.py:588} INFO - Filling up the DagBag from /home/airflow/.local/lib/python3.12/site-packages/airflow/example_dags/example_dag_decorator.py
[2026-09-06T09:08:29.350+0000] {processor.py:925} INFO - DAG(s) 'example_dag_decorator' retrieved from /home/airflow/.local/lib/python3.12/site-packages/airflow/example_dags/example_dag_decorator.py
[2026-09-06T09:08:29.425+0000] {logging_mixin.py:190} INFO - [2026-09-06T09:08:29.425+0000] {dag.py:3239} INFO - Sync 1 DAGs
[2026-09-06T09:08:29.434+0000] {logging_mixin.py:190} INFO - [2026-09-06T09:08:29.434+0000] {dag.py:4180} INFO - Setting next_dagrun for example_dag_decorator to None, run_after=None
[2026-09-06T09:08:29.447+0000] {processor.py:208} INFO - Processing /home/airflow/.local/lib/python3.12/site-packages/airflow/example_dags/example_dag_decorator.py took 0.115 seconds
[2026-09-06T09:09:00.001+0000] {processor.py:186} INFO - Started process (PID=1960) to work on /home/airflow/.local/lib/python3.12/site-packages/airflow/example_dags/example_dag_decorator.py
[2026-09-06T09:09:00.002+0000] {processor.py:914} INFO - Processing file /home/airflow/.local/lib/python3.12/site-packages/airflow/example_dags/example_dag_decorator.py for tasks to queue
[2026-09-06T09:09:00.005+0000] {logging_mixin.py:190} INFO - [2026-09-06T09:09:00.004+0000] {dagbag.py:588} INFO - Filling up the DagBag from /home/airflow/.local/lib/python3.12/site-packages/airflow/example_dags/example_dag_decorator.py
[2026-09-06T09:09:00.014+0000] {processor.py:925} INFO - DAG(s) 'example_dag_decorator' retrieved from /home/airflow/.local/lib/python3.12/site-packages/airflow/example_dags/example_dag_decorator.py
[2026-09-06T09:09:00.099+0000] {logging_mixin.py:190} INFO - [2026-09-06T09:09:00.099+0000] {dag.py:3239} INFO - Sync 1 DAGs
[2026-09-06T09:09:00.108+0000] {logging_mixin.py:190} INFO - [2026-09-06T09:09:00.108+0000] {dag.py:4180} INFO - Setting next_dagrun for example_dag_decorator to None, run_after=None
[2026-09-06T09:09:00.123+0000] {processor.py:208} INFO - Processing /home/airflow/.local/lib/python3.12/site-packages/airflow/example_dags/example_dag_decorator.py took 0.126 seconds
[2026-09-06T09:09:30.686+0000] {processor.py:186} INFO - Started process (PID=2024) to work on /home/airflow/.local/lib/python3.12/site-packages/airflow/example_dags/example_dag_decorator.py
[2026-09-06T09:09:30.687+0000] {processor.py:914} INFO - Processing file /home/airflow/.local/lib/python3.12/site-packages/airflow/example_dags/example_dag_decorator.py for tasks to queue
[2026-09-06T09:09:30.690+0000] {logging_mixin.py:190} INFO - [2026-09-06T09:09:30.690+0000] {dagbag.py:588} INFO - Filling up the DagBag from /home/airflow/.local/lib/python3.12/site-packages/airflow/example_dags/example_dag_decorator.py
[2026-09-06T09:09:30.702+0000] {processor.py:925} INFO - DAG(s) 'example_dag_decorator' retrieved from /home/airflow/.local/lib/python3.12/site-packages/airflow/example_dags/example_dag_decorator.py
[2026-09-06T09:09:30.791+0000] {logging_mixin.py:190} INFO - [2026-09-06T09:09:30.791+0000] {dag.py:3239} INFO - Sync 1 DAGs
[2026-09-06T09:09:30.801+0000] {logging_mixin.py:190} INFO - [2026-09-06T09:09:30.801+0000] {dag.py:4180} INFO - Setting next_dagrun for example_dag_decorator to None, run_after=None
[2026-09-06T09:09:30.817+0000] {processor.py:208} INFO - Processing /home/airflow/.local/lib/python3.12/site-packages/airflow/example_dags/example_dag_decorator.py took 0.136 seconds
[2026-09-06T09:10:02.177+0000] {processor.py:186} INFO - Started process (PID=2088) to work on /home/airflow/.local/lib/python3.12/site-packages/airflow/example_dags/example_dag_decorator.py
[2026-09-06T09:10:02.178+0000] {processor.py:914} INFO - Processing file /home/airflow/.local/lib/python3.12/site-packages/airflow/example_dags/example_dag_decorator.py for tasks to queue
[2026-09-06T09:10:02.181+0000] {logging_mixin.py:190} INFO - [2026-09-06T09:10:02.180+0000] {dagbag.py:588} INFO - Filling up the DagBag from /home/airflow/.local/lib/python3.12/site-packages/airflow/example_dags/example_dag_decorator.py
[2026-09-06T09:10:02.191+0000] {processor.py:925} INFO - DAG(s) 'example_dag_decorator' retrieved from /home/airflow/.local/lib/python3.12/site-packages/airflow/example_dags/example_dag_decorator.py
[2026-09-06T09:10:02.282+0000] {logging_mixin.py:190} INFO - [2026-09-06T09:10:02.282+0000] {dag.py:3239} INFO - Sync 1 DAGs
[2026-09-06T09:10:02.291+0000] {logging_mixin.py:190} INFO - [2026-09-06T09:10:02.291+0000] {dag.py:4180} INFO - Setting next_dagrun for example_dag_decorator to None, run_after=None
[2026-09-06T09:10:02.310+0000] {processor.py:208} INFO - Processing /home/airflow/.local/lib/python3.12/site-packages/airflow/example_dags/example_dag_decorator.py took 0.139 seconds
[2026-09-06T09:10:33.674+0000] {processor.py:186} INFO - Started process (PID=2152) to work on /home/airflow/.local/lib/python3.12/site-packages/airflow/example_dags/example_dag_decorator.py
[2026-09-06T09:10:33.675+0000] {processor.py:914} INFO - Processing file /home/airflow/.local/lib/python3.12/site-packages/airflow/example_dags/example_dag_decorator.py for tasks to queue
[2026-09-06T09:10:33.677+0000] {logging_mixin.py:190} INFO - [2026-09-06T09:10:33.677+0000] {dagbag.py:588} INFO - Filling up the DagBag from /home/airflow/.local/lib/python3.12/site-packages/airflow/example_dags/example_dag_decorator.py
[2026-09-06T09:10:33.687+0000] {processor.py:925} INFO - DAG(s) 'example_dag_decorator' retrieved from /home/airflow/.local/lib/python3.12/site-packages/airflow/example_dags/example_dag_decorator.py
[2026-09-06T09:10:33.779+0000] {logging_mixin.py:190} INFO - [2026-09-06T09:10:33.779+0000] {dag.py:3239} INFO - Sync 1 DAGs
[2026-09-06T09:10:33.791+0000] {logging_mixin.py:190} INFO - [2026-09-06T09:10:33.791+0000] {dag.py:4180} INFO - Setting next_dagrun for example_dag_decorator to None, run_after=None
[2026-09-06T09:10:33.810+0000] {processor.py:208} INFO - Processing /home/airflow/.local/lib/python3.12/site-packages/airflow/example_dags/example_dag_decorator.py took 0.141 seconds
[2026-09-06T09:11:05.606+0000] {processor.py:186} INFO - Started process (PID=2217) to work on /home/airflow/.local/lib/python3.12/site-packages/airflow/example_dags/example_dag_decorator.py
[2026-09-06T09:11:05.607+0000] {processor.py:914} INFO - Processing file /home/airflow/.local/lib/python3.12/site-packages/airflow/example_dags/example_dag_decorator.py for tasks to queue
[2026-09-06T09:11:05.609+0000] {logging_mixin.py:190} INFO - [2026-09-06T09:11:05.609+0000] {dagbag.py:588} INFO - Filling up the DagBag from /home/airflow/.local/lib/python3.12/site-packages/airflow/example_dags/example_dag_decorator.py
[2026-09-06T09:11:05.618+0000] {processor.py:925} INFO - DAG(s) 'example_dag_decorator' retrieved from /home/airflow/.local/lib/python3.12/site-packages/airflow/example_dags/example_dag_decorator.py
[2026-09-06T09:11:05.700+0000] {logging_mixin.py:190} INFO - [2026-09-06T09:11:05.699+0000] {dag.py:3239} INFO - Sync 1 DAGs
[2026-09-06T09:11:05.709+0000] {logging_mixin.py:190} INFO - [2026-09-06T09:11:05.709+0000] {dag.py:4180} INFO - Setting next_dagrun for example_dag_decorator to None, run_after=None
[2026-09-06T09:11:05.724+0000] {processor.py:208} INFO - Processing /home/airflow/.local/lib/python3.12/site-packages/airflow/example_dags/example_dag_decorator.py took 0.123 seconds
[2026-09-06T09:11:36.314+0000] {processor.py:186} INFO - Started process (PID=2281) to work on /home/airflow/.local/lib/python3.12/site-packages/airflow/example_dags/example_dag_decorator.py
[2026-09-06T09:11:36.315+0000] {processor.py:914} INFO - Processing file /home/airflow/.local/lib/python3.12/site-packages/airflow/example_dags/example_dag_decorator.py for tasks to queue
[2026-09-06T09:11:36.317+0000] {logging_mixin.py:190} INFO - [2026-09-06T09:11:36.317+0000] {dagbag.py:588} INFO - Filling up the DagBag from /home/airflow/.local/lib/python3.12/site-packages/airflow/example_dags/example_dag_decorator.py
[2026-09-06T09:11:36.327+0000] {processor.py:925} INFO - DAG(s) 'example_dag_decorator' retrieved from /home/airflow/.local/lib/python3.12/site-packages/airflow/example_dags/example_dag_decorator.py
[2026-09-06T09:11:36.411+0000] {logging_mixin.py:190} INFO - [2026-09-06T09:11:36.411+0000] {dag.py:3239} INFO - Sync 1 DAGs
[2026-09-06T09:11:36.423+0000] {logging_mixin.py:190} INFO - [2026-09-06T09:11:36.423+0000] {dag.py:4180} INFO - Setting next_dagrun for example_dag_decorator to None, run_after=None
[2026-09-06T09:11:36.440+0000] {processor.py:208} INFO - Processing /home/airflow/.local/lib/python3.12/site-packages/airflow/example_dags/example_dag_decorator.py took 0.131 seconds
[2026-09-06T09:12:08.350+0000] {processor.py:186} INFO - Started process (PID=2345) to work on /home/airflow/.local/lib/python3.12/site-packages/airflow/example_dags/example_dag_decorator.py
[2026-09-06T09:12:08.350+0000] {processor.py:914} INFO - Processing file /home/airflow/.local/lib/python3.12/site-packages/airflow/example_dags/example_dag_decorator.py for tasks to queue
[2026-09-06T09:12:08.353+0000] {logging_mixin.py:190} INFO - [2026-09-06T09:12:08.352+0000] {dagbag.py:588} INFO - Filling up the DagBag from /home/airflow/.local/lib/python3.12/site-packages/airflow/example_dags/example_dag_decorator.py
[2026-09-06T09:12:08.362+0000] {processor.py:925} INFO - DAG(s) 'example_dag_decorator' retrieved from /home/airflow/.local/lib/python3.12/site-packages/airflow/example_dags/example_dag_decorator.py
[2026-09-06T09:12:08.441+0000] {logging_mixin.py:190} INFO - [2026-09-06T09:12:08.440+0000] {dag.py:3239} INFO - Sync 1 DAGs
[2026-09-06T09:12:08.449+0000] {logging_mixin.py:190} INFO - [2026-09-06T09:12:08.449+0000] {dag.py:4180} INFO - Setting next_dagrun for example_dag_decorator to None, run_after=None
[2026-09-06T09:12:08.462+0000] {processor.py:208} INFO - Processing /home/airflow/.local/lib/python3.12/site-packages/airflow/example_dags/example_dag_decorator.py took 0.117 seconds
[2026-09-06T09:12:39.444+0000] {processor.py:186} INFO - Started process (PID=2409) to work on /home/airflow/.local/lib/python3.12/site-packages/airflow/example_dags/example_dag_decorator.py
[2026-09-06T09:12:39.445+0000] {processor.py:914} INFO - Processing file /home/airflow/.local/lib/python3.12/site-packages/airflow/example_dags/example_dag_decorator.py for tasks to queue
[2026-09-06T09:12:39.447+0000] {logging_mixin.py:190} INFO - [2026-09-06T09:12:39.447+0000] {dagbag.py:588} INFO - Filling up the DagBag from /home/airflow/.local/lib/python3.12/site-packages/airflow/example_dags/example_dag_decorator.py
[2026-09-06T09:12:39.457+0000] {processor.py:925} INFO - DAG(s) 'example_dag_decorator' retrieved from /home/airflow/.local/lib/python3.12/site-packages/airflow/example_dags/example_dag_decorator.py
[2026-09-06T09:12:39.540+0000] {logging_mixin.py:190} INFO - [2026-09-06T09:12:39.540+0000] {dag.py:3239} INFO - Sync 1 DAGs
[2026-09-06T09:12:39.753+0000] {logging_mixin.py:190} INFO - [2026-09-06T09:12:39.752+0000] {dag.py:4180} INFO - Setting next_dagrun for example_dag_decorator to None, run_after=None
[2026-09-06T09:12:39.768+0000] {processor.py:208} INFO - Processing /home/airflow/.local/lib/python3.12/site-packages/airflow/example_dags/example_dag_decorator.py took 0.328 seconds
[2026-09-06T09:13:10.998+0000] {processor.py:186} INFO - Started process (PID=2474) to work on /home/airflow/.local/lib/python3.12/site-packages/airflow/example_dags/example_dag_decorator.py
[2026-09-06T09:13:10.999+0000] {processor.py:914} INFO - Processing file /home/airflow/.local/lib/python3.12/site-packages/airflow/example_dags/example_dag_decorator.py for tasks to queue
[2026-09-06T09:13:11.002+0000] {logging_mixin.py:190} INFO - [2026-09-06T09:13:11.002+0000] {dagbag.py:588} INFO - Filling up the DagBag from /home/airflow/.local/lib/python3.12/site-packages/airflow/example_dags/example_dag_decorator.py
[2026-09-06T09:13:11.012+0000] {processor.py:925} INFO - DAG(s) 'example_dag_decorator' retrieved from /home/airflow/.local/lib/python3.12/site-packages/airflow/example_dags/example_dag_decorator.py
[2026-09-06T09:13:11.105+0000] {logging_mixin.py:190} INFO - [2026-09-06T09:13:11.104+0000] {dag.py:3239} INFO - Sync 1 DAGs
[2026-09-06T09:13:11.115+0000] {logging_mixin.py:190} INFO - [2026-09-06T09:13:11.115+0000] {dag.py:4180} INFO - Setting next_dagrun for example_dag_decorator to None, run_after=None
[2026-09-06T09:13:11.344+0000] {processor.py:208} INFO - Processing /home/airflow/.local/lib/python3.12/site-packages/airflow/example_dags/example_dag_decorator.py took 0.350 seconds
[2026-09-06T09:13:41.744+0000] {processor.py:186} INFO - Started process (PID=2539) to work on /home/airflow/.local/lib/python3.12/site-packages/airflow/example_dags/example_dag_decorator.py
[2026-09-06T09:13:41.745+0000] {processor.py:914} INFO - Processing file /home/airflow/.local/lib/python3.12/site-packages/airflow/example_dags/example_dag_decorator.py for tasks to queue
[2026-09-06T09:13:41.747+0000] {logging_mixin.py:190} INFO - [2026-09-06T09:13:41.747+0000] {dagbag.py:588} INFO - Filling up the DagBag from /home/airflow/.local/lib/python3.12/site-packages/airflow/example_dags/example_dag_decorator.py
[2026-09-06T09:13:41.756+0000] {processor.py:925} INFO - DAG(s) 'example_dag_decorator' retrieved from /home/airflow/.local/lib/python3.12/site-packages/airflow/example_dags/example_dag_decorator.py
[2026-09-06T09:13:41.836+0000] {logging_mixin.py:190} INFO - [2026-09-06T09:13:41.835+0000] {dag.py:3239} INFO - Sync 1 DAGs
[2026-09-06T09:13:41.844+0000] {logging_mixin.py:190} INFO - [2026-09-06T09:13:41.844+0000] {dag.py:4180} INFO - Setting next_dagrun for example_dag_decorator to None, run_after=None
[2026-09-06T09:13:41.860+0000] {processor.py:208} INFO - Processing /home/airflow/.local/lib/python3.12/site-packages/airflow/example_dags/example_dag_decorator.py took 0.120 seconds
[2026-09-06T09:14:12.726+0000] {processor.py:186} INFO - Started process (PID=2602) to work on /home/airflow/.local/lib/python3.12/site-packages/airflow/example_dags/example_dag_decorator.py
[2026-09-06T09:14:12.727+0000] {processor.py:914} INFO - Processing file /home/airflow/.local/lib/python3.12/site-packages/airflow/example_dags/example_dag_decorator.py for tasks to queue
[2026-09-06T09:14:12.729+0000] {logging_mixin.py:190} INFO - [2026-09-06T09:14:12.728+0000] {dagbag.py:588} INFO - Filling up the DagBag from /home/airflow/.local/lib/python3.12/site-packages/airflow/example_dags/example_dag_decorator.py
[2026-09-06T09:14:12.738+0000] {processor.py:925} INFO - DAG(s) 'example_dag_decorator' retrieved from /home/airflow/.local/lib/python3.12/site-packages/airflow/example_dags/example_dag_decorator.py
[2026-09-06T09:14:12.828+0000] {logging_mixin.py:190} INFO - [2026-09-06T09:14:12.828+0000] {dag.py:3239} INFO - Sync 1 DAGs
[2026-09-06T09:14:12.838+0000] {logging_mixin.py:190} INFO - [2026-09-06T09:14:12.838+0000] {dag.py:4180} INFO - Setting next_dagrun for example_dag_decorator to None, run_after=None
[2026-09-06T09:14:12.852+0000] {processor.py:208} INFO - Processing /home/airflow/.local/lib/python3.12/site-packages/airflow/example_dags/example_dag_decorator.py took 0.131 seconds
[2026-09-06T09:14:44.279+0000] {processor.py:186} INFO - Started process (PID=2666) to work on /home/airflow/.local/lib/python3.12/site-packages/airflow/example_dags/example_dag_decorator.py
[2026-09-06T09:14:44.280+0000] {processor.py:914} INFO - Processing file /home/airflow/.local/lib/python3.12/site-packages/airflow/example_dags/example_dag_decorator.py for tasks to queue
[2026-09-06T09:14:44.283+0000] {logging_mixin.py:190} INFO - [2026-09-06T09:14:44.283+0000] {dagbag.py:588} INFO - Filling up the DagBag from /home/airflow/.local/lib/python3.12/site-packages/airflow/example_dags/example_dag_decorator.py
[2026-09-06T09:14:44.293+0000] {processor.py:925} INFO - DAG(s) 'example_dag_decorator' retrieved from /home/airflow/.local/lib/python3.12/site-packages/airflow/example_dags/example_dag_decorator.py
[2026-09-06T09:14:44.386+0000] {logging_mixin.py:190} INFO - [2026-09-06T09:14:44.385+0000] {dag.py:3239} INFO - Sync 1 DAGs
[2026-09-06T09:14:44.395+0000] {logging_mixin.py:190} INFO - [2026-09-06T09:14:44.395+0000] {dag.py:4180} INFO - Setting next_dagrun for example_dag_decorator to None, run_after=None
[2026-09-06T09:14:44.411+0000] {processor.py:208} INFO - Processing /home/airflow/.local/lib/python3.12/site-packages/airflow/example_dags/example_dag_decorator.py took 0.137 seconds
[2026-09-06T09:15:15.357+0000] {processor.py:186} INFO - Started process (PID=2730) to work on /home/airflow/.local/lib/python3.12/site-packages/airflow/example_dags/example_dag_decorator.py
[2026-09-06T09:15:15.358+0000] {processor.py:914} INFO - Processing file /home/airflow/.local/lib/python3.12/site-packages/airflow/example_dags/example_dag_decorator.py for tasks to queue
[2026-09-06T09:15:15.360+0000] {logging_mixin.py:190} INFO - [2026-09-06T09:15:15.360+0000] {dagbag.py:588} INFO - Filling up the DagBag from /home/airflow/.local/lib/python3.12/site-packages/airflow/example_dags/example_dag_decorator.py
[2026-09-06T09:15:15.370+0000] {processor.py:925} INFO - DAG(s) 'example_dag_decorator' retrieved from /home/airflow/.local/lib/python3.12/site-packages/airflow/example_dags/example_dag_decorator.py
[2026-09-06T09:15:15.647+0000] {logging_mixin.py:190} INFO - [2026-09-06T09:15:15.646+0000] {dag.py:3239} INFO - Sync 1 DAGs
[2026-09-06T09:15:15.656+0000] {logging_mixin.py:190} INFO - [2026-09-06T09:15:15.656+0000] {dag.py:4180} INFO - Setting next_dagrun for example_dag_decorator to None, run_after=None
[2026-09-06T09:15:15.671+0000] {processor.py:208} INFO - Processing /home/airflow/.local/lib/python3.12/site-packages/airflow/example_dags/example_dag_decorator.py took 0.319 seconds
[2026-09-06T09:15:46.453+0000] {processor.py:186} INFO - Started process (PID=2798) to work on /home/airflow/.local/lib/python3.12/site-packages/airflow/example_dags/example_dag_decorator.py
[2026-09-06T09:15:46.454+0000] {processor.py:914} INFO - Processing file /home/airflow/.local/lib/python3.12/site-packages/airflow/example_dags/example_dag_decorator.py for tasks to queue
[2026-09-06T09:15:46.457+0000] {logging_mixin.py:190} INFO - [2026-09-06T09:15:46.456+0000] {dagbag.py:588} INFO - Filling up the DagBag from /home/airflow/.local/lib/python3.12/site-packages/airflow/example_dags/example_dag_decorator.py
[2026-09-06T09:15:46.468+0000] {processor.py:925} INFO - DAG(s) 'example_dag_decorator' retrieved from /home/airflow/.local/lib/python3.12/site-packages/airflow/example_dags/example_dag_decorator.py
[2026-09-06T09:15:46.728+0000] {logging_mixin.py:190} INFO - [2026-09-06T09:15:46.728+0000] {dag.py:3239} INFO - Sync 1 DAGs
[2026-09-06T09:15:46.738+0000] {logging_mixin.py:190} INFO - [2026-09-06T09:15:46.737+0000] {dag.py:4180} INFO - Setting next_dagrun for example_dag_decorator to None, run_after=None
[2026-09-06T09:15:46.759+0000] {processor.py:208} INFO - Processing /home/airflow/.local/lib/python3.12/site-packages/airflow/example_dags/example_dag_decorator.py took 0.310 seconds
[2026-09-06T09:16:16.937+0000] {processor.py:186} INFO - Started process (PID=2862) to work on /home/airflow/.local/lib/python3.12/site-packages/airflow/example_dags/example_dag_decorator.py
[2026-09-06T09:16:16.939+0000] {processor.py:914} INFO - Processing file /home/airflow/.local/lib/python3.12/site-packages/airflow/example_dags/example_dag_decorator.py for tasks to queue
[2026-09-06T09:16:16.941+0000] {logging_mixin.py:190} INFO - [2026-09-06T09:16:16.941+0000] {dagbag.py:588} INFO - Filling up the DagBag from /home/airflow/.local/lib/python3.12/site-packages/airflow/example_dags/example_dag_decorator.py
[2026-09-06T09:16:16.953+0000] {processor.py:925} INFO - DAG(s) 'example_dag_decorator' retrieved from /home/airflow/.local/lib/python3.12/site-packages/airflow/example_dags/example_dag_decorator.py
[2026-09-06T09:16:17.232+0000] {logging_mixin.py:190} INFO - [2026-09-06T09:16:17.232+0000] {dag.py:3239} INFO - Sync 1 DAGs
[2026-09-06T09:16:17.240+0000] {logging_mixin.py:190} INFO - [2026-09-06T09:16:17.240+0000] {dag.py:4180} INFO - Setting next_dagrun for example_dag_decorator to None, run_after=None
[2026-09-06T09:16:17.253+0000] {processor.py:208} INFO - Processing /home/airflow/.local/lib/python3.12/site-packages/airflow/example_dags/example_dag_decorator.py took 0.322 seconds
[2026-09-06T09:16:50.090+0000] {processor.py:186} INFO - Started process (PID=2939) to work on /home/airflow/.local/lib/python3.12/site-packages/airflow/example_dags/example_dag_decorator.py
[2026-09-06T09:16:50.091+0000] {processor.py:914} INFO - Processing file /home/airflow/.local/lib/python3.12/site-packages/airflow/example_dags/example_dag_decorator.py for tasks to queue
[2026-09-06T09:16:50.093+0000] {logging_mixin.py:190} INFO - [2026-09-06T09:16:50.093+0000] {dagbag.py:588} INFO - Filling up the DagBag from /home/airflow/.local/lib/python3.12/site-packages/airflow/example_dags/example_dag_decorator.py
[2026-09-06T09:16:50.105+0000] {processor.py:925} INFO - DAG(s) 'example_dag_decorator' retrieved from /home/airflow/.local/lib/python3.12/site-packages/airflow/example_dags/example_dag_decorator.py
[2026-09-06T09:16:50.186+0000] {logging_mixin.py:190} INFO - [2026-09-06T09:16:50.186+0000] {dag.py:3239} INFO - Sync 1 DAGs
[2026-09-06T09:16:50.382+0000] {logging_mixin.py:190} INFO - [2026-09-06T09:16:50.381+0000] {dag.py:4180} INFO - Setting next_dagrun for example_dag_decorator to None, run_after=None
[2026-09-06T09:16:50.397+0000] {processor.py:208} INFO - Processing /home/airflow/.local/lib/python3.12/site-packages/airflow/example_dags/example_dag_decorator.py took 0.312 seconds
[2026-09-06T09:17:20.982+0000] {processor.py:186} INFO - Started process (PID=3003) to work on /home/airflow/.local/lib/python3.12/site-packages/airflow/example_dags/example_dag_decorator.py
[2026-09-06T09:17:20.983+0000] {processor.py:914} INFO - Processing file /home/airflow/.local/lib/python3.12/site-packages/airflow/example_dags/example_dag_decorator.py for tasks to queue
[2026-09-06T09:17:20.985+0000] {logging_mixin.py:190} INFO - [2026-09-06T09:17:20.985+0000] {dagbag.py:588} INFO - Filling up the DagBag from /home/airflow/.local/lib/python3.12/site-packages/airflow/example_dags/example_dag_decorator.py
[2026-09-06T09:17:20.995+0000] {processor.py:925} INFO - DAG(s) 'example_dag_decorator' retrieved from /home/airflow/.local/lib/python3.12/site-packages/airflow/example_dags/example_dag_decorator.py
[2026-09-06T09:17:21.247+0000] {logging_mixin.py:190} INFO - [2026-09-06T09:17:21.246+0000] {dag.py:3239} INFO - Sync 1 DAGs
[2026-09-06T09:17:21.255+0000] {logging_mixin.py:190} INFO - [2026-09-06T09:17:21.255+0000] {dag.py:4180} INFO - Setting next_dagrun for example_dag_decorator to None, run_after=None
[2026-09-06T09:17:21.269+0000] {processor.py:208} INFO - Processing /home/airflow/.local/lib/python3.12/site-packages/airflow/example_dags/example_dag_decorator.py took 0.292 seconds
[2026-09-06T09:17:51.347+0000] {processor.py:186} INFO - Started process (PID=3068) to work on /home/airflow/.local/lib/python3.12/site-packages/airflow/example_dags/example_dag_decorator.py
[2026-09-06T09:17:51.348+0000] {processor.py:914} INFO - Processing file /home/airflow/.local/lib/python3.12/site-packages/airflow/example_dags/example_dag_decorator.py for tasks to queue
[2026-09-06T09:17:51.350+0000] {logging_mixin.py:190} INFO - [2026-09-06T09:17:51.349+0000] {dagbag.py:588} INFO - Filling up the DagBag from /home/airflow/.local/lib/python3.12/site-packages/airflow/example_dags/example_dag_decorator.py
[2026-09-06T09:17:51.359+0000] {processor.py:925} INFO - DAG(s) 'example_dag_decorator' retrieved from /home/airflow/.local/lib/python3.12/site-packages/airflow/example_dags/example_dag_decorator.py
[2026-09-06T09:17:51.618+0000] {logging_mixin.py:190} INFO - [2026-09-06T09:17:51.618+0000] {dag.py:3239} INFO - Sync 1 DAGs
[2026-09-06T09:17:51.626+0000] {logging_mixin.py:190} INFO - [2026-09-06T09:17:51.626+0000] {dag.py:4180} INFO - Setting next_dagrun for example_dag_decorator to None, run_after=None
[2026-09-06T09:17:51.641+0000] {processor.py:208} INFO - Processing /home/airflow/.local/lib/python3.12/site-packages/airflow/example_dags/example_dag_decorator.py took 0.299 seconds
[2026-09-06T09:18:22.431+0000] {processor.py:186} INFO - Started process (PID=3128) to work on /home/airflow/.local/lib/python3.12/site-packages/airflow/example_dags/example_dag_decorator.py
[2026-09-06T09:18:22.433+0000] {processor.py:914} INFO - Processing file /home/airflow/.local/lib/python3.12/site-packages/airflow/example_dags/example_dag_decorator.py for tasks to queue
[2026-09-06T09:18:22.435+0000] {logging_mixin.py:190} INFO - [2026-09-06T09:18:22.435+0000] {dagbag.py:588} INFO - Filling up the DagBag from /home/airflow/.local/lib/python3.12/site-packages/airflow/example_dags/example_dag_decorator.py
[2026-09-06T09:18:22.445+0000] {processor.py:925} INFO - DAG(s) 'example_dag_decorator' retrieved from /home/airflow/.local/lib/python3.12/site-packages/airflow/example_dags/example_dag_decorator.py
[2026-09-06T09:18:22.730+0000] {logging_mixin.py:190} INFO - [2026-09-06T09:18:22.729+0000] {dag.py:3239} INFO - Sync 1 DAGs
[2026-09-06T09:18:22.738+0000] {logging_mixin.py:190} INFO - [2026-09-06T09:18:22.738+0000] {dag.py:4180} INFO - Setting next_dagrun for example_dag_decorator to None, run_after=None
[2026-09-06T09:18:22.752+0000] {processor.py:208} INFO - Processing /home/airflow/.local/lib/python3.12/site-packages/airflow/example_dags/example_dag_decorator.py took 0.325 seconds
[2026-09-06T09:18:56.897+0000] {processor.py:186} INFO - Started process (PID=3193) to work on /home/airflow/.local/lib/python3.12/site-packages/airflow/example_dags/example_dag_decorator.py
[2026-09-06T09:18:56.898+0000] {processor.py:914} INFO - Processing file /home/airflow/.local/lib/python3.12/site-packages/airflow/example_dags/example_dag_decorator.py for tasks to queue
[2026-09-06T09:18:56.900+0000] {logging_mixin.py:190} INFO - [2026-09-06T09:18:56.900+0000] {dagbag.py:588} INFO - Filling up the DagBag from /home/airflow/.local/lib/python3.12/site-packages/airflow/example_dags/example_dag_decorator.py
[2026-09-06T09:18:56.910+0000] {processor.py:925} INFO - DAG(s) 'example_dag_decorator' retrieved from /home/airflow/.local/lib/python3.12/site-packages/airflow/example_dags/example_dag_decorator.py
[2026-09-06T09:18:57.181+0000] {logging_mixin.py:190} INFO - [2026-09-06T09:18:57.181+0000] {dag.py:3239} INFO - Sync 1 DAGs
[2026-09-06T09:18:57.189+0000] {logging_mixin.py:190} INFO - [2026-09-06T09:18:57.189+0000] {dag.py:4180} INFO - Setting next_dagrun for example_dag_decorator to None, run_after=None
[2026-09-06T09:18:57.203+0000] {processor.py:208} INFO - Processing /home/airflow/.local/lib/python3.12/site-packages/airflow/example_dags/example_dag_decorator.py took 0.310 seconds
[2026-09-06T09:19:27.282+0000] {processor.py:186} INFO - Started process (PID=3257) to work on /home/airflow/.local/lib/python3.12/site-packages/airflow/example_dags/example_dag_decorator.py
[2026-09-06T09:19:27.284+0000] {processor.py:914} INFO - Processing file /home/airflow/.local/lib/python3.12/site-packages/airflow/example_dags/example_dag_decorator.py for tasks to queue
[2026-09-06T09:19:27.286+0000] {logging_mixin.py:190} INFO - [2026-09-06T09:19:27.286+0000] {dagbag.py:588} INFO - Filling up the DagBag from /home/airflow/.local/lib/python3.12/site-packages/airflow/example_dags/example_dag_decorator.py
[2026-09-06T09:19:27.296+0000] {processor.py:925} INFO - DAG(s) 'example_dag_decorator' retrieved from /home/airflow/.local/lib/python3.12/site-packages/airflow/example_dags/example_dag_decorator.py
[2026-09-06T09:19:27.582+0000] {logging_mixin.py:190} INFO - [2026-09-06T09:19:27.582+0000] {dag.py:3239} INFO - Sync 1 DAGs
[2026-09-06T09:19:27.591+0000] {logging_mixin.py:190} INFO - [2026-09-06T09:19:27.590+0000] {dag.py:4180} INFO - Setting next_dagrun for example_dag_decorator to None, run_after=None
[2026-09-06T09:19:27.604+0000] {processor.py:208} INFO - Processing /home/airflow/.local/lib/python3.12/site-packages/airflow/example_dags/example_dag_decorator.py took 0.327 seconds
[2026-09-06T09:19:58.549+0000] {processor.py:186} INFO - Started process (PID=3321) to work on /home/airflow/.local/lib/python3.12/site-packages/airflow/example_dags/example_dag_decorator.py
[2026-09-06T09:19:58.550+0000] {processor.py:914} INFO - Processing file /home/airflow/.local/lib/python3.12/site-packages/airflow/example_dags/example_dag_decorator.py for tasks to queue
[2026-09-06T09:19:58.552+0000] {logging_mixin.py:190} INFO - [2026-09-06T09:19:58.552+0000] {dagbag.py:588} INFO - Filling up the DagBag from /home/airflow/.local/lib/python3.12/site-packages/airflow/example_dags/example_dag_decorator.py
[2026-09-06T09:19:58.562+0000] {processor.py:925} INFO - DAG(s) 'example_dag_decorator' retrieved from /home/airflow/.local/lib/python3.12/site-packages/airflow/example_dags/example_dag_decorator.py
[2026-09-06T09:19:58.812+0000] {logging_mixin.py:190} INFO - [2026-09-06T09:19:58.812+0000] {dag.py:3239} INFO - Sync 1 DAGs
[2026-09-06T09:19:58.820+0000] {logging_mixin.py:190} INFO - [2026-09-06T09:19:58.820+0000] {dag.py:4180} INFO - Setting next_dagrun for example_dag_decorator to None, run_after=None
[2026-09-06T09:19:58.834+0000] {processor.py:208} INFO - Processing /home/airflow/.local/lib/python3.12/site-packages/airflow/example_dags/example_dag_decorator.py took 0.288 seconds
[2026-09-06T09:20:29.768+0000] {processor.py:186} INFO - Started process (PID=3391) to work on /home/airflow/.local/lib/python3.12/site-packages/airflow/example_dags/example_dag_decorator.py
[2026-09-06T09:20:29.769+0000] {processor.py:914} INFO - Processing file /home/airflow/.local/lib/python3.12/site-packages/airflow/example_dags/example_dag_decorator.py for tasks to queue
[2026-09-06T09:20:29.771+0000] {logging_mixin.py:190} INFO - [2026-09-06T09:20:29.770+0000] {dagbag.py:588} INFO - Filling up the DagBag from /home/airflow/.local/lib/python3.12/site-packages/airflow/example_dags/example_dag_decorator.py
[2026-09-06T09:20:29.780+0000] {processor.py:925} INFO - DAG(s) 'example_dag_decorator' retrieved from /home/airflow/.local/lib/python3.12/site-packages/airflow/example_dags/example_dag_decorator.py
[2026-09-06T09:20:29.862+0000] {logging_mixin.py:190} INFO - [2026-09-06T09:20:29.862+0000] {dag.py:3239} INFO - Sync 1 DAGs
[2026-09-06T09:20:29.873+0000] {logging_mixin.py:190} INFO - [2026-09-06T09:20:29.873+0000] {dag.py:4180} INFO - Setting next_dagrun for example_dag_decorator to None, run_after=None
[2026-09-06T09:20:29.889+0000] {processor.py:208} INFO - Processing /home/airflow/.local/lib/python3.12/site-packages/airflow/example_dags/example_dag_decorator.py took 0.126 seconds
[2026-09-06T09:21:00.097+0000] {processor.py:186} INFO - Started process (PID=3454) to work on /home/airflow/.local/lib/python3.12/site-packages/airflow/example_dags/example_dag_decorator.py
[2026-09-06T09:21:00.098+0000] {processor.py:914} INFO - Processing file /home/airflow/.local/lib/python3.12/site-packages/airflow/example_dags/example_dag_decorator.py for tasks to queue
[2026-09-06T09:21:00.100+0000] {logging_mixin.py:190} INFO - [2026-09-06T09:21:00.100+0000] {dagbag.py:588} INFO - Filling up the DagBag from /home/airflow/.local/lib/python3.12/site-packages/airflow/example_dags/example_dag_decorator.py
[2026-09-06T09:21:00.112+0000] {processor.py:925} INFO - DAG(s) 'example_dag_decorator' retrieved from /home/airflow/.local/lib/python3.12/site-packages/airflow/example_dags/example_dag_decorator.py
[2026-09-06T09:21:00.202+0000] {logging_mixin.py:190} INFO - [2026-09-06T09:21:00.202+0000] {dag.py:3239} INFO - Sync 1 DAGs
[2026-09-06T09:21:00.213+0000] {logging_mixin.py:190} INFO - [2026-09-06T09:21:00.213+0000] {dag.py:4180} INFO - Setting next_dagrun for example_dag_decorator to None, run_after=None
[2026-09-06T09:21:00.230+0000] {processor.py:208} INFO - Processing /home/airflow/.local/lib/python3.12/site-packages/airflow/example_dags/example_dag_decorator.py took 0.138 seconds
[2026-09-06T09:21:30.457+0000] {processor.py:186} INFO - Started process (PID=3518) to work on /home/airflow/.local/lib/python3.12/site-packages/airflow/example_dags/example_dag_decorator.py
[2026-09-06T09:21:30.458+0000] {processor.py:914} INFO - Processing file /home/airflow/.local/lib/python3.12/site-packages/airflow/example_dags/example_dag_decorator.py for tasks to queue
[2026-09-06T09:21:30.460+0000] {logging_mixin.py:190} INFO - [2026-09-06T09:21:30.460+0000] {dagbag.py:588} INFO - Filling up the DagBag from /home/airflow/.local/lib/python3.12/site-packages/airflow/example_dags/example_dag_decorator.py
[2026-09-06T09:21:30.470+0000] {processor.py:925} INFO - DAG(s) 'example_dag_decorator' retrieved from /home/airflow/.local/lib/python3.12/site-packages/airflow/example_dags/example_dag_decorator.py
[2026-09-06T09:21:30.560+0000] {logging_mixin.py:190} INFO - [2026-09-06T09:21:30.560+0000] {dag.py:3239} INFO - Sync 1 DAGs
[2026-09-06T09:21:30.570+0000] {logging_mixin.py:190} INFO - [2026-09-06T09:21:30.569+0000] {dag.py:4180} INFO - Setting next_dagrun for example_dag_decorator to None, run_after=None
[2026-09-06T09:21:30.588+0000] {processor.py:208} INFO - Processing /home/airflow/.local/lib/python3.12/site-packages/airflow/example_dags/example_dag_decorator.py took 0.136 seconds
[2026-09-06T09:22:01.580+0000] {processor.py:186} INFO - Started process (PID=3582) to work on /home/airflow/.local/lib/python3.12/site-packages/airflow/example_dags/example_dag_decorator.py
[2026-09-06T09:22:01.581+0000] {processor.py:914} INFO - Processing file /home/airflow/.local/lib/python3.12/site-packages/airflow/example_dags/example_dag_decorator.py for tasks to queue
[2026-09-06T09:22:01.583+0000] {logging_mixin.py:190} INFO - [2026-09-06T09:22:01.583+0000] {dagbag.py:588} INFO - Filling up the DagBag from /home/airflow/.local/lib/python3.12/site-packages/airflow/example_dags/example_dag_decorator.py
[2026-09-06T09:22:01.592+0000] {processor.py:925} INFO - DAG(s) 'example_dag_decorator' retrieved from /home/airflow/.local/lib/python3.12/site-packages/airflow/example_dags/example_dag_decorator.py
[2026-09-06T09:22:01.673+0000] {logging_mixin.py:190} INFO - [2026-09-06T09:22:01.673+0000] {dag.py:3239} INFO - Sync 1 DAGs
[2026-09-06T09:22:01.682+0000] {logging_mixin.py:190} INFO - [2026-09-06T09:22:01.682+0000] {dag.py:4180} INFO - Setting next_dagrun for example_dag_decorator to None, run_after=None
[2026-09-06T09:22:01.697+0000] {processor.py:208} INFO - Processing /home/airflow/.local/lib/python3.12/site-packages/airflow/example_dags/example_dag_decorator.py took 0.122 seconds
[2026-09-06T09:22:32.657+0000] {processor.py:186} INFO - Started process (PID=3647) to work on /home/airflow/.local/lib/python3.12/site-packages/airflow/example_dags/example_dag_decorator.py
[2026-09-06T09:22:32.658+0000] {processor.py:914} INFO - Processing file /home/airflow/.local/lib/python3.12/site-packages/airflow/example_dags/example_dag_decorator.py for tasks to queue
[2026-09-06T09:22:32.660+0000] {logging_mixin.py:190} INFO - [2026-09-06T09:22:32.660+0000] {dagbag.py:588} INFO - Filling up the DagBag from /home/airflow/.local/lib/python3.12/site-packages/airflow/example_dags/example_dag_decorator.py
[2026-09-06T09:22:32.669+0000] {processor.py:925} INFO - DAG(s) 'example_dag_decorator' retrieved from /home/airflow/.local/lib/python3.12/site-packages/airflow/example_dags/example_dag_decorator.py
[2026-09-06T09:22:32.754+0000] {logging_mixin.py:190} INFO - [2026-09-06T09:22:32.754+0000] {dag.py:3239} INFO - Sync 1 DAGs
[2026-09-06T09:22:32.763+0000] {logging_mixin.py:190} INFO - [2026-09-06T09:22:32.763+0000] {dag.py:4180} INFO - Setting next_dagrun for example_dag_decorator to None, run_after=None
[2026-09-06T09:22:32.777+0000] {processor.py:208} INFO - Processing /home/airflow/.local/lib/python3.12/site-packages/airflow/example_dags/example_dag_decorator.py took 0.124 seconds
[2026-09-06T09:23:03.699+0000] {processor.py:186} INFO - Started process (PID=3711) to work on /home/airflow/.local/lib/python3.12/site-packages/airflow/example_dags/example_dag_decorator.py
[2026-09-06T09:23:03.700+0000] {processor.py:914} INFO - Processing file /home/airflow/.local/lib/python3.12/site-packages/airflow/example_dags/example_dag_decorator.py for tasks to queue
[2026-09-06T09:23:03.702+0000] {logging_mixin.py:190} INFO - [2026-09-06T09:23:03.702+0000] {dagbag.py:588} INFO - Filling up the DagBag from /home/airflow/.local/lib/python3.12/site-packages/airflow/example_dags/example_dag_decorator.py
[2026-09-06T09:23:03.711+0000] {processor.py:925} INFO - DAG(s) 'example_dag_decorator' retrieved from /home/airflow/.local/lib/python3.12/site-packages/airflow/example_dags/example_dag_decorator.py
[2026-09-06T09:23:03.801+0000] {logging_mixin.py:190} INFO - [2026-09-06T09:23:03.801+0000] {dag.py:3239} INFO - Sync 1 DAGs
[2026-09-06T09:23:03.811+0000] {logging_mixin.py:190} INFO - [2026-09-06T09:23:03.811+0000] {dag.py:4180} INFO - Setting next_dagrun for example_dag_decorator to None, run_after=None
[2026-09-06T09:23:03.826+0000] {processor.py:208} INFO - Processing /home/airflow/.local/lib/python3.12/site-packages/airflow/example_dags/example_dag_decorator.py took 0.132 seconds
[2026-09-06T09:23:34.652+0000] {processor.py:186} INFO - Started process (PID=3775) to work on /home/airflow/.local/lib/python3.12/site-packages/airflow/example_dags/example_dag_decorator.py
[2026-09-06T09:23:34.653+0000] {processor.py:914} INFO - Processing file /home/airflow/.local/lib/python3.12/site-packages/airflow/example_dags/example_dag_decorator.py for tasks to queue
[2026-09-06T09:23:34.655+0000] {logging_mixin.py:190} INFO - [2026-09-06T09:23:34.655+0000] {dagbag.py:588} INFO - Filling up the DagBag from /home/airflow/.local/lib/python3.12/site-packages/airflow/example_dags/example_dag_decorator.py
[2026-09-06T09:23:34.666+0000] {processor.py:925} INFO - DAG(s) 'example_dag_decorator' retrieved from /home/airflow/.local/lib/python3.12/site-packages/airflow/example_dags/example_dag_decorator.py
[2026-09-06T09:23:34.749+0000] {logging_mixin.py:190} INFO - [2026-09-06T09:23:34.749+0000] {dag.py:3239} INFO - Sync 1 DAGs
[2026-09-06T09:23:34.758+0000] {logging_mixin.py:190} INFO - [2026-09-06T09:23:34.758+0000] {dag.py:4180} INFO - Setting next_dagrun for example_dag_decorator to None, run_after=None
[2026-09-06T09:23:34.774+0000] {processor.py:208} INFO - Processing /home/airflow/.local/lib/python3.12/site-packages/airflow/example_dags/example_dag_decorator.py took 0.127 seconds
[2026-09-06T09:24:05.733+0000] {processor.py:186} INFO - Started process (PID=3839) to work on /home/airflow/.local/lib/python3.12/site-packages/airflow/example_dags/example_dag_decorator.py
[2026-09-06T09:24:05.734+0000] {processor.py:914} INFO - Processing file /home/airflow/.local/lib/python3.12/site-packages/airflow/example_dags/example_dag_decorator.py for tasks to queue
[2026-09-06T09:24:05.736+0000] {logging_mixin.py:190} INFO - [2026-09-06T09:24:05.736+0000] {dagbag.py:588} INFO - Filling up the DagBag from /home/airflow/.local/lib/python3.12/site-packages/airflow/example_dags/example_dag_decorator.py
[2026-09-06T09:24:05.746+0000] {processor.py:925} INFO - DAG(s) 'example_dag_decorator' retrieved from /home/airflow/.local/lib/python3.12/site-packages/airflow/example_dags/example_dag_decorator.py
[2026-09-06T09:24:05.829+0000] {logging_mixin.py:190} INFO - [2026-09-06T09:24:05.829+0000] {dag.py:3239} INFO - Sync 1 DAGs
[2026-09-06T09:24:05.838+0000] {logging_mixin.py:190} INFO - [2026-09-06T09:24:05.838+0000] {dag.py:4180} INFO - Setting next_dagrun for example_dag_decorator to None, run_after=None
[2026-09-06T09:24:05.855+0000] {processor.py:208} INFO - Processing /home/airflow/.local/lib/python3.12/site-packages/airflow/example_dags/example_dag_decorator.py took 0.127 seconds
[2026-09-06T09:24:36.948+0000] {processor.py:186} INFO - Started process (PID=3902) to work on /home/airflow/.local/lib/python3.12/site-packages/airflow/example_dags/example_dag_decorator.py
[2026-09-06T09:24:36.949+0000] {processor.py:914} INFO - Processing file /home/airflow/.local/lib/python3.12/site-packages/airflow/example_dags/example_dag_decorator.py for tasks to queue
[2026-09-06T09:24:36.951+0000] {logging_mixin.py:190} INFO - [2026-09-06T09:24:36.950+0000] {dagbag.py:588} INFO - Filling up the DagBag from /home/airflow/.local/lib/python3.12/site-packages/airflow/example_dags/example_dag_decorator.py
[2026-09-06T09:24:36.960+0000] {processor.py:925} INFO - DAG(s) 'example_dag_decorator' retrieved from /home/airflow/.local/lib/python3.12/site-packages/airflow/example_dags/example_dag_decorator.py
[2026-09-06T09:24:37.038+0000] {logging_mixin.py:190} INFO - [2026-09-06T09:24:37.038+0000] {dag.py:3239} INFO - Sync 1 DAGs
[2026-09-06T09:24:37.047+0000] {logging_mixin.py:190} INFO - [2026-09-06T09:24:37.047+0000] {dag.py:4180} INFO - Setting next_dagrun for example_dag_decorator to None, run_after=None
[2026-09-06T09:24:37.061+0000] {processor.py:208} INFO - Processing /home/airflow/.local/lib/python3.12/site-packages/airflow/example_dags/example_dag_decorator.py took 0.118 seconds
[2026-09-06T09:25:08.277+0000] {processor.py:186} INFO - Started process (PID=3967) to work on /home/airflow/.local/lib/python3.12/site-packages/airflow/example_dags/example_dag_decorator.py
[2026-09-06T09:25:08.279+0000] {processor.py:914} INFO - Processing file /home/airflow/.local/lib/python3.12/site-packages/airflow/example_dags/example_dag_decorator.py for tasks to queue
[2026-09-06T09:25:08.282+0000] {logging_mixin.py:190} INFO - [2026-09-06T09:25:08.282+0000] {dagbag.py:588} INFO - Filling up the DagBag from /home/airflow/.local/lib/python3.12/site-packages/airflow/example_dags/example_dag_decorator.py
[2026-09-06T09:25:08.298+0000] {processor.py:925} INFO - DAG(s) 'example_dag_decorator' retrieved from /home/airflow/.local/lib/python3.12/site-packages/airflow/example_dags/example_dag_decorator.py
[2026-09-06T09:25:08.412+0000] {logging_mixin.py:190} INFO - [2026-09-06T09:25:08.412+0000] {dag.py:3239} INFO - Sync 1 DAGs
[2026-09-06T09:25:08.429+0000] {logging_mixin.py:190} INFO - [2026-09-06T09:25:08.429+0000] {dag.py:4180} INFO - Setting next_dagrun for example_dag_decorator to None, run_after=None
[2026-09-06T09:25:08.457+0000] {processor.py:208} INFO - Processing /home/airflow/.local/lib/python3.12/site-packages/airflow/example_dags/example_dag_decorator.py took 0.186 seconds
[2026-09-06T09:25:38.824+0000] {processor.py:186} INFO - Started process (PID=4031) to work on /home/airflow/.local/lib/python3.12/site-packages/airflow/example_dags/example_dag_decorator.py
[2026-09-06T09:25:38.825+0000] {processor.py:914} INFO - Processing file /home/airflow/.local/lib/python3.12/site-packages/airflow/example_dags/example_dag_decorator.py for tasks to queue
[2026-09-06T09:25:38.828+0000] {logging_mixin.py:190} INFO - [2026-09-06T09:25:38.827+0000] {dagbag.py:588} INFO - Filling up the DagBag from /home/airflow/.local/lib/python3.12/site-packages/airflow/example_dags/example_dag_decorator.py
[2026-09-06T09:25:38.838+0000] {processor.py:925} INFO - DAG(s) 'example_dag_decorator' retrieved from /home/airflow/.local/lib/python3.12/site-packages/airflow/example_dags/example_dag_decorator.py
[2026-09-06T09:25:38.922+0000] {logging_mixin.py:190} INFO - [2026-09-06T09:25:38.922+0000] {dag.py:3239} INFO - Sync 1 DAGs
[2026-09-06T09:25:38.932+0000] {logging_mixin.py:190} INFO - [2026-09-06T09:25:38.932+0000] {dag.py:4180} INFO - Setting next_dagrun for example_dag_decorator to None, run_after=None
[2026-09-06T09:25:38.948+0000] {processor.py:208} INFO - Processing /home/airflow/.local/lib/python3.12/site-packages/airflow/example_dags/example_dag_decorator.py took 0.128 seconds
[2026-09-06T09:26:09.314+0000] {processor.py:186} INFO - Started process (PID=4095) to work on /home/airflow/.local/lib/python3.12/site-packages/airflow/example_dags/example_dag_decorator.py
[2026-09-06T09:26:09.315+0000] {processor.py:914} INFO - Processing file /home/airflow/.local/lib/python3.12/site-packages/airflow/example_dags/example_dag_decorator.py for tasks to queue
[2026-09-06T09:26:09.317+0000] {logging_mixin.py:190} INFO - [2026-09-06T09:26:09.317+0000] {dagbag.py:588} INFO - Filling up the DagBag from /home/airflow/.local/lib/python3.12/site-packages/airflow/example_dags/example_dag_decorator.py
[2026-09-06T09:26:09.327+0000] {processor.py:925} INFO - DAG(s) 'example_dag_decorator' retrieved from /home/airflow/.local/lib/python3.12/site-packages/airflow/example_dags/example_dag_decorator.py
[2026-09-06T09:26:09.424+0000] {logging_mixin.py:190} INFO - [2026-09-06T09:26:09.423+0000] {dag.py:3239} INFO - Sync 1 DAGs
[2026-09-06T09:26:09.434+0000] {logging_mixin.py:190} INFO - [2026-09-06T09:26:09.433+0000] {dag.py:4180} INFO - Setting next_dagrun for example_dag_decorator to None, run_after=None
[2026-09-06T09:26:09.448+0000] {processor.py:208} INFO - Processing /home/airflow/.local/lib/python3.12/site-packages/airflow/example_dags/example_dag_decorator.py took 0.138 seconds
[2026-09-06T09:26:40.163+0000] {processor.py:186} INFO - Started process (PID=4159) to work on /home/airflow/.local/lib/python3.12/site-packages/airflow/example_dags/example_dag_decorator.py
[2026-09-06T09:26:40.165+0000] {processor.py:914} INFO - Processing file /home/airflow/.local/lib/python3.12/site-packages/airflow/example_dags/example_dag_decorator.py for tasks to queue
[2026-09-06T09:26:40.167+0000] {logging_mixin.py:190} INFO - [2026-09-06T09:26:40.167+0000] {dagbag.py:588} INFO - Filling up the DagBag from /home/airflow/.local/lib/python3.12/site-packages/airflow/example_dags/example_dag_decorator.py
[2026-09-06T09:26:40.179+0000] {processor.py:925} INFO - DAG(s) 'example_dag_decorator' retrieved from /home/airflow/.local/lib/python3.12/site-packages/airflow/example_dags/example_dag_decorator.py
[2026-09-06T09:26:40.266+0000] {logging_mixin.py:190} INFO - [2026-09-06T09:26:40.265+0000] {dag.py:3239} INFO - Sync 1 DAGs
[2026-09-06T09:26:40.275+0000] {logging_mixin.py:190} INFO - [2026-09-06T09:26:40.275+0000] {dag.py:4180} INFO - Setting next_dagrun for example_dag_decorator to None, run_after=None
[2026-09-06T09:26:40.291+0000] {processor.py:208} INFO - Processing /home/airflow/.local/lib/python3.12/site-packages/airflow/example_dags/example_dag_decorator.py took 0.133 seconds
[2026-09-06T09:27:11.272+0000] {processor.py:186} INFO - Started process (PID=4223) to work on /home/airflow/.local/lib/python3.12/site-packages/airflow/example_dags/example_dag_decorator.py
[2026-09-06T09:27:11.273+0000] {processor.py:914} INFO - Processing file /home/airflow/.local/lib/python3.12/site-packages/airflow/example_dags/example_dag_decorator.py for tasks to queue
[2026-09-06T09:27:11.275+0000] {logging_mixin.py:190} INFO - [2026-09-06T09:27:11.274+0000] {dagbag.py:588} INFO - Filling up the DagBag from /home/airflow/.local/lib/python3.12/site-packages/airflow/example_dags/example_dag_decorator.py
[2026-09-06T09:27:11.284+0000] {processor.py:925} INFO - DAG(s) 'example_dag_decorator' retrieved from /home/airflow/.local/lib/python3.12/site-packages/airflow/example_dags/example_dag_decorator.py
[2026-09-06T09:27:11.368+0000] {logging_mixin.py:190} INFO - [2026-09-06T09:27:11.368+0000] {dag.py:3239} INFO - Sync 1 DAGs
[2026-09-06T09:27:11.377+0000] {logging_mixin.py:190} INFO - [2026-09-06T09:27:11.377+0000] {dag.py:4180} INFO - Setting next_dagrun for example_dag_decorator to None, run_after=None
[2026-09-06T09:27:11.391+0000] {processor.py:208} INFO - Processing /home/airflow/.local/lib/python3.12/site-packages/airflow/example_dags/example_dag_decorator.py took 0.124 seconds
