[2026-09-06T08:53:56.498+0000] {processor.py:186} INFO - Started process (PID=67) to work on /home/airflow/.local/lib/python3.12/site-packages/airflow/example_dags/example_latest_only_with_trigger.py
[2026-09-06T08:53:56.500+0000] {processor.py:914} INFO - Processing file /home/airflow/.local/lib/python3.12/site-packages/airflow/example_dags/example_latest_only_with_trigger.py for tasks to queue
[2026-09-06T08:53:56.503+0000] {logging_mixin.py:190} INFO - [2026-09-06T08:53:56.502+0000] {dagbag.py:588} INFO - Filling up the DagBag from /home/airflow/.local/lib/python3.12/site-packages/airflow/example_dags/example_latest_only_with_trigger.py
[2026-09-06T08:53:56.517+0000] {processor.py:925} INFO - DAG(s) 'latest_only_with_trigger' retrieved from /home/airflow/.local/lib/python3.12/site-packages/airflow/example_dags/example_latest_only_with_trigger.py
[2026-09-06T08:53:56.639+0000] {logging_mixin.py:190} INFO - [2026-09-06T08:53:56.639+0000] {override.py:1911} INFO - Created Permission View: can edit on DAG:latest_only_with_trigger
[2026-09-06T08:53:56.650+0000] {logging_mixin.py:190} INFO - [2026-09-06T08:53:56.649+0000] {override.py:1911} INFO - Created Permission View: can delete on DAG:latest_only_with_trigger
[2026-09-06T08:53:56.661+0000] {logging_mixin.py:190} INFO - [2026-09-06T08:53:56.660+0000] {override.py:1911} INFO - Created Permission View: can read on DAG:latest_only_with_trigger
[2026-09-06T08:53:56.671+0000] {logging_mixin.py:190} INFO - [2026-09-06T08:53:56.671+0000] {override.py:1911} INFO - Created Permission View: can create on DAG Run:latest_only_with_trigger
[2026-09-06T08:53:56.681+0000] {logging_mixin.py:190} INFO - [2026-09-06T08:53:56.681+0000] {override.py:1911} INFO - Created Permission View: can delete on DAG Run:latest_only_with_trigger
[2026-09-06T08:53:56.689+0000] {logging_mixin.py:190} INFO - [2026-09-06T08:53:56.689+0000] {override.py:1911} INFO - Created Permission View: can read on DAG Run:latest_only_with_trigger
[2026-09-06T08:53:56.699+0000] {logging_mixin.py:190} INFO - [2026-09-06T08:53:56.699+0000] {override.py:1911} INFO - Created Permission View: menu access on DAG Run:latest_only_with_trigger
[2026-09-06T08:53:56.700+0000] {logging_mixin.py:190} INFO - [2026-09-06T08:53:56.700+0000] {dag.py:3239} INFO - Sync 1 DAGs
[2026-09-06T08:53:56.718+0000] {logging_mixin.py:190} INFO - [2026-09-06T08:53:56.717+0000] {dag.py:3262} INFO - Creating ORM DAG for latest_only_with_trigger
[2026-09-06T08:53:56.731+0000] {logging_mixin.py:190} INFO - [2026-09-06T08:53:56.731+0000] {dag.py:4180} INFO - Setting next_dagrun for latest_only_with_trigger to 2026-09-06 04:00:00+00:00, run_after=2026-09-06 08:00:00+00:00
[2026-09-06T08:53:56.749+0000] {processor.py:208} INFO - Processing /home/airflow/.local/lib/python3.12/site-packages/airflow/example_dags/example_latest_only_with_trigger.py took 0.257 seconds
[2026-09-06T08:54:27.217+0000] {processor.py:186} INFO - Started process (PID=130) to work on /home/airflow/.local/lib/python3.12/site-packages/airflow/example_dags/example_latest_only_with_trigger.py
[2026-09-06T08:54:27.219+0000] {processor.py:914} INFO - Processing file /home/airflow/.local/lib/python3.12/site-packages/airflow/example_dags/example_latest_only_with_trigger.py for tasks to queue
[2026-09-06T08:54:27.222+0000] {logging_mixin.py:190} INFO - [2026-09-06T08:54:27.222+0000] {dagbag.py:588} INFO - Filling up the DagBag from /home/airflow/.local/lib/python3.12/site-packages/airflow/example_dags/example_latest_only_with_trigger.py
[2026-09-06T08:54:27.230+0000] {processor.py:925} INFO - DAG(s) 'latest_only_with_trigger' retrieved from /home/airflow/.local/lib/python3.12/site-packages/airflow/example_dags/example_latest_only_with_trigger.py
[2026-09-06T08:54:27.248+0000] {logging_mixin.py:190} INFO - [2026-09-06T08:54:27.248+0000] {dag.py:3239} INFO - Sync 1 DAGs
[2026-09-06T08:54:27.266+0000] {logging_mixin.py:190} INFO - [2026-09-06T08:54:27.266+0000] {dag.py:4180} INFO - Setting next_dagrun for latest_only_with_trigger to 2026-09-06 04:00:00+00:00, run_after=2026-09-06 08:00:00+00:00
[2026-09-06T08:54:27.282+0000] {processor.py:208} INFO - Processing /home/airflow/.local/lib/python3.12/site-packages/airflow/example_dags/example_latest_only_with_trigger.py took 0.074 seconds
[2026-09-06T08:54:58.148+0000] {processor.py:186} INFO - Started process (PID=199) to work on /home/airflow/.local/lib/python3.12/site-packages/airflow/example_dags/example_latest_only_with_trigger.py
[2026-09-06T08:54:58.150+0000] {processor.py:914} INFO - Processing file /home/airflow/.local/lib/python3.12/site-packages/airflow/example_dags/example_latest_only_with_trigger.py for tasks to queue
[2026-09-06T08:54:58.153+0000] {logging_mixin.py:190} INFO - [2026-09-06T08:54:58.152+0000] {dagbag.py:588} INFO - Filling up the DagBag from /home/airflow/.local/lib/python3.12/site-packages/airflow/example_dags/example_latest_only_with_trigger.py
[2026-09-06T08:54:58.161+0000] {processor.py:925} INFO - DAG(s) 'latest_only_with_trigger' retrieved from /home/airflow/.local/lib/python3.12/site-packages/airflow/example_dags/example_latest_only_with_trigger.py
[2026-09-06T08:54:58.180+0000] {logging_mixin.py:190} INFO - [2026-09-06T08:54:58.180+0000] {dag.py:3239} INFO - Sync 1 DAGs
[2026-09-06T08:54:58.203+0000] {logging_mixin.py:190} INFO - [2026-09-06T08:54:58.203+0000] {dag.py:4180} INFO - Setting next_dagrun for latest_only_with_trigger to 2026-09-06 04:00:00+00:00, run_after=2026-09-06 08:00:00+00:00
[2026-09-06T08:54:58.217+0000] {processor.py:208} INFO - Processing /home/airflow/.local/lib/python3.12/site-packages/airflow/example_dags/example_latest_only_with_trigger.py took 0.075 seconds
[2026-09-06T08:55:28.883+0000] {processor.py:186} INFO - Started process (PID=262) to work on /home/airflow/.local/lib/python3.12/site-packages/airflow/example_dags/example_latest_only_with_trigger.py
[2026-09-06T08:55:28.884+0000] {processor.py:914} INFO - Processing file /home/airflow/.local/lib/python3.12/site-packages/airflow/example_dags/example_latest_only_with_trigger.py for tasks to queue
[2026-09-06T08:55:28.886+0000] {logging_mixin.py:190} INFO - [2026-09-06T08:55:28.886+0000] {dagbag.py:588} INFO - Filling up the DagBag from /home/airflow/.local/lib/python3.12/site-packages/airflow/example_dags/example_latest_only_with_trigger.py
[2026-09-06T08:55:28.893+0000] {processor.py:925} INFO - DAG(s) 'latest_only_with_trigger' retrieved from /home/airflow/.local/lib/python3.12/site-packages/airflow/example_dags/example_latest_only_with_trigger.py
[2026-09-06T08:55:28.909+0000] {logging_mixin.py:190} INFO - [2026-09-06T08:55:28.908+0000] {dag.py:3239} INFO - Sync 1 DAGs
[2026-09-06T08:55:28.926+0000] {logging_mixin.py:190} INFO - [2026-09-06T08:55:28.925+0000] {dag.py:4180} INFO - Setting next_dagrun for latest_only_with_trigger to 2026-09-06 04:00:00+00:00, run_after=2026-09-06 08:00:00+00:00
[2026-09-06T08:55:28.941+0000] {processor.py:208} INFO - Processing /home/airflow/.local/lib/python3.12/site-packages/airflow/example_dags/example_latest_only_with_trigger.py took 0.062 seconds
[2026-09-06T08:55:59.018+0000] {processor.py:186} INFO - Started process (PID=325) to work on /home/airflow/.local/lib/python3.12/site-packages/airflow/example_dags/example_latest_only_with_trigger.py
[2026-09-06T08:55:59.019+0000] {processor.py:914} INFO - Processing file /home/airflow/.local/lib/python3.12/site-packages/airflow/example_dags/example_latest_only_with_trigger.py for tasks to queue
[2026-09-06T08:55:59.021+0000] {logging_mixin.py:190} INFO - [2026-09-06T08:55:59.021+0000] {dagbag.py:588} INFO - Filling up the DagBag from /home/airflow/.local/lib/python3.12/site-packages/airflow/example_dags/example_latest_only_with_trigger.py
[2026-09-06T08:55:59.028+0000] {processor.py:925} INFO - DAG(s) 'latest_only_with_trigger' retrieved from /home/airflow/.local/lib/python3.12/site-packages/airflow/example_dags/example_latest_only_with_trigger.py
[2026-09-06T08:55:59.051+0000] {logging_mixin.py:190} INFO - [2026-09-06T08:55:59.051+0000] {dag.py:3239} INFO - Sync 1 DAGs
[2026-09-06T08:55:59.084+0000] {logging_mixin.py:190} INFO - [2026-09-06T08:55:59.083+0000] {dag.py:4180} INFO - Setting next_dagrun for latest_only_with_trigger to 2026-09-06 04:00:00+00:00, run_after=2026-09-06 08:00:00+00:00
[2026-09-06T08:55:59.104+0000] {processor.py:208} INFO - Processing /home/airflow/.local/lib/python3.12/site-packages/airflow/example_dags/example_latest_only_with_trigger.py took 0.091 seconds
[2026-09-06T08:56:29.855+0000] {processor.py:186} INFO - Started process (PID=388) to work on /home/airflow/.local/lib/python3.12/site-packages/airflow/example_dags/example_latest_only_with_trigger.py
[2026-09-06T08:56:29.856+0000] {processor.py:914} INFO - Processing file /home/airflow/.local/lib/python3.12/site-packages/airflow/example_dags/example_latest_only_with_trigger.py for tasks to queue
[2026-09-06T08:56:29.858+0000] {logging_mixin.py:190} INFO - [2026-09-06T08:56:29.858+0000] {dagbag.py:588} INFO - Filling up the DagBag from /home/airflow/.local/lib/python3.12/site-packages/airflow/example_dags/example_latest_only_with_trigger.py
[2026-09-06T08:56:29.864+0000] {processor.py:925} INFO - DAG(s) 'latest_only_with_trigger' retrieved from /home/airflow/.local/lib/python3.12/site-packages/airflow/example_dags/example_latest_only_with_trigger.py
[2026-09-06T08:56:29.882+0000] {logging_mixin.py:190} INFO - [2026-09-06T08:56:29.882+0000] {dag.py:3239} INFO - Sync 1 DAGs
[2026-09-06T08:56:29.900+0000] {logging_mixin.py:190} INFO - [2026-09-06T08:56:29.900+0000] {dag.py:4180} INFO - Setting next_dagrun for latest_only_with_trigger to 2026-09-06 04:00:00+00:00, run_after=2026-09-06 08:00:00+00:00
[2026-09-06T08:56:29.916+0000] {processor.py:208} INFO - Processing /home/airflow/.local/lib/python3.12/site-packages/airflow/example_dags/example_latest_only_with_trigger.py took 0.065 seconds
[2026-09-06T08:57:00.006+0000] {processor.py:186} INFO - Started process (PID=451) to work on /home/airflow/.local/lib/python3.12/site-packages/airflow/example_dags/example_latest_only_with_trigger.py
[2026-09-06T08:57:00.007+0000] {processor.py:914} INFO - Processing file /home/airflow/.local/lib/python3.12/site-packages/airflow/example_dags/example_latest_only_with_trigger.py for tasks to queue
[2026-09-06T08:57:00.010+0000] {logging_mixin.py:190} INFO - [2026-09-06T08:57:00.009+0000] {dagbag.py:588} INFO - Filling up the DagBag from /home/airflow/.local/lib/python3.12/site-packages/airflow/example_dags/example_latest_only_with_trigger.py
[2026-09-06T08:57:00.017+0000] {processor.py:925} INFO - DAG(s) 'latest_only_with_trigger' retrieved from /home/airflow/.local/lib/python3.12/site-packages/airflow/example_dags/example_latest_only_with_trigger.py
[2026-09-06T08:57:00.037+0000] {logging_mixin.py:190} INFO - [2026-09-06T08:57:00.036+0000] {dag.py:3239} INFO - Sync 1 DAGs
[2026-09-06T08:57:00.058+0000] {logging_mixin.py:190} INFO - [2026-09-06T08:57:00.058+0000] {dag.py:4180} INFO - Setting next_dagrun for latest_only_with_trigger to 2026-09-06 04:00:00+00:00, run_after=2026-09-06 08:00:00+00:00
[2026-09-06T08:57:00.073+0000] {processor.py:208} INFO - Processing /home/airflow/.local/lib/python3.12/site-packages/airflow/example_dags/example_latest_only_with_trigger.py took 0.072 seconds
[2026-09-06T08:57:30.671+0000] {processor.py:186} INFO - Started process (PID=514) to work on /home/airflow/.local/lib/python3.12/site-packages/airflow/example_dags/example_latest_only_with_trigger.py
[2026-09-06T08:57:30.672+0000] {processor.py:914} INFO - Processing file /home/airflow/.local/lib/python3.12/site-packages/airflow/example_dags/example_latest_only_with_trigger.py for tasks to queue
[2026-09-06T08:57:30.674+0000] {logging_mixin.py:190} INFO - [2026-09-06T08:57:30.674+0000] {dagbag.py:588} INFO - Filling up the DagBag from /home/airflow/.local/lib/python3.12/site-packages/airflow/example_dags/example_latest_only_with_trigger.py
[2026-09-06T08:57:30.680+0000] {processor.py:925} INFO - DAG(s) 'latest_only_with_trigger' retrieved from /home/airflow/.local/lib/python3.12/site-packages/airflow/example_dags/example_latest_only_with_trigger.py
[2026-09-06T08:57:30.696+0000] {logging_mixin.py:190} INFO - [2026-09-06T08:57:30.696+0000] {dag.py:3239} INFO - Sync 1 DAGs
[2026-09-06T08:57:30.713+0000] {logging_mixin.py:190} INFO - [2026-09-06T08:57:30.712+0000] {dag.py:4180} INFO - Setting next_dagrun for latest_only_with_trigger to 2026-09-06 04:00:00+00:00, run_after=2026-09-06 08:00:00+00:00
[2026-09-06T08:57:30.726+0000] {processor.py:208} INFO - Processing /home/airflow/.local/lib/python3.12/site-packages/airflow/example_dags/example_latest_only_with_trigger.py took 0.059 seconds
[2026-09-06T08:58:00.886+0000] {processor.py:186} INFO - Started process (PID=577) to work on /home/airflow/.local/lib/python3.12/site-packages/airflow/example_dags/example_latest_only_with_trigger.py
[2026-09-06T08:58:00.887+0000] {processor.py:914} INFO - Processing file /home/airflow/.local/lib/python3.12/site-packages/airflow/example_dags/example_latest_only_with_trigger.py for tasks to queue
[2026-09-06T08:58:00.890+0000] {logging_mixin.py:190} INFO - [2026-09-06T08:58:00.889+0000] {dagbag.py:588} INFO - Filling up the DagBag from /home/airflow/.local/lib/python3.12/site-packages/airflow/example_dags/example_latest_only_with_trigger.py
[2026-09-06T08:58:00.896+0000] {processor.py:925} INFO - DAG(s) 'latest_only_with_trigger' retrieved from /home/airflow/.local/lib/python3.12/site-packages/airflow/example_dags/example_latest_only_with_trigger.py
[2026-09-06T08:58:00.916+0000] {logging_mixin.py:190} INFO - [2026-09-06T08:58:00.916+0000] {dag.py:3239} INFO - Sync 1 DAGs
[2026-09-06T08:58:00.934+0000] {logging_mixin.py:190} INFO - [2026-09-06T08:58:00.934+0000] {dag.py:4180} INFO - Setting next_dagrun for latest_only_with_trigger to 2026-09-06 04:00:00+00:00, run_after=2026-09-06 08:00:00+00:00
[2026-09-06T08:58:00.954+0000] {processor.py:208} INFO - Processing /home/airflow/.local/lib/python3.12/site-packages/airflow/example_dags/example_latest_only_with_trigger.py took 0.073 seconds
[2026-09-06T08:58:31.354+0000] {processor.py:186} INFO - Started process (PID=640) to work on /home/airflow/.local/lib/python3.12/site-packages/airflow/example_dags/example_latest_only_with_trigger.py
[2026-09-06T08:58:31.355+0000] {processor.py:914} INFO - Processing file /home/airflow/.local/lib/python3.12/site-packages/airflow/example_dags/example_latest_only_with_trigger.py for tasks to queue
[2026-09-06T08:58:31.356+0000] {logging_mixin.py:190} INFO - [2026-09-06T08:58:31.356+0000] {dagbag.py:588} INFO - Filling up the DagBag from /home/airflow/.local/lib/python3.12/site-packages/airflow/example_dags/example_latest_only_with_trigger.py
[2026-09-06T08:58:31.362+0000] {processor.py:925} INFO - DAG(s) 'latest_only_with_trigger' retrieved from /home/airflow/.local/lib/python3.12/site-packages/airflow/example_dags/example_latest_only_with_trigger.py
[2026-09-06T08:58:31.379+0000] {logging_mixin.py:190} INFO - [2026-09-06T08:58:31.379+0000] {dag.py:3239} INFO - Sync 1 DAGs
[2026-09-06T08:58:31.396+0000] {logging_mixin.py:190} INFO - [2026-09-06T08:58:31.395+0000] {dag.py:4180} INFO - Setting next_dagrun for latest_only_with_trigger to 2026-09-06 04:00:00+00:00, run_after=2026-09-06 08:00:00+00:00
[2026-09-06T08:58:31.410+0000] {processor.py:208} INFO - Processing /home/airflow/.local/lib/python3.12/site-packages/airflow/example_dags/example_latest_only_with_trigger.py took 0.060 seconds
[2026-09-06T08:59:01.648+0000] {processor.py:186} INFO - Started process (PID=704) to work on /home/airflow/.local/lib/python3.12/site-packages/airflow/example_dags/example_latest_only_with_trigger.py
[2026-09-06T08:59:01.649+0000] {processor.py:914} INFO - Processing file /home/airflow/.local/lib/python3.12/site-packages/airflow/example_dags/example_latest_only_with_trigger.py for tasks to queue
[2026-09-06T08:59:01.651+0000] {logging_mixin.py:190} INFO - [2026-09-06T08:59:01.651+0000] {dagbag.py:588} INFO - Filling up the DagBag from /home/airflow/.local/lib/python3.12/site-packages/airflow/example_dags/example_latest_only_with_trigger.py
[2026-09-06T08:59:01.657+0000] {processor.py:925} INFO - DAG(s) 'latest_only_with_trigger' retrieved from /home/airflow/.local/lib/python3.12/site-packages/airflow/example_dags/example_latest_only_with_trigger.py
[2026-09-06T08:59:01.672+0000] {logging_mixin.py:190} INFO - [2026-09-06T08:59:01.672+0000] {dag.py:3239} INFO - Sync 1 DAGs
[2026-09-06T08:59:01.687+0000] {logging_mixin.py:190} INFO - [2026-09-06T08:59:01.687+0000] {dag.py:4180} INFO - Setting next_dagrun for latest_only_with_trigger to 2026-09-06 04:00:00+00:00, run_after=2026-09-06 08:00:00+00:00
[2026-09-06T08:59:01.700+0000] {processor.py:208} INFO - Processing /home/airflow/.local/lib/python3.12/site-packages/airflow/example_dags/example_latest_only_with_trigger.py took 0.056 seconds
[2026-09-06T08:59:32.104+0000] {processor.py:186} INFO - Started process (PID=768) to work on /home/airflow/.local/lib/python3.12/site-packages/airflow/example_dags/example_latest_only_with_trigger.py
[2026-09-06T08:59:32.105+0000] {processor.py:914} INFO - Processing file /home/airflow/.local/lib/python3.12/site-packages/airflow/example_dags/example_latest_only_with_trigger.py for tasks to queue
[2026-09-06T08:59:32.107+0000] {logging_mixin.py:190} INFO - [2026-09-06T08:59:32.107+0000] {dagbag.py:588} INFO - Filling up the DagBag from /home/airflow/.local/lib/python3.12/site-packages/airflow/example_dags/example_latest_only_with_trigger.py
[2026-09-06T08:59:32.113+0000] {processor.py:925} INFO - DAG(s) 'latest_only_with_trigger' retrieved from /home/airflow/.local/lib/python3.12/site-packages/airflow/example_dags/example_latest_only_with_trigger.py
[2026-09-06T08:59:32.131+0000] {logging_mixin.py:190} INFO - [2026-09-06T08:59:32.130+0000] {dag.py:3239} INFO - Sync 1 DAGs
[2026-09-06T08:59:32.149+0000] {logging_mixin.py:190} INFO - [2026-09-06T08:59:32.149+0000] {dag.py:4180} INFO - Setting next_dagrun for latest_only_with_trigger to 2026-09-06 04:00:00+00:00, run_after=2026-09-06 08:00:00+00:00
[2026-09-06T08:59:32.164+0000] {processor.py:208} INFO - Processing /home/airflow/.local/lib/python3.12/site-packages/airflow/example_dags/example_latest_only_with_trigger.py took 0.065 seconds
[2026-09-06T09:00:02.410+0000] {processor.py:186} INFO - Started process (PID=832) to work on /home/airflow/.local/lib/python3.12/site-packages/airflow/example_dags/example_latest_only_with_trigger.py
[2026-09-06T09:00:02.411+0000] {processor.py:914} INFO - Processing file /home/airflow/.local/lib/python3.12/site-packages/airflow/example_dags/example_latest_only_with_trigger.py for tasks to queue
[2026-09-06T09:00:02.413+0000] {logging_mixin.py:190} INFO - [2026-09-06T09:00:02.413+0000] {dagbag.py:588} INFO - Filling up the DagBag from /home/airflow/.local/lib/python3.12/site-packages/airflow/example_dags/example_latest_only_with_trigger.py
[2026-09-06T09:00:02.419+0000] {processor.py:925} INFO - DAG(s) 'latest_only_with_trigger' retrieved from /home/airflow/.local/lib/python3.12/site-packages/airflow/example_dags/example_latest_only_with_trigger.py
[2026-09-06T09:00:02.435+0000] {logging_mixin.py:190} INFO - [2026-09-06T09:00:02.435+0000] {dag.py:3239} INFO - Sync 1 DAGs
[2026-09-06T09:00:02.452+0000] {logging_mixin.py:190} INFO - [2026-09-06T09:00:02.452+0000] {dag.py:4180} INFO - Setting next_dagrun for latest_only_with_trigger to 2026-09-06 04:00:00+00:00, run_after=2026-09-06 08:00:00+00:00
[2026-09-06T09:00:02.465+0000] {processor.py:208} INFO - Processing /home/airflow/.local/lib/python3.12/site-packages/airflow/example_dags/example_latest_only_with_trigger.py took 0.059 seconds
[2026-09-06T09:00:32.703+0000] {processor.py:186} INFO - Started process (PID=896) to work on /home/airflow/.local/lib/python3.12/site-packages/airflow/example_dags/example_latest_only_with_trigger.py
[2026-09-06T09:00:32.704+0000] {processor.py:914} INFO - Processing file /home/airflow/.local/lib/python3.12/site-packages/airflow/example_dags/example_latest_only_with_trigger.py for tasks to queue
[2026-09-06T09:00:32.707+0000] {logging_mixin.py:190} INFO - [2026-09-06T09:00:32.707+0000] {dagbag.py:588} INFO - Filling up the DagBag from /home/airflow/.local/lib/python3.12/site-packages/airflow/example_dags/example_latest_only_with_trigger.py
[2026-09-06T09:00:32.715+0000] {processor.py:925} INFO - DAG(s) 'latest_only_with_trigger' retrieved from /home/airflow/.local/lib/python3.12/site-packages/airflow/example_dags/example_latest_only_with_trigger.py
[2026-09-06T09:00:32.732+0000] {logging_mixin.py:190} INFO - [2026-09-06T09:00:32.732+0000] {dag.py:3239} INFO - Sync 1 DAGs
[2026-09-06T09:00:32.751+0000] {logging_mixin.py:190} INFO - [2026-09-06T09:00:32.750+0000] {dag.py:4180} INFO - Setting next_dagrun for latest_only_with_trigger to 2026-09-06 04:00:00+00:00, run_after=2026-09-06 08:00:00+00:00
[2026-09-06T09:00:32.766+0000] {processor.py:208} INFO - Processing /home/airflow/.local/lib/python3.12/site-packages/airflow/example_dags/example_latest_only_with_trigger.py took 0.068 seconds
[2026-09-06T09:01:03.378+0000] {processor.py:186} INFO - Started process (PID=960) to work on /home/airflow/.local/lib/python3.12/site-packages/airflow/example_dags/example_latest_only_with_trigger.py
[2026-09-06T09:01:03.379+0000] {processor.py:914} INFO - Processing file /home/airflow/.local/lib/python3.12/site-packages/airflow/example_dags/example_latest_only_with_trigger.py for tasks to queue
[2026-09-06T09:01:03.382+0000] {logging_mixin.py:190} INFO - [2026-09-06T09:01:03.381+0000] {dagbag.py:588} INFO - Filling up the DagBag from /home/airflow/.local/lib/python3.12/site-packages/airflow/example_dags/example_latest_only_with_trigger.py
[2026-09-06T09:01:03.392+0000] {processor.py:925} INFO - DAG(s) 'latest_only_with_trigger' retrieved from /home/airflow/.local/lib/python3.12/site-packages/airflow/example_dags/example_latest_only_with_trigger.py
[2026-09-06T09:01:03.421+0000] {logging_mixin.py:190} INFO - [2026-09-06T09:01:03.421+0000] {dag.py:3239} INFO - Sync 1 DAGs
[2026-09-06T09:01:03.453+0000] {logging_mixin.py:190} INFO - [2026-09-06T09:01:03.452+0000] {dag.py:4180} INFO - Setting next_dagrun for latest_only_with_trigger to 2026-09-06 04:00:00+00:00, run_after=2026-09-06 08:00:00+00:00
[2026-09-06T09:01:03.476+0000] {processor.py:208} INFO - Processing /home/airflow/.local/lib/python3.12/site-packages/airflow/example_dags/example_latest_only_with_trigger.py took 0.105 seconds
[2026-09-06T09:01:34.065+0000] {processor.py:186} INFO - Started process (PID=1024) to work on /home/airflow/.local/lib/python3.12/site-packages/airflow/example_dags/example_latest_only_with_trigger.py
[2026-09-06T09:01:34.066+0000] {processor.py:914} INFO - Processing file /home/airflow/.local/lib/python3.12/site-packages/airflow/example_dags/example_latest_only_with_trigger.py for tasks to queue
[2026-09-06T09:01:34.068+0000] {logging_mixin.py:190} INFO - [2026-09-06T09:01:34.068+0000] {dagbag.py:588} INFO - Filling up the DagBag from /home/airflow/.local/lib/python3.12/site-packages/airflow/example_dags/example_latest_only_with_trigger.py
[2026-09-06T09:01:34.074+0000] {processor.py:925} INFO - DAG(s) 'latest_only_with_trigger' retrieved from /home/airflow/.local/lib/python3.12/site-packages/airflow/example_dags/example_latest_only_with_trigger.py
[2026-09-06T09:01:34.091+0000] {logging_mixin.py:190} INFO - [2026-09-06T09:01:34.091+0000] {dag.py:3239} INFO - Sync 1 DAGs
[2026-09-06T09:01:34.108+0000] {logging_mixin.py:190} INFO - [2026-09-06T09:01:34.107+0000] {dag.py:4180} INFO - Setting next_dagrun for latest_only_with_trigger to 2026-09-06 04:00:00+00:00, run_after=2026-09-06 08:00:00+00:00
[2026-09-06T09:01:34.122+0000] {processor.py:208} INFO - Processing /home/airflow/.local/lib/python3.12/site-packages/airflow/example_dags/example_latest_only_with_trigger.py took 0.062 seconds
[2026-09-06T09:02:04.720+0000] {processor.py:186} INFO - Started process (PID=1088) to work on /home/airflow/.local/lib/python3.12/site-packages/airflow/example_dags/example_latest_only_with_trigger.py
[2026-09-06T09:02:04.721+0000] {processor.py:914} INFO - Processing file /home/airflow/.local/lib/python3.12/site-packages/airflow/example_dags/example_latest_only_with_trigger.py for tasks to queue
[2026-09-06T09:02:04.724+0000] {logging_mixin.py:190} INFO - [2026-09-06T09:02:04.723+0000] {dagbag.py:588} INFO - Filling up the DagBag from /home/airflow/.local/lib/python3.12/site-packages/airflow/example_dags/example_latest_only_with_trigger.py
[2026-09-06T09:02:04.731+0000] {processor.py:925} INFO - DAG(s) 'latest_only_with_trigger' retrieved from /home/airflow/.local/lib/python3.12/site-packages/airflow/example_dags/example_latest_only_with_trigger.py
[2026-09-06T09:02:04.751+0000] {logging_mixin.py:190} INFO - [2026-09-06T09:02:04.750+0000] {dag.py:3239} INFO - Sync 1 DAGs
[2026-09-06T09:02:04.770+0000] {logging_mixin.py:190} INFO - [2026-09-06T09:02:04.770+0000] {dag.py:4180} INFO - Setting next_dagrun for latest_only_with_trigger to 2026-09-06 04:00:00+00:00, run_after=2026-09-06 08:00:00+00:00
[2026-09-06T09:02:04.786+0000] {processor.py:208} INFO - Processing /home/airflow/.local/lib/python3.12/site-packages/airflow/example_dags/example_latest_only_with_trigger.py took 0.072 seconds
[2026-09-06T09:02:35.012+0000] {processor.py:186} INFO - Started process (PID=1152) to work on /home/airflow/.local/lib/python3.12/site-packages/airflow/example_dags/example_latest_only_with_trigger.py
[2026-09-06T09:02:35.013+0000] {processor.py:914} INFO - Processing file /home/airflow/.local/lib/python3.12/site-packages/airflow/example_dags/example_latest_only_with_trigger.py for tasks to queue
[2026-09-06T09:02:35.016+0000] {logging_mixin.py:190} INFO - [2026-09-06T09:02:35.016+0000] {dagbag.py:588} INFO - Filling up the DagBag from /home/airflow/.local/lib/python3.12/site-packages/airflow/example_dags/example_latest_only_with_trigger.py
[2026-09-06T09:02:35.024+0000] {processor.py:925} INFO - DAG(s) 'latest_only_with_trigger' retrieved from /home/airflow/.local/lib/python3.12/site-packages/airflow/example_dags/example_latest_only_with_trigger.py
[2026-09-06T09:02:35.040+0000] {logging_mixin.py:190} INFO - [2026-09-06T09:02:35.040+0000] {dag.py:3239} INFO - Sync 1 DAGs
[2026-09-06T09:02:35.057+0000] {logging_mixin.py:190} INFO - [2026-09-06T09:02:35.057+0000] {dag.py:4180} INFO - Setting next_dagrun for latest_only_with_trigger to 2026-09-06 04:00:00+00:00, run_after=2026-09-06 08:00:00+00:00
[2026-09-06T09:02:35.075+0000] {processor.py:208} INFO - Processing /home/airflow/.local/lib/python3.12/site-packages/airflow/example_dags/example_latest_only_with_trigger.py took 0.068 seconds
[2026-09-06T09:03:05.806+0000] {processor.py:186} INFO - Started process (PID=1216) to work on /home/airflow/.local/lib/python3.12/site-packages/airflow/example_dags/example_latest_only_with_trigger.py
[2026-09-06T09:03:05.807+0000] {processor.py:914} INFO - Processing file /home/airflow/.local/lib/python3.12/site-packages/airflow/example_dags/example_latest_only_with_trigger.py for tasks to queue
[2026-09-06T09:03:05.809+0000] {logging_mixin.py:190} INFO - [2026-09-06T09:03:05.809+0000] {dagbag.py:588} INFO - Filling up the DagBag from /home/airflow/.local/lib/python3.12/site-packages/airflow/example_dags/example_latest_only_with_trigger.py
[2026-09-06T09:03:05.817+0000] {processor.py:925} INFO - DAG(s) 'latest_only_with_trigger' retrieved from /home/airflow/.local/lib/python3.12/site-packages/airflow/example_dags/example_latest_only_with_trigger.py
[2026-09-06T09:03:05.836+0000] {logging_mixin.py:190} INFO - [2026-09-06T09:03:05.835+0000] {dag.py:3239} INFO - Sync 1 DAGs
[2026-09-06T09:03:05.856+0000] {logging_mixin.py:190} INFO - [2026-09-06T09:03:05.856+0000] {dag.py:4180} INFO - Setting next_dagrun for latest_only_with_trigger to 2026-09-06 04:00:00+00:00, run_after=2026-09-06 08:00:00+00:00
[2026-09-06T09:03:05.873+0000] {processor.py:208} INFO - Processing /home/airflow/.local/lib/python3.12/site-packages/airflow/example_dags/example_latest_only_with_trigger.py took 0.072 seconds
[2026-09-06T09:03:36.131+0000] {processor.py:186} INFO - Started process (PID=1280) to work on /home/airflow/.local/lib/python3.12/site-packages/airflow/example_dags/example_latest_only_with_trigger.py
[2026-09-06T09:03:36.132+0000] {processor.py:914} INFO - Processing file /home/airflow/.local/lib/python3.12/site-packages/airflow/example_dags/example_latest_only_with_trigger.py for tasks to queue
[2026-09-06T09:03:36.135+0000] {logging_mixin.py:190} INFO - [2026-09-06T09:03:36.135+0000] {dagbag.py:588} INFO - Filling up the DagBag from /home/airflow/.local/lib/python3.12/site-packages/airflow/example_dags/example_latest_only_with_trigger.py
[2026-09-06T09:03:36.143+0000] {processor.py:925} INFO - DAG(s) 'latest_only_with_trigger' retrieved from /home/airflow/.local/lib/python3.12/site-packages/airflow/example_dags/example_latest_only_with_trigger.py
[2026-09-06T09:03:36.167+0000] {logging_mixin.py:190} INFO - [2026-09-06T09:03:36.166+0000] {dag.py:3239} INFO - Sync 1 DAGs
[2026-09-06T09:03:36.188+0000] {logging_mixin.py:190} INFO - [2026-09-06T09:03:36.188+0000] {dag.py:4180} INFO - Setting next_dagrun for latest_only_with_trigger to 2026-09-06 04:00:00+00:00, run_after=2026-09-06 08:00:00+00:00
[2026-09-06T09:03:36.225+0000] {processor.py:208} INFO - Processing /home/airflow/.local/lib/python3.12/site-packages/airflow/example_dags/example_latest_only_with_trigger.py took 0.103 seconds
[2026-09-06T09:04:06.292+0000] {processor.py:186} INFO - Started process (PID=1344) to work on /home/airflow/.local/lib/python3.12/site-packages/airflow/example_dags/example_latest_only_with_trigger.py
[2026-09-06T09:04:06.293+0000] {processor.py:914} INFO - Processing file /home/airflow/.local/lib/python3.12/site-packages/airflow/example_dags/example_latest_only_with_trigger.py for tasks to queue
[2026-09-06T09:04:06.295+0000] {logging_mixin.py:190} INFO - [2026-09-06T09:04:06.295+0000] {dagbag.py:588} INFO - Filling up the DagBag from /home/airflow/.local/lib/python3.12/site-packages/airflow/example_dags/example_latest_only_with_trigger.py
[2026-09-06T09:04:06.302+0000] {processor.py:925} INFO - DAG(s) 'latest_only_with_trigger' retrieved from /home/airflow/.local/lib/python3.12/site-packages/airflow/example_dags/example_latest_only_with_trigger.py
[2026-09-06T09:04:06.318+0000] {logging_mixin.py:190} INFO - [2026-09-06T09:04:06.318+0000] {dag.py:3239} INFO - Sync 1 DAGs
[2026-09-06T09:04:06.335+0000] {logging_mixin.py:190} INFO - [2026-09-06T09:04:06.335+0000] {dag.py:4180} INFO - Setting next_dagrun for latest_only_with_trigger to 2026-09-06 04:00:00+00:00, run_after=2026-09-06 08:00:00+00:00
[2026-09-06T09:04:06.353+0000] {processor.py:208} INFO - Processing /home/airflow/.local/lib/python3.12/site-packages/airflow/example_dags/example_latest_only_with_trigger.py took 0.066 seconds
[2026-09-06T09:04:36.715+0000] {processor.py:186} INFO - Started process (PID=1408) to work on /home/airflow/.local/lib/python3.12/site-packages/airflow/example_dags/example_latest_only_with_trigger.py
[2026-09-06T09:04:36.716+0000] {processor.py:914} INFO - Processing file /home/airflow/.local/lib/python3.12/site-packages/airflow/example_dags/example_latest_only_with_trigger.py for tasks to queue
[2026-09-06T09:04:36.718+0000] {logging_mixin.py:190} INFO - [2026-09-06T09:04:36.718+0000] {dagbag.py:588} INFO - Filling up the DagBag from /home/airflow/.local/lib/python3.12/site-packages/airflow/example_dags/example_latest_only_with_trigger.py
[2026-09-06T09:04:36.724+0000] {processor.py:925} INFO - DAG(s) 'latest_only_with_trigger' retrieved from /home/airflow/.local/lib/python3.12/site-packages/airflow/example_dags/example_latest_only_with_trigger.py
[2026-09-06T09:04:36.739+0000] {logging_mixin.py:190} INFO - [2026-09-06T09:04:36.739+0000] {dag.py:3239} INFO - Sync 1 DAGs
[2026-09-06T09:04:36.755+0000] {logging_mixin.py:190} INFO - [2026-09-06T09:04:36.755+0000] {dag.py:4180} INFO - Setting next_dagrun for latest_only_with_trigger to 2026-09-06 04:00:00+00:00, run_after=2026-09-06 08:00:00+00:00
[2026-09-06T09:04:36.771+0000] {processor.py:208} INFO - Processing /home/airflow/.local/lib/python3.12/site-packages/airflow/example_dags/example_latest_only_with_trigger.py took 0.061 seconds
[2026-09-06T09:05:07.340+0000] {processor.py:186} INFO - Started process (PID=1472) to work on /home/airflow/.local/lib/python3.12/site-packages/airflow/example_dags/example_latest_only_with_trigger.py
[2026-09-06T09:05:07.341+0000] {processor.py:914} INFO - Processing file /home/airflow/.local/lib/python3.12/site-packages/airflow/example_dags/example_latest_only_with_trigger.py for tasks to queue
[2026-09-06T09:05:07.343+0000] {logging_mixin.py:190} INFO - [2026-09-06T09:05:07.343+0000] {dagbag.py:588} INFO - Filling up the DagBag from /home/airflow/.local/lib/python3.12/site-packages/airflow/example_dags/example_latest_only_with_trigger.py
[2026-09-06T09:05:07.350+0000] {processor.py:925} INFO - DAG(s) 'latest_only_with_trigger' retrieved from /home/airflow/.local/lib/python3.12/site-packages/airflow/example_dags/example_latest_only_with_trigger.py
[2026-09-06T09:05:07.365+0000] {logging_mixin.py:190} INFO - [2026-09-06T09:05:07.365+0000] {dag.py:3239} INFO - Sync 1 DAGs
[2026-09-06T09:05:07.380+0000] {logging_mixin.py:190} INFO - [2026-09-06T09:05:07.380+0000] {dag.py:4180} INFO - Setting next_dagrun for latest_only_with_trigger to 2026-09-06 04:00:00+00:00, run_after=2026-09-06 08:00:00+00:00
[2026-09-06T09:05:07.395+0000] {processor.py:208} INFO - Processing /home/airflow/.local/lib/python3.12/site-packages/airflow/example_dags/example_latest_only_with_trigger.py took 0.059 seconds
[2026-09-06T09:05:37.550+0000] {processor.py:186} INFO - Started process (PID=1536) to work on /home/airflow/.local/lib/python3.12/site-packages/airflow/example_dags/example_latest_only_with_trigger.py
[2026-09-06T09:05:37.552+0000] {processor.py:914} INFO - Processing file /home/airflow/.local/lib/python3.12/site-packages/airflow/example_dags/example_latest_only_with_trigger.py for tasks to queue
[2026-09-06T09:05:37.554+0000] {logging_mixin.py:190} INFO - [2026-09-06T09:05:37.553+0000] {dagbag.py:588} INFO - Filling up the DagBag from /home/airflow/.local/lib/python3.12/site-packages/airflow/example_dags/example_latest_only_with_trigger.py
[2026-09-06T09:05:37.560+0000] {processor.py:925} INFO - DAG(s) 'latest_only_with_trigger' retrieved from /home/airflow/.local/lib/python3.12/site-packages/airflow/example_dags/example_latest_only_with_trigger.py
[2026-09-06T09:05:37.576+0000] {logging_mixin.py:190} INFO - [2026-09-06T09:05:37.576+0000] {dag.py:3239} INFO - Sync 1 DAGs
[2026-09-06T09:05:37.595+0000] {logging_mixin.py:190} INFO - [2026-09-06T09:05:37.594+0000] {dag.py:4180} INFO - Setting next_dagrun for latest_only_with_trigger to 2026-09-06 04:00:00+00:00, run_after=2026-09-06 08:00:00+00:00
[2026-09-06T09:05:37.609+0000] {processor.py:208} INFO - Processing /home/airflow/.local/lib/python3.12/site-packages/airflow/example_dags/example_latest_only_with_trigger.py took 0.063 seconds
[2026-09-06T09:06:08.220+0000] {processor.py:186} INFO - Started process (PID=1600) to work on /home/airflow/.local/lib/python3.12/site-packages/airflow/example_dags/example_latest_only_with_trigger.py
[2026-09-06T09:06:08.220+0000] {processor.py:914} INFO - Processing file /home/airflow/.local/lib/python3.12/site-packages/airflow/example_dags/example_latest_only_with_trigger.py for tasks to queue
[2026-09-06T09:06:08.223+0000] {logging_mixin.py:190} INFO - [2026-09-06T09:06:08.222+0000] {dagbag.py:588} INFO - Filling up the DagBag from /home/airflow/.local/lib/python3.12/site-packages/airflow/example_dags/example_latest_only_with_trigger.py
[2026-09-06T09:06:08.229+0000] {processor.py:925} INFO - DAG(s) 'latest_only_with_trigger' retrieved from /home/airflow/.local/lib/python3.12/site-packages/airflow/example_dags/example_latest_only_with_trigger.py
[2026-09-06T09:06:08.245+0000] {logging_mixin.py:190} INFO - [2026-09-06T09:06:08.245+0000] {dag.py:3239} INFO - Sync 1 DAGs
[2026-09-06T09:06:08.263+0000] {logging_mixin.py:190} INFO - [2026-09-06T09:06:08.262+0000] {dag.py:4180} INFO - Setting next_dagrun for latest_only_with_trigger to 2026-09-06 04:00:00+00:00, run_after=2026-09-06 08:00:00+00:00
[2026-09-06T09:06:08.277+0000] {processor.py:208} INFO - Processing /home/airflow/.local/lib/python3.12/site-packages/airflow/example_dags/example_latest_only_with_trigger.py took 0.062 seconds
[2026-09-06T09:06:39.186+0000] {processor.py:186} INFO - Started process (PID=1664) to work on /home/airflow/.local/lib/python3.12/site-packages/airflow/example_dags/example_latest_only_with_trigger.py
[2026-09-06T09:06:39.187+0000] {processor.py:914} INFO - Processing file /home/airflow/.local/lib/python3.12/site-packages/airflow/example_dags/example_latest_only_with_trigger.py for tasks to queue
[2026-09-06T09:06:39.189+0000] {logging_mixin.py:190} INFO - [2026-09-06T09:06:39.189+0000] {dagbag.py:588} INFO - Filling up the DagBag from /home/airflow/.local/lib/python3.12/site-packages/airflow/example_dags/example_latest_only_with_trigger.py
[2026-09-06T09:06:39.195+0000] {processor.py:925} INFO - DAG(s) 'latest_only_with_trigger' retrieved from /home/airflow/.local/lib/python3.12/site-packages/airflow/example_dags/example_latest_only_with_trigger.py
[2026-09-06T09:06:39.212+0000] {logging_mixin.py:190} INFO - [2026-09-06T09:06:39.211+0000] {dag.py:3239} INFO - Sync 1 DAGs
[2026-09-06T09:06:39.230+0000] {logging_mixin.py:190} INFO - [2026-09-06T09:06:39.230+0000] {dag.py:4180} INFO - Setting next_dagrun for latest_only_with_trigger to 2026-09-06 04:00:00+00:00, run_after=2026-09-06 08:00:00+00:00
[2026-09-06T09:06:39.245+0000] {processor.py:208} INFO - Processing /home/airflow/.local/lib/python3.12/site-packages/airflow/example_dags/example_latest_only_with_trigger.py took 0.064 seconds
[2026-09-06T09:07:10.095+0000] {processor.py:186} INFO - Started process (PID=1728) to work on /home/airflow/.local/lib/python3.12/site-packages/airflow/example_dags/example_latest_only_with_trigger.py
[2026-09-06T09:07:10.096+0000] {processor.py:914} INFO - Processing file /home/airflow/.local/lib/python3.12/site-packages/airflow/example_dags/example_latest_only_with_trigger.py for tasks to queue
[2026-09-06T09:07:10.099+0000] {logging_mixin.py:190} INFO - [2026-09-06T09:07:10.098+0000] {dagbag.py:588} INFO - Filling up the DagBag from /home/airflow/.local/lib/python3.12/site-packages/airflow/example_dags/example_latest_only_with_trigger.py
[2026-09-06T09:07:10.106+0000] {processor.py:925} INFO - DAG(s) 'latest_only_with_trigger' retrieved from /home/airflow/.local/lib/python3.12/site-packages/airflow/example_dags/example_latest_only_with_trigger.py
[2026-09-06T09:07:10.124+0000] {logging_mixin.py:190} INFO - [2026-09-06T09:07:10.124+0000] {dag.py:3239} INFO - Sync 1 DAGs
[2026-09-06T09:07:10.145+0000] {logging_mixin.py:190} INFO - [2026-09-06T09:07:10.145+0000] {dag.py:4180} INFO - Setting next_dagrun for latest_only_with_trigger to 2026-09-06 04:00:00+00:00, run_after=2026-09-06 08:00:00+00:00
[2026-09-06T09:07:10.163+0000] {processor.py:208} INFO - Processing /home/airflow/.local/lib/python3.12/site-packages/airflow/example_dags/example_latest_only_with_trigger.py took 0.073 seconds
[2026-09-06T09:07:41.011+0000] {processor.py:186} INFO - Started process (PID=1792) to work on /home/airflow/.local/lib/python3.12/site-packages/airflow/example_dags/example_latest_only_with_trigger.py
[2026-09-06T09:07:41.012+0000] {processor.py:914} INFO - Processing file /home/airflow/.local/lib/python3.12/site-packages/airflow/example_dags/example_latest_only_with_trigger.py for tasks to queue
[2026-09-06T09:07:41.014+0000] {logging_mixin.py:190} INFO - [2026-09-06T09:07:41.014+0000] {dagbag.py:588} INFO - Filling up the DagBag from /home/airflow/.local/lib/python3.12/site-packages/airflow/example_dags/example_latest_only_with_trigger.py
[2026-09-06T09:07:41.022+0000] {processor.py:925} INFO - DAG(s) 'latest_only_with_trigger' retrieved from /home/airflow/.local/lib/python3.12/site-packages/airflow/example_dags/example_latest_only_with_trigger.py
[2026-09-06T09:07:41.040+0000] {logging_mixin.py:190} INFO - [2026-09-06T09:07:41.040+0000] {dag.py:3239} INFO - Sync 1 DAGs
[2026-09-06T09:07:41.059+0000] {logging_mixin.py:190} INFO - [2026-09-06T09:07:41.059+0000] {dag.py:4180} INFO - Setting next_dagrun for latest_only_with_trigger to 2026-09-06 04:00:00+00:00, run_after=2026-09-06 08:00:00+00:00
[2026-09-06T09:07:41.075+0000] {processor.py:208} INFO - Processing /home/airflow/.local/lib/python3.12/site-packages/airflow/example_dags/example_latest_only_with_trigger.py took 0.070 seconds
[2026-09-06T09:08:11.709+0000] {processor.py:186} INFO - Started process (PID=1856) to work on /home/airflow/.local/lib/python3.12/site-packages/airflow/example_dags/example_latest_only_with_trigger.py
[2026-09-06T09:08:11.710+0000] {processor.py:914} INFO - Processing file /home/airflow/.local/lib/python3.12/site-packages/airflow/example_dags/example_latest_only_with_trigger.py for tasks to queue
[2026-09-06T09:08:11.713+0000] {logging_mixin.py:190} INFO - [2026-09-06T09:08:11.712+0000] {dagbag.py:588} INFO - Filling up the DagBag from /home/airflow/.local/lib/python3.12/site-packages/airflow/example_dags/example_latest_only_with_trigger.py
[2026-09-06T09:08:11.719+0000] {processor.py:925} INFO - DAG(s) 'latest_only_with_trigger' retrieved from /home/airflow/.local/lib/python3.12/site-packages/airflow/example_dags/example_latest_only_with_trigger.py
[2026-09-06T09:08:11.734+0000] {logging_mixin.py:190} INFO - [2026-09-06T09:08:11.734+0000] {dag.py:3239} INFO - Sync 1 DAGs
[2026-09-06T09:08:11.751+0000] {logging_mixin.py:190} INFO - [2026-09-06T09:08:11.750+0000] {dag.py:4180} INFO - Setting next_dagrun for latest_only_with_trigger to 2026-09-06 04:00:00+00:00, run_after=2026-09-06 08:00:00+00:00
[2026-09-06T09:08:11.764+0000] {processor.py:208} INFO - Processing /home/airflow/.local/lib/python3.12/site-packages/airflow/example_dags/example_latest_only_with_trigger.py took 0.059 seconds
[2026-09-06T09:08:42.374+0000] {processor.py:186} INFO - Started process (PID=1920) to work on /home/airflow/.local/lib/python3.12/site-packages/airflow/example_dags/example_latest_only_with_trigger.py
[2026-09-06T09:08:42.376+0000] {processor.py:914} INFO - Processing file /home/airflow/.local/lib/python3.12/site-packages/airflow/example_dags/example_latest_only_with_trigger.py for tasks to queue
[2026-09-06T09:08:42.379+0000] {logging_mixin.py:190} INFO - [2026-09-06T09:08:42.378+0000] {dagbag.py:588} INFO - Filling up the DagBag from /home/airflow/.local/lib/python3.12/site-packages/airflow/example_dags/example_latest_only_with_trigger.py
[2026-09-06T09:08:42.387+0000] {processor.py:925} INFO - DAG(s) 'latest_only_with_trigger' retrieved from /home/airflow/.local/lib/python3.12/site-packages/airflow/example_dags/example_latest_only_with_trigger.py
[2026-09-06T09:08:42.406+0000] {logging_mixin.py:190} INFO - [2026-09-06T09:08:42.405+0000] {dag.py:3239} INFO - Sync 1 DAGs
[2026-09-06T09:08:42.425+0000] {logging_mixin.py:190} INFO - [2026-09-06T09:08:42.424+0000] {dag.py:4180} INFO - Setting next_dagrun for latest_only_with_trigger to 2026-09-06 04:00:00+00:00, run_after=2026-09-06 08:00:00+00:00
[2026-09-06T09:08:42.438+0000] {processor.py:208} INFO - Processing /home/airflow/.local/lib/python3.12/site-packages/airflow/example_dags/example_latest_only_with_trigger.py took 0.070 seconds
[2026-09-06T09:09:13.137+0000] {processor.py:186} INFO - Started process (PID=1984) to work on /home/airflow/.local/lib/python3.12/site-packages/airflow/example_dags/example_latest_only_with_trigger.py
[2026-09-06T09:09:13.138+0000] {processor.py:914} INFO - Processing file /home/airflow/.local/lib/python3.12/site-packages/airflow/example_dags/example_latest_only_with_trigger.py for tasks to queue
[2026-09-06T09:09:13.140+0000] {logging_mixin.py:190} INFO - [2026-09-06T09:09:13.140+0000] {dagbag.py:588} INFO - Filling up the DagBag from /home/airflow/.local/lib/python3.12/site-packages/airflow/example_dags/example_latest_only_with_trigger.py
[2026-09-06T09:09:13.146+0000] {processor.py:925} INFO - DAG(s) 'latest_only_with_trigger' retrieved from /home/airflow/.local/lib/python3.12/site-packages/airflow/example_dags/example_latest_only_with_trigger.py
[2026-09-06T09:09:13.163+0000] {logging_mixin.py:190} INFO - [2026-09-06T09:09:13.162+0000] {dag.py:3239} INFO - Sync 1 DAGs
[2026-09-06T09:09:13.179+0000] {logging_mixin.py:190} INFO - [2026-09-06T09:09:13.179+0000] {dag.py:4180} INFO - Setting next_dagrun for latest_only_with_trigger to 2026-09-06 04:00:00+00:00, run_after=2026-09-06 08:00:00+00:00
[2026-09-06T09:09:13.193+0000] {processor.py:208} INFO - Processing /home/airflow/.local/lib/python3.12/site-packages/airflow/example_dags/example_latest_only_with_trigger.py took 0.060 seconds
[2026-09-06T09:09:43.328+0000] {processor.py:186} INFO - Started process (PID=2048) to work on /home/airflow/.local/lib/python3.12/site-packages/airflow/example_dags/example_latest_only_with_trigger.py
[2026-09-06T09:09:43.329+0000] {processor.py:914} INFO - Processing file /home/airflow/.local/lib/python3.12/site-packages/airflow/example_dags/example_latest_only_with_trigger.py for tasks to queue
[2026-09-06T09:09:43.331+0000] {logging_mixin.py:190} INFO - [2026-09-06T09:09:43.331+0000] {dagbag.py:588} INFO - Filling up the DagBag from /home/airflow/.local/lib/python3.12/site-packages/airflow/example_dags/example_latest_only_with_trigger.py
[2026-09-06T09:09:43.337+0000] {processor.py:925} INFO - DAG(s) 'latest_only_with_trigger' retrieved from /home/airflow/.local/lib/python3.12/site-packages/airflow/example_dags/example_latest_only_with_trigger.py
[2026-09-06T09:09:43.353+0000] {logging_mixin.py:190} INFO - [2026-09-06T09:09:43.352+0000] {dag.py:3239} INFO - Sync 1 DAGs
[2026-09-06T09:09:43.370+0000] {logging_mixin.py:190} INFO - [2026-09-06T09:09:43.370+0000] {dag.py:4180} INFO - Setting next_dagrun for latest_only_with_trigger to 2026-09-06 04:00:00+00:00, run_after=2026-09-06 08:00:00+00:00
[2026-09-06T09:09:43.383+0000] {processor.py:208} INFO - Processing /home/airflow/.local/lib/python3.12/site-packages/airflow/example_dags/example_latest_only_with_trigger.py took 0.060 seconds
[2026-09-06T09:10:13.939+0000] {processor.py:186} INFO - Started process (PID=2112) to work on /home/airflow/.local/lib/python3.12/site-packages/airflow/example_dags/example_latest_only_with_trigger.py
[2026-09-06T09:10:13.940+0000] {processor.py:914} INFO - Processing file /home/airflow/.local/lib/python3.12/site-packages/airflow/example_dags/example_latest_only_with_trigger.py for tasks to queue
[2026-09-06T09:10:13.942+0000] {logging_mixin.py:190} INFO - [2026-09-06T09:10:13.942+0000] {dagbag.py:588} INFO - Filling up the DagBag from /home/airflow/.local/lib/python3.12/site-packages/airflow/example_dags/example_latest_only_with_trigger.py
[2026-09-06T09:10:13.949+0000] {processor.py:925} INFO - DAG(s) 'latest_only_with_trigger' retrieved from /home/airflow/.local/lib/python3.12/site-packages/airflow/example_dags/example_latest_only_with_trigger.py
[2026-09-06T09:10:13.966+0000] {logging_mixin.py:190} INFO - [2026-09-06T09:10:13.966+0000] {dag.py:3239} INFO - Sync 1 DAGs
[2026-09-06T09:10:13.985+0000] {logging_mixin.py:190} INFO - [2026-09-06T09:10:13.985+0000] {dag.py:4180} INFO - Setting next_dagrun for latest_only_with_trigger to 2026-09-06 04:00:00+00:00, run_after=2026-09-06 08:00:00+00:00
[2026-09-06T09:10:14.000+0000] {processor.py:208} INFO - Processing /home/airflow/.local/lib/python3.12/site-packages/airflow/example_dags/example_latest_only_with_trigger.py took 0.066 seconds
[2026-09-06T09:10:44.201+0000] {processor.py:186} INFO - Started process (PID=2176) to work on /home/airflow/.local/lib/python3.12/site-packages/airflow/example_dags/example_latest_only_with_trigger.py
[2026-09-06T09:10:44.202+0000] {processor.py:914} INFO - Processing file /home/airflow/.local/lib/python3.12/site-packages/airflow/example_dags/example_latest_only_with_trigger.py for tasks to queue
[2026-09-06T09:10:44.204+0000] {logging_mixin.py:190} INFO - [2026-09-06T09:10:44.204+0000] {dagbag.py:588} INFO - Filling up the DagBag from /home/airflow/.local/lib/python3.12/site-packages/airflow/example_dags/example_latest_only_with_trigger.py
[2026-09-06T09:10:44.210+0000] {processor.py:925} INFO - DAG(s) 'latest_only_with_trigger' retrieved from /home/airflow/.local/lib/python3.12/site-packages/airflow/example_dags/example_latest_only_with_trigger.py
[2026-09-06T09:10:44.226+0000] {logging_mixin.py:190} INFO - [2026-09-06T09:10:44.226+0000] {dag.py:3239} INFO - Sync 1 DAGs
[2026-09-06T09:10:44.244+0000] {logging_mixin.py:190} INFO - [2026-09-06T09:10:44.244+0000] {dag.py:4180} INFO - Setting next_dagrun for latest_only_with_trigger to 2026-09-06 04:00:00+00:00, run_after=2026-09-06 08:00:00+00:00
[2026-09-06T09:10:44.258+0000] {processor.py:208} INFO - Processing /home/airflow/.local/lib/python3.12/site-packages/airflow/example_dags/example_latest_only_with_trigger.py took 0.061 seconds
[2026-09-06T09:11:14.434+0000] {processor.py:186} INFO - Started process (PID=2240) to work on /home/airflow/.local/lib/python3.12/site-packages/airflow/example_dags/example_latest_only_with_trigger.py
[2026-09-06T09:11:14.435+0000] {processor.py:914} INFO - Processing file /home/airflow/.local/lib/python3.12/site-packages/airflow/example_dags/example_latest_only_with_trigger.py for tasks to queue
[2026-09-06T09:11:14.437+0000] {logging_mixin.py:190} INFO - [2026-09-06T09:11:14.436+0000] {dagbag.py:588} INFO - Filling up the DagBag from /home/airflow/.local/lib/python3.12/site-packages/airflow/example_dags/example_latest_only_with_trigger.py
[2026-09-06T09:11:14.443+0000] {processor.py:925} INFO - DAG(s) 'latest_only_with_trigger' retrieved from /home/airflow/.local/lib/python3.12/site-packages/airflow/example_dags/example_latest_only_with_trigger.py
[2026-09-06T09:11:14.459+0000] {logging_mixin.py:190} INFO - [2026-09-06T09:11:14.459+0000] {dag.py:3239} INFO - Sync 1 DAGs
[2026-09-06T09:11:14.476+0000] {logging_mixin.py:190} INFO - [2026-09-06T09:11:14.476+0000] {dag.py:4180} INFO - Setting next_dagrun for latest_only_with_trigger to 2026-09-06 04:00:00+00:00, run_after=2026-09-06 08:00:00+00:00
[2026-09-06T09:11:14.491+0000] {processor.py:208} INFO - Processing /home/airflow/.local/lib/python3.12/site-packages/airflow/example_dags/example_latest_only_with_trigger.py took 0.062 seconds
[2026-09-06T09:11:44.659+0000] {processor.py:186} INFO - Started process (PID=2304) to work on /home/airflow/.local/lib/python3.12/site-packages/airflow/example_dags/example_latest_only_with_trigger.py
[2026-09-06T09:11:44.660+0000] {processor.py:914} INFO - Processing file /home/airflow/.local/lib/python3.12/site-packages/airflow/example_dags/example_latest_only_with_trigger.py for tasks to queue
[2026-09-06T09:11:44.662+0000] {logging_mixin.py:190} INFO - [2026-09-06T09:11:44.662+0000] {dagbag.py:588} INFO - Filling up the DagBag from /home/airflow/.local/lib/python3.12/site-packages/airflow/example_dags/example_latest_only_with_trigger.py
[2026-09-06T09:11:44.669+0000] {processor.py:925} INFO - DAG(s) 'latest_only_with_trigger' retrieved from /home/airflow/.local/lib/python3.12/site-packages/airflow/example_dags/example_latest_only_with_trigger.py
[2026-09-06T09:11:44.685+0000] {logging_mixin.py:190} INFO - [2026-09-06T09:11:44.685+0000] {dag.py:3239} INFO - Sync 1 DAGs
[2026-09-06T09:11:44.702+0000] {logging_mixin.py:190} INFO - [2026-09-06T09:11:44.702+0000] {dag.py:4180} INFO - Setting next_dagrun for latest_only_with_trigger to 2026-09-06 04:00:00+00:00, run_after=2026-09-06 08:00:00+00:00
[2026-09-06T09:11:44.717+0000] {processor.py:208} INFO - Processing /home/airflow/.local/lib/python3.12/site-packages/airflow/example_dags/example_latest_only_with_trigger.py took 0.062 seconds
[2026-09-06T09:12:15.056+0000] {processor.py:186} INFO - Started process (PID=2368) to work on /home/airflow/.local/lib/python3.12/site-packages/airflow/example_dags/example_latest_only_with_trigger.py
[2026-09-06T09:12:15.056+0000] {processor.py:914} INFO - Processing file /home/airflow/.local/lib/python3.12/site-packages/airflow/example_dags/example_latest_only_with_trigger.py for tasks to queue
[2026-09-06T09:12:15.059+0000] {logging_mixin.py:190} INFO - [2026-09-06T09:12:15.058+0000] {dagbag.py:588} INFO - Filling up the DagBag from /home/airflow/.local/lib/python3.12/site-packages/airflow/example_dags/example_latest_only_with_trigger.py
[2026-09-06T09:12:15.066+0000] {processor.py:925} INFO - DAG(s) 'latest_only_with_trigger' retrieved from /home/airflow/.local/lib/python3.12/site-packages/airflow/example_dags/example_latest_only_with_trigger.py
[2026-09-06T09:12:15.085+0000] {logging_mixin.py:190} INFO - [2026-09-06T09:12:15.085+0000] {dag.py:3239} INFO - Sync 1 DAGs
[2026-09-06T09:12:15.105+0000] {logging_mixin.py:190} INFO - [2026-09-06T09:12:15.105+0000] {dag.py:4180} INFO - Setting next_dagrun for latest_only_with_trigger to 2026-09-06 04:00:00+00:00, run_after=2026-09-06 08:00:00+00:00
[2026-09-06T09:12:15.121+0000] {processor.py:208} INFO - Processing /home/airflow/.local/lib/python3.12/site-packages/airflow/example_dags/example_latest_only_with_trigger.py took 0.070 seconds
[2026-09-06T09:12:45.322+0000] {processor.py:186} INFO - Started process (PID=2432) to work on /home/airflow/.local/lib/python3.12/site-packages/airflow/example_dags/example_latest_only_with_trigger.py
[2026-09-06T09:12:45.323+0000] {processor.py:914} INFO - Processing file /home/airflow/.local/lib/python3.12/site-packages/airflow/example_dags/example_latest_only_with_trigger.py for tasks to queue
[2026-09-06T09:12:45.325+0000] {logging_mixin.py:190} INFO - [2026-09-06T09:12:45.325+0000] {dagbag.py:588} INFO - Filling up the DagBag from /home/airflow/.local/lib/python3.12/site-packages/airflow/example_dags/example_latest_only_with_trigger.py
[2026-09-06T09:12:45.332+0000] {processor.py:925} INFO - DAG(s) 'latest_only_with_trigger' retrieved from /home/airflow/.local/lib/python3.12/site-packages/airflow/example_dags/example_latest_only_with_trigger.py
[2026-09-06T09:12:45.352+0000] {logging_mixin.py:190} INFO - [2026-09-06T09:12:45.352+0000] {dag.py:3239} INFO - Sync 1 DAGs
[2026-09-06T09:12:45.372+0000] {logging_mixin.py:190} INFO - [2026-09-06T09:12:45.372+0000] {dag.py:4180} INFO - Setting next_dagrun for latest_only_with_trigger to 2026-09-06 04:00:00+00:00, run_after=2026-09-06 08:00:00+00:00
[2026-09-06T09:12:45.388+0000] {processor.py:208} INFO - Processing /home/airflow/.local/lib/python3.12/site-packages/airflow/example_dags/example_latest_only_with_trigger.py took 0.070 seconds
[2026-09-06T09:13:15.573+0000] {processor.py:186} INFO - Started process (PID=2496) to work on /home/airflow/.local/lib/python3.12/site-packages/airflow/example_dags/example_latest_only_with_trigger.py
[2026-09-06T09:13:15.574+0000] {processor.py:914} INFO - Processing file /home/airflow/.local/lib/python3.12/site-packages/airflow/example_dags/example_latest_only_with_trigger.py for tasks to queue
[2026-09-06T09:13:15.576+0000] {logging_mixin.py:190} INFO - [2026-09-06T09:13:15.575+0000] {dagbag.py:588} INFO - Filling up the DagBag from /home/airflow/.local/lib/python3.12/site-packages/airflow/example_dags/example_latest_only_with_trigger.py
[2026-09-06T09:13:15.582+0000] {processor.py:925} INFO - DAG(s) 'latest_only_with_trigger' retrieved from /home/airflow/.local/lib/python3.12/site-packages/airflow/example_dags/example_latest_only_with_trigger.py
[2026-09-06T09:13:15.598+0000] {logging_mixin.py:190} INFO - [2026-09-06T09:13:15.598+0000] {dag.py:3239} INFO - Sync 1 DAGs
[2026-09-06T09:13:15.614+0000] {logging_mixin.py:190} INFO - [2026-09-06T09:13:15.614+0000] {dag.py:4180} INFO - Setting next_dagrun for latest_only_with_trigger to 2026-09-06 04:00:00+00:00, run_after=2026-09-06 08:00:00+00:00
[2026-09-06T09:13:15.628+0000] {processor.py:208} INFO - Processing /home/airflow/.local/lib/python3.12/site-packages/airflow/example_dags/example_latest_only_with_trigger.py took 0.060 seconds
[2026-09-06T09:13:45.883+0000] {processor.py:186} INFO - Started process (PID=2560) to work on /home/airflow/.local/lib/python3.12/site-packages/airflow/example_dags/example_latest_only_with_trigger.py
[2026-09-06T09:13:45.884+0000] {processor.py:914} INFO - Processing file /home/airflow/.local/lib/python3.12/site-packages/airflow/example_dags/example_latest_only_with_trigger.py for tasks to queue
[2026-09-06T09:13:45.886+0000] {logging_mixin.py:190} INFO - [2026-09-06T09:13:45.886+0000] {dagbag.py:588} INFO - Filling up the DagBag from /home/airflow/.local/lib/python3.12/site-packages/airflow/example_dags/example_latest_only_with_trigger.py
[2026-09-06T09:13:45.892+0000] {processor.py:925} INFO - DAG(s) 'latest_only_with_trigger' retrieved from /home/airflow/.local/lib/python3.12/site-packages/airflow/example_dags/example_latest_only_with_trigger.py
[2026-09-06T09:13:45.907+0000] {logging_mixin.py:190} INFO - [2026-09-06T09:13:45.907+0000] {dag.py:3239} INFO - Sync 1 DAGs
[2026-09-06T09:13:45.923+0000] {logging_mixin.py:190} INFO - [2026-09-06T09:13:45.923+0000] {dag.py:4180} INFO - Setting next_dagrun for latest_only_with_trigger to 2026-09-06 04:00:00+00:00, run_after=2026-09-06 08:00:00+00:00
[2026-09-06T09:13:45.937+0000] {processor.py:208} INFO - Processing /home/airflow/.local/lib/python3.12/site-packages/airflow/example_dags/example_latest_only_with_trigger.py took 0.058 seconds
[2026-09-06T09:14:15.997+0000] {processor.py:186} INFO - Started process (PID=2623) to work on /home/airflow/.local/lib/python3.12/site-packages/airflow/example_dags/example_latest_only_with_trigger.py
[2026-09-06T09:14:15.998+0000] {processor.py:914} INFO - Processing file /home/airflow/.local/lib/python3.12/site-packages/airflow/example_dags/example_latest_only_with_trigger.py for tasks to queue
[2026-09-06T09:14:16.000+0000] {logging_mixin.py:190} INFO - [2026-09-06T09:14:16.000+0000] {dagbag.py:588} INFO - Filling up the DagBag from /home/airflow/.local/lib/python3.12/site-packages/airflow/example_dags/example_latest_only_with_trigger.py
[2026-09-06T09:14:16.007+0000] {processor.py:925} INFO - DAG(s) 'latest_only_with_trigger' retrieved from /home/airflow/.local/lib/python3.12/site-packages/airflow/example_dags/example_latest_only_with_trigger.py
[2026-09-06T09:14:16.028+0000] {logging_mixin.py:190} INFO - [2026-09-06T09:14:16.028+0000] {dag.py:3239} INFO - Sync 1 DAGs
[2026-09-06T09:14:16.058+0000] {logging_mixin.py:190} INFO - [2026-09-06T09:14:16.058+0000] {dag.py:4180} INFO - Setting next_dagrun for latest_only_with_trigger to 2026-09-06 04:00:00+00:00, run_after=2026-09-06 08:00:00+00:00
[2026-09-06T09:14:16.075+0000] {processor.py:208} INFO - Processing /home/airflow/.local/lib/python3.12/site-packages/airflow/example_dags/example_latest_only_with_trigger.py took 0.082 seconds
[2026-09-06T09:14:46.222+0000] {processor.py:186} INFO - Started process (PID=2687) to work on /home/airflow/.local/lib/python3.12/site-packages/airflow/example_dags/example_latest_only_with_trigger.py
[2026-09-06T09:14:46.223+0000] {processor.py:914} INFO - Processing file /home/airflow/.local/lib/python3.12/site-packages/airflow/example_dags/example_latest_only_with_trigger.py for tasks to queue
[2026-09-06T09:14:46.226+0000] {logging_mixin.py:190} INFO - [2026-09-06T09:14:46.225+0000] {dagbag.py:588} INFO - Filling up the DagBag from /home/airflow/.local/lib/python3.12/site-packages/airflow/example_dags/example_latest_only_with_trigger.py
[2026-09-06T09:14:46.233+0000] {processor.py:925} INFO - DAG(s) 'latest_only_with_trigger' retrieved from /home/airflow/.local/lib/python3.12/site-packages/airflow/example_dags/example_latest_only_with_trigger.py
[2026-09-06T09:14:46.251+0000] {logging_mixin.py:190} INFO - [2026-09-06T09:14:46.251+0000] {dag.py:3239} INFO - Sync 1 DAGs
[2026-09-06T09:14:46.270+0000] {logging_mixin.py:190} INFO - [2026-09-06T09:14:46.269+0000] {dag.py:4180} INFO - Setting next_dagrun for latest_only_with_trigger to 2026-09-06 04:00:00+00:00, run_after=2026-09-06 08:00:00+00:00
[2026-09-06T09:14:46.283+0000] {processor.py:208} INFO - Processing /home/airflow/.local/lib/python3.12/site-packages/airflow/example_dags/example_latest_only_with_trigger.py took 0.067 seconds
[2026-09-06T09:15:16.900+0000] {processor.py:186} INFO - Started process (PID=2751) to work on /home/airflow/.local/lib/python3.12/site-packages/airflow/example_dags/example_latest_only_with_trigger.py
[2026-09-06T09:15:16.901+0000] {processor.py:914} INFO - Processing file /home/airflow/.local/lib/python3.12/site-packages/airflow/example_dags/example_latest_only_with_trigger.py for tasks to queue
[2026-09-06T09:15:16.903+0000] {logging_mixin.py:190} INFO - [2026-09-06T09:15:16.902+0000] {dagbag.py:588} INFO - Filling up the DagBag from /home/airflow/.local/lib/python3.12/site-packages/airflow/example_dags/example_latest_only_with_trigger.py
[2026-09-06T09:15:16.909+0000] {processor.py:925} INFO - DAG(s) 'latest_only_with_trigger' retrieved from /home/airflow/.local/lib/python3.12/site-packages/airflow/example_dags/example_latest_only_with_trigger.py
[2026-09-06T09:15:16.927+0000] {logging_mixin.py:190} INFO - [2026-09-06T09:15:16.926+0000] {dag.py:3239} INFO - Sync 1 DAGs
[2026-09-06T09:15:16.943+0000] {logging_mixin.py:190} INFO - [2026-09-06T09:15:16.943+0000] {dag.py:4180} INFO - Setting next_dagrun for latest_only_with_trigger to 2026-09-06 04:00:00+00:00, run_after=2026-09-06 08:00:00+00:00
[2026-09-06T09:15:16.958+0000] {processor.py:208} INFO - Processing /home/airflow/.local/lib/python3.12/site-packages/airflow/example_dags/example_latest_only_with_trigger.py took 0.063 seconds
[2026-09-06T09:15:47.347+0000] {processor.py:186} INFO - Started process (PID=2813) to work on /home/airflow/.local/lib/python3.12/site-packages/airflow/example_dags/example_latest_only_with_trigger.py
[2026-09-06T09:15:47.348+0000] {processor.py:914} INFO - Processing file /home/airflow/.local/lib/python3.12/site-packages/airflow/example_dags/example_latest_only_with_trigger.py for tasks to queue
[2026-09-06T09:15:47.350+0000] {logging_mixin.py:190} INFO - [2026-09-06T09:15:47.350+0000] {dagbag.py:588} INFO - Filling up the DagBag from /home/airflow/.local/lib/python3.12/site-packages/airflow/example_dags/example_latest_only_with_trigger.py
[2026-09-06T09:15:47.356+0000] {processor.py:925} INFO - DAG(s) 'latest_only_with_trigger' retrieved from /home/airflow/.local/lib/python3.12/site-packages/airflow/example_dags/example_latest_only_with_trigger.py
[2026-09-06T09:15:47.372+0000] {logging_mixin.py:190} INFO - [2026-09-06T09:15:47.371+0000] {dag.py:3239} INFO - Sync 1 DAGs
[2026-09-06T09:15:47.390+0000] {logging_mixin.py:190} INFO - [2026-09-06T09:15:47.390+0000] {dag.py:4180} INFO - Setting next_dagrun for latest_only_with_trigger to 2026-09-06 04:00:00+00:00, run_after=2026-09-06 08:00:00+00:00
[2026-09-06T09:15:47.426+0000] {processor.py:208} INFO - Processing /home/airflow/.local/lib/python3.12/site-packages/airflow/example_dags/example_latest_only_with_trigger.py took 0.083 seconds
[2026-09-06T09:16:17.791+0000] {processor.py:186} INFO - Started process (PID=2877) to work on /home/airflow/.local/lib/python3.12/site-packages/airflow/example_dags/example_latest_only_with_trigger.py
[2026-09-06T09:16:17.792+0000] {processor.py:914} INFO - Processing file /home/airflow/.local/lib/python3.12/site-packages/airflow/example_dags/example_latest_only_with_trigger.py for tasks to queue
[2026-09-06T09:16:17.794+0000] {logging_mixin.py:190} INFO - [2026-09-06T09:16:17.794+0000] {dagbag.py:588} INFO - Filling up the DagBag from /home/airflow/.local/lib/python3.12/site-packages/airflow/example_dags/example_latest_only_with_trigger.py
[2026-09-06T09:16:17.800+0000] {processor.py:925} INFO - DAG(s) 'latest_only_with_trigger' retrieved from /home/airflow/.local/lib/python3.12/site-packages/airflow/example_dags/example_latest_only_with_trigger.py
[2026-09-06T09:16:17.816+0000] {logging_mixin.py:190} INFO - [2026-09-06T09:16:17.816+0000] {dag.py:3239} INFO - Sync 1 DAGs
[2026-09-06T09:16:17.832+0000] {logging_mixin.py:190} INFO - [2026-09-06T09:16:17.832+0000] {dag.py:4180} INFO - Setting next_dagrun for latest_only_with_trigger to 2026-09-06 04:00:00+00:00, run_after=2026-09-06 08:00:00+00:00
[2026-09-06T09:16:17.847+0000] {processor.py:208} INFO - Processing /home/airflow/.local/lib/python3.12/site-packages/airflow/example_dags/example_latest_only_with_trigger.py took 0.061 seconds
[2026-09-06T09:16:49.893+0000] {processor.py:186} INFO - Started process (PID=2936) to work on /home/airflow/.local/lib/python3.12/site-packages/airflow/example_dags/example_latest_only_with_trigger.py
[2026-09-06T09:16:49.894+0000] {processor.py:914} INFO - Processing file /home/airflow/.local/lib/python3.12/site-packages/airflow/example_dags/example_latest_only_with_trigger.py for tasks to queue
[2026-09-06T09:16:49.896+0000] {logging_mixin.py:190} INFO - [2026-09-06T09:16:49.896+0000] {dagbag.py:588} INFO - Filling up the DagBag from /home/airflow/.local/lib/python3.12/site-packages/airflow/example_dags/example_latest_only_with_trigger.py
[2026-09-06T09:16:49.902+0000] {processor.py:925} INFO - DAG(s) 'latest_only_with_trigger' retrieved from /home/airflow/.local/lib/python3.12/site-packages/airflow/example_dags/example_latest_only_with_trigger.py
[2026-09-06T09:16:49.918+0000] {logging_mixin.py:190} INFO - [2026-09-06T09:16:49.918+0000] {dag.py:3239} INFO - Sync 1 DAGs
[2026-09-06T09:16:49.936+0000] {logging_mixin.py:190} INFO - [2026-09-06T09:16:49.935+0000] {dag.py:4180} INFO - Setting next_dagrun for latest_only_with_trigger to 2026-09-06 04:00:00+00:00, run_after=2026-09-06 08:00:00+00:00
[2026-09-06T09:16:49.951+0000] {processor.py:208} INFO - Processing /home/airflow/.local/lib/python3.12/site-packages/airflow/example_dags/example_latest_only_with_trigger.py took 0.062 seconds
[2026-09-06T09:17:20.790+0000] {processor.py:186} INFO - Started process (PID=3000) to work on /home/airflow/.local/lib/python3.12/site-packages/airflow/example_dags/example_latest_only_with_trigger.py
[2026-09-06T09:17:20.791+0000] {processor.py:914} INFO - Processing file /home/airflow/.local/lib/python3.12/site-packages/airflow/example_dags/example_latest_only_with_trigger.py for tasks to queue
[2026-09-06T09:17:20.793+0000] {logging_mixin.py:190} INFO - [2026-09-06T09:17:20.793+0000] {dagbag.py:588} INFO - Filling up the DagBag from /home/airflow/.local/lib/python3.12/site-packages/airflow/example_dags/example_latest_only_with_trigger.py
[2026-09-06T09:17:20.799+0000] {processor.py:925} INFO - DAG(s) 'latest_only_with_trigger' retrieved from /home/airflow/.local/lib/python3.12/site-packages/airflow/example_dags/example_latest_only_with_trigger.py
[2026-09-06T09:17:20.817+0000] {logging_mixin.py:190} INFO - [2026-09-06T09:17:20.817+0000] {dag.py:3239} INFO - Sync 1 DAGs
[2026-09-06T09:17:20.836+0000] {logging_mixin.py:190} INFO - [2026-09-06T09:17:20.836+0000] {dag.py:4180} INFO - Setting next_dagrun for latest_only_with_trigger to 2026-09-06 04:00:00+00:00, run_after=2026-09-06 08:00:00+00:00
[2026-09-06T09:17:21.078+0000] {processor.py:208} INFO - Processing /home/airflow/.local/lib/python3.12/site-packages/airflow/example_dags/example_latest_only_with_trigger.py took 0.293 seconds
[2026-09-06T09:17:51.160+0000] {processor.py:186} INFO - Started process (PID=3066) to work on /home/airflow/.local/lib/python3.12/site-packages/airflow/example_dags/example_latest_only_with_trigger.py
[2026-09-06T09:17:51.161+0000] {processor.py:914} INFO - Processing file /home/airflow/.local/lib/python3.12/site-packages/airflow/example_dags/example_latest_only_with_trigger.py for tasks to queue
[2026-09-06T09:17:51.163+0000] {logging_mixin.py:190} INFO - [2026-09-06T09:17:51.162+0000] {dagbag.py:588} INFO - Filling up the DagBag from /home/airflow/.local/lib/python3.12/site-packages/airflow/example_dags/example_latest_only_with_trigger.py
[2026-09-06T09:17:51.169+0000] {processor.py:925} INFO - DAG(s) 'latest_only_with_trigger' retrieved from /home/airflow/.local/lib/python3.12/site-packages/airflow/example_dags/example_latest_only_with_trigger.py
[2026-09-06T09:17:51.186+0000] {logging_mixin.py:190} INFO - [2026-09-06T09:17:51.186+0000] {dag.py:3239} INFO - Sync 1 DAGs
[2026-09-06T09:17:51.203+0000] {logging_mixin.py:190} INFO - [2026-09-06T09:17:51.203+0000] {dag.py:4180} INFO - Setting next_dagrun for latest_only_with_trigger to 2026-09-06 04:00:00+00:00, run_after=2026-09-06 08:00:00+00:00
[2026-09-06T09:17:51.217+0000] {processor.py:208} INFO - Processing /home/airflow/.local/lib/python3.12/site-packages/airflow/example_dags/example_latest_only_with_trigger.py took 0.062 seconds
[2026-09-06T09:18:22.282+0000] {processor.py:186} INFO - Started process (PID=3125) to work on /home/airflow/.local/lib/python3.12/site-packages/airflow/example_dags/example_latest_only_with_trigger.py
[2026-09-06T09:18:22.283+0000] {processor.py:914} INFO - Processing file /home/airflow/.local/lib/python3.12/site-packages/airflow/example_dags/example_latest_only_with_trigger.py for tasks to queue
[2026-09-06T09:18:22.285+0000] {logging_mixin.py:190} INFO - [2026-09-06T09:18:22.284+0000] {dagbag.py:588} INFO - Filling up the DagBag from /home/airflow/.local/lib/python3.12/site-packages/airflow/example_dags/example_latest_only_with_trigger.py
[2026-09-06T09:18:22.292+0000] {processor.py:925} INFO - DAG(s) 'latest_only_with_trigger' retrieved from /home/airflow/.local/lib/python3.12/site-packages/airflow/example_dags/example_latest_only_with_trigger.py
[2026-09-06T09:18:22.312+0000] {logging_mixin.py:190} INFO - [2026-09-06T09:18:22.312+0000] {dag.py:3239} INFO - Sync 1 DAGs
[2026-09-06T09:18:22.333+0000] {logging_mixin.py:190} INFO - [2026-09-06T09:18:22.333+0000] {dag.py:4180} INFO - Setting next_dagrun for latest_only_with_trigger to 2026-09-06 04:00:00+00:00, run_after=2026-09-06 08:00:00+00:00
[2026-09-06T09:18:22.352+0000] {processor.py:208} INFO - Processing /home/airflow/.local/lib/python3.12/site-packages/airflow/example_dags/example_latest_only_with_trigger.py took 0.076 seconds
[2026-09-06T09:18:55.656+0000] {processor.py:186} INFO - Started process (PID=3189) to work on /home/airflow/.local/lib/python3.12/site-packages/airflow/example_dags/example_latest_only_with_trigger.py
[2026-09-06T09:18:55.657+0000] {processor.py:914} INFO - Processing file /home/airflow/.local/lib/python3.12/site-packages/airflow/example_dags/example_latest_only_with_trigger.py for tasks to queue
[2026-09-06T09:18:55.659+0000] {logging_mixin.py:190} INFO - [2026-09-06T09:18:55.659+0000] {dagbag.py:588} INFO - Filling up the DagBag from /home/airflow/.local/lib/python3.12/site-packages/airflow/example_dags/example_latest_only_with_trigger.py
[2026-09-06T09:18:55.665+0000] {processor.py:925} INFO - DAG(s) 'latest_only_with_trigger' retrieved from /home/airflow/.local/lib/python3.12/site-packages/airflow/example_dags/example_latest_only_with_trigger.py
[2026-09-06T09:18:55.681+0000] {logging_mixin.py:190} INFO - [2026-09-06T09:18:55.681+0000] {dag.py:3239} INFO - Sync 1 DAGs
[2026-09-06T09:18:55.891+0000] {logging_mixin.py:190} INFO - [2026-09-06T09:18:55.891+0000] {dag.py:4180} INFO - Setting next_dagrun for latest_only_with_trigger to 2026-09-06 04:00:00+00:00, run_after=2026-09-06 08:00:00+00:00
[2026-09-06T09:18:55.904+0000] {processor.py:208} INFO - Processing /home/airflow/.local/lib/python3.12/site-packages/airflow/example_dags/example_latest_only_with_trigger.py took 0.252 seconds
[2026-09-06T09:19:26.720+0000] {processor.py:186} INFO - Started process (PID=3253) to work on /home/airflow/.local/lib/python3.12/site-packages/airflow/example_dags/example_latest_only_with_trigger.py
[2026-09-06T09:19:26.721+0000] {processor.py:914} INFO - Processing file /home/airflow/.local/lib/python3.12/site-packages/airflow/example_dags/example_latest_only_with_trigger.py for tasks to queue
[2026-09-06T09:19:26.723+0000] {logging_mixin.py:190} INFO - [2026-09-06T09:19:26.722+0000] {dagbag.py:588} INFO - Filling up the DagBag from /home/airflow/.local/lib/python3.12/site-packages/airflow/example_dags/example_latest_only_with_trigger.py
[2026-09-06T09:19:26.729+0000] {processor.py:925} INFO - DAG(s) 'latest_only_with_trigger' retrieved from /home/airflow/.local/lib/python3.12/site-packages/airflow/example_dags/example_latest_only_with_trigger.py
[2026-09-06T09:19:26.744+0000] {logging_mixin.py:190} INFO - [2026-09-06T09:19:26.744+0000] {dag.py:3239} INFO - Sync 1 DAGs
[2026-09-06T09:19:26.933+0000] {logging_mixin.py:190} INFO - [2026-09-06T09:19:26.932+0000] {dag.py:4180} INFO - Setting next_dagrun for latest_only_with_trigger to 2026-09-06 04:00:00+00:00, run_after=2026-09-06 08:00:00+00:00
[2026-09-06T09:19:26.945+0000] {processor.py:208} INFO - Processing /home/airflow/.local/lib/python3.12/site-packages/airflow/example_dags/example_latest_only_with_trigger.py took 0.230 seconds
[2026-09-06T09:19:57.170+0000] {processor.py:186} INFO - Started process (PID=3317) to work on /home/airflow/.local/lib/python3.12/site-packages/airflow/example_dags/example_latest_only_with_trigger.py
[2026-09-06T09:19:57.171+0000] {processor.py:914} INFO - Processing file /home/airflow/.local/lib/python3.12/site-packages/airflow/example_dags/example_latest_only_with_trigger.py for tasks to queue
[2026-09-06T09:19:57.173+0000] {logging_mixin.py:190} INFO - [2026-09-06T09:19:57.172+0000] {dagbag.py:588} INFO - Filling up the DagBag from /home/airflow/.local/lib/python3.12/site-packages/airflow/example_dags/example_latest_only_with_trigger.py
[2026-09-06T09:19:57.179+0000] {processor.py:925} INFO - DAG(s) 'latest_only_with_trigger' retrieved from /home/airflow/.local/lib/python3.12/site-packages/airflow/example_dags/example_latest_only_with_trigger.py
[2026-09-06T09:19:57.195+0000] {logging_mixin.py:190} INFO - [2026-09-06T09:19:57.195+0000] {dag.py:3239} INFO - Sync 1 DAGs
[2026-09-06T09:19:57.212+0000] {logging_mixin.py:190} INFO - [2026-09-06T09:19:57.211+0000] {dag.py:4180} INFO - Setting next_dagrun for latest_only_with_trigger to 2026-09-06 04:00:00+00:00, run_after=2026-09-06 08:00:00+00:00
[2026-09-06T09:19:57.408+0000] {processor.py:208} INFO - Processing /home/airflow/.local/lib/python3.12/site-packages/airflow/example_dags/example_latest_only_with_trigger.py took 0.244 seconds
[2026-09-06T09:20:27.626+0000] {processor.py:186} INFO - Started process (PID=3381) to work on /home/airflow/.local/lib/python3.12/site-packages/airflow/example_dags/example_latest_only_with_trigger.py
[2026-09-06T09:20:27.627+0000] {processor.py:914} INFO - Processing file /home/airflow/.local/lib/python3.12/site-packages/airflow/example_dags/example_latest_only_with_trigger.py for tasks to queue
[2026-09-06T09:20:27.629+0000] {logging_mixin.py:190} INFO - [2026-09-06T09:20:27.629+0000] {dagbag.py:588} INFO - Filling up the DagBag from /home/airflow/.local/lib/python3.12/site-packages/airflow/example_dags/example_latest_only_with_trigger.py
[2026-09-06T09:20:27.636+0000] {processor.py:925} INFO - DAG(s) 'latest_only_with_trigger' retrieved from /home/airflow/.local/lib/python3.12/site-packages/airflow/example_dags/example_latest_only_with_trigger.py
[2026-09-06T09:20:27.652+0000] {logging_mixin.py:190} INFO - [2026-09-06T09:20:27.652+0000] {dag.py:3239} INFO - Sync 1 DAGs
[2026-09-06T09:20:27.670+0000] {logging_mixin.py:190} INFO - [2026-09-06T09:20:27.669+0000] {dag.py:4180} INFO - Setting next_dagrun for latest_only_with_trigger to 2026-09-06 04:00:00+00:00, run_after=2026-09-06 08:00:00+00:00
[2026-09-06T09:20:27.690+0000] {processor.py:208} INFO - Processing /home/airflow/.local/lib/python3.12/site-packages/airflow/example_dags/example_latest_only_with_trigger.py took 0.070 seconds
[2026-09-06T09:20:57.939+0000] {processor.py:186} INFO - Started process (PID=3434) to work on /home/airflow/.local/lib/python3.12/site-packages/airflow/example_dags/example_latest_only_with_trigger.py
[2026-09-06T09:20:57.956+0000] {processor.py:914} INFO - Processing file /home/airflow/.local/lib/python3.12/site-packages/airflow/example_dags/example_latest_only_with_trigger.py for tasks to queue
[2026-09-06T09:20:57.965+0000] {logging_mixin.py:190} INFO - [2026-09-06T09:20:57.964+0000] {dagbag.py:588} INFO - Filling up the DagBag from /home/airflow/.local/lib/python3.12/site-packages/airflow/example_dags/example_latest_only_with_trigger.py
[2026-09-06T09:20:57.975+0000] {processor.py:925} INFO - DAG(s) 'latest_only_with_trigger' retrieved from /home/airflow/.local/lib/python3.12/site-packages/airflow/example_dags/example_latest_only_with_trigger.py
[2026-09-06T09:20:58.002+0000] {logging_mixin.py:190} INFO - [2026-09-06T09:20:58.002+0000] {dag.py:3239} INFO - Sync 1 DAGs
[2026-09-06T09:20:58.024+0000] {logging_mixin.py:190} INFO - [2026-09-06T09:20:58.023+0000] {dag.py:4180} INFO - Setting next_dagrun for latest_only_with_trigger to 2026-09-06 04:00:00+00:00, run_after=2026-09-06 08:00:00+00:00
[2026-09-06T09:20:58.041+0000] {processor.py:208} INFO - Processing /home/airflow/.local/lib/python3.12/site-packages/airflow/example_dags/example_latest_only_with_trigger.py took 0.108 seconds
[2026-09-06T09:21:28.207+0000] {processor.py:186} INFO - Started process (PID=3498) to work on /home/airflow/.local/lib/python3.12/site-packages/airflow/example_dags/example_latest_only_with_trigger.py
[2026-09-06T09:21:28.208+0000] {processor.py:914} INFO - Processing file /home/airflow/.local/lib/python3.12/site-packages/airflow/example_dags/example_latest_only_with_trigger.py for tasks to queue
[2026-09-06T09:21:28.211+0000] {logging_mixin.py:190} INFO - [2026-09-06T09:21:28.210+0000] {dagbag.py:588} INFO - Filling up the DagBag from /home/airflow/.local/lib/python3.12/site-packages/airflow/example_dags/example_latest_only_with_trigger.py
[2026-09-06T09:21:28.219+0000] {processor.py:925} INFO - DAG(s) 'latest_only_with_trigger' retrieved from /home/airflow/.local/lib/python3.12/site-packages/airflow/example_dags/example_latest_only_with_trigger.py
[2026-09-06T09:21:28.235+0000] {logging_mixin.py:190} INFO - [2026-09-06T09:21:28.235+0000] {dag.py:3239} INFO - Sync 1 DAGs
[2026-09-06T09:21:28.253+0000] {logging_mixin.py:190} INFO - [2026-09-06T09:21:28.252+0000] {dag.py:4180} INFO - Setting next_dagrun for latest_only_with_trigger to 2026-09-06 04:00:00+00:00, run_after=2026-09-06 08:00:00+00:00
[2026-09-06T09:21:28.268+0000] {processor.py:208} INFO - Processing /home/airflow/.local/lib/python3.12/site-packages/airflow/example_dags/example_latest_only_with_trigger.py took 0.066 seconds
[2026-09-06T09:21:58.565+0000] {processor.py:186} INFO - Started process (PID=3562) to work on /home/airflow/.local/lib/python3.12/site-packages/airflow/example_dags/example_latest_only_with_trigger.py
[2026-09-06T09:21:58.566+0000] {processor.py:914} INFO - Processing file /home/airflow/.local/lib/python3.12/site-packages/airflow/example_dags/example_latest_only_with_trigger.py for tasks to queue
[2026-09-06T09:21:58.568+0000] {logging_mixin.py:190} INFO - [2026-09-06T09:21:58.568+0000] {dagbag.py:588} INFO - Filling up the DagBag from /home/airflow/.local/lib/python3.12/site-packages/airflow/example_dags/example_latest_only_with_trigger.py
[2026-09-06T09:21:58.575+0000] {processor.py:925} INFO - DAG(s) 'latest_only_with_trigger' retrieved from /home/airflow/.local/lib/python3.12/site-packages/airflow/example_dags/example_latest_only_with_trigger.py
[2026-09-06T09:21:58.593+0000] {logging_mixin.py:190} INFO - [2026-09-06T09:21:58.593+0000] {dag.py:3239} INFO - Sync 1 DAGs
[2026-09-06T09:21:58.612+0000] {logging_mixin.py:190} INFO - [2026-09-06T09:21:58.612+0000] {dag.py:4180} INFO - Setting next_dagrun for latest_only_with_trigger to 2026-09-06 04:00:00+00:00, run_after=2026-09-06 08:00:00+00:00
[2026-09-06T09:21:58.627+0000] {processor.py:208} INFO - Processing /home/airflow/.local/lib/python3.12/site-packages/airflow/example_dags/example_latest_only_with_trigger.py took 0.068 seconds
[2026-09-06T09:22:28.680+0000] {processor.py:186} INFO - Started process (PID=3613) to work on /home/airflow/.local/lib/python3.12/site-packages/airflow/example_dags/example_latest_only_with_trigger.py
[2026-09-06T09:22:28.681+0000] {processor.py:914} INFO - Processing file /home/airflow/.local/lib/python3.12/site-packages/airflow/example_dags/example_latest_only_with_trigger.py for tasks to queue
[2026-09-06T09:22:28.684+0000] {logging_mixin.py:190} INFO - [2026-09-06T09:22:28.684+0000] {dagbag.py:588} INFO - Filling up the DagBag from /home/airflow/.local/lib/python3.12/site-packages/airflow/example_dags/example_latest_only_with_trigger.py
[2026-09-06T09:22:28.691+0000] {processor.py:925} INFO - DAG(s) 'latest_only_with_trigger' retrieved from /home/airflow/.local/lib/python3.12/site-packages/airflow/example_dags/example_latest_only_with_trigger.py
[2026-09-06T09:22:28.710+0000] {logging_mixin.py:190} INFO - [2026-09-06T09:22:28.709+0000] {dag.py:3239} INFO - Sync 1 DAGs
[2026-09-06T09:22:28.727+0000] {logging_mixin.py:190} INFO - [2026-09-06T09:22:28.727+0000] {dag.py:4180} INFO - Setting next_dagrun for latest_only_with_trigger to 2026-09-06 04:00:00+00:00, run_after=2026-09-06 08:00:00+00:00
[2026-09-06T09:22:28.744+0000] {processor.py:208} INFO - Processing /home/airflow/.local/lib/python3.12/site-packages/airflow/example_dags/example_latest_only_with_trigger.py took 0.070 seconds
[2026-09-06T09:22:59.745+0000] {processor.py:186} INFO - Started process (PID=3683) to work on /home/airflow/.local/lib/python3.12/site-packages/airflow/example_dags/example_latest_only_with_trigger.py
[2026-09-06T09:22:59.746+0000] {processor.py:914} INFO - Processing file /home/airflow/.local/lib/python3.12/site-packages/airflow/example_dags/example_latest_only_with_trigger.py for tasks to queue
[2026-09-06T09:22:59.748+0000] {logging_mixin.py:190} INFO - [2026-09-06T09:22:59.748+0000] {dagbag.py:588} INFO - Filling up the DagBag from /home/airflow/.local/lib/python3.12/site-packages/airflow/example_dags/example_latest_only_with_trigger.py
[2026-09-06T09:22:59.754+0000] {processor.py:925} INFO - DAG(s) 'latest_only_with_trigger' retrieved from /home/airflow/.local/lib/python3.12/site-packages/airflow/example_dags/example_latest_only_with_trigger.py
[2026-09-06T09:22:59.771+0000] {logging_mixin.py:190} INFO - [2026-09-06T09:22:59.771+0000] {dag.py:3239} INFO - Sync 1 DAGs
[2026-09-06T09:22:59.787+0000] {logging_mixin.py:190} INFO - [2026-09-06T09:22:59.787+0000] {dag.py:4180} INFO - Setting next_dagrun for latest_only_with_trigger to 2026-09-06 04:00:00+00:00, run_after=2026-09-06 08:00:00+00:00
[2026-09-06T09:22:59.800+0000] {processor.py:208} INFO - Processing /home/airflow/.local/lib/python3.12/site-packages/airflow/example_dags/example_latest_only_with_trigger.py took 0.060 seconds
[2026-09-06T09:23:30.041+0000] {processor.py:186} INFO - Started process (PID=3739) to work on /home/airflow/.local/lib/python3.12/site-packages/airflow/example_dags/example_latest_only_with_trigger.py
[2026-09-06T09:23:30.042+0000] {processor.py:914} INFO - Processing file /home/airflow/.local/lib/python3.12/site-packages/airflow/example_dags/example_latest_only_with_trigger.py for tasks to queue
[2026-09-06T09:23:30.044+0000] {logging_mixin.py:190} INFO - [2026-09-06T09:23:30.043+0000] {dagbag.py:588} INFO - Filling up the DagBag from /home/airflow/.local/lib/python3.12/site-packages/airflow/example_dags/example_latest_only_with_trigger.py
[2026-09-06T09:23:30.050+0000] {processor.py:925} INFO - DAG(s) 'latest_only_with_trigger' retrieved from /home/airflow/.local/lib/python3.12/site-packages/airflow/example_dags/example_latest_only_with_trigger.py
[2026-09-06T09:23:30.065+0000] {logging_mixin.py:190} INFO - [2026-09-06T09:23:30.065+0000] {dag.py:3239} INFO - Sync 1 DAGs
[2026-09-06T09:23:30.082+0000] {logging_mixin.py:190} INFO - [2026-09-06T09:23:30.082+0000] {dag.py:4180} INFO - Setting next_dagrun for latest_only_with_trigger to 2026-09-06 04:00:00+00:00, run_after=2026-09-06 08:00:00+00:00
[2026-09-06T09:23:30.098+0000] {processor.py:208} INFO - Processing /home/airflow/.local/lib/python3.12/site-packages/airflow/example_dags/example_latest_only_with_trigger.py took 0.062 seconds
[2026-09-06T09:24:00.873+0000] {processor.py:186} INFO - Started process (PID=3803) to work on /home/airflow/.local/lib/python3.12/site-packages/airflow/example_dags/example_latest_only_with_trigger.py
[2026-09-06T09:24:00.874+0000] {processor.py:914} INFO - Processing file /home/airflow/.local/lib/python3.12/site-packages/airflow/example_dags/example_latest_only_with_trigger.py for tasks to queue
[2026-09-06T09:24:00.876+0000] {logging_mixin.py:190} INFO - [2026-09-06T09:24:00.876+0000] {dagbag.py:588} INFO - Filling up the DagBag from /home/airflow/.local/lib/python3.12/site-packages/airflow/example_dags/example_latest_only_with_trigger.py
[2026-09-06T09:24:00.882+0000] {processor.py:925} INFO - DAG(s) 'latest_only_with_trigger' retrieved from /home/airflow/.local/lib/python3.12/site-packages/airflow/example_dags/example_latest_only_with_trigger.py
[2026-09-06T09:24:00.900+0000] {logging_mixin.py:190} INFO - [2026-09-06T09:24:00.900+0000] {dag.py:3239} INFO - Sync 1 DAGs
[2026-09-06T09:24:00.918+0000] {logging_mixin.py:190} INFO - [2026-09-06T09:24:00.918+0000] {dag.py:4180} INFO - Setting next_dagrun for latest_only_with_trigger to 2026-09-06 04:00:00+00:00, run_after=2026-09-06 08:00:00+00:00
[2026-09-06T09:24:00.934+0000] {processor.py:208} INFO - Processing /home/airflow/.local/lib/python3.12/site-packages/airflow/example_dags/example_latest_only_with_trigger.py took 0.065 seconds
[2026-09-06T09:24:31.047+0000] {processor.py:186} INFO - Started process (PID=3867) to work on /home/airflow/.local/lib/python3.12/site-packages/airflow/example_dags/example_latest_only_with_trigger.py
[2026-09-06T09:24:31.048+0000] {processor.py:914} INFO - Processing file /home/airflow/.local/lib/python3.12/site-packages/airflow/example_dags/example_latest_only_with_trigger.py for tasks to queue
[2026-09-06T09:24:31.050+0000] {logging_mixin.py:190} INFO - [2026-09-06T09:24:31.050+0000] {dagbag.py:588} INFO - Filling up the DagBag from /home/airflow/.local/lib/python3.12/site-packages/airflow/example_dags/example_latest_only_with_trigger.py
[2026-09-06T09:24:31.056+0000] {processor.py:925} INFO - DAG(s) 'latest_only_with_trigger' retrieved from /home/airflow/.local/lib/python3.12/site-packages/airflow/example_dags/example_latest_only_with_trigger.py
[2026-09-06T09:24:31.073+0000] {logging_mixin.py:190} INFO - [2026-09-06T09:24:31.073+0000] {dag.py:3239} INFO - Sync 1 DAGs
[2026-09-06T09:24:31.090+0000] {logging_mixin.py:190} INFO - [2026-09-06T09:24:31.090+0000] {dag.py:4180} INFO - Setting next_dagrun for latest_only_with_trigger to 2026-09-06 04:00:00+00:00, run_after=2026-09-06 08:00:00+00:00
[2026-09-06T09:24:31.104+0000] {processor.py:208} INFO - Processing /home/airflow/.local/lib/python3.12/site-packages/airflow/example_dags/example_latest_only_with_trigger.py took 0.061 seconds
[2026-09-06T09:25:01.184+0000] {processor.py:186} INFO - Started process (PID=3931) to work on /home/airflow/.local/lib/python3.12/site-packages/airflow/example_dags/example_latest_only_with_trigger.py
[2026-09-06T09:25:01.185+0000] {processor.py:914} INFO - Processing file /home/airflow/.local/lib/python3.12/site-packages/airflow/example_dags/example_latest_only_with_trigger.py for tasks to queue
[2026-09-06T09:25:01.187+0000] {logging_mixin.py:190} INFO - [2026-09-06T09:25:01.187+0000] {dagbag.py:588} INFO - Filling up the DagBag from /home/airflow/.local/lib/python3.12/site-packages/airflow/example_dags/example_latest_only_with_trigger.py
[2026-09-06T09:25:01.194+0000] {processor.py:925} INFO - DAG(s) 'latest_only_with_trigger' retrieved from /home/airflow/.local/lib/python3.12/site-packages/airflow/example_dags/example_latest_only_with_trigger.py
[2026-09-06T09:25:01.213+0000] {logging_mixin.py:190} INFO - [2026-09-06T09:25:01.213+0000] {dag.py:3239} INFO - Sync 1 DAGs
[2026-09-06T09:25:01.233+0000] {logging_mixin.py:190} INFO - [2026-09-06T09:25:01.233+0000] {dag.py:4180} INFO - Setting next_dagrun for latest_only_with_trigger to 2026-09-06 04:00:00+00:00, run_after=2026-09-06 08:00:00+00:00
[2026-09-06T09:25:01.249+0000] {processor.py:208} INFO - Processing /home/airflow/.local/lib/python3.12/site-packages/airflow/example_dags/example_latest_only_with_trigger.py took 0.070 seconds
[2026-09-06T09:25:31.368+0000] {processor.py:186} INFO - Started process (PID=3995) to work on /home/airflow/.local/lib/python3.12/site-packages/airflow/example_dags/example_latest_only_with_trigger.py
[2026-09-06T09:25:31.369+0000] {processor.py:914} INFO - Processing file /home/airflow/.local/lib/python3.12/site-packages/airflow/example_dags/example_latest_only_with_trigger.py for tasks to queue
[2026-09-06T09:25:31.372+0000] {logging_mixin.py:190} INFO - [2026-09-06T09:25:31.372+0000] {dagbag.py:588} INFO - Filling up the DagBag from /home/airflow/.local/lib/python3.12/site-packages/airflow/example_dags/example_latest_only_with_trigger.py
[2026-09-06T09:25:31.379+0000] {processor.py:925} INFO - DAG(s) 'latest_only_with_trigger' retrieved from /home/airflow/.local/lib/python3.12/site-packages/airflow/example_dags/example_latest_only_with_trigger.py
[2026-09-06T09:25:31.397+0000] {logging_mixin.py:190} INFO - [2026-09-06T09:25:31.396+0000] {dag.py:3239} INFO - Sync 1 DAGs
[2026-09-06T09:25:31.414+0000] {logging_mixin.py:190} INFO - [2026-09-06T09:25:31.414+0000] {dag.py:4180} INFO - Setting next_dagrun for latest_only_with_trigger to 2026-09-06 04:00:00+00:00, run_after=2026-09-06 08:00:00+00:00
[2026-09-06T09:25:31.430+0000] {processor.py:208} INFO - Processing /home/airflow/.local/lib/python3.12/site-packages/airflow/example_dags/example_latest_only_with_trigger.py took 0.066 seconds
[2026-09-06T09:26:01.765+0000] {processor.py:186} INFO - Started process (PID=4059) to work on /home/airflow/.local/lib/python3.12/site-packages/airflow/example_dags/example_latest_only_with_trigger.py
[2026-09-06T09:26:01.766+0000] {processor.py:914} INFO - Processing file /home/airflow/.local/lib/python3.12/site-packages/airflow/example_dags/example_latest_only_with_trigger.py for tasks to queue
[2026-09-06T09:26:01.767+0000] {logging_mixin.py:190} INFO - [2026-09-06T09:26:01.767+0000] {dagbag.py:588} INFO - Filling up the DagBag from /home/airflow/.local/lib/python3.12/site-packages/airflow/example_dags/example_latest_only_with_trigger.py
[2026-09-06T09:26:01.773+0000] {processor.py:925} INFO - DAG(s) 'latest_only_with_trigger' retrieved from /home/airflow/.local/lib/python3.12/site-packages/airflow/example_dags/example_latest_only_with_trigger.py
[2026-09-06T09:26:01.789+0000] {logging_mixin.py:190} INFO - [2026-09-06T09:26:01.789+0000] {dag.py:3239} INFO - Sync 1 DAGs
[2026-09-06T09:26:01.806+0000] {logging_mixin.py:190} INFO - [2026-09-06T09:26:01.806+0000] {dag.py:4180} INFO - Setting next_dagrun for latest_only_with_trigger to 2026-09-06 04:00:00+00:00, run_after=2026-09-06 08:00:00+00:00
[2026-09-06T09:26:01.822+0000] {processor.py:208} INFO - Processing /home/airflow/.local/lib/python3.12/site-packages/airflow/example_dags/example_latest_only_with_trigger.py took 0.061 seconds
[2026-09-06T09:26:32.433+0000] {processor.py:186} INFO - Started process (PID=4123) to work on /home/airflow/.local/lib/python3.12/site-packages/airflow/example_dags/example_latest_only_with_trigger.py
[2026-09-06T09:26:32.434+0000] {processor.py:914} INFO - Processing file /home/airflow/.local/lib/python3.12/site-packages/airflow/example_dags/example_latest_only_with_trigger.py for tasks to queue
[2026-09-06T09:26:32.436+0000] {logging_mixin.py:190} INFO - [2026-09-06T09:26:32.436+0000] {dagbag.py:588} INFO - Filling up the DagBag from /home/airflow/.local/lib/python3.12/site-packages/airflow/example_dags/example_latest_only_with_trigger.py
[2026-09-06T09:26:32.443+0000] {processor.py:925} INFO - DAG(s) 'latest_only_with_trigger' retrieved from /home/airflow/.local/lib/python3.12/site-packages/airflow/example_dags/example_latest_only_with_trigger.py
[2026-09-06T09:26:32.460+0000] {logging_mixin.py:190} INFO - [2026-09-06T09:26:32.460+0000] {dag.py:3239} INFO - Sync 1 DAGs
[2026-09-06T09:26:32.478+0000] {logging_mixin.py:190} INFO - [2026-09-06T09:26:32.478+0000] {dag.py:4180} INFO - Setting next_dagrun for latest_only_with_trigger to 2026-09-06 04:00:00+00:00, run_after=2026-09-06 08:00:00+00:00
[2026-09-06T09:26:32.492+0000] {processor.py:208} INFO - Processing /home/airflow/.local/lib/python3.12/site-packages/airflow/example_dags/example_latest_only_with_trigger.py took 0.064 seconds
[2026-09-06T09:27:02.680+0000] {processor.py:186} INFO - Started process (PID=4188) to work on /home/airflow/.local/lib/python3.12/site-packages/airflow/example_dags/example_latest_only_with_trigger.py
[2026-09-06T09:27:02.681+0000] {processor.py:914} INFO - Processing file /home/airflow/.local/lib/python3.12/site-packages/airflow/example_dags/example_latest_only_with_trigger.py for tasks to queue
[2026-09-06T09:27:02.683+0000] {logging_mixin.py:190} INFO - [2026-09-06T09:27:02.683+0000] {dagbag.py:588} INFO - Filling up the DagBag from /home/airflow/.local/lib/python3.12/site-packages/airflow/example_dags/example_latest_only_with_trigger.py
[2026-09-06T09:27:02.690+0000] {processor.py:925} INFO - DAG(s) 'latest_only_with_trigger' retrieved from /home/airflow/.local/lib/python3.12/site-packages/airflow/example_dags/example_latest_only_with_trigger.py
[2026-09-06T09:27:02.706+0000] {logging_mixin.py:190} INFO - [2026-09-06T09:27:02.705+0000] {dag.py:3239} INFO - Sync 1 DAGs
[2026-09-06T09:27:02.722+0000] {logging_mixin.py:190} INFO - [2026-09-06T09:27:02.722+0000] {dag.py:4180} INFO - Setting next_dagrun for latest_only_with_trigger to 2026-09-06 04:00:00+00:00, run_after=2026-09-06 08:00:00+00:00
[2026-09-06T09:27:02.738+0000] {processor.py:208} INFO - Processing /home/airflow/.local/lib/python3.12/site-packages/airflow/example_dags/example_latest_only_with_trigger.py took 0.063 seconds
