[2026-09-06T08:53:58.894+0000] {processor.py:186} INFO - Started process (PID=78) to work on /home/airflow/.local/lib/python3.12/site-packages/airflow/example_dags/tutorial_dag.py
[2026-09-06T08:53:58.895+0000] {processor.py:914} INFO - Processing file /home/airflow/.local/lib/python3.12/site-packages/airflow/example_dags/tutorial_dag.py for tasks to queue
[2026-09-06T08:53:58.897+0000] {logging_mixin.py:190} INFO - [2026-09-06T08:53:58.897+0000] {dagbag.py:588} INFO - Filling up the DagBag from /home/airflow/.local/lib/python3.12/site-packages/airflow/example_dags/tutorial_dag.py
[2026-09-06T08:53:58.905+0000] {processor.py:925} INFO - DAG(s) 'tutorial_dag' retrieved from /home/airflow/.local/lib/python3.12/site-packages/airflow/example_dags/tutorial_dag.py
[2026-09-06T08:53:59.006+0000] {logging_mixin.py:190} INFO - [2026-09-06T08:53:59.006+0000] {override.py:1911} INFO - Created Permission View: can edit on DAG:tutorial_dag
[2026-09-06T08:53:59.015+0000] {logging_mixin.py:190} INFO - [2026-09-06T08:53:59.015+0000] {override.py:1911} INFO - Created Permission View: can delete on DAG:tutorial_dag
[2026-09-06T08:53:59.021+0000] {logging_mixin.py:190} INFO - [2026-09-06T08:53:59.021+0000] {override.py:1911} INFO - Created Permission View: can read on DAG:tutorial_dag
[2026-09-06T08:53:59.030+0000] {logging_mixin.py:190} INFO - [2026-09-06T08:53:59.030+0000] {override.py:1911} INFO - Created Permission View: can create on DAG Run:tutorial_dag
[2026-09-06T08:53:59.037+0000] {logging_mixin.py:190} INFO - [2026-09-06T08:53:59.036+0000] {override.py:1911} INFO - Created Permission View: can delete on DAG Run:tutorial_dag
[2026-09-06T08:53:59.043+0000] {logging_mixin.py:190} INFO - [2026-09-06T08:53:59.043+0000] {override.py:1911} INFO - Created Permission View: can read on DAG Run:tutorial_dag
[2026-09-06T08:53:59.049+0000] {logging_mixin.py:190} INFO - [2026-09-06T08:53:59.049+0000] {override.py:1911} INFO - Created Permission View: menu access on DAG Run:tutorial_dag
[2026-09-06T08:53:59.050+0000] {logging_mixin.py:190} INFO - [2026-09-06T08:53:59.050+0000] {dag.py:3239} INFO - Sync 1 DAGs
[2026-09-06T08:53:59.060+0000] {logging_mixin.py:190} INFO - [2026-09-06T08:53:59.060+0000] {dag.py:3262} INFO - Creating ORM DAG for tutorial_dag
[2026-09-06T08:53:59.061+0000] {logging_mixin.py:190} INFO - [2026-09-06T08:53:59.061+0000] {dag.py:4180} INFO - Setting next_dagrun for tutorial_dag to None, run_after=None
[2026-09-06T08:53:59.073+0000] {processor.py:208} INFO - Processing /home/airflow/.local/lib/python3.12/site-packages/airflow/example_dags/tutorial_dag.py took 0.183 seconds
[2026-09-06T08:54:30.016+0000] {processor.py:186} INFO - Started process (PID=141) to work on /home/airflow/.local/lib/python3.12/site-packages/airflow/example_dags/tutorial_dag.py
[2026-09-06T08:54:30.017+0000] {processor.py:914} INFO - Processing file /home/airflow/.local/lib/python3.12/site-packages/airflow/example_dags/tutorial_dag.py for tasks to queue
[2026-09-06T08:54:30.020+0000] {logging_mixin.py:190} INFO - [2026-09-06T08:54:30.019+0000] {dagbag.py:588} INFO - Filling up the DagBag from /home/airflow/.local/lib/python3.12/site-packages/airflow/example_dags/tutorial_dag.py
[2026-09-06T08:54:30.025+0000] {processor.py:925} INFO - DAG(s) 'tutorial_dag' retrieved from /home/airflow/.local/lib/python3.12/site-packages/airflow/example_dags/tutorial_dag.py
[2026-09-06T08:54:30.041+0000] {logging_mixin.py:190} INFO - [2026-09-06T08:54:30.041+0000] {dag.py:3239} INFO - Sync 1 DAGs
[2026-09-06T08:54:30.052+0000] {logging_mixin.py:190} INFO - [2026-09-06T08:54:30.052+0000] {dag.py:4180} INFO - Setting next_dagrun for tutorial_dag to None, run_after=None
[2026-09-06T08:54:30.066+0000] {processor.py:208} INFO - Processing /home/airflow/.local/lib/python3.12/site-packages/airflow/example_dags/tutorial_dag.py took 0.054 seconds
[2026-09-06T08:55:00.958+0000] {processor.py:186} INFO - Started process (PID=204) to work on /home/airflow/.local/lib/python3.12/site-packages/airflow/example_dags/tutorial_dag.py
[2026-09-06T08:55:00.959+0000] {processor.py:914} INFO - Processing file /home/airflow/.local/lib/python3.12/site-packages/airflow/example_dags/tutorial_dag.py for tasks to queue
[2026-09-06T08:55:00.962+0000] {logging_mixin.py:190} INFO - [2026-09-06T08:55:00.961+0000] {dagbag.py:588} INFO - Filling up the DagBag from /home/airflow/.local/lib/python3.12/site-packages/airflow/example_dags/tutorial_dag.py
[2026-09-06T08:55:00.968+0000] {processor.py:925} INFO - DAG(s) 'tutorial_dag' retrieved from /home/airflow/.local/lib/python3.12/site-packages/airflow/example_dags/tutorial_dag.py
[2026-09-06T08:55:00.985+0000] {logging_mixin.py:190} INFO - [2026-09-06T08:55:00.985+0000] {dag.py:3239} INFO - Sync 1 DAGs
[2026-09-06T08:55:00.998+0000] {logging_mixin.py:190} INFO - [2026-09-06T08:55:00.998+0000] {dag.py:4180} INFO - Setting next_dagrun for tutorial_dag to None, run_after=None
[2026-09-06T08:55:01.014+0000] {processor.py:208} INFO - Processing /home/airflow/.local/lib/python3.12/site-packages/airflow/example_dags/tutorial_dag.py took 0.060 seconds
[2026-09-06T08:55:31.702+0000] {processor.py:186} INFO - Started process (PID=267) to work on /home/airflow/.local/lib/python3.12/site-packages/airflow/example_dags/tutorial_dag.py
[2026-09-06T08:55:31.703+0000] {processor.py:914} INFO - Processing file /home/airflow/.local/lib/python3.12/site-packages/airflow/example_dags/tutorial_dag.py for tasks to queue
[2026-09-06T08:55:31.705+0000] {logging_mixin.py:190} INFO - [2026-09-06T08:55:31.705+0000] {dagbag.py:588} INFO - Filling up the DagBag from /home/airflow/.local/lib/python3.12/site-packages/airflow/example_dags/tutorial_dag.py
[2026-09-06T08:55:31.711+0000] {processor.py:925} INFO - DAG(s) 'tutorial_dag' retrieved from /home/airflow/.local/lib/python3.12/site-packages/airflow/example_dags/tutorial_dag.py
[2026-09-06T08:55:31.726+0000] {logging_mixin.py:190} INFO - [2026-09-06T08:55:31.726+0000] {dag.py:3239} INFO - Sync 1 DAGs
[2026-09-06T08:55:31.736+0000] {logging_mixin.py:190} INFO - [2026-09-06T08:55:31.736+0000] {dag.py:4180} INFO - Setting next_dagrun for tutorial_dag to None, run_after=None
[2026-09-06T08:55:31.750+0000] {processor.py:208} INFO - Processing /home/airflow/.local/lib/python3.12/site-packages/airflow/example_dags/tutorial_dag.py took 0.052 seconds
[2026-09-06T08:56:02.921+0000] {processor.py:186} INFO - Started process (PID=330) to work on /home/airflow/.local/lib/python3.12/site-packages/airflow/example_dags/tutorial_dag.py
[2026-09-06T08:56:02.922+0000] {processor.py:914} INFO - Processing file /home/airflow/.local/lib/python3.12/site-packages/airflow/example_dags/tutorial_dag.py for tasks to queue
[2026-09-06T08:56:02.925+0000] {logging_mixin.py:190} INFO - [2026-09-06T08:56:02.925+0000] {dagbag.py:588} INFO - Filling up the DagBag from /home/airflow/.local/lib/python3.12/site-packages/airflow/example_dags/tutorial_dag.py
[2026-09-06T08:56:02.931+0000] {processor.py:925} INFO - DAG(s) 'tutorial_dag' retrieved from /home/airflow/.local/lib/python3.12/site-packages/airflow/example_dags/tutorial_dag.py
[2026-09-06T08:56:02.948+0000] {logging_mixin.py:190} INFO - [2026-09-06T08:56:02.948+0000] {dag.py:3239} INFO - Sync 1 DAGs
[2026-09-06T08:56:02.961+0000] {logging_mixin.py:190} INFO - [2026-09-06T08:56:02.961+0000] {dag.py:4180} INFO - Setting next_dagrun for tutorial_dag to None, run_after=None
[2026-09-06T08:56:02.982+0000] {processor.py:208} INFO - Processing /home/airflow/.local/lib/python3.12/site-packages/airflow/example_dags/tutorial_dag.py took 0.066 seconds
[2026-09-06T08:56:33.714+0000] {processor.py:186} INFO - Started process (PID=393) to work on /home/airflow/.local/lib/python3.12/site-packages/airflow/example_dags/tutorial_dag.py
[2026-09-06T08:56:33.715+0000] {processor.py:914} INFO - Processing file /home/airflow/.local/lib/python3.12/site-packages/airflow/example_dags/tutorial_dag.py for tasks to queue
[2026-09-06T08:56:33.718+0000] {logging_mixin.py:190} INFO - [2026-09-06T08:56:33.717+0000] {dagbag.py:588} INFO - Filling up the DagBag from /home/airflow/.local/lib/python3.12/site-packages/airflow/example_dags/tutorial_dag.py
[2026-09-06T08:56:33.724+0000] {processor.py:925} INFO - DAG(s) 'tutorial_dag' retrieved from /home/airflow/.local/lib/python3.12/site-packages/airflow/example_dags/tutorial_dag.py
[2026-09-06T08:56:33.742+0000] {logging_mixin.py:190} INFO - [2026-09-06T08:56:33.742+0000] {dag.py:3239} INFO - Sync 1 DAGs
[2026-09-06T08:56:33.753+0000] {logging_mixin.py:190} INFO - [2026-09-06T08:56:33.753+0000] {dag.py:4180} INFO - Setting next_dagrun for tutorial_dag to None, run_after=None
[2026-09-06T08:56:33.768+0000] {processor.py:208} INFO - Processing /home/airflow/.local/lib/python3.12/site-packages/airflow/example_dags/tutorial_dag.py took 0.059 seconds
[2026-09-06T08:57:04.720+0000] {processor.py:186} INFO - Started process (PID=456) to work on /home/airflow/.local/lib/python3.12/site-packages/airflow/example_dags/tutorial_dag.py
[2026-09-06T08:57:04.721+0000] {processor.py:914} INFO - Processing file /home/airflow/.local/lib/python3.12/site-packages/airflow/example_dags/tutorial_dag.py for tasks to queue
[2026-09-06T08:57:04.725+0000] {logging_mixin.py:190} INFO - [2026-09-06T08:57:04.725+0000] {dagbag.py:588} INFO - Filling up the DagBag from /home/airflow/.local/lib/python3.12/site-packages/airflow/example_dags/tutorial_dag.py
[2026-09-06T08:57:04.731+0000] {processor.py:925} INFO - DAG(s) 'tutorial_dag' retrieved from /home/airflow/.local/lib/python3.12/site-packages/airflow/example_dags/tutorial_dag.py
[2026-09-06T08:57:04.745+0000] {logging_mixin.py:190} INFO - [2026-09-06T08:57:04.745+0000] {dag.py:3239} INFO - Sync 1 DAGs
[2026-09-06T08:57:04.755+0000] {logging_mixin.py:190} INFO - [2026-09-06T08:57:04.755+0000] {dag.py:4180} INFO - Setting next_dagrun for tutorial_dag to None, run_after=None
[2026-09-06T08:57:04.770+0000] {processor.py:208} INFO - Processing /home/airflow/.local/lib/python3.12/site-packages/airflow/example_dags/tutorial_dag.py took 0.054 seconds
[2026-09-06T08:57:35.427+0000] {processor.py:186} INFO - Started process (PID=519) to work on /home/airflow/.local/lib/python3.12/site-packages/airflow/example_dags/tutorial_dag.py
[2026-09-06T08:57:35.428+0000] {processor.py:914} INFO - Processing file /home/airflow/.local/lib/python3.12/site-packages/airflow/example_dags/tutorial_dag.py for tasks to queue
[2026-09-06T08:57:35.430+0000] {logging_mixin.py:190} INFO - [2026-09-06T08:57:35.430+0000] {dagbag.py:588} INFO - Filling up the DagBag from /home/airflow/.local/lib/python3.12/site-packages/airflow/example_dags/tutorial_dag.py
[2026-09-06T08:57:35.436+0000] {processor.py:925} INFO - DAG(s) 'tutorial_dag' retrieved from /home/airflow/.local/lib/python3.12/site-packages/airflow/example_dags/tutorial_dag.py
[2026-09-06T08:57:35.452+0000] {logging_mixin.py:190} INFO - [2026-09-06T08:57:35.452+0000] {dag.py:3239} INFO - Sync 1 DAGs
[2026-09-06T08:57:35.463+0000] {logging_mixin.py:190} INFO - [2026-09-06T08:57:35.463+0000] {dag.py:4180} INFO - Setting next_dagrun for tutorial_dag to None, run_after=None
[2026-09-06T08:57:35.478+0000] {processor.py:208} INFO - Processing /home/airflow/.local/lib/python3.12/site-packages/airflow/example_dags/tutorial_dag.py took 0.056 seconds
[2026-09-06T08:58:06.628+0000] {processor.py:186} INFO - Started process (PID=582) to work on /home/airflow/.local/lib/python3.12/site-packages/airflow/example_dags/tutorial_dag.py
[2026-09-06T08:58:06.629+0000] {processor.py:914} INFO - Processing file /home/airflow/.local/lib/python3.12/site-packages/airflow/example_dags/tutorial_dag.py for tasks to queue
[2026-09-06T08:58:06.632+0000] {logging_mixin.py:190} INFO - [2026-09-06T08:58:06.632+0000] {dagbag.py:588} INFO - Filling up the DagBag from /home/airflow/.local/lib/python3.12/site-packages/airflow/example_dags/tutorial_dag.py
[2026-09-06T08:58:06.638+0000] {processor.py:925} INFO - DAG(s) 'tutorial_dag' retrieved from /home/airflow/.local/lib/python3.12/site-packages/airflow/example_dags/tutorial_dag.py
[2026-09-06T08:58:06.655+0000] {logging_mixin.py:190} INFO - [2026-09-06T08:58:06.655+0000] {dag.py:3239} INFO - Sync 1 DAGs
[2026-09-06T08:58:06.666+0000] {logging_mixin.py:190} INFO - [2026-09-06T08:58:06.666+0000] {dag.py:4180} INFO - Setting next_dagrun for tutorial_dag to None, run_after=None
[2026-09-06T08:58:06.681+0000] {processor.py:208} INFO - Processing /home/airflow/.local/lib/python3.12/site-packages/airflow/example_dags/tutorial_dag.py took 0.058 seconds
[2026-09-06T08:58:38.112+0000] {processor.py:186} INFO - Started process (PID=645) to work on /home/airflow/.local/lib/python3.12/site-packages/airflow/example_dags/tutorial_dag.py
[2026-09-06T08:58:38.113+0000] {processor.py:914} INFO - Processing file /home/airflow/.local/lib/python3.12/site-packages/airflow/example_dags/tutorial_dag.py for tasks to queue
[2026-09-06T08:58:38.115+0000] {logging_mixin.py:190} INFO - [2026-09-06T08:58:38.115+0000] {dagbag.py:588} INFO - Filling up the DagBag from /home/airflow/.local/lib/python3.12/site-packages/airflow/example_dags/tutorial_dag.py
[2026-09-06T08:58:38.121+0000] {processor.py:925} INFO - DAG(s) 'tutorial_dag' retrieved from /home/airflow/.local/lib/python3.12/site-packages/airflow/example_dags/tutorial_dag.py
[2026-09-06T08:58:38.137+0000] {logging_mixin.py:190} INFO - [2026-09-06T08:58:38.137+0000] {dag.py:3239} INFO - Sync 1 DAGs
[2026-09-06T08:58:38.148+0000] {logging_mixin.py:190} INFO - [2026-09-06T08:58:38.148+0000] {dag.py:4180} INFO - Setting next_dagrun for tutorial_dag to None, run_after=None
[2026-09-06T08:58:38.170+0000] {processor.py:208} INFO - Processing /home/airflow/.local/lib/python3.12/site-packages/airflow/example_dags/tutorial_dag.py took 0.063 seconds
[2026-09-06T08:59:09.530+0000] {processor.py:186} INFO - Started process (PID=709) to work on /home/airflow/.local/lib/python3.12/site-packages/airflow/example_dags/tutorial_dag.py
[2026-09-06T08:59:09.532+0000] {processor.py:914} INFO - Processing file /home/airflow/.local/lib/python3.12/site-packages/airflow/example_dags/tutorial_dag.py for tasks to queue
[2026-09-06T08:59:09.534+0000] {logging_mixin.py:190} INFO - [2026-09-06T08:59:09.534+0000] {dagbag.py:588} INFO - Filling up the DagBag from /home/airflow/.local/lib/python3.12/site-packages/airflow/example_dags/tutorial_dag.py
[2026-09-06T08:59:09.543+0000] {processor.py:925} INFO - DAG(s) 'tutorial_dag' retrieved from /home/airflow/.local/lib/python3.12/site-packages/airflow/example_dags/tutorial_dag.py
[2026-09-06T08:59:09.563+0000] {logging_mixin.py:190} INFO - [2026-09-06T08:59:09.562+0000] {dag.py:3239} INFO - Sync 1 DAGs
[2026-09-06T08:59:09.577+0000] {logging_mixin.py:190} INFO - [2026-09-06T08:59:09.577+0000] {dag.py:4180} INFO - Setting next_dagrun for tutorial_dag to None, run_after=None
[2026-09-06T08:59:09.595+0000] {processor.py:208} INFO - Processing /home/airflow/.local/lib/python3.12/site-packages/airflow/example_dags/tutorial_dag.py took 0.070 seconds
[2026-09-06T08:59:40.866+0000] {processor.py:186} INFO - Started process (PID=773) to work on /home/airflow/.local/lib/python3.12/site-packages/airflow/example_dags/tutorial_dag.py
[2026-09-06T08:59:40.867+0000] {processor.py:914} INFO - Processing file /home/airflow/.local/lib/python3.12/site-packages/airflow/example_dags/tutorial_dag.py for tasks to queue
[2026-09-06T08:59:40.869+0000] {logging_mixin.py:190} INFO - [2026-09-06T08:59:40.869+0000] {dagbag.py:588} INFO - Filling up the DagBag from /home/airflow/.local/lib/python3.12/site-packages/airflow/example_dags/tutorial_dag.py
[2026-09-06T08:59:40.875+0000] {processor.py:925} INFO - DAG(s) 'tutorial_dag' retrieved from /home/airflow/.local/lib/python3.12/site-packages/airflow/example_dags/tutorial_dag.py
[2026-09-06T08:59:40.891+0000] {logging_mixin.py:190} INFO - [2026-09-06T08:59:40.890+0000] {dag.py:3239} INFO - Sync 1 DAGs
[2026-09-06T08:59:40.902+0000] {logging_mixin.py:190} INFO - [2026-09-06T08:59:40.902+0000] {dag.py:4180} INFO - Setting next_dagrun for tutorial_dag to None, run_after=None
[2026-09-06T08:59:40.916+0000] {processor.py:208} INFO - Processing /home/airflow/.local/lib/python3.12/site-packages/airflow/example_dags/tutorial_dag.py took 0.055 seconds
[2026-09-06T09:00:12.167+0000] {processor.py:186} INFO - Started process (PID=837) to work on /home/airflow/.local/lib/python3.12/site-packages/airflow/example_dags/tutorial_dag.py
[2026-09-06T09:00:12.168+0000] {processor.py:914} INFO - Processing file /home/airflow/.local/lib/python3.12/site-packages/airflow/example_dags/tutorial_dag.py for tasks to queue
[2026-09-06T09:00:12.171+0000] {logging_mixin.py:190} INFO - [2026-09-06T09:00:12.171+0000] {dagbag.py:588} INFO - Filling up the DagBag from /home/airflow/.local/lib/python3.12/site-packages/airflow/example_dags/tutorial_dag.py
[2026-09-06T09:00:12.177+0000] {processor.py:925} INFO - DAG(s) 'tutorial_dag' retrieved from /home/airflow/.local/lib/python3.12/site-packages/airflow/example_dags/tutorial_dag.py
[2026-09-06T09:00:12.192+0000] {logging_mixin.py:190} INFO - [2026-09-06T09:00:12.192+0000] {dag.py:3239} INFO - Sync 1 DAGs
[2026-09-06T09:00:12.202+0000] {logging_mixin.py:190} INFO - [2026-09-06T09:00:12.202+0000] {dag.py:4180} INFO - Setting next_dagrun for tutorial_dag to None, run_after=None
[2026-09-06T09:00:12.220+0000] {processor.py:208} INFO - Processing /home/airflow/.local/lib/python3.12/site-packages/airflow/example_dags/tutorial_dag.py took 0.057 seconds
[2026-09-06T09:00:43.555+0000] {processor.py:186} INFO - Started process (PID=901) to work on /home/airflow/.local/lib/python3.12/site-packages/airflow/example_dags/tutorial_dag.py
[2026-09-06T09:00:43.556+0000] {processor.py:914} INFO - Processing file /home/airflow/.local/lib/python3.12/site-packages/airflow/example_dags/tutorial_dag.py for tasks to queue
[2026-09-06T09:00:43.558+0000] {logging_mixin.py:190} INFO - [2026-09-06T09:00:43.558+0000] {dagbag.py:588} INFO - Filling up the DagBag from /home/airflow/.local/lib/python3.12/site-packages/airflow/example_dags/tutorial_dag.py
[2026-09-06T09:00:43.564+0000] {processor.py:925} INFO - DAG(s) 'tutorial_dag' retrieved from /home/airflow/.local/lib/python3.12/site-packages/airflow/example_dags/tutorial_dag.py
[2026-09-06T09:00:43.579+0000] {logging_mixin.py:190} INFO - [2026-09-06T09:00:43.579+0000] {dag.py:3239} INFO - Sync 1 DAGs
[2026-09-06T09:00:43.589+0000] {logging_mixin.py:190} INFO - [2026-09-06T09:00:43.589+0000] {dag.py:4180} INFO - Setting next_dagrun for tutorial_dag to None, run_after=None
[2026-09-06T09:00:43.603+0000] {processor.py:208} INFO - Processing /home/airflow/.local/lib/python3.12/site-packages/airflow/example_dags/tutorial_dag.py took 0.052 seconds
[2026-09-06T09:01:14.250+0000] {processor.py:186} INFO - Started process (PID=965) to work on /home/airflow/.local/lib/python3.12/site-packages/airflow/example_dags/tutorial_dag.py
[2026-09-06T09:01:14.251+0000] {processor.py:914} INFO - Processing file /home/airflow/.local/lib/python3.12/site-packages/airflow/example_dags/tutorial_dag.py for tasks to queue
[2026-09-06T09:01:14.253+0000] {logging_mixin.py:190} INFO - [2026-09-06T09:01:14.253+0000] {dagbag.py:588} INFO - Filling up the DagBag from /home/airflow/.local/lib/python3.12/site-packages/airflow/example_dags/tutorial_dag.py
[2026-09-06T09:01:14.259+0000] {processor.py:925} INFO - DAG(s) 'tutorial_dag' retrieved from /home/airflow/.local/lib/python3.12/site-packages/airflow/example_dags/tutorial_dag.py
[2026-09-06T09:01:14.275+0000] {logging_mixin.py:190} INFO - [2026-09-06T09:01:14.275+0000] {dag.py:3239} INFO - Sync 1 DAGs
[2026-09-06T09:01:14.286+0000] {logging_mixin.py:190} INFO - [2026-09-06T09:01:14.286+0000] {dag.py:4180} INFO - Setting next_dagrun for tutorial_dag to None, run_after=None
[2026-09-06T09:01:14.301+0000] {processor.py:208} INFO - Processing /home/airflow/.local/lib/python3.12/site-packages/airflow/example_dags/tutorial_dag.py took 0.055 seconds
[2026-09-06T09:01:44.893+0000] {processor.py:186} INFO - Started process (PID=1029) to work on /home/airflow/.local/lib/python3.12/site-packages/airflow/example_dags/tutorial_dag.py
[2026-09-06T09:01:44.894+0000] {processor.py:914} INFO - Processing file /home/airflow/.local/lib/python3.12/site-packages/airflow/example_dags/tutorial_dag.py for tasks to queue
[2026-09-06T09:01:44.896+0000] {logging_mixin.py:190} INFO - [2026-09-06T09:01:44.896+0000] {dagbag.py:588} INFO - Filling up the DagBag from /home/airflow/.local/lib/python3.12/site-packages/airflow/example_dags/tutorial_dag.py
[2026-09-06T09:01:44.903+0000] {processor.py:925} INFO - DAG(s) 'tutorial_dag' retrieved from /home/airflow/.local/lib/python3.12/site-packages/airflow/example_dags/tutorial_dag.py
[2026-09-06T09:01:44.918+0000] {logging_mixin.py:190} INFO - [2026-09-06T09:01:44.918+0000] {dag.py:3239} INFO - Sync 1 DAGs
[2026-09-06T09:01:44.931+0000] {logging_mixin.py:190} INFO - [2026-09-06T09:01:44.930+0000] {dag.py:4180} INFO - Setting next_dagrun for tutorial_dag to None, run_after=None
[2026-09-06T09:01:44.944+0000] {processor.py:208} INFO - Processing /home/airflow/.local/lib/python3.12/site-packages/airflow/example_dags/tutorial_dag.py took 0.055 seconds
[2026-09-06T09:02:15.534+0000] {processor.py:186} INFO - Started process (PID=1093) to work on /home/airflow/.local/lib/python3.12/site-packages/airflow/example_dags/tutorial_dag.py
[2026-09-06T09:02:15.536+0000] {processor.py:914} INFO - Processing file /home/airflow/.local/lib/python3.12/site-packages/airflow/example_dags/tutorial_dag.py for tasks to queue
[2026-09-06T09:02:15.538+0000] {logging_mixin.py:190} INFO - [2026-09-06T09:02:15.538+0000] {dagbag.py:588} INFO - Filling up the DagBag from /home/airflow/.local/lib/python3.12/site-packages/airflow/example_dags/tutorial_dag.py
[2026-09-06T09:02:15.546+0000] {processor.py:925} INFO - DAG(s) 'tutorial_dag' retrieved from /home/airflow/.local/lib/python3.12/site-packages/airflow/example_dags/tutorial_dag.py
[2026-09-06T09:02:15.564+0000] {logging_mixin.py:190} INFO - [2026-09-06T09:02:15.564+0000] {dag.py:3239} INFO - Sync 1 DAGs
[2026-09-06T09:02:15.575+0000] {logging_mixin.py:190} INFO - [2026-09-06T09:02:15.575+0000] {dag.py:4180} INFO - Setting next_dagrun for tutorial_dag to None, run_after=None
[2026-09-06T09:02:15.590+0000] {processor.py:208} INFO - Processing /home/airflow/.local/lib/python3.12/site-packages/airflow/example_dags/tutorial_dag.py took 0.063 seconds
[2026-09-06T09:02:46.892+0000] {processor.py:186} INFO - Started process (PID=1157) to work on /home/airflow/.local/lib/python3.12/site-packages/airflow/example_dags/tutorial_dag.py
[2026-09-06T09:02:46.893+0000] {processor.py:914} INFO - Processing file /home/airflow/.local/lib/python3.12/site-packages/airflow/example_dags/tutorial_dag.py for tasks to queue
[2026-09-06T09:02:46.896+0000] {logging_mixin.py:190} INFO - [2026-09-06T09:02:46.896+0000] {dagbag.py:588} INFO - Filling up the DagBag from /home/airflow/.local/lib/python3.12/site-packages/airflow/example_dags/tutorial_dag.py
[2026-09-06T09:02:46.903+0000] {processor.py:925} INFO - DAG(s) 'tutorial_dag' retrieved from /home/airflow/.local/lib/python3.12/site-packages/airflow/example_dags/tutorial_dag.py
[2026-09-06T09:02:46.922+0000] {logging_mixin.py:190} INFO - [2026-09-06T09:02:46.921+0000] {dag.py:3239} INFO - Sync 1 DAGs
[2026-09-06T09:02:46.935+0000] {logging_mixin.py:190} INFO - [2026-09-06T09:02:46.935+0000] {dag.py:4180} INFO - Setting next_dagrun for tutorial_dag to None, run_after=None
[2026-09-06T09:02:46.963+0000] {processor.py:208} INFO - Processing /home/airflow/.local/lib/python3.12/site-packages/airflow/example_dags/tutorial_dag.py took 0.076 seconds
[2026-09-06T09:03:17.754+0000] {processor.py:186} INFO - Started process (PID=1221) to work on /home/airflow/.local/lib/python3.12/site-packages/airflow/example_dags/tutorial_dag.py
[2026-09-06T09:03:17.755+0000] {processor.py:914} INFO - Processing file /home/airflow/.local/lib/python3.12/site-packages/airflow/example_dags/tutorial_dag.py for tasks to queue
[2026-09-06T09:03:17.758+0000] {logging_mixin.py:190} INFO - [2026-09-06T09:03:17.758+0000] {dagbag.py:588} INFO - Filling up the DagBag from /home/airflow/.local/lib/python3.12/site-packages/airflow/example_dags/tutorial_dag.py
[2026-09-06T09:03:17.766+0000] {processor.py:925} INFO - DAG(s) 'tutorial_dag' retrieved from /home/airflow/.local/lib/python3.12/site-packages/airflow/example_dags/tutorial_dag.py
[2026-09-06T09:03:17.783+0000] {logging_mixin.py:190} INFO - [2026-09-06T09:03:17.783+0000] {dag.py:3239} INFO - Sync 1 DAGs
[2026-09-06T09:03:17.796+0000] {logging_mixin.py:190} INFO - [2026-09-06T09:03:17.796+0000] {dag.py:4180} INFO - Setting next_dagrun for tutorial_dag to None, run_after=None
[2026-09-06T09:03:17.815+0000] {processor.py:208} INFO - Processing /home/airflow/.local/lib/python3.12/site-packages/airflow/example_dags/tutorial_dag.py took 0.068 seconds
[2026-09-06T09:03:49.041+0000] {processor.py:186} INFO - Started process (PID=1285) to work on /home/airflow/.local/lib/python3.12/site-packages/airflow/example_dags/tutorial_dag.py
[2026-09-06T09:03:49.043+0000] {processor.py:914} INFO - Processing file /home/airflow/.local/lib/python3.12/site-packages/airflow/example_dags/tutorial_dag.py for tasks to queue
[2026-09-06T09:03:49.046+0000] {logging_mixin.py:190} INFO - [2026-09-06T09:03:49.045+0000] {dagbag.py:588} INFO - Filling up the DagBag from /home/airflow/.local/lib/python3.12/site-packages/airflow/example_dags/tutorial_dag.py
[2026-09-06T09:03:49.054+0000] {processor.py:925} INFO - DAG(s) 'tutorial_dag' retrieved from /home/airflow/.local/lib/python3.12/site-packages/airflow/example_dags/tutorial_dag.py
[2026-09-06T09:03:49.072+0000] {logging_mixin.py:190} INFO - [2026-09-06T09:03:49.071+0000] {dag.py:3239} INFO - Sync 1 DAGs
[2026-09-06T09:03:49.084+0000] {logging_mixin.py:190} INFO - [2026-09-06T09:03:49.084+0000] {dag.py:4180} INFO - Setting next_dagrun for tutorial_dag to None, run_after=None
[2026-09-06T09:03:49.113+0000] {processor.py:208} INFO - Processing /home/airflow/.local/lib/python3.12/site-packages/airflow/example_dags/tutorial_dag.py took 0.077 seconds
[2026-09-06T09:04:20.109+0000] {processor.py:186} INFO - Started process (PID=1349) to work on /home/airflow/.local/lib/python3.12/site-packages/airflow/example_dags/tutorial_dag.py
[2026-09-06T09:04:20.110+0000] {processor.py:914} INFO - Processing file /home/airflow/.local/lib/python3.12/site-packages/airflow/example_dags/tutorial_dag.py for tasks to queue
[2026-09-06T09:04:20.113+0000] {logging_mixin.py:190} INFO - [2026-09-06T09:04:20.112+0000] {dagbag.py:588} INFO - Filling up the DagBag from /home/airflow/.local/lib/python3.12/site-packages/airflow/example_dags/tutorial_dag.py
[2026-09-06T09:04:20.120+0000] {processor.py:925} INFO - DAG(s) 'tutorial_dag' retrieved from /home/airflow/.local/lib/python3.12/site-packages/airflow/example_dags/tutorial_dag.py
[2026-09-06T09:04:20.137+0000] {logging_mixin.py:190} INFO - [2026-09-06T09:04:20.137+0000] {dag.py:3239} INFO - Sync 1 DAGs
[2026-09-06T09:04:20.149+0000] {logging_mixin.py:190} INFO - [2026-09-06T09:04:20.149+0000] {dag.py:4180} INFO - Setting next_dagrun for tutorial_dag to None, run_after=None
[2026-09-06T09:04:20.171+0000] {processor.py:208} INFO - Processing /home/airflow/.local/lib/python3.12/site-packages/airflow/example_dags/tutorial_dag.py took 0.067 seconds
[2026-09-06T09:04:51.552+0000] {processor.py:186} INFO - Started process (PID=1413) to work on /home/airflow/.local/lib/python3.12/site-packages/airflow/example_dags/tutorial_dag.py
[2026-09-06T09:04:51.553+0000] {processor.py:914} INFO - Processing file /home/airflow/.local/lib/python3.12/site-packages/airflow/example_dags/tutorial_dag.py for tasks to queue
[2026-09-06T09:04:51.555+0000] {logging_mixin.py:190} INFO - [2026-09-06T09:04:51.555+0000] {dagbag.py:588} INFO - Filling up the DagBag from /home/airflow/.local/lib/python3.12/site-packages/airflow/example_dags/tutorial_dag.py
[2026-09-06T09:04:51.562+0000] {processor.py:925} INFO - DAG(s) 'tutorial_dag' retrieved from /home/airflow/.local/lib/python3.12/site-packages/airflow/example_dags/tutorial_dag.py
[2026-09-06T09:04:51.578+0000] {logging_mixin.py:190} INFO - [2026-09-06T09:04:51.578+0000] {dag.py:3239} INFO - Sync 1 DAGs
[2026-09-06T09:04:51.588+0000] {logging_mixin.py:190} INFO - [2026-09-06T09:04:51.588+0000] {dag.py:4180} INFO - Setting next_dagrun for tutorial_dag to None, run_after=None
[2026-09-06T09:04:51.607+0000] {processor.py:208} INFO - Processing /home/airflow/.local/lib/python3.12/site-packages/airflow/example_dags/tutorial_dag.py took 0.060 seconds
[2026-09-06T09:05:22.185+0000] {processor.py:186} INFO - Started process (PID=1477) to work on /home/airflow/.local/lib/python3.12/site-packages/airflow/example_dags/tutorial_dag.py
[2026-09-06T09:05:22.186+0000] {processor.py:914} INFO - Processing file /home/airflow/.local/lib/python3.12/site-packages/airflow/example_dags/tutorial_dag.py for tasks to queue
[2026-09-06T09:05:22.188+0000] {logging_mixin.py:190} INFO - [2026-09-06T09:05:22.188+0000] {dagbag.py:588} INFO - Filling up the DagBag from /home/airflow/.local/lib/python3.12/site-packages/airflow/example_dags/tutorial_dag.py
[2026-09-06T09:05:22.194+0000] {processor.py:925} INFO - DAG(s) 'tutorial_dag' retrieved from /home/airflow/.local/lib/python3.12/site-packages/airflow/example_dags/tutorial_dag.py
[2026-09-06T09:05:22.211+0000] {logging_mixin.py:190} INFO - [2026-09-06T09:05:22.211+0000] {dag.py:3239} INFO - Sync 1 DAGs
[2026-09-06T09:05:22.223+0000] {logging_mixin.py:190} INFO - [2026-09-06T09:05:22.223+0000] {dag.py:4180} INFO - Setting next_dagrun for tutorial_dag to None, run_after=None
[2026-09-06T09:05:22.238+0000] {processor.py:208} INFO - Processing /home/airflow/.local/lib/python3.12/site-packages/airflow/example_dags/tutorial_dag.py took 0.057 seconds
[2026-09-06T09:05:53.374+0000] {processor.py:186} INFO - Started process (PID=1541) to work on /home/airflow/.local/lib/python3.12/site-packages/airflow/example_dags/tutorial_dag.py
[2026-09-06T09:05:53.375+0000] {processor.py:914} INFO - Processing file /home/airflow/.local/lib/python3.12/site-packages/airflow/example_dags/tutorial_dag.py for tasks to queue
[2026-09-06T09:05:53.377+0000] {logging_mixin.py:190} INFO - [2026-09-06T09:05:53.377+0000] {dagbag.py:588} INFO - Filling up the DagBag from /home/airflow/.local/lib/python3.12/site-packages/airflow/example_dags/tutorial_dag.py
[2026-09-06T09:05:53.383+0000] {processor.py:925} INFO - DAG(s) 'tutorial_dag' retrieved from /home/airflow/.local/lib/python3.12/site-packages/airflow/example_dags/tutorial_dag.py
[2026-09-06T09:05:53.399+0000] {logging_mixin.py:190} INFO - [2026-09-06T09:05:53.399+0000] {dag.py:3239} INFO - Sync 1 DAGs
[2026-09-06T09:05:53.409+0000] {logging_mixin.py:190} INFO - [2026-09-06T09:05:53.409+0000] {dag.py:4180} INFO - Setting next_dagrun for tutorial_dag to None, run_after=None
[2026-09-06T09:05:53.423+0000] {processor.py:208} INFO - Processing /home/airflow/.local/lib/python3.12/site-packages/airflow/example_dags/tutorial_dag.py took 0.053 seconds
[2026-09-06T09:06:24.083+0000] {processor.py:186} INFO - Started process (PID=1605) to work on /home/airflow/.local/lib/python3.12/site-packages/airflow/example_dags/tutorial_dag.py
[2026-09-06T09:06:24.084+0000] {processor.py:914} INFO - Processing file /home/airflow/.local/lib/python3.12/site-packages/airflow/example_dags/tutorial_dag.py for tasks to queue
[2026-09-06T09:06:24.087+0000] {logging_mixin.py:190} INFO - [2026-09-06T09:06:24.086+0000] {dagbag.py:588} INFO - Filling up the DagBag from /home/airflow/.local/lib/python3.12/site-packages/airflow/example_dags/tutorial_dag.py
[2026-09-06T09:06:24.092+0000] {processor.py:925} INFO - DAG(s) 'tutorial_dag' retrieved from /home/airflow/.local/lib/python3.12/site-packages/airflow/example_dags/tutorial_dag.py
[2026-09-06T09:06:24.107+0000] {logging_mixin.py:190} INFO - [2026-09-06T09:06:24.107+0000] {dag.py:3239} INFO - Sync 1 DAGs
[2026-09-06T09:06:24.118+0000] {logging_mixin.py:190} INFO - [2026-09-06T09:06:24.118+0000] {dag.py:4180} INFO - Setting next_dagrun for tutorial_dag to None, run_after=None
[2026-09-06T09:06:24.133+0000] {processor.py:208} INFO - Processing /home/airflow/.local/lib/python3.12/site-packages/airflow/example_dags/tutorial_dag.py took 0.054 seconds
[2026-09-06T09:06:55.041+0000] {processor.py:186} INFO - Started process (PID=1669) to work on /home/airflow/.local/lib/python3.12/site-packages/airflow/example_dags/tutorial_dag.py
[2026-09-06T09:06:55.042+0000] {processor.py:914} INFO - Processing file /home/airflow/.local/lib/python3.12/site-packages/airflow/example_dags/tutorial_dag.py for tasks to queue
[2026-09-06T09:06:55.044+0000] {logging_mixin.py:190} INFO - [2026-09-06T09:06:55.044+0000] {dagbag.py:588} INFO - Filling up the DagBag from /home/airflow/.local/lib/python3.12/site-packages/airflow/example_dags/tutorial_dag.py
[2026-09-06T09:06:55.051+0000] {processor.py:925} INFO - DAG(s) 'tutorial_dag' retrieved from /home/airflow/.local/lib/python3.12/site-packages/airflow/example_dags/tutorial_dag.py
[2026-09-06T09:06:55.066+0000] {logging_mixin.py:190} INFO - [2026-09-06T09:06:55.066+0000] {dag.py:3239} INFO - Sync 1 DAGs
[2026-09-06T09:06:55.076+0000] {logging_mixin.py:190} INFO - [2026-09-06T09:06:55.076+0000] {dag.py:4180} INFO - Setting next_dagrun for tutorial_dag to None, run_after=None
[2026-09-06T09:06:55.091+0000] {processor.py:208} INFO - Processing /home/airflow/.local/lib/python3.12/site-packages/airflow/example_dags/tutorial_dag.py took 0.055 seconds
[2026-09-06T09:07:25.990+0000] {processor.py:186} INFO - Started process (PID=1733) to work on /home/airflow/.local/lib/python3.12/site-packages/airflow/example_dags/tutorial_dag.py
[2026-09-06T09:07:25.992+0000] {processor.py:914} INFO - Processing file /home/airflow/.local/lib/python3.12/site-packages/airflow/example_dags/tutorial_dag.py for tasks to queue
[2026-09-06T09:07:25.994+0000] {logging_mixin.py:190} INFO - [2026-09-06T09:07:25.994+0000] {dagbag.py:588} INFO - Filling up the DagBag from /home/airflow/.local/lib/python3.12/site-packages/airflow/example_dags/tutorial_dag.py
[2026-09-06T09:07:26.001+0000] {processor.py:925} INFO - DAG(s) 'tutorial_dag' retrieved from /home/airflow/.local/lib/python3.12/site-packages/airflow/example_dags/tutorial_dag.py
[2026-09-06T09:07:26.019+0000] {logging_mixin.py:190} INFO - [2026-09-06T09:07:26.018+0000] {dag.py:3239} INFO - Sync 1 DAGs
[2026-09-06T09:07:26.032+0000] {logging_mixin.py:190} INFO - [2026-09-06T09:07:26.032+0000] {dag.py:4180} INFO - Setting next_dagrun for tutorial_dag to None, run_after=None
[2026-09-06T09:07:26.049+0000] {processor.py:208} INFO - Processing /home/airflow/.local/lib/python3.12/site-packages/airflow/example_dags/tutorial_dag.py took 0.063 seconds
[2026-09-06T09:07:56.834+0000] {processor.py:186} INFO - Started process (PID=1797) to work on /home/airflow/.local/lib/python3.12/site-packages/airflow/example_dags/tutorial_dag.py
[2026-09-06T09:07:56.835+0000] {processor.py:914} INFO - Processing file /home/airflow/.local/lib/python3.12/site-packages/airflow/example_dags/tutorial_dag.py for tasks to queue
[2026-09-06T09:07:56.837+0000] {logging_mixin.py:190} INFO - [2026-09-06T09:07:56.837+0000] {dagbag.py:588} INFO - Filling up the DagBag from /home/airflow/.local/lib/python3.12/site-packages/airflow/example_dags/tutorial_dag.py
[2026-09-06T09:07:56.843+0000] {processor.py:925} INFO - DAG(s) 'tutorial_dag' retrieved from /home/airflow/.local/lib/python3.12/site-packages/airflow/example_dags/tutorial_dag.py
[2026-09-06T09:07:56.860+0000] {logging_mixin.py:190} INFO - [2026-09-06T09:07:56.860+0000] {dag.py:3239} INFO - Sync 1 DAGs
[2026-09-06T09:07:56.870+0000] {logging_mixin.py:190} INFO - [2026-09-06T09:07:56.870+0000] {dag.py:4180} INFO - Setting next_dagrun for tutorial_dag to None, run_after=None
[2026-09-06T09:07:56.888+0000] {processor.py:208} INFO - Processing /home/airflow/.local/lib/python3.12/site-packages/airflow/example_dags/tutorial_dag.py took 0.059 seconds
[2026-09-06T09:08:27.509+0000] {processor.py:186} INFO - Started process (PID=1861) to work on /home/airflow/.local/lib/python3.12/site-packages/airflow/example_dags/tutorial_dag.py
[2026-09-06T09:08:27.510+0000] {processor.py:914} INFO - Processing file /home/airflow/.local/lib/python3.12/site-packages/airflow/example_dags/tutorial_dag.py for tasks to queue
[2026-09-06T09:08:27.513+0000] {logging_mixin.py:190} INFO - [2026-09-06T09:08:27.512+0000] {dagbag.py:588} INFO - Filling up the DagBag from /home/airflow/.local/lib/python3.12/site-packages/airflow/example_dags/tutorial_dag.py
[2026-09-06T09:08:27.518+0000] {processor.py:925} INFO - DAG(s) 'tutorial_dag' retrieved from /home/airflow/.local/lib/python3.12/site-packages/airflow/example_dags/tutorial_dag.py
[2026-09-06T09:08:27.532+0000] {logging_mixin.py:190} INFO - [2026-09-06T09:08:27.532+0000] {dag.py:3239} INFO - Sync 1 DAGs
[2026-09-06T09:08:27.542+0000] {logging_mixin.py:190} INFO - [2026-09-06T09:08:27.542+0000] {dag.py:4180} INFO - Setting next_dagrun for tutorial_dag to None, run_after=None
[2026-09-06T09:08:27.556+0000] {processor.py:208} INFO - Processing /home/airflow/.local/lib/python3.12/site-packages/airflow/example_dags/tutorial_dag.py took 0.052 seconds
[2026-09-06T09:08:58.256+0000] {processor.py:186} INFO - Started process (PID=1925) to work on /home/airflow/.local/lib/python3.12/site-packages/airflow/example_dags/tutorial_dag.py
[2026-09-06T09:08:58.257+0000] {processor.py:914} INFO - Processing file /home/airflow/.local/lib/python3.12/site-packages/airflow/example_dags/tutorial_dag.py for tasks to queue
[2026-09-06T09:08:58.259+0000] {logging_mixin.py:190} INFO - [2026-09-06T09:08:58.259+0000] {dagbag.py:588} INFO - Filling up the DagBag from /home/airflow/.local/lib/python3.12/site-packages/airflow/example_dags/tutorial_dag.py
[2026-09-06T09:08:58.265+0000] {processor.py:925} INFO - DAG(s) 'tutorial_dag' retrieved from /home/airflow/.local/lib/python3.12/site-packages/airflow/example_dags/tutorial_dag.py
[2026-09-06T09:08:58.280+0000] {logging_mixin.py:190} INFO - [2026-09-06T09:08:58.280+0000] {dag.py:3239} INFO - Sync 1 DAGs
[2026-09-06T09:08:58.290+0000] {logging_mixin.py:190} INFO - [2026-09-06T09:08:58.290+0000] {dag.py:4180} INFO - Setting next_dagrun for tutorial_dag to None, run_after=None
[2026-09-06T09:08:58.304+0000] {processor.py:208} INFO - Processing /home/airflow/.local/lib/python3.12/site-packages/airflow/example_dags/tutorial_dag.py took 0.052 seconds
[2026-09-06T09:09:28.970+0000] {processor.py:186} INFO - Started process (PID=1995) to work on /home/airflow/.local/lib/python3.12/site-packages/airflow/example_dags/tutorial_dag.py
[2026-09-06T09:09:28.971+0000] {processor.py:914} INFO - Processing file /home/airflow/.local/lib/python3.12/site-packages/airflow/example_dags/tutorial_dag.py for tasks to queue
[2026-09-06T09:09:28.974+0000] {logging_mixin.py:190} INFO - [2026-09-06T09:09:28.974+0000] {dagbag.py:588} INFO - Filling up the DagBag from /home/airflow/.local/lib/python3.12/site-packages/airflow/example_dags/tutorial_dag.py
[2026-09-06T09:09:28.980+0000] {processor.py:925} INFO - DAG(s) 'tutorial_dag' retrieved from /home/airflow/.local/lib/python3.12/site-packages/airflow/example_dags/tutorial_dag.py
[2026-09-06T09:09:28.996+0000] {logging_mixin.py:190} INFO - [2026-09-06T09:09:28.996+0000] {dag.py:3239} INFO - Sync 1 DAGs
[2026-09-06T09:09:29.007+0000] {logging_mixin.py:190} INFO - [2026-09-06T09:09:29.007+0000] {dag.py:4180} INFO - Setting next_dagrun for tutorial_dag to None, run_after=None
[2026-09-06T09:09:29.023+0000] {processor.py:208} INFO - Processing /home/airflow/.local/lib/python3.12/site-packages/airflow/example_dags/tutorial_dag.py took 0.058 seconds
[2026-09-06T09:10:00.235+0000] {processor.py:186} INFO - Started process (PID=2059) to work on /home/airflow/.local/lib/python3.12/site-packages/airflow/example_dags/tutorial_dag.py
[2026-09-06T09:10:00.236+0000] {processor.py:914} INFO - Processing file /home/airflow/.local/lib/python3.12/site-packages/airflow/example_dags/tutorial_dag.py for tasks to queue
[2026-09-06T09:10:00.239+0000] {logging_mixin.py:190} INFO - [2026-09-06T09:10:00.239+0000] {dagbag.py:588} INFO - Filling up the DagBag from /home/airflow/.local/lib/python3.12/site-packages/airflow/example_dags/tutorial_dag.py
[2026-09-06T09:10:00.245+0000] {processor.py:925} INFO - DAG(s) 'tutorial_dag' retrieved from /home/airflow/.local/lib/python3.12/site-packages/airflow/example_dags/tutorial_dag.py
[2026-09-06T09:10:00.261+0000] {logging_mixin.py:190} INFO - [2026-09-06T09:10:00.261+0000] {dag.py:3239} INFO - Sync 1 DAGs
[2026-09-06T09:10:00.272+0000] {logging_mixin.py:190} INFO - [2026-09-06T09:10:00.272+0000] {dag.py:4180} INFO - Setting next_dagrun for tutorial_dag to None, run_after=None
[2026-09-06T09:10:00.287+0000] {processor.py:208} INFO - Processing /home/airflow/.local/lib/python3.12/site-packages/airflow/example_dags/tutorial_dag.py took 0.057 seconds
[2026-09-06T09:10:31.799+0000] {processor.py:186} INFO - Started process (PID=2123) to work on /home/airflow/.local/lib/python3.12/site-packages/airflow/example_dags/tutorial_dag.py
[2026-09-06T09:10:31.800+0000] {processor.py:914} INFO - Processing file /home/airflow/.local/lib/python3.12/site-packages/airflow/example_dags/tutorial_dag.py for tasks to queue
[2026-09-06T09:10:31.803+0000] {logging_mixin.py:190} INFO - [2026-09-06T09:10:31.803+0000] {dagbag.py:588} INFO - Filling up the DagBag from /home/airflow/.local/lib/python3.12/site-packages/airflow/example_dags/tutorial_dag.py
[2026-09-06T09:10:31.809+0000] {processor.py:925} INFO - DAG(s) 'tutorial_dag' retrieved from /home/airflow/.local/lib/python3.12/site-packages/airflow/example_dags/tutorial_dag.py
[2026-09-06T09:10:31.825+0000] {logging_mixin.py:190} INFO - [2026-09-06T09:10:31.825+0000] {dag.py:3239} INFO - Sync 1 DAGs
[2026-09-06T09:10:31.836+0000] {logging_mixin.py:190} INFO - [2026-09-06T09:10:31.836+0000] {dag.py:4180} INFO - Setting next_dagrun for tutorial_dag to None, run_after=None
[2026-09-06T09:10:31.851+0000] {processor.py:208} INFO - Processing /home/airflow/.local/lib/python3.12/site-packages/airflow/example_dags/tutorial_dag.py took 0.056 seconds
[2026-09-06T09:11:03.082+0000] {processor.py:186} INFO - Started process (PID=2187) to work on /home/airflow/.local/lib/python3.12/site-packages/airflow/example_dags/tutorial_dag.py
[2026-09-06T09:11:03.083+0000] {processor.py:914} INFO - Processing file /home/airflow/.local/lib/python3.12/site-packages/airflow/example_dags/tutorial_dag.py for tasks to queue
[2026-09-06T09:11:03.086+0000] {logging_mixin.py:190} INFO - [2026-09-06T09:11:03.086+0000] {dagbag.py:588} INFO - Filling up the DagBag from /home/airflow/.local/lib/python3.12/site-packages/airflow/example_dags/tutorial_dag.py
[2026-09-06T09:11:03.093+0000] {processor.py:925} INFO - DAG(s) 'tutorial_dag' retrieved from /home/airflow/.local/lib/python3.12/site-packages/airflow/example_dags/tutorial_dag.py
[2026-09-06T09:11:03.112+0000] {logging_mixin.py:190} INFO - [2026-09-06T09:11:03.111+0000] {dag.py:3239} INFO - Sync 1 DAGs
[2026-09-06T09:11:03.124+0000] {logging_mixin.py:190} INFO - [2026-09-06T09:11:03.124+0000] {dag.py:4180} INFO - Setting next_dagrun for tutorial_dag to None, run_after=None
[2026-09-06T09:11:03.140+0000] {processor.py:208} INFO - Processing /home/airflow/.local/lib/python3.12/site-packages/airflow/example_dags/tutorial_dag.py took 0.064 seconds
[2026-09-06T09:11:34.340+0000] {processor.py:186} INFO - Started process (PID=2251) to work on /home/airflow/.local/lib/python3.12/site-packages/airflow/example_dags/tutorial_dag.py
[2026-09-06T09:11:34.341+0000] {processor.py:914} INFO - Processing file /home/airflow/.local/lib/python3.12/site-packages/airflow/example_dags/tutorial_dag.py for tasks to queue
[2026-09-06T09:11:34.343+0000] {logging_mixin.py:190} INFO - [2026-09-06T09:11:34.343+0000] {dagbag.py:588} INFO - Filling up the DagBag from /home/airflow/.local/lib/python3.12/site-packages/airflow/example_dags/tutorial_dag.py
[2026-09-06T09:11:34.349+0000] {processor.py:925} INFO - DAG(s) 'tutorial_dag' retrieved from /home/airflow/.local/lib/python3.12/site-packages/airflow/example_dags/tutorial_dag.py
[2026-09-06T09:11:34.364+0000] {logging_mixin.py:190} INFO - [2026-09-06T09:11:34.363+0000] {dag.py:3239} INFO - Sync 1 DAGs
[2026-09-06T09:11:34.374+0000] {logging_mixin.py:190} INFO - [2026-09-06T09:11:34.374+0000] {dag.py:4180} INFO - Setting next_dagrun for tutorial_dag to None, run_after=None
[2026-09-06T09:11:34.388+0000] {processor.py:208} INFO - Processing /home/airflow/.local/lib/python3.12/site-packages/airflow/example_dags/tutorial_dag.py took 0.053 seconds
[2026-09-06T09:12:05.503+0000] {processor.py:186} INFO - Started process (PID=2315) to work on /home/airflow/.local/lib/python3.12/site-packages/airflow/example_dags/tutorial_dag.py
[2026-09-06T09:12:05.504+0000] {processor.py:914} INFO - Processing file /home/airflow/.local/lib/python3.12/site-packages/airflow/example_dags/tutorial_dag.py for tasks to queue
[2026-09-06T09:12:05.506+0000] {logging_mixin.py:190} INFO - [2026-09-06T09:12:05.506+0000] {dagbag.py:588} INFO - Filling up the DagBag from /home/airflow/.local/lib/python3.12/site-packages/airflow/example_dags/tutorial_dag.py
[2026-09-06T09:12:05.513+0000] {processor.py:925} INFO - DAG(s) 'tutorial_dag' retrieved from /home/airflow/.local/lib/python3.12/site-packages/airflow/example_dags/tutorial_dag.py
[2026-09-06T09:12:05.531+0000] {logging_mixin.py:190} INFO - [2026-09-06T09:12:05.531+0000] {dag.py:3239} INFO - Sync 1 DAGs
[2026-09-06T09:12:05.544+0000] {logging_mixin.py:190} INFO - [2026-09-06T09:12:05.543+0000] {dag.py:4180} INFO - Setting next_dagrun for tutorial_dag to None, run_after=None
[2026-09-06T09:12:05.559+0000] {processor.py:208} INFO - Processing /home/airflow/.local/lib/python3.12/site-packages/airflow/example_dags/tutorial_dag.py took 0.061 seconds
[2026-09-06T09:12:36.961+0000] {processor.py:186} INFO - Started process (PID=2379) to work on /home/airflow/.local/lib/python3.12/site-packages/airflow/example_dags/tutorial_dag.py
[2026-09-06T09:12:36.962+0000] {processor.py:914} INFO - Processing file /home/airflow/.local/lib/python3.12/site-packages/airflow/example_dags/tutorial_dag.py for tasks to queue
[2026-09-06T09:12:36.964+0000] {logging_mixin.py:190} INFO - [2026-09-06T09:12:36.964+0000] {dagbag.py:588} INFO - Filling up the DagBag from /home/airflow/.local/lib/python3.12/site-packages/airflow/example_dags/tutorial_dag.py
[2026-09-06T09:12:36.970+0000] {processor.py:925} INFO - DAG(s) 'tutorial_dag' retrieved from /home/airflow/.local/lib/python3.12/site-packages/airflow/example_dags/tutorial_dag.py
[2026-09-06T09:12:36.985+0000] {logging_mixin.py:190} INFO - [2026-09-06T09:12:36.985+0000] {dag.py:3239} INFO - Sync 1 DAGs
[2026-09-06T09:12:36.995+0000] {logging_mixin.py:190} INFO - [2026-09-06T09:12:36.995+0000] {dag.py:4180} INFO - Setting next_dagrun for tutorial_dag to None, run_after=None
[2026-09-06T09:12:37.011+0000] {processor.py:208} INFO - Processing /home/airflow/.local/lib/python3.12/site-packages/airflow/example_dags/tutorial_dag.py took 0.055 seconds
[2026-09-06T09:13:08.270+0000] {processor.py:186} INFO - Started process (PID=2443) to work on /home/airflow/.local/lib/python3.12/site-packages/airflow/example_dags/tutorial_dag.py
[2026-09-06T09:13:08.272+0000] {processor.py:914} INFO - Processing file /home/airflow/.local/lib/python3.12/site-packages/airflow/example_dags/tutorial_dag.py for tasks to queue
[2026-09-06T09:13:08.274+0000] {logging_mixin.py:190} INFO - [2026-09-06T09:13:08.274+0000] {dagbag.py:588} INFO - Filling up the DagBag from /home/airflow/.local/lib/python3.12/site-packages/airflow/example_dags/tutorial_dag.py
[2026-09-06T09:13:08.281+0000] {processor.py:925} INFO - DAG(s) 'tutorial_dag' retrieved from /home/airflow/.local/lib/python3.12/site-packages/airflow/example_dags/tutorial_dag.py
[2026-09-06T09:13:08.300+0000] {logging_mixin.py:190} INFO - [2026-09-06T09:13:08.299+0000] {dag.py:3239} INFO - Sync 1 DAGs
[2026-09-06T09:13:08.312+0000] {logging_mixin.py:190} INFO - [2026-09-06T09:13:08.312+0000] {dag.py:4180} INFO - Setting next_dagrun for tutorial_dag to None, run_after=None
[2026-09-06T09:13:08.328+0000] {processor.py:208} INFO - Processing /home/airflow/.local/lib/python3.12/site-packages/airflow/example_dags/tutorial_dag.py took 0.063 seconds
[2026-09-06T09:13:39.456+0000] {processor.py:186} INFO - Started process (PID=2507) to work on /home/airflow/.local/lib/python3.12/site-packages/airflow/example_dags/tutorial_dag.py
[2026-09-06T09:13:39.457+0000] {processor.py:914} INFO - Processing file /home/airflow/.local/lib/python3.12/site-packages/airflow/example_dags/tutorial_dag.py for tasks to queue
[2026-09-06T09:13:39.459+0000] {logging_mixin.py:190} INFO - [2026-09-06T09:13:39.459+0000] {dagbag.py:588} INFO - Filling up the DagBag from /home/airflow/.local/lib/python3.12/site-packages/airflow/example_dags/tutorial_dag.py
[2026-09-06T09:13:39.466+0000] {processor.py:925} INFO - DAG(s) 'tutorial_dag' retrieved from /home/airflow/.local/lib/python3.12/site-packages/airflow/example_dags/tutorial_dag.py
[2026-09-06T09:13:39.480+0000] {logging_mixin.py:190} INFO - [2026-09-06T09:13:39.480+0000] {dag.py:3239} INFO - Sync 1 DAGs
[2026-09-06T09:13:39.491+0000] {logging_mixin.py:190} INFO - [2026-09-06T09:13:39.491+0000] {dag.py:4180} INFO - Setting next_dagrun for tutorial_dag to None, run_after=None
[2026-09-06T09:13:39.506+0000] {processor.py:208} INFO - Processing /home/airflow/.local/lib/python3.12/site-packages/airflow/example_dags/tutorial_dag.py took 0.054 seconds
[2026-09-06T09:14:10.845+0000] {processor.py:186} INFO - Started process (PID=2571) to work on /home/airflow/.local/lib/python3.12/site-packages/airflow/example_dags/tutorial_dag.py
[2026-09-06T09:14:10.846+0000] {processor.py:914} INFO - Processing file /home/airflow/.local/lib/python3.12/site-packages/airflow/example_dags/tutorial_dag.py for tasks to queue
[2026-09-06T09:14:10.849+0000] {logging_mixin.py:190} INFO - [2026-09-06T09:14:10.848+0000] {dagbag.py:588} INFO - Filling up the DagBag from /home/airflow/.local/lib/python3.12/site-packages/airflow/example_dags/tutorial_dag.py
[2026-09-06T09:14:10.855+0000] {processor.py:925} INFO - DAG(s) 'tutorial_dag' retrieved from /home/airflow/.local/lib/python3.12/site-packages/airflow/example_dags/tutorial_dag.py
[2026-09-06T09:14:10.869+0000] {logging_mixin.py:190} INFO - [2026-09-06T09:14:10.869+0000] {dag.py:3239} INFO - Sync 1 DAGs
[2026-09-06T09:14:10.880+0000] {logging_mixin.py:190} INFO - [2026-09-06T09:14:10.879+0000] {dag.py:4180} INFO - Setting next_dagrun for tutorial_dag to None, run_after=None
[2026-09-06T09:14:10.893+0000] {processor.py:208} INFO - Processing /home/airflow/.local/lib/python3.12/site-packages/airflow/example_dags/tutorial_dag.py took 0.052 seconds
[2026-09-06T09:14:42.006+0000] {processor.py:186} INFO - Started process (PID=2635) to work on /home/airflow/.local/lib/python3.12/site-packages/airflow/example_dags/tutorial_dag.py
[2026-09-06T09:14:42.007+0000] {processor.py:914} INFO - Processing file /home/airflow/.local/lib/python3.12/site-packages/airflow/example_dags/tutorial_dag.py for tasks to queue
[2026-09-06T09:14:42.009+0000] {logging_mixin.py:190} INFO - [2026-09-06T09:14:42.009+0000] {dagbag.py:588} INFO - Filling up the DagBag from /home/airflow/.local/lib/python3.12/site-packages/airflow/example_dags/tutorial_dag.py
[2026-09-06T09:14:42.016+0000] {processor.py:925} INFO - DAG(s) 'tutorial_dag' retrieved from /home/airflow/.local/lib/python3.12/site-packages/airflow/example_dags/tutorial_dag.py
[2026-09-06T09:14:42.031+0000] {logging_mixin.py:190} INFO - [2026-09-06T09:14:42.031+0000] {dag.py:3239} INFO - Sync 1 DAGs
[2026-09-06T09:14:42.042+0000] {logging_mixin.py:190} INFO - [2026-09-06T09:14:42.041+0000] {dag.py:4180} INFO - Setting next_dagrun for tutorial_dag to None, run_after=None
[2026-09-06T09:14:42.055+0000] {processor.py:208} INFO - Processing /home/airflow/.local/lib/python3.12/site-packages/airflow/example_dags/tutorial_dag.py took 0.054 seconds
[2026-09-06T09:15:13.153+0000] {processor.py:186} INFO - Started process (PID=2699) to work on /home/airflow/.local/lib/python3.12/site-packages/airflow/example_dags/tutorial_dag.py
[2026-09-06T09:15:13.154+0000] {processor.py:914} INFO - Processing file /home/airflow/.local/lib/python3.12/site-packages/airflow/example_dags/tutorial_dag.py for tasks to queue
[2026-09-06T09:15:13.156+0000] {logging_mixin.py:190} INFO - [2026-09-06T09:15:13.156+0000] {dagbag.py:588} INFO - Filling up the DagBag from /home/airflow/.local/lib/python3.12/site-packages/airflow/example_dags/tutorial_dag.py
[2026-09-06T09:15:13.163+0000] {processor.py:925} INFO - DAG(s) 'tutorial_dag' retrieved from /home/airflow/.local/lib/python3.12/site-packages/airflow/example_dags/tutorial_dag.py
[2026-09-06T09:15:13.180+0000] {logging_mixin.py:190} INFO - [2026-09-06T09:15:13.180+0000] {dag.py:3239} INFO - Sync 1 DAGs
[2026-09-06T09:15:13.192+0000] {logging_mixin.py:190} INFO - [2026-09-06T09:15:13.192+0000] {dag.py:4180} INFO - Setting next_dagrun for tutorial_dag to None, run_after=None
[2026-09-06T09:15:13.208+0000] {processor.py:208} INFO - Processing /home/airflow/.local/lib/python3.12/site-packages/airflow/example_dags/tutorial_dag.py took 0.060 seconds
[2026-09-06T09:15:43.866+0000] {processor.py:186} INFO - Started process (PID=2764) to work on /home/airflow/.local/lib/python3.12/site-packages/airflow/example_dags/tutorial_dag.py
[2026-09-06T09:15:43.867+0000] {processor.py:914} INFO - Processing file /home/airflow/.local/lib/python3.12/site-packages/airflow/example_dags/tutorial_dag.py for tasks to queue
[2026-09-06T09:15:43.870+0000] {logging_mixin.py:190} INFO - [2026-09-06T09:15:43.870+0000] {dagbag.py:588} INFO - Filling up the DagBag from /home/airflow/.local/lib/python3.12/site-packages/airflow/example_dags/tutorial_dag.py
[2026-09-06T09:15:43.878+0000] {processor.py:925} INFO - DAG(s) 'tutorial_dag' retrieved from /home/airflow/.local/lib/python3.12/site-packages/airflow/example_dags/tutorial_dag.py
[2026-09-06T09:15:43.896+0000] {logging_mixin.py:190} INFO - [2026-09-06T09:15:43.895+0000] {dag.py:3239} INFO - Sync 1 DAGs
[2026-09-06T09:15:43.907+0000] {logging_mixin.py:190} INFO - [2026-09-06T09:15:43.907+0000] {dag.py:4180} INFO - Setting next_dagrun for tutorial_dag to None, run_after=None
[2026-09-06T09:15:43.930+0000] {processor.py:208} INFO - Processing /home/airflow/.local/lib/python3.12/site-packages/airflow/example_dags/tutorial_dag.py took 0.069 seconds
[2026-09-06T09:16:14.702+0000] {processor.py:186} INFO - Started process (PID=2828) to work on /home/airflow/.local/lib/python3.12/site-packages/airflow/example_dags/tutorial_dag.py
[2026-09-06T09:16:14.703+0000] {processor.py:914} INFO - Processing file /home/airflow/.local/lib/python3.12/site-packages/airflow/example_dags/tutorial_dag.py for tasks to queue
[2026-09-06T09:16:14.705+0000] {logging_mixin.py:190} INFO - [2026-09-06T09:16:14.704+0000] {dagbag.py:588} INFO - Filling up the DagBag from /home/airflow/.local/lib/python3.12/site-packages/airflow/example_dags/tutorial_dag.py
[2026-09-06T09:16:14.710+0000] {processor.py:925} INFO - DAG(s) 'tutorial_dag' retrieved from /home/airflow/.local/lib/python3.12/site-packages/airflow/example_dags/tutorial_dag.py
[2026-09-06T09:16:14.726+0000] {logging_mixin.py:190} INFO - [2026-09-06T09:16:14.726+0000] {dag.py:3239} INFO - Sync 1 DAGs
[2026-09-06T09:16:14.737+0000] {logging_mixin.py:190} INFO - [2026-09-06T09:16:14.737+0000] {dag.py:4180} INFO - Setting next_dagrun for tutorial_dag to None, run_after=None
[2026-09-06T09:16:14.751+0000] {processor.py:208} INFO - Processing /home/airflow/.local/lib/python3.12/site-packages/airflow/example_dags/tutorial_dag.py took 0.053 seconds
[2026-09-06T09:16:45.551+0000] {processor.py:186} INFO - Started process (PID=2893) to work on /home/airflow/.local/lib/python3.12/site-packages/airflow/example_dags/tutorial_dag.py
[2026-09-06T09:16:45.552+0000] {processor.py:914} INFO - Processing file /home/airflow/.local/lib/python3.12/site-packages/airflow/example_dags/tutorial_dag.py for tasks to queue
[2026-09-06T09:16:45.556+0000] {logging_mixin.py:190} INFO - [2026-09-06T09:16:45.555+0000] {dagbag.py:588} INFO - Filling up the DagBag from /home/airflow/.local/lib/python3.12/site-packages/airflow/example_dags/tutorial_dag.py
[2026-09-06T09:16:45.564+0000] {processor.py:925} INFO - DAG(s) 'tutorial_dag' retrieved from /home/airflow/.local/lib/python3.12/site-packages/airflow/example_dags/tutorial_dag.py
[2026-09-06T09:16:45.581+0000] {logging_mixin.py:190} INFO - [2026-09-06T09:16:45.581+0000] {dag.py:3239} INFO - Sync 1 DAGs
[2026-09-06T09:16:45.595+0000] {logging_mixin.py:190} INFO - [2026-09-06T09:16:45.595+0000] {dag.py:4180} INFO - Setting next_dagrun for tutorial_dag to None, run_after=None
[2026-09-06T09:16:45.612+0000] {processor.py:208} INFO - Processing /home/airflow/.local/lib/python3.12/site-packages/airflow/example_dags/tutorial_dag.py took 0.067 seconds
[2026-09-06T09:17:16.349+0000] {processor.py:186} INFO - Started process (PID=2957) to work on /home/airflow/.local/lib/python3.12/site-packages/airflow/example_dags/tutorial_dag.py
[2026-09-06T09:17:16.350+0000] {processor.py:914} INFO - Processing file /home/airflow/.local/lib/python3.12/site-packages/airflow/example_dags/tutorial_dag.py for tasks to queue
[2026-09-06T09:17:16.352+0000] {logging_mixin.py:190} INFO - [2026-09-06T09:17:16.351+0000] {dagbag.py:588} INFO - Filling up the DagBag from /home/airflow/.local/lib/python3.12/site-packages/airflow/example_dags/tutorial_dag.py
[2026-09-06T09:17:16.358+0000] {processor.py:925} INFO - DAG(s) 'tutorial_dag' retrieved from /home/airflow/.local/lib/python3.12/site-packages/airflow/example_dags/tutorial_dag.py
[2026-09-06T09:17:16.377+0000] {logging_mixin.py:190} INFO - [2026-09-06T09:17:16.376+0000] {dag.py:3239} INFO - Sync 1 DAGs
[2026-09-06T09:17:16.389+0000] {logging_mixin.py:190} INFO - [2026-09-06T09:17:16.389+0000] {dag.py:4180} INFO - Setting next_dagrun for tutorial_dag to None, run_after=None
[2026-09-06T09:17:16.405+0000] {processor.py:208} INFO - Processing /home/airflow/.local/lib/python3.12/site-packages/airflow/example_dags/tutorial_dag.py took 0.061 seconds
[2026-09-06T09:17:46.993+0000] {processor.py:186} INFO - Started process (PID=3021) to work on /home/airflow/.local/lib/python3.12/site-packages/airflow/example_dags/tutorial_dag.py
[2026-09-06T09:17:46.994+0000] {processor.py:914} INFO - Processing file /home/airflow/.local/lib/python3.12/site-packages/airflow/example_dags/tutorial_dag.py for tasks to queue
[2026-09-06T09:17:46.996+0000] {logging_mixin.py:190} INFO - [2026-09-06T09:17:46.996+0000] {dagbag.py:588} INFO - Filling up the DagBag from /home/airflow/.local/lib/python3.12/site-packages/airflow/example_dags/tutorial_dag.py
[2026-09-06T09:17:47.002+0000] {processor.py:925} INFO - DAG(s) 'tutorial_dag' retrieved from /home/airflow/.local/lib/python3.12/site-packages/airflow/example_dags/tutorial_dag.py
[2026-09-06T09:17:47.017+0000] {logging_mixin.py:190} INFO - [2026-09-06T09:17:47.017+0000] {dag.py:3239} INFO - Sync 1 DAGs
[2026-09-06T09:17:47.028+0000] {logging_mixin.py:190} INFO - [2026-09-06T09:17:47.028+0000] {dag.py:4180} INFO - Setting next_dagrun for tutorial_dag to None, run_after=None
[2026-09-06T09:17:47.043+0000] {processor.py:208} INFO - Processing /home/airflow/.local/lib/python3.12/site-packages/airflow/example_dags/tutorial_dag.py took 0.055 seconds
[2026-09-06T09:18:18.249+0000] {processor.py:186} INFO - Started process (PID=3085) to work on /home/airflow/.local/lib/python3.12/site-packages/airflow/example_dags/tutorial_dag.py
[2026-09-06T09:18:18.251+0000] {processor.py:914} INFO - Processing file /home/airflow/.local/lib/python3.12/site-packages/airflow/example_dags/tutorial_dag.py for tasks to queue
[2026-09-06T09:18:18.253+0000] {logging_mixin.py:190} INFO - [2026-09-06T09:18:18.252+0000] {dagbag.py:588} INFO - Filling up the DagBag from /home/airflow/.local/lib/python3.12/site-packages/airflow/example_dags/tutorial_dag.py
[2026-09-06T09:18:18.259+0000] {processor.py:925} INFO - DAG(s) 'tutorial_dag' retrieved from /home/airflow/.local/lib/python3.12/site-packages/airflow/example_dags/tutorial_dag.py
[2026-09-06T09:18:18.275+0000] {logging_mixin.py:190} INFO - [2026-09-06T09:18:18.275+0000] {dag.py:3239} INFO - Sync 1 DAGs
[2026-09-06T09:18:18.287+0000] {logging_mixin.py:190} INFO - [2026-09-06T09:18:18.287+0000] {dag.py:4180} INFO - Setting next_dagrun for tutorial_dag to None, run_after=None
[2026-09-06T09:18:18.304+0000] {processor.py:208} INFO - Processing /home/airflow/.local/lib/python3.12/site-packages/airflow/example_dags/tutorial_dag.py took 0.059 seconds
[2026-09-06T09:18:49.603+0000] {processor.py:186} INFO - Started process (PID=3149) to work on /home/airflow/.local/lib/python3.12/site-packages/airflow/example_dags/tutorial_dag.py
[2026-09-06T09:18:49.604+0000] {processor.py:914} INFO - Processing file /home/airflow/.local/lib/python3.12/site-packages/airflow/example_dags/tutorial_dag.py for tasks to queue
[2026-09-06T09:18:49.606+0000] {logging_mixin.py:190} INFO - [2026-09-06T09:18:49.606+0000] {dagbag.py:588} INFO - Filling up the DagBag from /home/airflow/.local/lib/python3.12/site-packages/airflow/example_dags/tutorial_dag.py
[2026-09-06T09:18:49.614+0000] {processor.py:925} INFO - DAG(s) 'tutorial_dag' retrieved from /home/airflow/.local/lib/python3.12/site-packages/airflow/example_dags/tutorial_dag.py
[2026-09-06T09:18:49.633+0000] {logging_mixin.py:190} INFO - [2026-09-06T09:18:49.633+0000] {dag.py:3239} INFO - Sync 1 DAGs
[2026-09-06T09:18:49.646+0000] {logging_mixin.py:190} INFO - [2026-09-06T09:18:49.646+0000] {dag.py:4180} INFO - Setting next_dagrun for tutorial_dag to None, run_after=None
[2026-09-06T09:18:49.661+0000] {processor.py:208} INFO - Processing /home/airflow/.local/lib/python3.12/site-packages/airflow/example_dags/tutorial_dag.py took 0.063 seconds
[2026-09-06T09:19:20.228+0000] {processor.py:186} INFO - Started process (PID=3213) to work on /home/airflow/.local/lib/python3.12/site-packages/airflow/example_dags/tutorial_dag.py
[2026-09-06T09:19:20.229+0000] {processor.py:914} INFO - Processing file /home/airflow/.local/lib/python3.12/site-packages/airflow/example_dags/tutorial_dag.py for tasks to queue
[2026-09-06T09:19:20.231+0000] {logging_mixin.py:190} INFO - [2026-09-06T09:19:20.231+0000] {dagbag.py:588} INFO - Filling up the DagBag from /home/airflow/.local/lib/python3.12/site-packages/airflow/example_dags/tutorial_dag.py
[2026-09-06T09:19:20.238+0000] {processor.py:925} INFO - DAG(s) 'tutorial_dag' retrieved from /home/airflow/.local/lib/python3.12/site-packages/airflow/example_dags/tutorial_dag.py
[2026-09-06T09:19:20.253+0000] {logging_mixin.py:190} INFO - [2026-09-06T09:19:20.253+0000] {dag.py:3239} INFO - Sync 1 DAGs
[2026-09-06T09:19:20.264+0000] {logging_mixin.py:190} INFO - [2026-09-06T09:19:20.264+0000] {dag.py:4180} INFO - Setting next_dagrun for tutorial_dag to None, run_after=None
[2026-09-06T09:19:20.278+0000] {processor.py:208} INFO - Processing /home/airflow/.local/lib/python3.12/site-packages/airflow/example_dags/tutorial_dag.py took 0.054 seconds
[2026-09-06T09:19:51.615+0000] {processor.py:186} INFO - Started process (PID=3279) to work on /home/airflow/.local/lib/python3.12/site-packages/airflow/example_dags/tutorial_dag.py
[2026-09-06T09:19:51.616+0000] {processor.py:914} INFO - Processing file /home/airflow/.local/lib/python3.12/site-packages/airflow/example_dags/tutorial_dag.py for tasks to queue
[2026-09-06T09:19:51.618+0000] {logging_mixin.py:190} INFO - [2026-09-06T09:19:51.618+0000] {dagbag.py:588} INFO - Filling up the DagBag from /home/airflow/.local/lib/python3.12/site-packages/airflow/example_dags/tutorial_dag.py
[2026-09-06T09:19:51.624+0000] {processor.py:925} INFO - DAG(s) 'tutorial_dag' retrieved from /home/airflow/.local/lib/python3.12/site-packages/airflow/example_dags/tutorial_dag.py
[2026-09-06T09:19:51.641+0000] {logging_mixin.py:190} INFO - [2026-09-06T09:19:51.641+0000] {dag.py:3239} INFO - Sync 1 DAGs
[2026-09-06T09:19:51.652+0000] {logging_mixin.py:190} INFO - [2026-09-06T09:19:51.652+0000] {dag.py:4180} INFO - Setting next_dagrun for tutorial_dag to None, run_after=None
[2026-09-06T09:19:51.667+0000] {processor.py:208} INFO - Processing /home/airflow/.local/lib/python3.12/site-packages/airflow/example_dags/tutorial_dag.py took 0.058 seconds
[2026-09-06T09:20:23.376+0000] {processor.py:186} INFO - Started process (PID=3345) to work on /home/airflow/.local/lib/python3.12/site-packages/airflow/example_dags/tutorial_dag.py
[2026-09-06T09:20:23.377+0000] {processor.py:914} INFO - Processing file /home/airflow/.local/lib/python3.12/site-packages/airflow/example_dags/tutorial_dag.py for tasks to queue
[2026-09-06T09:20:23.379+0000] {logging_mixin.py:190} INFO - [2026-09-06T09:20:23.379+0000] {dagbag.py:588} INFO - Filling up the DagBag from /home/airflow/.local/lib/python3.12/site-packages/airflow/example_dags/tutorial_dag.py
[2026-09-06T09:20:23.385+0000] {processor.py:925} INFO - DAG(s) 'tutorial_dag' retrieved from /home/airflow/.local/lib/python3.12/site-packages/airflow/example_dags/tutorial_dag.py
[2026-09-06T09:20:23.401+0000] {logging_mixin.py:190} INFO - [2026-09-06T09:20:23.401+0000] {dag.py:3239} INFO - Sync 1 DAGs
[2026-09-06T09:20:23.599+0000] {logging_mixin.py:190} INFO - [2026-09-06T09:20:23.599+0000] {dag.py:4180} INFO - Setting next_dagrun for tutorial_dag to None, run_after=None
[2026-09-06T09:20:23.615+0000] {processor.py:208} INFO - Processing /home/airflow/.local/lib/python3.12/site-packages/airflow/example_dags/tutorial_dag.py took 0.244 seconds
[2026-09-06T09:20:54.490+0000] {processor.py:186} INFO - Started process (PID=3409) to work on /home/airflow/.local/lib/python3.12/site-packages/airflow/example_dags/tutorial_dag.py
[2026-09-06T09:20:54.491+0000] {processor.py:914} INFO - Processing file /home/airflow/.local/lib/python3.12/site-packages/airflow/example_dags/tutorial_dag.py for tasks to queue
[2026-09-06T09:20:54.494+0000] {logging_mixin.py:190} INFO - [2026-09-06T09:20:54.494+0000] {dagbag.py:588} INFO - Filling up the DagBag from /home/airflow/.local/lib/python3.12/site-packages/airflow/example_dags/tutorial_dag.py
[2026-09-06T09:20:54.500+0000] {processor.py:925} INFO - DAG(s) 'tutorial_dag' retrieved from /home/airflow/.local/lib/python3.12/site-packages/airflow/example_dags/tutorial_dag.py
[2026-09-06T09:20:54.516+0000] {logging_mixin.py:190} INFO - [2026-09-06T09:20:54.516+0000] {dag.py:3239} INFO - Sync 1 DAGs
[2026-09-06T09:20:54.527+0000] {logging_mixin.py:190} INFO - [2026-09-06T09:20:54.527+0000] {dag.py:4180} INFO - Setting next_dagrun for tutorial_dag to None, run_after=None
[2026-09-06T09:20:54.541+0000] {processor.py:208} INFO - Processing /home/airflow/.local/lib/python3.12/site-packages/airflow/example_dags/tutorial_dag.py took 0.056 seconds
[2026-09-06T09:21:25.842+0000] {processor.py:186} INFO - Started process (PID=3475) to work on /home/airflow/.local/lib/python3.12/site-packages/airflow/example_dags/tutorial_dag.py
[2026-09-06T09:21:25.843+0000] {processor.py:914} INFO - Processing file /home/airflow/.local/lib/python3.12/site-packages/airflow/example_dags/tutorial_dag.py for tasks to queue
[2026-09-06T09:21:25.846+0000] {logging_mixin.py:190} INFO - [2026-09-06T09:21:25.845+0000] {dagbag.py:588} INFO - Filling up the DagBag from /home/airflow/.local/lib/python3.12/site-packages/airflow/example_dags/tutorial_dag.py
[2026-09-06T09:21:25.853+0000] {processor.py:925} INFO - DAG(s) 'tutorial_dag' retrieved from /home/airflow/.local/lib/python3.12/site-packages/airflow/example_dags/tutorial_dag.py
[2026-09-06T09:21:25.870+0000] {logging_mixin.py:190} INFO - [2026-09-06T09:21:25.870+0000] {dag.py:3239} INFO - Sync 1 DAGs
[2026-09-06T09:21:25.882+0000] {logging_mixin.py:190} INFO - [2026-09-06T09:21:25.882+0000] {dag.py:4180} INFO - Setting next_dagrun for tutorial_dag to None, run_after=None
[2026-09-06T09:21:25.898+0000] {processor.py:208} INFO - Processing /home/airflow/.local/lib/python3.12/site-packages/airflow/example_dags/tutorial_dag.py took 0.061 seconds
[2026-09-06T09:21:57.292+0000] {processor.py:186} INFO - Started process (PID=3542) to work on /home/airflow/.local/lib/python3.12/site-packages/airflow/example_dags/tutorial_dag.py
[2026-09-06T09:21:57.294+0000] {processor.py:914} INFO - Processing file /home/airflow/.local/lib/python3.12/site-packages/airflow/example_dags/tutorial_dag.py for tasks to queue
[2026-09-06T09:21:57.296+0000] {logging_mixin.py:190} INFO - [2026-09-06T09:21:57.296+0000] {dagbag.py:588} INFO - Filling up the DagBag from /home/airflow/.local/lib/python3.12/site-packages/airflow/example_dags/tutorial_dag.py
[2026-09-06T09:21:57.303+0000] {processor.py:925} INFO - DAG(s) 'tutorial_dag' retrieved from /home/airflow/.local/lib/python3.12/site-packages/airflow/example_dags/tutorial_dag.py
[2026-09-06T09:21:57.320+0000] {logging_mixin.py:190} INFO - [2026-09-06T09:21:57.319+0000] {dag.py:3239} INFO - Sync 1 DAGs
[2026-09-06T09:21:57.330+0000] {logging_mixin.py:190} INFO - [2026-09-06T09:21:57.330+0000] {dag.py:4180} INFO - Setting next_dagrun for tutorial_dag to None, run_after=None
[2026-09-06T09:21:57.345+0000] {processor.py:208} INFO - Processing /home/airflow/.local/lib/python3.12/site-packages/airflow/example_dags/tutorial_dag.py took 0.057 seconds
[2026-09-06T09:22:28.299+0000] {processor.py:186} INFO - Started process (PID=3606) to work on /home/airflow/.local/lib/python3.12/site-packages/airflow/example_dags/tutorial_dag.py
[2026-09-06T09:22:28.300+0000] {processor.py:914} INFO - Processing file /home/airflow/.local/lib/python3.12/site-packages/airflow/example_dags/tutorial_dag.py for tasks to queue
[2026-09-06T09:22:28.302+0000] {logging_mixin.py:190} INFO - [2026-09-06T09:22:28.302+0000] {dagbag.py:588} INFO - Filling up the DagBag from /home/airflow/.local/lib/python3.12/site-packages/airflow/example_dags/tutorial_dag.py
[2026-09-06T09:22:28.310+0000] {processor.py:925} INFO - DAG(s) 'tutorial_dag' retrieved from /home/airflow/.local/lib/python3.12/site-packages/airflow/example_dags/tutorial_dag.py
[2026-09-06T09:22:28.327+0000] {logging_mixin.py:190} INFO - [2026-09-06T09:22:28.327+0000] {dag.py:3239} INFO - Sync 1 DAGs
[2026-09-06T09:22:28.338+0000] {logging_mixin.py:190} INFO - [2026-09-06T09:22:28.338+0000] {dag.py:4180} INFO - Setting next_dagrun for tutorial_dag to None, run_after=None
[2026-09-06T09:22:28.351+0000] {processor.py:208} INFO - Processing /home/airflow/.local/lib/python3.12/site-packages/airflow/example_dags/tutorial_dag.py took 0.059 seconds
[2026-09-06T09:22:59.241+0000] {processor.py:186} INFO - Started process (PID=3670) to work on /home/airflow/.local/lib/python3.12/site-packages/airflow/example_dags/tutorial_dag.py
[2026-09-06T09:22:59.242+0000] {processor.py:914} INFO - Processing file /home/airflow/.local/lib/python3.12/site-packages/airflow/example_dags/tutorial_dag.py for tasks to queue
[2026-09-06T09:22:59.245+0000] {logging_mixin.py:190} INFO - [2026-09-06T09:22:59.244+0000] {dagbag.py:588} INFO - Filling up the DagBag from /home/airflow/.local/lib/python3.12/site-packages/airflow/example_dags/tutorial_dag.py
[2026-09-06T09:22:59.252+0000] {processor.py:925} INFO - DAG(s) 'tutorial_dag' retrieved from /home/airflow/.local/lib/python3.12/site-packages/airflow/example_dags/tutorial_dag.py
[2026-09-06T09:22:59.269+0000] {logging_mixin.py:190} INFO - [2026-09-06T09:22:59.268+0000] {dag.py:3239} INFO - Sync 1 DAGs
[2026-09-06T09:22:59.280+0000] {logging_mixin.py:190} INFO - [2026-09-06T09:22:59.280+0000] {dag.py:4180} INFO - Setting next_dagrun for tutorial_dag to None, run_after=None
[2026-09-06T09:22:59.296+0000] {processor.py:208} INFO - Processing /home/airflow/.local/lib/python3.12/site-packages/airflow/example_dags/tutorial_dag.py took 0.060 seconds
[2026-09-06T09:23:30.562+0000] {processor.py:186} INFO - Started process (PID=3742) to work on /home/airflow/.local/lib/python3.12/site-packages/airflow/example_dags/tutorial_dag.py
[2026-09-06T09:23:30.563+0000] {processor.py:914} INFO - Processing file /home/airflow/.local/lib/python3.12/site-packages/airflow/example_dags/tutorial_dag.py for tasks to queue
[2026-09-06T09:23:30.566+0000] {logging_mixin.py:190} INFO - [2026-09-06T09:23:30.566+0000] {dagbag.py:588} INFO - Filling up the DagBag from /home/airflow/.local/lib/python3.12/site-packages/airflow/example_dags/tutorial_dag.py
[2026-09-06T09:23:30.572+0000] {processor.py:925} INFO - DAG(s) 'tutorial_dag' retrieved from /home/airflow/.local/lib/python3.12/site-packages/airflow/example_dags/tutorial_dag.py
[2026-09-06T09:23:30.588+0000] {logging_mixin.py:190} INFO - [2026-09-06T09:23:30.588+0000] {dag.py:3239} INFO - Sync 1 DAGs
[2026-09-06T09:23:30.599+0000] {logging_mixin.py:190} INFO - [2026-09-06T09:23:30.598+0000] {dag.py:4180} INFO - Setting next_dagrun for tutorial_dag to None, run_after=None
[2026-09-06T09:23:30.613+0000] {processor.py:208} INFO - Processing /home/airflow/.local/lib/python3.12/site-packages/airflow/example_dags/tutorial_dag.py took 0.056 seconds
[2026-09-06T09:24:01.379+0000] {processor.py:186} INFO - Started process (PID=3806) to work on /home/airflow/.local/lib/python3.12/site-packages/airflow/example_dags/tutorial_dag.py
[2026-09-06T09:24:01.380+0000] {processor.py:914} INFO - Processing file /home/airflow/.local/lib/python3.12/site-packages/airflow/example_dags/tutorial_dag.py for tasks to queue
[2026-09-06T09:24:01.382+0000] {logging_mixin.py:190} INFO - [2026-09-06T09:24:01.382+0000] {dagbag.py:588} INFO - Filling up the DagBag from /home/airflow/.local/lib/python3.12/site-packages/airflow/example_dags/tutorial_dag.py
[2026-09-06T09:24:01.391+0000] {processor.py:925} INFO - DAG(s) 'tutorial_dag' retrieved from /home/airflow/.local/lib/python3.12/site-packages/airflow/example_dags/tutorial_dag.py
[2026-09-06T09:24:01.409+0000] {logging_mixin.py:190} INFO - [2026-09-06T09:24:01.408+0000] {dag.py:3239} INFO - Sync 1 DAGs
[2026-09-06T09:24:01.421+0000] {logging_mixin.py:190} INFO - [2026-09-06T09:24:01.421+0000] {dag.py:4180} INFO - Setting next_dagrun for tutorial_dag to None, run_after=None
[2026-09-06T09:24:01.439+0000] {processor.py:208} INFO - Processing /home/airflow/.local/lib/python3.12/site-packages/airflow/example_dags/tutorial_dag.py took 0.064 seconds
[2026-09-06T09:24:32.743+0000] {processor.py:186} INFO - Started process (PID=3872) to work on /home/airflow/.local/lib/python3.12/site-packages/airflow/example_dags/tutorial_dag.py
[2026-09-06T09:24:32.744+0000] {processor.py:914} INFO - Processing file /home/airflow/.local/lib/python3.12/site-packages/airflow/example_dags/tutorial_dag.py for tasks to queue
[2026-09-06T09:24:32.747+0000] {logging_mixin.py:190} INFO - [2026-09-06T09:24:32.746+0000] {dagbag.py:588} INFO - Filling up the DagBag from /home/airflow/.local/lib/python3.12/site-packages/airflow/example_dags/tutorial_dag.py
[2026-09-06T09:24:32.753+0000] {processor.py:925} INFO - DAG(s) 'tutorial_dag' retrieved from /home/airflow/.local/lib/python3.12/site-packages/airflow/example_dags/tutorial_dag.py
[2026-09-06T09:24:32.768+0000] {logging_mixin.py:190} INFO - [2026-09-06T09:24:32.768+0000] {dag.py:3239} INFO - Sync 1 DAGs
[2026-09-06T09:24:32.780+0000] {logging_mixin.py:190} INFO - [2026-09-06T09:24:32.779+0000] {dag.py:4180} INFO - Setting next_dagrun for tutorial_dag to None, run_after=None
[2026-09-06T09:24:32.795+0000] {processor.py:208} INFO - Processing /home/airflow/.local/lib/python3.12/site-packages/airflow/example_dags/tutorial_dag.py took 0.056 seconds
[2026-09-06T09:25:03.795+0000] {processor.py:186} INFO - Started process (PID=3936) to work on /home/airflow/.local/lib/python3.12/site-packages/airflow/example_dags/tutorial_dag.py
[2026-09-06T09:25:03.796+0000] {processor.py:914} INFO - Processing file /home/airflow/.local/lib/python3.12/site-packages/airflow/example_dags/tutorial_dag.py for tasks to queue
[2026-09-06T09:25:03.799+0000] {logging_mixin.py:190} INFO - [2026-09-06T09:25:03.798+0000] {dagbag.py:588} INFO - Filling up the DagBag from /home/airflow/.local/lib/python3.12/site-packages/airflow/example_dags/tutorial_dag.py
[2026-09-06T09:25:03.805+0000] {processor.py:925} INFO - DAG(s) 'tutorial_dag' retrieved from /home/airflow/.local/lib/python3.12/site-packages/airflow/example_dags/tutorial_dag.py
[2026-09-06T09:25:03.821+0000] {logging_mixin.py:190} INFO - [2026-09-06T09:25:03.821+0000] {dag.py:3239} INFO - Sync 1 DAGs
[2026-09-06T09:25:03.832+0000] {logging_mixin.py:190} INFO - [2026-09-06T09:25:03.832+0000] {dag.py:4180} INFO - Setting next_dagrun for tutorial_dag to None, run_after=None
[2026-09-06T09:25:03.847+0000] {processor.py:208} INFO - Processing /home/airflow/.local/lib/python3.12/site-packages/airflow/example_dags/tutorial_dag.py took 0.058 seconds
[2026-09-06T09:25:34.972+0000] {processor.py:186} INFO - Started process (PID=4000) to work on /home/airflow/.local/lib/python3.12/site-packages/airflow/example_dags/tutorial_dag.py
[2026-09-06T09:25:34.973+0000] {processor.py:914} INFO - Processing file /home/airflow/.local/lib/python3.12/site-packages/airflow/example_dags/tutorial_dag.py for tasks to queue
[2026-09-06T09:25:34.975+0000] {logging_mixin.py:190} INFO - [2026-09-06T09:25:34.975+0000] {dagbag.py:588} INFO - Filling up the DagBag from /home/airflow/.local/lib/python3.12/site-packages/airflow/example_dags/tutorial_dag.py
[2026-09-06T09:25:34.982+0000] {processor.py:925} INFO - DAG(s) 'tutorial_dag' retrieved from /home/airflow/.local/lib/python3.12/site-packages/airflow/example_dags/tutorial_dag.py
[2026-09-06T09:25:34.999+0000] {logging_mixin.py:190} INFO - [2026-09-06T09:25:34.998+0000] {dag.py:3239} INFO - Sync 1 DAGs
[2026-09-06T09:25:35.011+0000] {logging_mixin.py:190} INFO - [2026-09-06T09:25:35.010+0000] {dag.py:4180} INFO - Setting next_dagrun for tutorial_dag to None, run_after=None
[2026-09-06T09:25:35.027+0000] {processor.py:208} INFO - Processing /home/airflow/.local/lib/python3.12/site-packages/airflow/example_dags/tutorial_dag.py took 0.060 seconds
[2026-09-06T09:26:05.383+0000] {processor.py:186} INFO - Started process (PID=4064) to work on /home/airflow/.local/lib/python3.12/site-packages/airflow/example_dags/tutorial_dag.py
[2026-09-06T09:26:05.384+0000] {processor.py:914} INFO - Processing file /home/airflow/.local/lib/python3.12/site-packages/airflow/example_dags/tutorial_dag.py for tasks to queue
[2026-09-06T09:26:05.386+0000] {logging_mixin.py:190} INFO - [2026-09-06T09:26:05.385+0000] {dagbag.py:588} INFO - Filling up the DagBag from /home/airflow/.local/lib/python3.12/site-packages/airflow/example_dags/tutorial_dag.py
[2026-09-06T09:26:05.392+0000] {processor.py:925} INFO - DAG(s) 'tutorial_dag' retrieved from /home/airflow/.local/lib/python3.12/site-packages/airflow/example_dags/tutorial_dag.py
[2026-09-06T09:26:05.407+0000] {logging_mixin.py:190} INFO - [2026-09-06T09:26:05.407+0000] {dag.py:3239} INFO - Sync 1 DAGs
[2026-09-06T09:26:05.417+0000] {logging_mixin.py:190} INFO - [2026-09-06T09:26:05.417+0000] {dag.py:4180} INFO - Setting next_dagrun for tutorial_dag to None, run_after=None
[2026-09-06T09:26:05.433+0000] {processor.py:208} INFO - Processing /home/airflow/.local/lib/python3.12/site-packages/airflow/example_dags/tutorial_dag.py took 0.054 seconds
[2026-09-06T09:26:35.580+0000] {processor.py:186} INFO - Started process (PID=4127) to work on /home/airflow/.local/lib/python3.12/site-packages/airflow/example_dags/tutorial_dag.py
[2026-09-06T09:26:35.581+0000] {processor.py:914} INFO - Processing file /home/airflow/.local/lib/python3.12/site-packages/airflow/example_dags/tutorial_dag.py for tasks to queue
[2026-09-06T09:26:35.583+0000] {logging_mixin.py:190} INFO - [2026-09-06T09:26:35.583+0000] {dagbag.py:588} INFO - Filling up the DagBag from /home/airflow/.local/lib/python3.12/site-packages/airflow/example_dags/tutorial_dag.py
[2026-09-06T09:26:35.589+0000] {processor.py:925} INFO - DAG(s) 'tutorial_dag' retrieved from /home/airflow/.local/lib/python3.12/site-packages/airflow/example_dags/tutorial_dag.py
[2026-09-06T09:26:35.606+0000] {logging_mixin.py:190} INFO - [2026-09-06T09:26:35.605+0000] {dag.py:3239} INFO - Sync 1 DAGs
[2026-09-06T09:26:35.618+0000] {logging_mixin.py:190} INFO - [2026-09-06T09:26:35.618+0000] {dag.py:4180} INFO - Setting next_dagrun for tutorial_dag to None, run_after=None
[2026-09-06T09:26:35.635+0000] {processor.py:208} INFO - Processing /home/airflow/.local/lib/python3.12/site-packages/airflow/example_dags/tutorial_dag.py took 0.060 seconds
[2026-09-06T09:27:05.828+0000] {processor.py:186} INFO - Started process (PID=4191) to work on /home/airflow/.local/lib/python3.12/site-packages/airflow/example_dags/tutorial_dag.py
[2026-09-06T09:27:05.829+0000] {processor.py:914} INFO - Processing file /home/airflow/.local/lib/python3.12/site-packages/airflow/example_dags/tutorial_dag.py for tasks to queue
[2026-09-06T09:27:05.831+0000] {logging_mixin.py:190} INFO - [2026-09-06T09:27:05.831+0000] {dagbag.py:588} INFO - Filling up the DagBag from /home/airflow/.local/lib/python3.12/site-packages/airflow/example_dags/tutorial_dag.py
[2026-09-06T09:27:05.838+0000] {processor.py:925} INFO - DAG(s) 'tutorial_dag' retrieved from /home/airflow/.local/lib/python3.12/site-packages/airflow/example_dags/tutorial_dag.py
[2026-09-06T09:27:05.854+0000] {logging_mixin.py:190} INFO - [2026-09-06T09:27:05.854+0000] {dag.py:3239} INFO - Sync 1 DAGs
[2026-09-06T09:27:05.866+0000] {logging_mixin.py:190} INFO - [2026-09-06T09:27:05.866+0000] {dag.py:4180} INFO - Setting next_dagrun for tutorial_dag to None, run_after=None
[2026-09-06T09:27:05.881+0000] {processor.py:208} INFO - Processing /home/airflow/.local/lib/python3.12/site-packages/airflow/example_dags/tutorial_dag.py took 0.058 seconds
