[2026-09-06T08:54:00.102+0000] {processor.py:186} INFO - Started process (PID=85) to work on /home/airflow/.local/lib/python3.12/site-packages/airflow/example_dags/tutorial_taskflow_api.py
[2026-09-06T08:54:00.103+0000] {processor.py:914} INFO - Processing file /home/airflow/.local/lib/python3.12/site-packages/airflow/example_dags/tutorial_taskflow_api.py for tasks to queue
[2026-09-06T08:54:00.106+0000] {logging_mixin.py:190} INFO - [2026-09-06T08:54:00.106+0000] {dagbag.py:588} INFO - Filling up the DagBag from /home/airflow/.local/lib/python3.12/site-packages/airflow/example_dags/tutorial_taskflow_api.py
[2026-09-06T08:54:00.117+0000] {processor.py:925} INFO - DAG(s) 'tutorial_taskflow_api' retrieved from /home/airflow/.local/lib/python3.12/site-packages/airflow/example_dags/tutorial_taskflow_api.py
[2026-09-06T08:54:00.219+0000] {logging_mixin.py:190} INFO - [2026-09-06T08:54:00.218+0000] {override.py:1911} INFO - Created Permission View: can edit on DAG:tutorial_taskflow_api
[2026-09-06T08:54:00.231+0000] {logging_mixin.py:190} INFO - [2026-09-06T08:54:00.231+0000] {override.py:1911} INFO - Created Permission View: can delete on DAG:tutorial_taskflow_api
[2026-09-06T08:54:00.239+0000] {logging_mixin.py:190} INFO - [2026-09-06T08:54:00.238+0000] {override.py:1911} INFO - Created Permission View: can read on DAG:tutorial_taskflow_api
[2026-09-06T08:54:00.249+0000] {logging_mixin.py:190} INFO - [2026-09-06T08:54:00.249+0000] {override.py:1911} INFO - Created Permission View: can create on DAG Run:tutorial_taskflow_api
[2026-09-06T08:54:00.259+0000] {logging_mixin.py:190} INFO - [2026-09-06T08:54:00.258+0000] {override.py:1911} INFO - Created Permission View: can delete on DAG Run:tutorial_taskflow_api
[2026-09-06T08:54:00.305+0000] {logging_mixin.py:190} INFO - [2026-09-06T08:54:00.303+0000] {override.py:1911} INFO - Created Permission View: can read on DAG Run:tutorial_taskflow_api
[2026-09-06T08:54:00.313+0000] {logging_mixin.py:190} INFO - [2026-09-06T08:54:00.313+0000] {override.py:1911} INFO - Created Permission View: menu access on DAG Run:tutorial_taskflow_api
[2026-09-06T08:54:00.314+0000] {logging_mixin.py:190} INFO - [2026-09-06T08:54:00.314+0000] {dag.py:3239} INFO - Sync 1 DAGs
[2026-09-06T08:54:00.325+0000] {logging_mixin.py:190} INFO - [2026-09-06T08:54:00.325+0000] {dag.py:3262} INFO - Creating ORM DAG for tutorial_taskflow_api
[2026-09-06T08:54:00.329+0000] {logging_mixin.py:190} INFO - [2026-09-06T08:54:00.328+0000] {dag.py:4180} INFO - Setting next_dagrun for tutorial_taskflow_api to None, run_after=None
[2026-09-06T08:54:00.348+0000] {processor.py:208} INFO - Processing /home/airflow/.local/lib/python3.12/site-packages/airflow/example_dags/tutorial_taskflow_api.py took 0.252 seconds
[2026-09-06T08:54:30.436+0000] {processor.py:186} INFO - Started process (PID=148) to work on /home/airflow/.local/lib/python3.12/site-packages/airflow/example_dags/tutorial_taskflow_api.py
[2026-09-06T08:54:30.437+0000] {processor.py:914} INFO - Processing file /home/airflow/.local/lib/python3.12/site-packages/airflow/example_dags/tutorial_taskflow_api.py for tasks to queue
[2026-09-06T08:54:30.439+0000] {logging_mixin.py:190} INFO - [2026-09-06T08:54:30.439+0000] {dagbag.py:588} INFO - Filling up the DagBag from /home/airflow/.local/lib/python3.12/site-packages/airflow/example_dags/tutorial_taskflow_api.py
[2026-09-06T08:54:30.446+0000] {processor.py:925} INFO - DAG(s) 'tutorial_taskflow_api' retrieved from /home/airflow/.local/lib/python3.12/site-packages/airflow/example_dags/tutorial_taskflow_api.py
[2026-09-06T08:54:30.461+0000] {logging_mixin.py:190} INFO - [2026-09-06T08:54:30.461+0000] {dag.py:3239} INFO - Sync 1 DAGs
[2026-09-06T08:54:30.472+0000] {logging_mixin.py:190} INFO - [2026-09-06T08:54:30.472+0000] {dag.py:4180} INFO - Setting next_dagrun for tutorial_taskflow_api to None, run_after=None
[2026-09-06T08:54:30.486+0000] {processor.py:208} INFO - Processing /home/airflow/.local/lib/python3.12/site-packages/airflow/example_dags/tutorial_taskflow_api.py took 0.055 seconds
[2026-09-06T08:55:01.414+0000] {processor.py:186} INFO - Started process (PID=211) to work on /home/airflow/.local/lib/python3.12/site-packages/airflow/example_dags/tutorial_taskflow_api.py
[2026-09-06T08:55:01.415+0000] {processor.py:914} INFO - Processing file /home/airflow/.local/lib/python3.12/site-packages/airflow/example_dags/tutorial_taskflow_api.py for tasks to queue
[2026-09-06T08:55:01.418+0000] {logging_mixin.py:190} INFO - [2026-09-06T08:55:01.417+0000] {dagbag.py:588} INFO - Filling up the DagBag from /home/airflow/.local/lib/python3.12/site-packages/airflow/example_dags/tutorial_taskflow_api.py
[2026-09-06T08:55:01.424+0000] {processor.py:925} INFO - DAG(s) 'tutorial_taskflow_api' retrieved from /home/airflow/.local/lib/python3.12/site-packages/airflow/example_dags/tutorial_taskflow_api.py
[2026-09-06T08:55:01.440+0000] {logging_mixin.py:190} INFO - [2026-09-06T08:55:01.440+0000] {dag.py:3239} INFO - Sync 1 DAGs
[2026-09-06T08:55:01.451+0000] {logging_mixin.py:190} INFO - [2026-09-06T08:55:01.451+0000] {dag.py:4180} INFO - Setting next_dagrun for tutorial_taskflow_api to None, run_after=None
[2026-09-06T08:55:01.465+0000] {processor.py:208} INFO - Processing /home/airflow/.local/lib/python3.12/site-packages/airflow/example_dags/tutorial_taskflow_api.py took 0.055 seconds
[2026-09-06T08:55:31.966+0000] {processor.py:186} INFO - Started process (PID=273) to work on /home/airflow/.local/lib/python3.12/site-packages/airflow/example_dags/tutorial_taskflow_api.py
[2026-09-06T08:55:31.967+0000] {processor.py:914} INFO - Processing file /home/airflow/.local/lib/python3.12/site-packages/airflow/example_dags/tutorial_taskflow_api.py for tasks to queue
[2026-09-06T08:55:31.969+0000] {logging_mixin.py:190} INFO - [2026-09-06T08:55:31.969+0000] {dagbag.py:588} INFO - Filling up the DagBag from /home/airflow/.local/lib/python3.12/site-packages/airflow/example_dags/tutorial_taskflow_api.py
[2026-09-06T08:55:31.977+0000] {processor.py:925} INFO - DAG(s) 'tutorial_taskflow_api' retrieved from /home/airflow/.local/lib/python3.12/site-packages/airflow/example_dags/tutorial_taskflow_api.py
[2026-09-06T08:55:31.992+0000] {logging_mixin.py:190} INFO - [2026-09-06T08:55:31.992+0000] {dag.py:3239} INFO - Sync 1 DAGs
[2026-09-06T08:55:32.002+0000] {logging_mixin.py:190} INFO - [2026-09-06T08:55:32.002+0000] {dag.py:4180} INFO - Setting next_dagrun for tutorial_taskflow_api to None, run_after=None
[2026-09-06T08:55:32.015+0000] {processor.py:208} INFO - Processing /home/airflow/.local/lib/python3.12/site-packages/airflow/example_dags/tutorial_taskflow_api.py took 0.054 seconds
[2026-09-06T08:56:03.375+0000] {processor.py:186} INFO - Started process (PID=336) to work on /home/airflow/.local/lib/python3.12/site-packages/airflow/example_dags/tutorial_taskflow_api.py
[2026-09-06T08:56:03.376+0000] {processor.py:914} INFO - Processing file /home/airflow/.local/lib/python3.12/site-packages/airflow/example_dags/tutorial_taskflow_api.py for tasks to queue
[2026-09-06T08:56:03.378+0000] {logging_mixin.py:190} INFO - [2026-09-06T08:56:03.378+0000] {dagbag.py:588} INFO - Filling up the DagBag from /home/airflow/.local/lib/python3.12/site-packages/airflow/example_dags/tutorial_taskflow_api.py
[2026-09-06T08:56:03.385+0000] {processor.py:925} INFO - DAG(s) 'tutorial_taskflow_api' retrieved from /home/airflow/.local/lib/python3.12/site-packages/airflow/example_dags/tutorial_taskflow_api.py
[2026-09-06T08:56:03.401+0000] {logging_mixin.py:190} INFO - [2026-09-06T08:56:03.400+0000] {dag.py:3239} INFO - Sync 1 DAGs
[2026-09-06T08:56:03.412+0000] {logging_mixin.py:190} INFO - [2026-09-06T08:56:03.411+0000] {dag.py:4180} INFO - Setting next_dagrun for tutorial_taskflow_api to None, run_after=None
[2026-09-06T08:56:03.426+0000] {processor.py:208} INFO - Processing /home/airflow/.local/lib/python3.12/site-packages/airflow/example_dags/tutorial_taskflow_api.py took 0.056 seconds
[2026-09-06T08:56:34.080+0000] {processor.py:186} INFO - Started process (PID=399) to work on /home/airflow/.local/lib/python3.12/site-packages/airflow/example_dags/tutorial_taskflow_api.py
[2026-09-06T08:56:34.081+0000] {processor.py:914} INFO - Processing file /home/airflow/.local/lib/python3.12/site-packages/airflow/example_dags/tutorial_taskflow_api.py for tasks to queue
[2026-09-06T08:56:34.083+0000] {logging_mixin.py:190} INFO - [2026-09-06T08:56:34.083+0000] {dagbag.py:588} INFO - Filling up the DagBag from /home/airflow/.local/lib/python3.12/site-packages/airflow/example_dags/tutorial_taskflow_api.py
[2026-09-06T08:56:34.089+0000] {processor.py:925} INFO - DAG(s) 'tutorial_taskflow_api' retrieved from /home/airflow/.local/lib/python3.12/site-packages/airflow/example_dags/tutorial_taskflow_api.py
[2026-09-06T08:56:34.104+0000] {logging_mixin.py:190} INFO - [2026-09-06T08:56:34.104+0000] {dag.py:3239} INFO - Sync 1 DAGs
[2026-09-06T08:56:34.114+0000] {logging_mixin.py:190} INFO - [2026-09-06T08:56:34.114+0000] {dag.py:4180} INFO - Setting next_dagrun for tutorial_taskflow_api to None, run_after=None
[2026-09-06T08:56:34.128+0000] {processor.py:208} INFO - Processing /home/airflow/.local/lib/python3.12/site-packages/airflow/example_dags/tutorial_taskflow_api.py took 0.052 seconds
[2026-09-06T08:57:05.092+0000] {processor.py:186} INFO - Started process (PID=463) to work on /home/airflow/.local/lib/python3.12/site-packages/airflow/example_dags/tutorial_taskflow_api.py
[2026-09-06T08:57:05.093+0000] {processor.py:914} INFO - Processing file /home/airflow/.local/lib/python3.12/site-packages/airflow/example_dags/tutorial_taskflow_api.py for tasks to queue
[2026-09-06T08:57:05.095+0000] {logging_mixin.py:190} INFO - [2026-09-06T08:57:05.095+0000] {dagbag.py:588} INFO - Filling up the DagBag from /home/airflow/.local/lib/python3.12/site-packages/airflow/example_dags/tutorial_taskflow_api.py
[2026-09-06T08:57:05.102+0000] {processor.py:925} INFO - DAG(s) 'tutorial_taskflow_api' retrieved from /home/airflow/.local/lib/python3.12/site-packages/airflow/example_dags/tutorial_taskflow_api.py
[2026-09-06T08:57:05.120+0000] {logging_mixin.py:190} INFO - [2026-09-06T08:57:05.120+0000] {dag.py:3239} INFO - Sync 1 DAGs
[2026-09-06T08:57:05.131+0000] {logging_mixin.py:190} INFO - [2026-09-06T08:57:05.131+0000] {dag.py:4180} INFO - Setting next_dagrun for tutorial_taskflow_api to None, run_after=None
[2026-09-06T08:57:05.147+0000] {processor.py:208} INFO - Processing /home/airflow/.local/lib/python3.12/site-packages/airflow/example_dags/tutorial_taskflow_api.py took 0.060 seconds
[2026-09-06T08:57:35.813+0000] {processor.py:186} INFO - Started process (PID=525) to work on /home/airflow/.local/lib/python3.12/site-packages/airflow/example_dags/tutorial_taskflow_api.py
[2026-09-06T08:57:35.814+0000] {processor.py:914} INFO - Processing file /home/airflow/.local/lib/python3.12/site-packages/airflow/example_dags/tutorial_taskflow_api.py for tasks to queue
[2026-09-06T08:57:35.816+0000] {logging_mixin.py:190} INFO - [2026-09-06T08:57:35.816+0000] {dagbag.py:588} INFO - Filling up the DagBag from /home/airflow/.local/lib/python3.12/site-packages/airflow/example_dags/tutorial_taskflow_api.py
[2026-09-06T08:57:35.824+0000] {processor.py:925} INFO - DAG(s) 'tutorial_taskflow_api' retrieved from /home/airflow/.local/lib/python3.12/site-packages/airflow/example_dags/tutorial_taskflow_api.py
[2026-09-06T08:57:35.841+0000] {logging_mixin.py:190} INFO - [2026-09-06T08:57:35.841+0000] {dag.py:3239} INFO - Sync 1 DAGs
[2026-09-06T08:57:35.853+0000] {logging_mixin.py:190} INFO - [2026-09-06T08:57:35.853+0000] {dag.py:4180} INFO - Setting next_dagrun for tutorial_taskflow_api to None, run_after=None
[2026-09-06T08:57:35.869+0000] {processor.py:208} INFO - Processing /home/airflow/.local/lib/python3.12/site-packages/airflow/example_dags/tutorial_taskflow_api.py took 0.062 seconds
[2026-09-06T08:58:06.897+0000] {processor.py:186} INFO - Started process (PID=588) to work on /home/airflow/.local/lib/python3.12/site-packages/airflow/example_dags/tutorial_taskflow_api.py
[2026-09-06T08:58:06.898+0000] {processor.py:914} INFO - Processing file /home/airflow/.local/lib/python3.12/site-packages/airflow/example_dags/tutorial_taskflow_api.py for tasks to queue
[2026-09-06T08:58:06.900+0000] {logging_mixin.py:190} INFO - [2026-09-06T08:58:06.900+0000] {dagbag.py:588} INFO - Filling up the DagBag from /home/airflow/.local/lib/python3.12/site-packages/airflow/example_dags/tutorial_taskflow_api.py
[2026-09-06T08:58:06.907+0000] {processor.py:925} INFO - DAG(s) 'tutorial_taskflow_api' retrieved from /home/airflow/.local/lib/python3.12/site-packages/airflow/example_dags/tutorial_taskflow_api.py
[2026-09-06T08:58:06.922+0000] {logging_mixin.py:190} INFO - [2026-09-06T08:58:06.922+0000] {dag.py:3239} INFO - Sync 1 DAGs
[2026-09-06T08:58:06.932+0000] {logging_mixin.py:190} INFO - [2026-09-06T08:58:06.932+0000] {dag.py:4180} INFO - Setting next_dagrun for tutorial_taskflow_api to None, run_after=None
[2026-09-06T08:58:06.947+0000] {processor.py:208} INFO - Processing /home/airflow/.local/lib/python3.12/site-packages/airflow/example_dags/tutorial_taskflow_api.py took 0.055 seconds
[2026-09-06T08:58:38.489+0000] {processor.py:186} INFO - Started process (PID=651) to work on /home/airflow/.local/lib/python3.12/site-packages/airflow/example_dags/tutorial_taskflow_api.py
[2026-09-06T08:58:38.491+0000] {processor.py:914} INFO - Processing file /home/airflow/.local/lib/python3.12/site-packages/airflow/example_dags/tutorial_taskflow_api.py for tasks to queue
[2026-09-06T08:58:38.493+0000] {logging_mixin.py:190} INFO - [2026-09-06T08:58:38.492+0000] {dagbag.py:588} INFO - Filling up the DagBag from /home/airflow/.local/lib/python3.12/site-packages/airflow/example_dags/tutorial_taskflow_api.py
[2026-09-06T08:58:38.499+0000] {processor.py:925} INFO - DAG(s) 'tutorial_taskflow_api' retrieved from /home/airflow/.local/lib/python3.12/site-packages/airflow/example_dags/tutorial_taskflow_api.py
[2026-09-06T08:58:38.515+0000] {logging_mixin.py:190} INFO - [2026-09-06T08:58:38.514+0000] {dag.py:3239} INFO - Sync 1 DAGs
[2026-09-06T08:58:38.524+0000] {logging_mixin.py:190} INFO - [2026-09-06T08:58:38.524+0000] {dag.py:4180} INFO - Setting next_dagrun for tutorial_taskflow_api to None, run_after=None
[2026-09-06T08:58:38.538+0000] {processor.py:208} INFO - Processing /home/airflow/.local/lib/python3.12/site-packages/airflow/example_dags/tutorial_taskflow_api.py took 0.054 seconds
[2026-09-06T08:59:09.911+0000] {processor.py:186} INFO - Started process (PID=715) to work on /home/airflow/.local/lib/python3.12/site-packages/airflow/example_dags/tutorial_taskflow_api.py
[2026-09-06T08:59:09.912+0000] {processor.py:914} INFO - Processing file /home/airflow/.local/lib/python3.12/site-packages/airflow/example_dags/tutorial_taskflow_api.py for tasks to queue
[2026-09-06T08:59:09.914+0000] {logging_mixin.py:190} INFO - [2026-09-06T08:59:09.914+0000] {dagbag.py:588} INFO - Filling up the DagBag from /home/airflow/.local/lib/python3.12/site-packages/airflow/example_dags/tutorial_taskflow_api.py
[2026-09-06T08:59:09.921+0000] {processor.py:925} INFO - DAG(s) 'tutorial_taskflow_api' retrieved from /home/airflow/.local/lib/python3.12/site-packages/airflow/example_dags/tutorial_taskflow_api.py
[2026-09-06T08:59:09.938+0000] {logging_mixin.py:190} INFO - [2026-09-06T08:59:09.937+0000] {dag.py:3239} INFO - Sync 1 DAGs
[2026-09-06T08:59:09.949+0000] {logging_mixin.py:190} INFO - [2026-09-06T08:59:09.949+0000] {dag.py:4180} INFO - Setting next_dagrun for tutorial_taskflow_api to None, run_after=None
[2026-09-06T08:59:09.964+0000] {processor.py:208} INFO - Processing /home/airflow/.local/lib/python3.12/site-packages/airflow/example_dags/tutorial_taskflow_api.py took 0.058 seconds
[2026-09-06T08:59:41.129+0000] {processor.py:186} INFO - Started process (PID=779) to work on /home/airflow/.local/lib/python3.12/site-packages/airflow/example_dags/tutorial_taskflow_api.py
[2026-09-06T08:59:41.130+0000] {processor.py:914} INFO - Processing file /home/airflow/.local/lib/python3.12/site-packages/airflow/example_dags/tutorial_taskflow_api.py for tasks to queue
[2026-09-06T08:59:41.132+0000] {logging_mixin.py:190} INFO - [2026-09-06T08:59:41.132+0000] {dagbag.py:588} INFO - Filling up the DagBag from /home/airflow/.local/lib/python3.12/site-packages/airflow/example_dags/tutorial_taskflow_api.py
[2026-09-06T08:59:41.139+0000] {processor.py:925} INFO - DAG(s) 'tutorial_taskflow_api' retrieved from /home/airflow/.local/lib/python3.12/site-packages/airflow/example_dags/tutorial_taskflow_api.py
[2026-09-06T08:59:41.154+0000] {logging_mixin.py:190} INFO - [2026-09-06T08:59:41.154+0000] {dag.py:3239} INFO - Sync 1 DAGs
[2026-09-06T08:59:41.166+0000] {logging_mixin.py:190} INFO - [2026-09-06T08:59:41.165+0000] {dag.py:4180} INFO - Setting next_dagrun for tutorial_taskflow_api to None, run_after=None
[2026-09-06T08:59:41.179+0000] {processor.py:208} INFO - Processing /home/airflow/.local/lib/python3.12/site-packages/airflow/example_dags/tutorial_taskflow_api.py took 0.054 seconds
[2026-09-06T09:00:12.427+0000] {processor.py:186} INFO - Started process (PID=843) to work on /home/airflow/.local/lib/python3.12/site-packages/airflow/example_dags/tutorial_taskflow_api.py
[2026-09-06T09:00:12.428+0000] {processor.py:914} INFO - Processing file /home/airflow/.local/lib/python3.12/site-packages/airflow/example_dags/tutorial_taskflow_api.py for tasks to queue
[2026-09-06T09:00:12.430+0000] {logging_mixin.py:190} INFO - [2026-09-06T09:00:12.430+0000] {dagbag.py:588} INFO - Filling up the DagBag from /home/airflow/.local/lib/python3.12/site-packages/airflow/example_dags/tutorial_taskflow_api.py
[2026-09-06T09:00:12.437+0000] {processor.py:925} INFO - DAG(s) 'tutorial_taskflow_api' retrieved from /home/airflow/.local/lib/python3.12/site-packages/airflow/example_dags/tutorial_taskflow_api.py
[2026-09-06T09:00:12.452+0000] {logging_mixin.py:190} INFO - [2026-09-06T09:00:12.451+0000] {dag.py:3239} INFO - Sync 1 DAGs
[2026-09-06T09:00:12.462+0000] {logging_mixin.py:190} INFO - [2026-09-06T09:00:12.462+0000] {dag.py:4180} INFO - Setting next_dagrun for tutorial_taskflow_api to None, run_after=None
[2026-09-06T09:00:12.476+0000] {processor.py:208} INFO - Processing /home/airflow/.local/lib/python3.12/site-packages/airflow/example_dags/tutorial_taskflow_api.py took 0.054 seconds
[2026-09-06T09:00:43.913+0000] {processor.py:186} INFO - Started process (PID=907) to work on /home/airflow/.local/lib/python3.12/site-packages/airflow/example_dags/tutorial_taskflow_api.py
[2026-09-06T09:00:43.914+0000] {processor.py:914} INFO - Processing file /home/airflow/.local/lib/python3.12/site-packages/airflow/example_dags/tutorial_taskflow_api.py for tasks to queue
[2026-09-06T09:00:43.916+0000] {logging_mixin.py:190} INFO - [2026-09-06T09:00:43.916+0000] {dagbag.py:588} INFO - Filling up the DagBag from /home/airflow/.local/lib/python3.12/site-packages/airflow/example_dags/tutorial_taskflow_api.py
[2026-09-06T09:00:43.923+0000] {processor.py:925} INFO - DAG(s) 'tutorial_taskflow_api' retrieved from /home/airflow/.local/lib/python3.12/site-packages/airflow/example_dags/tutorial_taskflow_api.py
[2026-09-06T09:00:43.939+0000] {logging_mixin.py:190} INFO - [2026-09-06T09:00:43.939+0000] {dag.py:3239} INFO - Sync 1 DAGs
[2026-09-06T09:00:43.949+0000] {logging_mixin.py:190} INFO - [2026-09-06T09:00:43.949+0000] {dag.py:4180} INFO - Setting next_dagrun for tutorial_taskflow_api to None, run_after=None
[2026-09-06T09:00:43.964+0000] {processor.py:208} INFO - Processing /home/airflow/.local/lib/python3.12/site-packages/airflow/example_dags/tutorial_taskflow_api.py took 0.055 seconds
[2026-09-06T09:01:14.539+0000] {processor.py:186} INFO - Started process (PID=971) to work on /home/airflow/.local/lib/python3.12/site-packages/airflow/example_dags/tutorial_taskflow_api.py
[2026-09-06T09:01:14.541+0000] {processor.py:914} INFO - Processing file /home/airflow/.local/lib/python3.12/site-packages/airflow/example_dags/tutorial_taskflow_api.py for tasks to queue
[2026-09-06T09:01:14.544+0000] {logging_mixin.py:190} INFO - [2026-09-06T09:01:14.543+0000] {dagbag.py:588} INFO - Filling up the DagBag from /home/airflow/.local/lib/python3.12/site-packages/airflow/example_dags/tutorial_taskflow_api.py
[2026-09-06T09:01:14.553+0000] {processor.py:925} INFO - DAG(s) 'tutorial_taskflow_api' retrieved from /home/airflow/.local/lib/python3.12/site-packages/airflow/example_dags/tutorial_taskflow_api.py
[2026-09-06T09:01:14.571+0000] {logging_mixin.py:190} INFO - [2026-09-06T09:01:14.571+0000] {dag.py:3239} INFO - Sync 1 DAGs
[2026-09-06T09:01:14.584+0000] {logging_mixin.py:190} INFO - [2026-09-06T09:01:14.584+0000] {dag.py:4180} INFO - Setting next_dagrun for tutorial_taskflow_api to None, run_after=None
[2026-09-06T09:01:14.602+0000] {processor.py:208} INFO - Processing /home/airflow/.local/lib/python3.12/site-packages/airflow/example_dags/tutorial_taskflow_api.py took 0.069 seconds
[2026-09-06T09:01:45.169+0000] {processor.py:186} INFO - Started process (PID=1035) to work on /home/airflow/.local/lib/python3.12/site-packages/airflow/example_dags/tutorial_taskflow_api.py
[2026-09-06T09:01:45.170+0000] {processor.py:914} INFO - Processing file /home/airflow/.local/lib/python3.12/site-packages/airflow/example_dags/tutorial_taskflow_api.py for tasks to queue
[2026-09-06T09:01:45.172+0000] {logging_mixin.py:190} INFO - [2026-09-06T09:01:45.172+0000] {dagbag.py:588} INFO - Filling up the DagBag from /home/airflow/.local/lib/python3.12/site-packages/airflow/example_dags/tutorial_taskflow_api.py
[2026-09-06T09:01:45.179+0000] {processor.py:925} INFO - DAG(s) 'tutorial_taskflow_api' retrieved from /home/airflow/.local/lib/python3.12/site-packages/airflow/example_dags/tutorial_taskflow_api.py
[2026-09-06T09:01:45.195+0000] {logging_mixin.py:190} INFO - [2026-09-06T09:01:45.195+0000] {dag.py:3239} INFO - Sync 1 DAGs
[2026-09-06T09:01:45.207+0000] {logging_mixin.py:190} INFO - [2026-09-06T09:01:45.206+0000] {dag.py:4180} INFO - Setting next_dagrun for tutorial_taskflow_api to None, run_after=None
[2026-09-06T09:01:45.220+0000] {processor.py:208} INFO - Processing /home/airflow/.local/lib/python3.12/site-packages/airflow/example_dags/tutorial_taskflow_api.py took 0.056 seconds
[2026-09-06T09:02:15.905+0000] {processor.py:186} INFO - Started process (PID=1099) to work on /home/airflow/.local/lib/python3.12/site-packages/airflow/example_dags/tutorial_taskflow_api.py
[2026-09-06T09:02:15.906+0000] {processor.py:914} INFO - Processing file /home/airflow/.local/lib/python3.12/site-packages/airflow/example_dags/tutorial_taskflow_api.py for tasks to queue
[2026-09-06T09:02:15.908+0000] {logging_mixin.py:190} INFO - [2026-09-06T09:02:15.908+0000] {dagbag.py:588} INFO - Filling up the DagBag from /home/airflow/.local/lib/python3.12/site-packages/airflow/example_dags/tutorial_taskflow_api.py
[2026-09-06T09:02:15.915+0000] {processor.py:925} INFO - DAG(s) 'tutorial_taskflow_api' retrieved from /home/airflow/.local/lib/python3.12/site-packages/airflow/example_dags/tutorial_taskflow_api.py
[2026-09-06T09:02:15.932+0000] {logging_mixin.py:190} INFO - [2026-09-06T09:02:15.931+0000] {dag.py:3239} INFO - Sync 1 DAGs
[2026-09-06T09:02:15.943+0000] {logging_mixin.py:190} INFO - [2026-09-06T09:02:15.943+0000] {dag.py:4180} INFO - Setting next_dagrun for tutorial_taskflow_api to None, run_after=None
[2026-09-06T09:02:15.958+0000] {processor.py:208} INFO - Processing /home/airflow/.local/lib/python3.12/site-packages/airflow/example_dags/tutorial_taskflow_api.py took 0.058 seconds
[2026-09-06T09:02:47.351+0000] {processor.py:186} INFO - Started process (PID=1163) to work on /home/airflow/.local/lib/python3.12/site-packages/airflow/example_dags/tutorial_taskflow_api.py
[2026-09-06T09:02:47.352+0000] {processor.py:914} INFO - Processing file /home/airflow/.local/lib/python3.12/site-packages/airflow/example_dags/tutorial_taskflow_api.py for tasks to queue
[2026-09-06T09:02:47.354+0000] {logging_mixin.py:190} INFO - [2026-09-06T09:02:47.354+0000] {dagbag.py:588} INFO - Filling up the DagBag from /home/airflow/.local/lib/python3.12/site-packages/airflow/example_dags/tutorial_taskflow_api.py
[2026-09-06T09:02:47.362+0000] {processor.py:925} INFO - DAG(s) 'tutorial_taskflow_api' retrieved from /home/airflow/.local/lib/python3.12/site-packages/airflow/example_dags/tutorial_taskflow_api.py
[2026-09-06T09:02:47.380+0000] {logging_mixin.py:190} INFO - [2026-09-06T09:02:47.379+0000] {dag.py:3239} INFO - Sync 1 DAGs
[2026-09-06T09:02:47.392+0000] {logging_mixin.py:190} INFO - [2026-09-06T09:02:47.391+0000] {dag.py:4180} INFO - Setting next_dagrun for tutorial_taskflow_api to None, run_after=None
[2026-09-06T09:02:47.421+0000] {processor.py:208} INFO - Processing /home/airflow/.local/lib/python3.12/site-packages/airflow/example_dags/tutorial_taskflow_api.py took 0.075 seconds
[2026-09-06T09:03:18.084+0000] {processor.py:186} INFO - Started process (PID=1227) to work on /home/airflow/.local/lib/python3.12/site-packages/airflow/example_dags/tutorial_taskflow_api.py
[2026-09-06T09:03:18.086+0000] {processor.py:914} INFO - Processing file /home/airflow/.local/lib/python3.12/site-packages/airflow/example_dags/tutorial_taskflow_api.py for tasks to queue
[2026-09-06T09:03:18.088+0000] {logging_mixin.py:190} INFO - [2026-09-06T09:03:18.088+0000] {dagbag.py:588} INFO - Filling up the DagBag from /home/airflow/.local/lib/python3.12/site-packages/airflow/example_dags/tutorial_taskflow_api.py
[2026-09-06T09:03:18.096+0000] {processor.py:925} INFO - DAG(s) 'tutorial_taskflow_api' retrieved from /home/airflow/.local/lib/python3.12/site-packages/airflow/example_dags/tutorial_taskflow_api.py
[2026-09-06T09:03:18.114+0000] {logging_mixin.py:190} INFO - [2026-09-06T09:03:18.113+0000] {dag.py:3239} INFO - Sync 1 DAGs
[2026-09-06T09:03:18.126+0000] {logging_mixin.py:190} INFO - [2026-09-06T09:03:18.126+0000] {dag.py:4180} INFO - Setting next_dagrun for tutorial_taskflow_api to None, run_after=None
[2026-09-06T09:03:18.149+0000] {processor.py:208} INFO - Processing /home/airflow/.local/lib/python3.12/site-packages/airflow/example_dags/tutorial_taskflow_api.py took 0.071 seconds
[2026-09-06T09:03:49.474+0000] {processor.py:186} INFO - Started process (PID=1291) to work on /home/airflow/.local/lib/python3.12/site-packages/airflow/example_dags/tutorial_taskflow_api.py
[2026-09-06T09:03:49.475+0000] {processor.py:914} INFO - Processing file /home/airflow/.local/lib/python3.12/site-packages/airflow/example_dags/tutorial_taskflow_api.py for tasks to queue
[2026-09-06T09:03:49.477+0000] {logging_mixin.py:190} INFO - [2026-09-06T09:03:49.476+0000] {dagbag.py:588} INFO - Filling up the DagBag from /home/airflow/.local/lib/python3.12/site-packages/airflow/example_dags/tutorial_taskflow_api.py
[2026-09-06T09:03:49.484+0000] {processor.py:925} INFO - DAG(s) 'tutorial_taskflow_api' retrieved from /home/airflow/.local/lib/python3.12/site-packages/airflow/example_dags/tutorial_taskflow_api.py
[2026-09-06T09:03:49.500+0000] {logging_mixin.py:190} INFO - [2026-09-06T09:03:49.500+0000] {dag.py:3239} INFO - Sync 1 DAGs
[2026-09-06T09:03:49.511+0000] {logging_mixin.py:190} INFO - [2026-09-06T09:03:49.511+0000] {dag.py:4180} INFO - Setting next_dagrun for tutorial_taskflow_api to None, run_after=None
[2026-09-06T09:03:49.534+0000] {processor.py:208} INFO - Processing /home/airflow/.local/lib/python3.12/site-packages/airflow/example_dags/tutorial_taskflow_api.py took 0.065 seconds
[2026-09-06T09:04:20.483+0000] {processor.py:186} INFO - Started process (PID=1356) to work on /home/airflow/.local/lib/python3.12/site-packages/airflow/example_dags/tutorial_taskflow_api.py
[2026-09-06T09:04:20.484+0000] {processor.py:914} INFO - Processing file /home/airflow/.local/lib/python3.12/site-packages/airflow/example_dags/tutorial_taskflow_api.py for tasks to queue
[2026-09-06T09:04:20.486+0000] {logging_mixin.py:190} INFO - [2026-09-06T09:04:20.486+0000] {dagbag.py:588} INFO - Filling up the DagBag from /home/airflow/.local/lib/python3.12/site-packages/airflow/example_dags/tutorial_taskflow_api.py
[2026-09-06T09:04:20.494+0000] {processor.py:925} INFO - DAG(s) 'tutorial_taskflow_api' retrieved from /home/airflow/.local/lib/python3.12/site-packages/airflow/example_dags/tutorial_taskflow_api.py
[2026-09-06T09:04:20.511+0000] {logging_mixin.py:190} INFO - [2026-09-06T09:04:20.510+0000] {dag.py:3239} INFO - Sync 1 DAGs
[2026-09-06T09:04:20.521+0000] {logging_mixin.py:190} INFO - [2026-09-06T09:04:20.521+0000] {dag.py:4180} INFO - Setting next_dagrun for tutorial_taskflow_api to None, run_after=None
[2026-09-06T09:04:20.537+0000] {processor.py:208} INFO - Processing /home/airflow/.local/lib/python3.12/site-packages/airflow/example_dags/tutorial_taskflow_api.py took 0.060 seconds
[2026-09-06T09:04:51.836+0000] {processor.py:186} INFO - Started process (PID=1419) to work on /home/airflow/.local/lib/python3.12/site-packages/airflow/example_dags/tutorial_taskflow_api.py
[2026-09-06T09:04:51.837+0000] {processor.py:914} INFO - Processing file /home/airflow/.local/lib/python3.12/site-packages/airflow/example_dags/tutorial_taskflow_api.py for tasks to queue
[2026-09-06T09:04:51.839+0000] {logging_mixin.py:190} INFO - [2026-09-06T09:04:51.839+0000] {dagbag.py:588} INFO - Filling up the DagBag from /home/airflow/.local/lib/python3.12/site-packages/airflow/example_dags/tutorial_taskflow_api.py
[2026-09-06T09:04:51.846+0000] {processor.py:925} INFO - DAG(s) 'tutorial_taskflow_api' retrieved from /home/airflow/.local/lib/python3.12/site-packages/airflow/example_dags/tutorial_taskflow_api.py
[2026-09-06T09:04:51.860+0000] {logging_mixin.py:190} INFO - [2026-09-06T09:04:51.860+0000] {dag.py:3239} INFO - Sync 1 DAGs
[2026-09-06T09:04:51.871+0000] {logging_mixin.py:190} INFO - [2026-09-06T09:04:51.871+0000] {dag.py:4180} INFO - Setting next_dagrun for tutorial_taskflow_api to None, run_after=None
[2026-09-06T09:04:51.888+0000] {processor.py:208} INFO - Processing /home/airflow/.local/lib/python3.12/site-packages/airflow/example_dags/tutorial_taskflow_api.py took 0.058 seconds
[2026-09-06T09:05:22.711+0000] {processor.py:186} INFO - Started process (PID=1483) to work on /home/airflow/.local/lib/python3.12/site-packages/airflow/example_dags/tutorial_taskflow_api.py
[2026-09-06T09:05:22.712+0000] {processor.py:914} INFO - Processing file /home/airflow/.local/lib/python3.12/site-packages/airflow/example_dags/tutorial_taskflow_api.py for tasks to queue
[2026-09-06T09:05:22.713+0000] {logging_mixin.py:190} INFO - [2026-09-06T09:05:22.713+0000] {dagbag.py:588} INFO - Filling up the DagBag from /home/airflow/.local/lib/python3.12/site-packages/airflow/example_dags/tutorial_taskflow_api.py
[2026-09-06T09:05:22.720+0000] {processor.py:925} INFO - DAG(s) 'tutorial_taskflow_api' retrieved from /home/airflow/.local/lib/python3.12/site-packages/airflow/example_dags/tutorial_taskflow_api.py
[2026-09-06T09:05:22.737+0000] {logging_mixin.py:190} INFO - [2026-09-06T09:05:22.736+0000] {dag.py:3239} INFO - Sync 1 DAGs
[2026-09-06T09:05:22.748+0000] {logging_mixin.py:190} INFO - [2026-09-06T09:05:22.748+0000] {dag.py:4180} INFO - Setting next_dagrun for tutorial_taskflow_api to None, run_after=None
[2026-09-06T09:05:22.764+0000] {processor.py:208} INFO - Processing /home/airflow/.local/lib/python3.12/site-packages/airflow/example_dags/tutorial_taskflow_api.py took 0.058 seconds
[2026-09-06T09:05:53.803+0000] {processor.py:186} INFO - Started process (PID=1548) to work on /home/airflow/.local/lib/python3.12/site-packages/airflow/example_dags/tutorial_taskflow_api.py
[2026-09-06T09:05:53.804+0000] {processor.py:914} INFO - Processing file /home/airflow/.local/lib/python3.12/site-packages/airflow/example_dags/tutorial_taskflow_api.py for tasks to queue
[2026-09-06T09:05:53.806+0000] {logging_mixin.py:190} INFO - [2026-09-06T09:05:53.806+0000] {dagbag.py:588} INFO - Filling up the DagBag from /home/airflow/.local/lib/python3.12/site-packages/airflow/example_dags/tutorial_taskflow_api.py
[2026-09-06T09:05:53.813+0000] {processor.py:925} INFO - DAG(s) 'tutorial_taskflow_api' retrieved from /home/airflow/.local/lib/python3.12/site-packages/airflow/example_dags/tutorial_taskflow_api.py
[2026-09-06T09:05:53.828+0000] {logging_mixin.py:190} INFO - [2026-09-06T09:05:53.828+0000] {dag.py:3239} INFO - Sync 1 DAGs
[2026-09-06T09:05:53.838+0000] {logging_mixin.py:190} INFO - [2026-09-06T09:05:53.838+0000] {dag.py:4180} INFO - Setting next_dagrun for tutorial_taskflow_api to None, run_after=None
[2026-09-06T09:05:53.852+0000] {processor.py:208} INFO - Processing /home/airflow/.local/lib/python3.12/site-packages/airflow/example_dags/tutorial_taskflow_api.py took 0.054 seconds
[2026-09-06T09:06:24.377+0000] {processor.py:186} INFO - Started process (PID=1611) to work on /home/airflow/.local/lib/python3.12/site-packages/airflow/example_dags/tutorial_taskflow_api.py
[2026-09-06T09:06:24.379+0000] {processor.py:914} INFO - Processing file /home/airflow/.local/lib/python3.12/site-packages/airflow/example_dags/tutorial_taskflow_api.py for tasks to queue
[2026-09-06T09:06:24.381+0000] {logging_mixin.py:190} INFO - [2026-09-06T09:06:24.381+0000] {dagbag.py:588} INFO - Filling up the DagBag from /home/airflow/.local/lib/python3.12/site-packages/airflow/example_dags/tutorial_taskflow_api.py
[2026-09-06T09:06:24.388+0000] {processor.py:925} INFO - DAG(s) 'tutorial_taskflow_api' retrieved from /home/airflow/.local/lib/python3.12/site-packages/airflow/example_dags/tutorial_taskflow_api.py
[2026-09-06T09:06:24.406+0000] {logging_mixin.py:190} INFO - [2026-09-06T09:06:24.405+0000] {dag.py:3239} INFO - Sync 1 DAGs
[2026-09-06T09:06:24.418+0000] {logging_mixin.py:190} INFO - [2026-09-06T09:06:24.417+0000] {dag.py:4180} INFO - Setting next_dagrun for tutorial_taskflow_api to None, run_after=None
[2026-09-06T09:06:24.434+0000] {processor.py:208} INFO - Processing /home/airflow/.local/lib/python3.12/site-packages/airflow/example_dags/tutorial_taskflow_api.py took 0.062 seconds
[2026-09-06T09:06:55.425+0000] {processor.py:186} INFO - Started process (PID=1676) to work on /home/airflow/.local/lib/python3.12/site-packages/airflow/example_dags/tutorial_taskflow_api.py
[2026-09-06T09:06:55.426+0000] {processor.py:914} INFO - Processing file /home/airflow/.local/lib/python3.12/site-packages/airflow/example_dags/tutorial_taskflow_api.py for tasks to queue
[2026-09-06T09:06:55.429+0000] {logging_mixin.py:190} INFO - [2026-09-06T09:06:55.428+0000] {dagbag.py:588} INFO - Filling up the DagBag from /home/airflow/.local/lib/python3.12/site-packages/airflow/example_dags/tutorial_taskflow_api.py
[2026-09-06T09:06:55.436+0000] {processor.py:925} INFO - DAG(s) 'tutorial_taskflow_api' retrieved from /home/airflow/.local/lib/python3.12/site-packages/airflow/example_dags/tutorial_taskflow_api.py
[2026-09-06T09:06:55.451+0000] {logging_mixin.py:190} INFO - [2026-09-06T09:06:55.451+0000] {dag.py:3239} INFO - Sync 1 DAGs
[2026-09-06T09:06:55.462+0000] {logging_mixin.py:190} INFO - [2026-09-06T09:06:55.462+0000] {dag.py:4180} INFO - Setting next_dagrun for tutorial_taskflow_api to None, run_after=None
[2026-09-06T09:06:55.477+0000] {processor.py:208} INFO - Processing /home/airflow/.local/lib/python3.12/site-packages/airflow/example_dags/tutorial_taskflow_api.py took 0.056 seconds
[2026-09-06T09:07:26.394+0000] {processor.py:186} INFO - Started process (PID=1740) to work on /home/airflow/.local/lib/python3.12/site-packages/airflow/example_dags/tutorial_taskflow_api.py
[2026-09-06T09:07:26.396+0000] {processor.py:914} INFO - Processing file /home/airflow/.local/lib/python3.12/site-packages/airflow/example_dags/tutorial_taskflow_api.py for tasks to queue
[2026-09-06T09:07:26.399+0000] {logging_mixin.py:190} INFO - [2026-09-06T09:07:26.398+0000] {dagbag.py:588} INFO - Filling up the DagBag from /home/airflow/.local/lib/python3.12/site-packages/airflow/example_dags/tutorial_taskflow_api.py
[2026-09-06T09:07:26.407+0000] {processor.py:925} INFO - DAG(s) 'tutorial_taskflow_api' retrieved from /home/airflow/.local/lib/python3.12/site-packages/airflow/example_dags/tutorial_taskflow_api.py
[2026-09-06T09:07:26.426+0000] {logging_mixin.py:190} INFO - [2026-09-06T09:07:26.426+0000] {dag.py:3239} INFO - Sync 1 DAGs
[2026-09-06T09:07:26.448+0000] {logging_mixin.py:190} INFO - [2026-09-06T09:07:26.448+0000] {dag.py:4180} INFO - Setting next_dagrun for tutorial_taskflow_api to None, run_after=None
[2026-09-06T09:07:26.477+0000] {processor.py:208} INFO - Processing /home/airflow/.local/lib/python3.12/site-packages/airflow/example_dags/tutorial_taskflow_api.py took 0.088 seconds
[2026-09-06T09:07:57.280+0000] {processor.py:186} INFO - Started process (PID=1804) to work on /home/airflow/.local/lib/python3.12/site-packages/airflow/example_dags/tutorial_taskflow_api.py
[2026-09-06T09:07:57.282+0000] {processor.py:914} INFO - Processing file /home/airflow/.local/lib/python3.12/site-packages/airflow/example_dags/tutorial_taskflow_api.py for tasks to queue
[2026-09-06T09:07:57.284+0000] {logging_mixin.py:190} INFO - [2026-09-06T09:07:57.284+0000] {dagbag.py:588} INFO - Filling up the DagBag from /home/airflow/.local/lib/python3.12/site-packages/airflow/example_dags/tutorial_taskflow_api.py
[2026-09-06T09:07:57.291+0000] {processor.py:925} INFO - DAG(s) 'tutorial_taskflow_api' retrieved from /home/airflow/.local/lib/python3.12/site-packages/airflow/example_dags/tutorial_taskflow_api.py
[2026-09-06T09:07:57.307+0000] {logging_mixin.py:190} INFO - [2026-09-06T09:07:57.306+0000] {dag.py:3239} INFO - Sync 1 DAGs
[2026-09-06T09:07:57.318+0000] {logging_mixin.py:190} INFO - [2026-09-06T09:07:57.317+0000] {dag.py:4180} INFO - Setting next_dagrun for tutorial_taskflow_api to None, run_after=None
[2026-09-06T09:07:57.333+0000] {processor.py:208} INFO - Processing /home/airflow/.local/lib/python3.12/site-packages/airflow/example_dags/tutorial_taskflow_api.py took 0.057 seconds
[2026-09-06T09:08:27.882+0000] {processor.py:186} INFO - Started process (PID=1867) to work on /home/airflow/.local/lib/python3.12/site-packages/airflow/example_dags/tutorial_taskflow_api.py
[2026-09-06T09:08:27.883+0000] {processor.py:914} INFO - Processing file /home/airflow/.local/lib/python3.12/site-packages/airflow/example_dags/tutorial_taskflow_api.py for tasks to queue
[2026-09-06T09:08:27.885+0000] {logging_mixin.py:190} INFO - [2026-09-06T09:08:27.885+0000] {dagbag.py:588} INFO - Filling up the DagBag from /home/airflow/.local/lib/python3.12/site-packages/airflow/example_dags/tutorial_taskflow_api.py
[2026-09-06T09:08:27.891+0000] {processor.py:925} INFO - DAG(s) 'tutorial_taskflow_api' retrieved from /home/airflow/.local/lib/python3.12/site-packages/airflow/example_dags/tutorial_taskflow_api.py
[2026-09-06T09:08:27.906+0000] {logging_mixin.py:190} INFO - [2026-09-06T09:08:27.906+0000] {dag.py:3239} INFO - Sync 1 DAGs
[2026-09-06T09:08:27.916+0000] {logging_mixin.py:190} INFO - [2026-09-06T09:08:27.916+0000] {dag.py:4180} INFO - Setting next_dagrun for tutorial_taskflow_api to None, run_after=None
[2026-09-06T09:08:27.931+0000] {processor.py:208} INFO - Processing /home/airflow/.local/lib/python3.12/site-packages/airflow/example_dags/tutorial_taskflow_api.py took 0.053 seconds
[2026-09-06T09:08:58.622+0000] {processor.py:186} INFO - Started process (PID=1937) to work on /home/airflow/.local/lib/python3.12/site-packages/airflow/example_dags/tutorial_taskflow_api.py
[2026-09-06T09:08:58.623+0000] {processor.py:914} INFO - Processing file /home/airflow/.local/lib/python3.12/site-packages/airflow/example_dags/tutorial_taskflow_api.py for tasks to queue
[2026-09-06T09:08:58.625+0000] {logging_mixin.py:190} INFO - [2026-09-06T09:08:58.625+0000] {dagbag.py:588} INFO - Filling up the DagBag from /home/airflow/.local/lib/python3.12/site-packages/airflow/example_dags/tutorial_taskflow_api.py
[2026-09-06T09:08:58.631+0000] {processor.py:925} INFO - DAG(s) 'tutorial_taskflow_api' retrieved from /home/airflow/.local/lib/python3.12/site-packages/airflow/example_dags/tutorial_taskflow_api.py
[2026-09-06T09:08:58.646+0000] {logging_mixin.py:190} INFO - [2026-09-06T09:08:58.646+0000] {dag.py:3239} INFO - Sync 1 DAGs
[2026-09-06T09:08:58.657+0000] {logging_mixin.py:190} INFO - [2026-09-06T09:08:58.656+0000] {dag.py:4180} INFO - Setting next_dagrun for tutorial_taskflow_api to None, run_after=None
[2026-09-06T09:08:58.670+0000] {processor.py:208} INFO - Processing /home/airflow/.local/lib/python3.12/site-packages/airflow/example_dags/tutorial_taskflow_api.py took 0.053 seconds
[2026-09-06T09:09:29.254+0000] {processor.py:186} INFO - Started process (PID=2001) to work on /home/airflow/.local/lib/python3.12/site-packages/airflow/example_dags/tutorial_taskflow_api.py
[2026-09-06T09:09:29.255+0000] {processor.py:914} INFO - Processing file /home/airflow/.local/lib/python3.12/site-packages/airflow/example_dags/tutorial_taskflow_api.py for tasks to queue
[2026-09-06T09:09:29.257+0000] {logging_mixin.py:190} INFO - [2026-09-06T09:09:29.257+0000] {dagbag.py:588} INFO - Filling up the DagBag from /home/airflow/.local/lib/python3.12/site-packages/airflow/example_dags/tutorial_taskflow_api.py
[2026-09-06T09:09:29.264+0000] {processor.py:925} INFO - DAG(s) 'tutorial_taskflow_api' retrieved from /home/airflow/.local/lib/python3.12/site-packages/airflow/example_dags/tutorial_taskflow_api.py
[2026-09-06T09:09:29.281+0000] {logging_mixin.py:190} INFO - [2026-09-06T09:09:29.280+0000] {dag.py:3239} INFO - Sync 1 DAGs
[2026-09-06T09:09:29.294+0000] {logging_mixin.py:190} INFO - [2026-09-06T09:09:29.294+0000] {dag.py:4180} INFO - Setting next_dagrun for tutorial_taskflow_api to None, run_after=None
[2026-09-06T09:09:29.311+0000] {processor.py:208} INFO - Processing /home/airflow/.local/lib/python3.12/site-packages/airflow/example_dags/tutorial_taskflow_api.py took 0.062 seconds
[2026-09-06T09:10:00.641+0000] {processor.py:186} INFO - Started process (PID=2065) to work on /home/airflow/.local/lib/python3.12/site-packages/airflow/example_dags/tutorial_taskflow_api.py
[2026-09-06T09:10:00.643+0000] {processor.py:914} INFO - Processing file /home/airflow/.local/lib/python3.12/site-packages/airflow/example_dags/tutorial_taskflow_api.py for tasks to queue
[2026-09-06T09:10:00.645+0000] {logging_mixin.py:190} INFO - [2026-09-06T09:10:00.645+0000] {dagbag.py:588} INFO - Filling up the DagBag from /home/airflow/.local/lib/python3.12/site-packages/airflow/example_dags/tutorial_taskflow_api.py
[2026-09-06T09:10:00.653+0000] {processor.py:925} INFO - DAG(s) 'tutorial_taskflow_api' retrieved from /home/airflow/.local/lib/python3.12/site-packages/airflow/example_dags/tutorial_taskflow_api.py
[2026-09-06T09:10:00.670+0000] {logging_mixin.py:190} INFO - [2026-09-06T09:10:00.670+0000] {dag.py:3239} INFO - Sync 1 DAGs
[2026-09-06T09:10:00.682+0000] {logging_mixin.py:190} INFO - [2026-09-06T09:10:00.681+0000] {dag.py:4180} INFO - Setting next_dagrun for tutorial_taskflow_api to None, run_after=None
[2026-09-06T09:10:00.699+0000] {processor.py:208} INFO - Processing /home/airflow/.local/lib/python3.12/site-packages/airflow/example_dags/tutorial_taskflow_api.py took 0.064 seconds
[2026-09-06T09:10:32.167+0000] {processor.py:186} INFO - Started process (PID=2129) to work on /home/airflow/.local/lib/python3.12/site-packages/airflow/example_dags/tutorial_taskflow_api.py
[2026-09-06T09:10:32.168+0000] {processor.py:914} INFO - Processing file /home/airflow/.local/lib/python3.12/site-packages/airflow/example_dags/tutorial_taskflow_api.py for tasks to queue
[2026-09-06T09:10:32.170+0000] {logging_mixin.py:190} INFO - [2026-09-06T09:10:32.170+0000] {dagbag.py:588} INFO - Filling up the DagBag from /home/airflow/.local/lib/python3.12/site-packages/airflow/example_dags/tutorial_taskflow_api.py
[2026-09-06T09:10:32.179+0000] {processor.py:925} INFO - DAG(s) 'tutorial_taskflow_api' retrieved from /home/airflow/.local/lib/python3.12/site-packages/airflow/example_dags/tutorial_taskflow_api.py
[2026-09-06T09:10:32.196+0000] {logging_mixin.py:190} INFO - [2026-09-06T09:10:32.196+0000] {dag.py:3239} INFO - Sync 1 DAGs
[2026-09-06T09:10:32.208+0000] {logging_mixin.py:190} INFO - [2026-09-06T09:10:32.208+0000] {dag.py:4180} INFO - Setting next_dagrun for tutorial_taskflow_api to None, run_after=None
[2026-09-06T09:10:32.223+0000] {processor.py:208} INFO - Processing /home/airflow/.local/lib/python3.12/site-packages/airflow/example_dags/tutorial_taskflow_api.py took 0.061 seconds
[2026-09-06T09:11:03.465+0000] {processor.py:186} INFO - Started process (PID=2193) to work on /home/airflow/.local/lib/python3.12/site-packages/airflow/example_dags/tutorial_taskflow_api.py
[2026-09-06T09:11:03.466+0000] {processor.py:914} INFO - Processing file /home/airflow/.local/lib/python3.12/site-packages/airflow/example_dags/tutorial_taskflow_api.py for tasks to queue
[2026-09-06T09:11:03.468+0000] {logging_mixin.py:190} INFO - [2026-09-06T09:11:03.468+0000] {dagbag.py:588} INFO - Filling up the DagBag from /home/airflow/.local/lib/python3.12/site-packages/airflow/example_dags/tutorial_taskflow_api.py
[2026-09-06T09:11:03.475+0000] {processor.py:925} INFO - DAG(s) 'tutorial_taskflow_api' retrieved from /home/airflow/.local/lib/python3.12/site-packages/airflow/example_dags/tutorial_taskflow_api.py
[2026-09-06T09:11:03.491+0000] {logging_mixin.py:190} INFO - [2026-09-06T09:11:03.491+0000] {dag.py:3239} INFO - Sync 1 DAGs
[2026-09-06T09:11:03.503+0000] {logging_mixin.py:190} INFO - [2026-09-06T09:11:03.503+0000] {dag.py:4180} INFO - Setting next_dagrun for tutorial_taskflow_api to None, run_after=None
[2026-09-06T09:11:03.518+0000] {processor.py:208} INFO - Processing /home/airflow/.local/lib/python3.12/site-packages/airflow/example_dags/tutorial_taskflow_api.py took 0.057 seconds
[2026-09-06T09:11:34.699+0000] {processor.py:186} INFO - Started process (PID=2257) to work on /home/airflow/.local/lib/python3.12/site-packages/airflow/example_dags/tutorial_taskflow_api.py
[2026-09-06T09:11:34.700+0000] {processor.py:914} INFO - Processing file /home/airflow/.local/lib/python3.12/site-packages/airflow/example_dags/tutorial_taskflow_api.py for tasks to queue
[2026-09-06T09:11:34.702+0000] {logging_mixin.py:190} INFO - [2026-09-06T09:11:34.702+0000] {dagbag.py:588} INFO - Filling up the DagBag from /home/airflow/.local/lib/python3.12/site-packages/airflow/example_dags/tutorial_taskflow_api.py
[2026-09-06T09:11:34.709+0000] {processor.py:925} INFO - DAG(s) 'tutorial_taskflow_api' retrieved from /home/airflow/.local/lib/python3.12/site-packages/airflow/example_dags/tutorial_taskflow_api.py
[2026-09-06T09:11:34.724+0000] {logging_mixin.py:190} INFO - [2026-09-06T09:11:34.724+0000] {dag.py:3239} INFO - Sync 1 DAGs
[2026-09-06T09:11:34.735+0000] {logging_mixin.py:190} INFO - [2026-09-06T09:11:34.735+0000] {dag.py:4180} INFO - Setting next_dagrun for tutorial_taskflow_api to None, run_after=None
[2026-09-06T09:11:34.749+0000] {processor.py:208} INFO - Processing /home/airflow/.local/lib/python3.12/site-packages/airflow/example_dags/tutorial_taskflow_api.py took 0.055 seconds
[2026-09-06T09:12:05.868+0000] {processor.py:186} INFO - Started process (PID=2321) to work on /home/airflow/.local/lib/python3.12/site-packages/airflow/example_dags/tutorial_taskflow_api.py
[2026-09-06T09:12:05.869+0000] {processor.py:914} INFO - Processing file /home/airflow/.local/lib/python3.12/site-packages/airflow/example_dags/tutorial_taskflow_api.py for tasks to queue
[2026-09-06T09:12:05.871+0000] {logging_mixin.py:190} INFO - [2026-09-06T09:12:05.871+0000] {dagbag.py:588} INFO - Filling up the DagBag from /home/airflow/.local/lib/python3.12/site-packages/airflow/example_dags/tutorial_taskflow_api.py
[2026-09-06T09:12:05.878+0000] {processor.py:925} INFO - DAG(s) 'tutorial_taskflow_api' retrieved from /home/airflow/.local/lib/python3.12/site-packages/airflow/example_dags/tutorial_taskflow_api.py
[2026-09-06T09:12:05.892+0000] {logging_mixin.py:190} INFO - [2026-09-06T09:12:05.892+0000] {dag.py:3239} INFO - Sync 1 DAGs
[2026-09-06T09:12:05.902+0000] {logging_mixin.py:190} INFO - [2026-09-06T09:12:05.902+0000] {dag.py:4180} INFO - Setting next_dagrun for tutorial_taskflow_api to None, run_after=None
[2026-09-06T09:12:05.917+0000] {processor.py:208} INFO - Processing /home/airflow/.local/lib/python3.12/site-packages/airflow/example_dags/tutorial_taskflow_api.py took 0.053 seconds
[2026-09-06T09:12:37.319+0000] {processor.py:186} INFO - Started process (PID=2385) to work on /home/airflow/.local/lib/python3.12/site-packages/airflow/example_dags/tutorial_taskflow_api.py
[2026-09-06T09:12:37.320+0000] {processor.py:914} INFO - Processing file /home/airflow/.local/lib/python3.12/site-packages/airflow/example_dags/tutorial_taskflow_api.py for tasks to queue
[2026-09-06T09:12:37.322+0000] {logging_mixin.py:190} INFO - [2026-09-06T09:12:37.322+0000] {dagbag.py:588} INFO - Filling up the DagBag from /home/airflow/.local/lib/python3.12/site-packages/airflow/example_dags/tutorial_taskflow_api.py
[2026-09-06T09:12:37.329+0000] {processor.py:925} INFO - DAG(s) 'tutorial_taskflow_api' retrieved from /home/airflow/.local/lib/python3.12/site-packages/airflow/example_dags/tutorial_taskflow_api.py
[2026-09-06T09:12:37.344+0000] {logging_mixin.py:190} INFO - [2026-09-06T09:12:37.343+0000] {dag.py:3239} INFO - Sync 1 DAGs
[2026-09-06T09:12:37.354+0000] {logging_mixin.py:190} INFO - [2026-09-06T09:12:37.354+0000] {dag.py:4180} INFO - Setting next_dagrun for tutorial_taskflow_api to None, run_after=None
[2026-09-06T09:12:37.367+0000] {processor.py:208} INFO - Processing /home/airflow/.local/lib/python3.12/site-packages/airflow/example_dags/tutorial_taskflow_api.py took 0.053 seconds
[2026-09-06T09:13:08.663+0000] {processor.py:186} INFO - Started process (PID=2449) to work on /home/airflow/.local/lib/python3.12/site-packages/airflow/example_dags/tutorial_taskflow_api.py
[2026-09-06T09:13:08.664+0000] {processor.py:914} INFO - Processing file /home/airflow/.local/lib/python3.12/site-packages/airflow/example_dags/tutorial_taskflow_api.py for tasks to queue
[2026-09-06T09:13:08.666+0000] {logging_mixin.py:190} INFO - [2026-09-06T09:13:08.666+0000] {dagbag.py:588} INFO - Filling up the DagBag from /home/airflow/.local/lib/python3.12/site-packages/airflow/example_dags/tutorial_taskflow_api.py
[2026-09-06T09:13:08.673+0000] {processor.py:925} INFO - DAG(s) 'tutorial_taskflow_api' retrieved from /home/airflow/.local/lib/python3.12/site-packages/airflow/example_dags/tutorial_taskflow_api.py
[2026-09-06T09:13:08.690+0000] {logging_mixin.py:190} INFO - [2026-09-06T09:13:08.689+0000] {dag.py:3239} INFO - Sync 1 DAGs
[2026-09-06T09:13:08.701+0000] {logging_mixin.py:190} INFO - [2026-09-06T09:13:08.701+0000] {dag.py:4180} INFO - Setting next_dagrun for tutorial_taskflow_api to None, run_after=None
[2026-09-06T09:13:08.716+0000] {processor.py:208} INFO - Processing /home/airflow/.local/lib/python3.12/site-packages/airflow/example_dags/tutorial_taskflow_api.py took 0.058 seconds
[2026-09-06T09:13:39.718+0000] {processor.py:186} INFO - Started process (PID=2513) to work on /home/airflow/.local/lib/python3.12/site-packages/airflow/example_dags/tutorial_taskflow_api.py
[2026-09-06T09:13:39.719+0000] {processor.py:914} INFO - Processing file /home/airflow/.local/lib/python3.12/site-packages/airflow/example_dags/tutorial_taskflow_api.py for tasks to queue
[2026-09-06T09:13:39.721+0000] {logging_mixin.py:190} INFO - [2026-09-06T09:13:39.721+0000] {dagbag.py:588} INFO - Filling up the DagBag from /home/airflow/.local/lib/python3.12/site-packages/airflow/example_dags/tutorial_taskflow_api.py
[2026-09-06T09:13:39.728+0000] {processor.py:925} INFO - DAG(s) 'tutorial_taskflow_api' retrieved from /home/airflow/.local/lib/python3.12/site-packages/airflow/example_dags/tutorial_taskflow_api.py
[2026-09-06T09:13:39.742+0000] {logging_mixin.py:190} INFO - [2026-09-06T09:13:39.742+0000] {dag.py:3239} INFO - Sync 1 DAGs
[2026-09-06T09:13:39.752+0000] {logging_mixin.py:190} INFO - [2026-09-06T09:13:39.752+0000] {dag.py:4180} INFO - Setting next_dagrun for tutorial_taskflow_api to None, run_after=None
[2026-09-06T09:13:39.765+0000] {processor.py:208} INFO - Processing /home/airflow/.local/lib/python3.12/site-packages/airflow/example_dags/tutorial_taskflow_api.py took 0.052 seconds
[2026-09-06T09:14:11.192+0000] {processor.py:186} INFO - Started process (PID=2577) to work on /home/airflow/.local/lib/python3.12/site-packages/airflow/example_dags/tutorial_taskflow_api.py
[2026-09-06T09:14:11.193+0000] {processor.py:914} INFO - Processing file /home/airflow/.local/lib/python3.12/site-packages/airflow/example_dags/tutorial_taskflow_api.py for tasks to queue
[2026-09-06T09:14:11.195+0000] {logging_mixin.py:190} INFO - [2026-09-06T09:14:11.195+0000] {dagbag.py:588} INFO - Filling up the DagBag from /home/airflow/.local/lib/python3.12/site-packages/airflow/example_dags/tutorial_taskflow_api.py
[2026-09-06T09:14:11.201+0000] {processor.py:925} INFO - DAG(s) 'tutorial_taskflow_api' retrieved from /home/airflow/.local/lib/python3.12/site-packages/airflow/example_dags/tutorial_taskflow_api.py
[2026-09-06T09:14:11.217+0000] {logging_mixin.py:190} INFO - [2026-09-06T09:14:11.217+0000] {dag.py:3239} INFO - Sync 1 DAGs
[2026-09-06T09:14:11.232+0000] {logging_mixin.py:190} INFO - [2026-09-06T09:14:11.232+0000] {dag.py:4180} INFO - Setting next_dagrun for tutorial_taskflow_api to None, run_after=None
[2026-09-06T09:14:11.247+0000] {processor.py:208} INFO - Processing /home/airflow/.local/lib/python3.12/site-packages/airflow/example_dags/tutorial_taskflow_api.py took 0.059 seconds
[2026-09-06T09:14:42.383+0000] {processor.py:186} INFO - Started process (PID=2641) to work on /home/airflow/.local/lib/python3.12/site-packages/airflow/example_dags/tutorial_taskflow_api.py
[2026-09-06T09:14:42.384+0000] {processor.py:914} INFO - Processing file /home/airflow/.local/lib/python3.12/site-packages/airflow/example_dags/tutorial_taskflow_api.py for tasks to queue
[2026-09-06T09:14:42.387+0000] {logging_mixin.py:190} INFO - [2026-09-06T09:14:42.386+0000] {dagbag.py:588} INFO - Filling up the DagBag from /home/airflow/.local/lib/python3.12/site-packages/airflow/example_dags/tutorial_taskflow_api.py
[2026-09-06T09:14:42.395+0000] {processor.py:925} INFO - DAG(s) 'tutorial_taskflow_api' retrieved from /home/airflow/.local/lib/python3.12/site-packages/airflow/example_dags/tutorial_taskflow_api.py
[2026-09-06T09:14:42.418+0000] {logging_mixin.py:190} INFO - [2026-09-06T09:14:42.418+0000] {dag.py:3239} INFO - Sync 1 DAGs
[2026-09-06T09:14:42.431+0000] {logging_mixin.py:190} INFO - [2026-09-06T09:14:42.431+0000] {dag.py:4180} INFO - Setting next_dagrun for tutorial_taskflow_api to None, run_after=None
[2026-09-06T09:14:42.446+0000] {processor.py:208} INFO - Processing /home/airflow/.local/lib/python3.12/site-packages/airflow/example_dags/tutorial_taskflow_api.py took 0.067 seconds
[2026-09-06T09:15:13.527+0000] {processor.py:186} INFO - Started process (PID=2705) to work on /home/airflow/.local/lib/python3.12/site-packages/airflow/example_dags/tutorial_taskflow_api.py
[2026-09-06T09:15:13.528+0000] {processor.py:914} INFO - Processing file /home/airflow/.local/lib/python3.12/site-packages/airflow/example_dags/tutorial_taskflow_api.py for tasks to queue
[2026-09-06T09:15:13.530+0000] {logging_mixin.py:190} INFO - [2026-09-06T09:15:13.530+0000] {dagbag.py:588} INFO - Filling up the DagBag from /home/airflow/.local/lib/python3.12/site-packages/airflow/example_dags/tutorial_taskflow_api.py
[2026-09-06T09:15:13.537+0000] {processor.py:925} INFO - DAG(s) 'tutorial_taskflow_api' retrieved from /home/airflow/.local/lib/python3.12/site-packages/airflow/example_dags/tutorial_taskflow_api.py
[2026-09-06T09:15:13.552+0000] {logging_mixin.py:190} INFO - [2026-09-06T09:15:13.552+0000] {dag.py:3239} INFO - Sync 1 DAGs
[2026-09-06T09:15:13.562+0000] {logging_mixin.py:190} INFO - [2026-09-06T09:15:13.562+0000] {dag.py:4180} INFO - Setting next_dagrun for tutorial_taskflow_api to None, run_after=None
[2026-09-06T09:15:13.577+0000] {processor.py:208} INFO - Processing /home/airflow/.local/lib/python3.12/site-packages/airflow/example_dags/tutorial_taskflow_api.py took 0.054 seconds
[2026-09-06T09:15:44.446+0000] {processor.py:186} INFO - Started process (PID=2771) to work on /home/airflow/.local/lib/python3.12/site-packages/airflow/example_dags/tutorial_taskflow_api.py
[2026-09-06T09:15:44.447+0000] {processor.py:914} INFO - Processing file /home/airflow/.local/lib/python3.12/site-packages/airflow/example_dags/tutorial_taskflow_api.py for tasks to queue
[2026-09-06T09:15:44.449+0000] {logging_mixin.py:190} INFO - [2026-09-06T09:15:44.449+0000] {dagbag.py:588} INFO - Filling up the DagBag from /home/airflow/.local/lib/python3.12/site-packages/airflow/example_dags/tutorial_taskflow_api.py
[2026-09-06T09:15:44.456+0000] {processor.py:925} INFO - DAG(s) 'tutorial_taskflow_api' retrieved from /home/airflow/.local/lib/python3.12/site-packages/airflow/example_dags/tutorial_taskflow_api.py
[2026-09-06T09:15:44.471+0000] {logging_mixin.py:190} INFO - [2026-09-06T09:15:44.471+0000] {dag.py:3239} INFO - Sync 1 DAGs
[2026-09-06T09:15:44.481+0000] {logging_mixin.py:190} INFO - [2026-09-06T09:15:44.481+0000] {dag.py:4180} INFO - Setting next_dagrun for tutorial_taskflow_api to None, run_after=None
[2026-09-06T09:15:44.502+0000] {processor.py:208} INFO - Processing /home/airflow/.local/lib/python3.12/site-packages/airflow/example_dags/tutorial_taskflow_api.py took 0.061 seconds
[2026-09-06T09:16:15.160+0000] {processor.py:186} INFO - Started process (PID=2835) to work on /home/airflow/.local/lib/python3.12/site-packages/airflow/example_dags/tutorial_taskflow_api.py
[2026-09-06T09:16:15.161+0000] {processor.py:914} INFO - Processing file /home/airflow/.local/lib/python3.12/site-packages/airflow/example_dags/tutorial_taskflow_api.py for tasks to queue
[2026-09-06T09:16:15.163+0000] {logging_mixin.py:190} INFO - [2026-09-06T09:16:15.163+0000] {dagbag.py:588} INFO - Filling up the DagBag from /home/airflow/.local/lib/python3.12/site-packages/airflow/example_dags/tutorial_taskflow_api.py
[2026-09-06T09:16:15.170+0000] {processor.py:925} INFO - DAG(s) 'tutorial_taskflow_api' retrieved from /home/airflow/.local/lib/python3.12/site-packages/airflow/example_dags/tutorial_taskflow_api.py
[2026-09-06T09:16:15.185+0000] {logging_mixin.py:190} INFO - [2026-09-06T09:16:15.185+0000] {dag.py:3239} INFO - Sync 1 DAGs
[2026-09-06T09:16:15.195+0000] {logging_mixin.py:190} INFO - [2026-09-06T09:16:15.195+0000] {dag.py:4180} INFO - Setting next_dagrun for tutorial_taskflow_api to None, run_after=None
[2026-09-06T09:16:15.210+0000] {processor.py:208} INFO - Processing /home/airflow/.local/lib/python3.12/site-packages/airflow/example_dags/tutorial_taskflow_api.py took 0.054 seconds
[2026-09-06T09:16:45.986+0000] {processor.py:186} INFO - Started process (PID=2899) to work on /home/airflow/.local/lib/python3.12/site-packages/airflow/example_dags/tutorial_taskflow_api.py
[2026-09-06T09:16:45.987+0000] {processor.py:914} INFO - Processing file /home/airflow/.local/lib/python3.12/site-packages/airflow/example_dags/tutorial_taskflow_api.py for tasks to queue
[2026-09-06T09:16:45.989+0000] {logging_mixin.py:190} INFO - [2026-09-06T09:16:45.989+0000] {dagbag.py:588} INFO - Filling up the DagBag from /home/airflow/.local/lib/python3.12/site-packages/airflow/example_dags/tutorial_taskflow_api.py
[2026-09-06T09:16:45.996+0000] {processor.py:925} INFO - DAG(s) 'tutorial_taskflow_api' retrieved from /home/airflow/.local/lib/python3.12/site-packages/airflow/example_dags/tutorial_taskflow_api.py
[2026-09-06T09:16:46.011+0000] {logging_mixin.py:190} INFO - [2026-09-06T09:16:46.011+0000] {dag.py:3239} INFO - Sync 1 DAGs
[2026-09-06T09:16:46.022+0000] {logging_mixin.py:190} INFO - [2026-09-06T09:16:46.022+0000] {dag.py:4180} INFO - Setting next_dagrun for tutorial_taskflow_api to None, run_after=None
[2026-09-06T09:16:46.037+0000] {processor.py:208} INFO - Processing /home/airflow/.local/lib/python3.12/site-packages/airflow/example_dags/tutorial_taskflow_api.py took 0.056 seconds
[2026-09-06T09:17:16.626+0000] {processor.py:186} INFO - Started process (PID=2963) to work on /home/airflow/.local/lib/python3.12/site-packages/airflow/example_dags/tutorial_taskflow_api.py
[2026-09-06T09:17:16.627+0000] {processor.py:914} INFO - Processing file /home/airflow/.local/lib/python3.12/site-packages/airflow/example_dags/tutorial_taskflow_api.py for tasks to queue
[2026-09-06T09:17:16.629+0000] {logging_mixin.py:190} INFO - [2026-09-06T09:17:16.629+0000] {dagbag.py:588} INFO - Filling up the DagBag from /home/airflow/.local/lib/python3.12/site-packages/airflow/example_dags/tutorial_taskflow_api.py
[2026-09-06T09:17:16.637+0000] {processor.py:925} INFO - DAG(s) 'tutorial_taskflow_api' retrieved from /home/airflow/.local/lib/python3.12/site-packages/airflow/example_dags/tutorial_taskflow_api.py
[2026-09-06T09:17:16.653+0000] {logging_mixin.py:190} INFO - [2026-09-06T09:17:16.653+0000] {dag.py:3239} INFO - Sync 1 DAGs
[2026-09-06T09:17:16.663+0000] {logging_mixin.py:190} INFO - [2026-09-06T09:17:16.663+0000] {dag.py:4180} INFO - Setting next_dagrun for tutorial_taskflow_api to None, run_after=None
[2026-09-06T09:17:16.677+0000] {processor.py:208} INFO - Processing /home/airflow/.local/lib/python3.12/site-packages/airflow/example_dags/tutorial_taskflow_api.py took 0.055 seconds
[2026-09-06T09:17:47.272+0000] {processor.py:186} INFO - Started process (PID=3027) to work on /home/airflow/.local/lib/python3.12/site-packages/airflow/example_dags/tutorial_taskflow_api.py
[2026-09-06T09:17:47.273+0000] {processor.py:914} INFO - Processing file /home/airflow/.local/lib/python3.12/site-packages/airflow/example_dags/tutorial_taskflow_api.py for tasks to queue
[2026-09-06T09:17:47.275+0000] {logging_mixin.py:190} INFO - [2026-09-06T09:17:47.275+0000] {dagbag.py:588} INFO - Filling up the DagBag from /home/airflow/.local/lib/python3.12/site-packages/airflow/example_dags/tutorial_taskflow_api.py
[2026-09-06T09:17:47.281+0000] {processor.py:925} INFO - DAG(s) 'tutorial_taskflow_api' retrieved from /home/airflow/.local/lib/python3.12/site-packages/airflow/example_dags/tutorial_taskflow_api.py
[2026-09-06T09:17:47.297+0000] {logging_mixin.py:190} INFO - [2026-09-06T09:17:47.297+0000] {dag.py:3239} INFO - Sync 1 DAGs
[2026-09-06T09:17:47.308+0000] {logging_mixin.py:190} INFO - [2026-09-06T09:17:47.308+0000] {dag.py:4180} INFO - Setting next_dagrun for tutorial_taskflow_api to None, run_after=None
[2026-09-06T09:17:47.325+0000] {processor.py:208} INFO - Processing /home/airflow/.local/lib/python3.12/site-packages/airflow/example_dags/tutorial_taskflow_api.py took 0.057 seconds
[2026-09-06T09:18:18.964+0000] {processor.py:186} INFO - Started process (PID=3091) to work on /home/airflow/.local/lib/python3.12/site-packages/airflow/example_dags/tutorial_taskflow_api.py
[2026-09-06T09:18:18.966+0000] {processor.py:914} INFO - Processing file /home/airflow/.local/lib/python3.12/site-packages/airflow/example_dags/tutorial_taskflow_api.py for tasks to queue
[2026-09-06T09:18:18.968+0000] {logging_mixin.py:190} INFO - [2026-09-06T09:18:18.967+0000] {dagbag.py:588} INFO - Filling up the DagBag from /home/airflow/.local/lib/python3.12/site-packages/airflow/example_dags/tutorial_taskflow_api.py
[2026-09-06T09:18:18.975+0000] {processor.py:925} INFO - DAG(s) 'tutorial_taskflow_api' retrieved from /home/airflow/.local/lib/python3.12/site-packages/airflow/example_dags/tutorial_taskflow_api.py
[2026-09-06T09:18:18.991+0000] {logging_mixin.py:190} INFO - [2026-09-06T09:18:18.991+0000] {dag.py:3239} INFO - Sync 1 DAGs
[2026-09-06T09:18:19.002+0000] {logging_mixin.py:190} INFO - [2026-09-06T09:18:19.002+0000] {dag.py:4180} INFO - Setting next_dagrun for tutorial_taskflow_api to None, run_after=None
[2026-09-06T09:18:19.199+0000] {processor.py:208} INFO - Processing /home/airflow/.local/lib/python3.12/site-packages/airflow/example_dags/tutorial_taskflow_api.py took 0.239 seconds
[2026-09-06T09:18:50.003+0000] {processor.py:186} INFO - Started process (PID=3155) to work on /home/airflow/.local/lib/python3.12/site-packages/airflow/example_dags/tutorial_taskflow_api.py
[2026-09-06T09:18:50.004+0000] {processor.py:914} INFO - Processing file /home/airflow/.local/lib/python3.12/site-packages/airflow/example_dags/tutorial_taskflow_api.py for tasks to queue
[2026-09-06T09:18:50.006+0000] {logging_mixin.py:190} INFO - [2026-09-06T09:18:50.006+0000] {dagbag.py:588} INFO - Filling up the DagBag from /home/airflow/.local/lib/python3.12/site-packages/airflow/example_dags/tutorial_taskflow_api.py
[2026-09-06T09:18:50.013+0000] {processor.py:925} INFO - DAG(s) 'tutorial_taskflow_api' retrieved from /home/airflow/.local/lib/python3.12/site-packages/airflow/example_dags/tutorial_taskflow_api.py
[2026-09-06T09:18:50.029+0000] {logging_mixin.py:190} INFO - [2026-09-06T09:18:50.029+0000] {dag.py:3239} INFO - Sync 1 DAGs
[2026-09-06T09:18:50.040+0000] {logging_mixin.py:190} INFO - [2026-09-06T09:18:50.040+0000] {dag.py:4180} INFO - Setting next_dagrun for tutorial_taskflow_api to None, run_after=None
[2026-09-06T09:18:50.054+0000] {processor.py:208} INFO - Processing /home/airflow/.local/lib/python3.12/site-packages/airflow/example_dags/tutorial_taskflow_api.py took 0.056 seconds
[2026-09-06T09:19:20.610+0000] {processor.py:186} INFO - Started process (PID=3219) to work on /home/airflow/.local/lib/python3.12/site-packages/airflow/example_dags/tutorial_taskflow_api.py
[2026-09-06T09:19:20.612+0000] {processor.py:914} INFO - Processing file /home/airflow/.local/lib/python3.12/site-packages/airflow/example_dags/tutorial_taskflow_api.py for tasks to queue
[2026-09-06T09:19:20.613+0000] {logging_mixin.py:190} INFO - [2026-09-06T09:19:20.613+0000] {dagbag.py:588} INFO - Filling up the DagBag from /home/airflow/.local/lib/python3.12/site-packages/airflow/example_dags/tutorial_taskflow_api.py
[2026-09-06T09:19:20.620+0000] {processor.py:925} INFO - DAG(s) 'tutorial_taskflow_api' retrieved from /home/airflow/.local/lib/python3.12/site-packages/airflow/example_dags/tutorial_taskflow_api.py
[2026-09-06T09:19:20.636+0000] {logging_mixin.py:190} INFO - [2026-09-06T09:19:20.636+0000] {dag.py:3239} INFO - Sync 1 DAGs
[2026-09-06T09:19:20.647+0000] {logging_mixin.py:190} INFO - [2026-09-06T09:19:20.647+0000] {dag.py:4180} INFO - Setting next_dagrun for tutorial_taskflow_api to None, run_after=None
[2026-09-06T09:19:20.663+0000] {processor.py:208} INFO - Processing /home/airflow/.local/lib/python3.12/site-packages/airflow/example_dags/tutorial_taskflow_api.py took 0.057 seconds
[2026-09-06T09:19:52.128+0000] {processor.py:186} INFO - Started process (PID=3285) to work on /home/airflow/.local/lib/python3.12/site-packages/airflow/example_dags/tutorial_taskflow_api.py
[2026-09-06T09:19:52.129+0000] {processor.py:914} INFO - Processing file /home/airflow/.local/lib/python3.12/site-packages/airflow/example_dags/tutorial_taskflow_api.py for tasks to queue
[2026-09-06T09:19:52.131+0000] {logging_mixin.py:190} INFO - [2026-09-06T09:19:52.130+0000] {dagbag.py:588} INFO - Filling up the DagBag from /home/airflow/.local/lib/python3.12/site-packages/airflow/example_dags/tutorial_taskflow_api.py
[2026-09-06T09:19:52.137+0000] {processor.py:925} INFO - DAG(s) 'tutorial_taskflow_api' retrieved from /home/airflow/.local/lib/python3.12/site-packages/airflow/example_dags/tutorial_taskflow_api.py
[2026-09-06T09:19:52.151+0000] {logging_mixin.py:190} INFO - [2026-09-06T09:19:52.151+0000] {dag.py:3239} INFO - Sync 1 DAGs
[2026-09-06T09:19:52.161+0000] {logging_mixin.py:190} INFO - [2026-09-06T09:19:52.161+0000] {dag.py:4180} INFO - Setting next_dagrun for tutorial_taskflow_api to None, run_after=None
[2026-09-06T09:19:52.173+0000] {processor.py:208} INFO - Processing /home/airflow/.local/lib/python3.12/site-packages/airflow/example_dags/tutorial_taskflow_api.py took 0.050 seconds
[2026-09-06T09:20:24.264+0000] {processor.py:186} INFO - Started process (PID=3351) to work on /home/airflow/.local/lib/python3.12/site-packages/airflow/example_dags/tutorial_taskflow_api.py
[2026-09-06T09:20:24.265+0000] {processor.py:914} INFO - Processing file /home/airflow/.local/lib/python3.12/site-packages/airflow/example_dags/tutorial_taskflow_api.py for tasks to queue
[2026-09-06T09:20:24.269+0000] {logging_mixin.py:190} INFO - [2026-09-06T09:20:24.269+0000] {dagbag.py:588} INFO - Filling up the DagBag from /home/airflow/.local/lib/python3.12/site-packages/airflow/example_dags/tutorial_taskflow_api.py
[2026-09-06T09:20:24.281+0000] {processor.py:925} INFO - DAG(s) 'tutorial_taskflow_api' retrieved from /home/airflow/.local/lib/python3.12/site-packages/airflow/example_dags/tutorial_taskflow_api.py
[2026-09-06T09:20:24.300+0000] {logging_mixin.py:190} INFO - [2026-09-06T09:20:24.299+0000] {dag.py:3239} INFO - Sync 1 DAGs
[2026-09-06T09:20:24.537+0000] {logging_mixin.py:190} INFO - [2026-09-06T09:20:24.537+0000] {dag.py:4180} INFO - Setting next_dagrun for tutorial_taskflow_api to None, run_after=None
[2026-09-06T09:20:24.553+0000] {processor.py:208} INFO - Processing /home/airflow/.local/lib/python3.12/site-packages/airflow/example_dags/tutorial_taskflow_api.py took 0.297 seconds
[2026-09-06T09:20:54.888+0000] {processor.py:186} INFO - Started process (PID=3415) to work on /home/airflow/.local/lib/python3.12/site-packages/airflow/example_dags/tutorial_taskflow_api.py
[2026-09-06T09:20:54.889+0000] {processor.py:914} INFO - Processing file /home/airflow/.local/lib/python3.12/site-packages/airflow/example_dags/tutorial_taskflow_api.py for tasks to queue
[2026-09-06T09:20:54.892+0000] {logging_mixin.py:190} INFO - [2026-09-06T09:20:54.891+0000] {dagbag.py:588} INFO - Filling up the DagBag from /home/airflow/.local/lib/python3.12/site-packages/airflow/example_dags/tutorial_taskflow_api.py
[2026-09-06T09:20:54.902+0000] {processor.py:925} INFO - DAG(s) 'tutorial_taskflow_api' retrieved from /home/airflow/.local/lib/python3.12/site-packages/airflow/example_dags/tutorial_taskflow_api.py
[2026-09-06T09:20:54.920+0000] {logging_mixin.py:190} INFO - [2026-09-06T09:20:54.920+0000] {dag.py:3239} INFO - Sync 1 DAGs
[2026-09-06T09:20:54.933+0000] {logging_mixin.py:190} INFO - [2026-09-06T09:20:54.933+0000] {dag.py:4180} INFO - Setting next_dagrun for tutorial_taskflow_api to None, run_after=None
[2026-09-06T09:20:54.955+0000] {processor.py:208} INFO - Processing /home/airflow/.local/lib/python3.12/site-packages/airflow/example_dags/tutorial_taskflow_api.py took 0.073 seconds
[2026-09-06T09:21:26.345+0000] {processor.py:186} INFO - Started process (PID=3481) to work on /home/airflow/.local/lib/python3.12/site-packages/airflow/example_dags/tutorial_taskflow_api.py
[2026-09-06T09:21:26.346+0000] {processor.py:914} INFO - Processing file /home/airflow/.local/lib/python3.12/site-packages/airflow/example_dags/tutorial_taskflow_api.py for tasks to queue
[2026-09-06T09:21:26.349+0000] {logging_mixin.py:190} INFO - [2026-09-06T09:21:26.348+0000] {dagbag.py:588} INFO - Filling up the DagBag from /home/airflow/.local/lib/python3.12/site-packages/airflow/example_dags/tutorial_taskflow_api.py
[2026-09-06T09:21:26.356+0000] {processor.py:925} INFO - DAG(s) 'tutorial_taskflow_api' retrieved from /home/airflow/.local/lib/python3.12/site-packages/airflow/example_dags/tutorial_taskflow_api.py
[2026-09-06T09:21:26.372+0000] {logging_mixin.py:190} INFO - [2026-09-06T09:21:26.371+0000] {dag.py:3239} INFO - Sync 1 DAGs
[2026-09-06T09:21:26.384+0000] {logging_mixin.py:190} INFO - [2026-09-06T09:21:26.384+0000] {dag.py:4180} INFO - Setting next_dagrun for tutorial_taskflow_api to None, run_after=None
[2026-09-06T09:21:26.401+0000] {processor.py:208} INFO - Processing /home/airflow/.local/lib/python3.12/site-packages/airflow/example_dags/tutorial_taskflow_api.py took 0.061 seconds
[2026-09-06T09:21:57.681+0000] {processor.py:186} INFO - Started process (PID=3548) to work on /home/airflow/.local/lib/python3.12/site-packages/airflow/example_dags/tutorial_taskflow_api.py
[2026-09-06T09:21:57.682+0000] {processor.py:914} INFO - Processing file /home/airflow/.local/lib/python3.12/site-packages/airflow/example_dags/tutorial_taskflow_api.py for tasks to queue
[2026-09-06T09:21:57.684+0000] {logging_mixin.py:190} INFO - [2026-09-06T09:21:57.684+0000] {dagbag.py:588} INFO - Filling up the DagBag from /home/airflow/.local/lib/python3.12/site-packages/airflow/example_dags/tutorial_taskflow_api.py
[2026-09-06T09:21:57.691+0000] {processor.py:925} INFO - DAG(s) 'tutorial_taskflow_api' retrieved from /home/airflow/.local/lib/python3.12/site-packages/airflow/example_dags/tutorial_taskflow_api.py
[2026-09-06T09:21:57.706+0000] {logging_mixin.py:190} INFO - [2026-09-06T09:21:57.706+0000] {dag.py:3239} INFO - Sync 1 DAGs
[2026-09-06T09:21:57.717+0000] {logging_mixin.py:190} INFO - [2026-09-06T09:21:57.716+0000] {dag.py:4180} INFO - Setting next_dagrun for tutorial_taskflow_api to None, run_after=None
[2026-09-06T09:21:57.731+0000] {processor.py:208} INFO - Processing /home/airflow/.local/lib/python3.12/site-packages/airflow/example_dags/tutorial_taskflow_api.py took 0.055 seconds
[2026-09-06T09:22:28.787+0000] {processor.py:186} INFO - Started process (PID=3614) to work on /home/airflow/.local/lib/python3.12/site-packages/airflow/example_dags/tutorial_taskflow_api.py
[2026-09-06T09:22:28.788+0000] {processor.py:914} INFO - Processing file /home/airflow/.local/lib/python3.12/site-packages/airflow/example_dags/tutorial_taskflow_api.py for tasks to queue
[2026-09-06T09:22:28.790+0000] {logging_mixin.py:190} INFO - [2026-09-06T09:22:28.789+0000] {dagbag.py:588} INFO - Filling up the DagBag from /home/airflow/.local/lib/python3.12/site-packages/airflow/example_dags/tutorial_taskflow_api.py
[2026-09-06T09:22:28.797+0000] {processor.py:925} INFO - DAG(s) 'tutorial_taskflow_api' retrieved from /home/airflow/.local/lib/python3.12/site-packages/airflow/example_dags/tutorial_taskflow_api.py
[2026-09-06T09:22:28.814+0000] {logging_mixin.py:190} INFO - [2026-09-06T09:22:28.813+0000] {dag.py:3239} INFO - Sync 1 DAGs
[2026-09-06T09:22:28.826+0000] {logging_mixin.py:190} INFO - [2026-09-06T09:22:28.826+0000] {dag.py:4180} INFO - Setting next_dagrun for tutorial_taskflow_api to None, run_after=None
[2026-09-06T09:22:28.842+0000] {processor.py:208} INFO - Processing /home/airflow/.local/lib/python3.12/site-packages/airflow/example_dags/tutorial_taskflow_api.py took 0.060 seconds
[2026-09-06T09:22:59.747+0000] {processor.py:186} INFO - Started process (PID=3684) to work on /home/airflow/.local/lib/python3.12/site-packages/airflow/example_dags/tutorial_taskflow_api.py
[2026-09-06T09:22:59.748+0000] {processor.py:914} INFO - Processing file /home/airflow/.local/lib/python3.12/site-packages/airflow/example_dags/tutorial_taskflow_api.py for tasks to queue
[2026-09-06T09:22:59.750+0000] {logging_mixin.py:190} INFO - [2026-09-06T09:22:59.750+0000] {dagbag.py:588} INFO - Filling up the DagBag from /home/airflow/.local/lib/python3.12/site-packages/airflow/example_dags/tutorial_taskflow_api.py
[2026-09-06T09:22:59.756+0000] {processor.py:925} INFO - DAG(s) 'tutorial_taskflow_api' retrieved from /home/airflow/.local/lib/python3.12/site-packages/airflow/example_dags/tutorial_taskflow_api.py
[2026-09-06T09:22:59.771+0000] {logging_mixin.py:190} INFO - [2026-09-06T09:22:59.771+0000] {dag.py:3239} INFO - Sync 1 DAGs
[2026-09-06T09:22:59.782+0000] {logging_mixin.py:190} INFO - [2026-09-06T09:22:59.781+0000] {dag.py:4180} INFO - Setting next_dagrun for tutorial_taskflow_api to None, run_after=None
[2026-09-06T09:22:59.796+0000] {processor.py:208} INFO - Processing /home/airflow/.local/lib/python3.12/site-packages/airflow/example_dags/tutorial_taskflow_api.py took 0.053 seconds
[2026-09-06T09:23:30.839+0000] {processor.py:186} INFO - Started process (PID=3748) to work on /home/airflow/.local/lib/python3.12/site-packages/airflow/example_dags/tutorial_taskflow_api.py
[2026-09-06T09:23:30.840+0000] {processor.py:914} INFO - Processing file /home/airflow/.local/lib/python3.12/site-packages/airflow/example_dags/tutorial_taskflow_api.py for tasks to queue
[2026-09-06T09:23:30.842+0000] {logging_mixin.py:190} INFO - [2026-09-06T09:23:30.842+0000] {dagbag.py:588} INFO - Filling up the DagBag from /home/airflow/.local/lib/python3.12/site-packages/airflow/example_dags/tutorial_taskflow_api.py
[2026-09-06T09:23:30.849+0000] {processor.py:925} INFO - DAG(s) 'tutorial_taskflow_api' retrieved from /home/airflow/.local/lib/python3.12/site-packages/airflow/example_dags/tutorial_taskflow_api.py
[2026-09-06T09:23:30.864+0000] {logging_mixin.py:190} INFO - [2026-09-06T09:23:30.863+0000] {dag.py:3239} INFO - Sync 1 DAGs
[2026-09-06T09:23:30.874+0000] {logging_mixin.py:190} INFO - [2026-09-06T09:23:30.874+0000] {dag.py:4180} INFO - Setting next_dagrun for tutorial_taskflow_api to None, run_after=None
[2026-09-06T09:23:30.887+0000] {processor.py:208} INFO - Processing /home/airflow/.local/lib/python3.12/site-packages/airflow/example_dags/tutorial_taskflow_api.py took 0.054 seconds
[2026-09-06T09:24:01.867+0000] {processor.py:186} INFO - Started process (PID=3814) to work on /home/airflow/.local/lib/python3.12/site-packages/airflow/example_dags/tutorial_taskflow_api.py
[2026-09-06T09:24:01.868+0000] {processor.py:914} INFO - Processing file /home/airflow/.local/lib/python3.12/site-packages/airflow/example_dags/tutorial_taskflow_api.py for tasks to queue
[2026-09-06T09:24:01.870+0000] {logging_mixin.py:190} INFO - [2026-09-06T09:24:01.869+0000] {dagbag.py:588} INFO - Filling up the DagBag from /home/airflow/.local/lib/python3.12/site-packages/airflow/example_dags/tutorial_taskflow_api.py
[2026-09-06T09:24:01.876+0000] {processor.py:925} INFO - DAG(s) 'tutorial_taskflow_api' retrieved from /home/airflow/.local/lib/python3.12/site-packages/airflow/example_dags/tutorial_taskflow_api.py
[2026-09-06T09:24:01.892+0000] {logging_mixin.py:190} INFO - [2026-09-06T09:24:01.891+0000] {dag.py:3239} INFO - Sync 1 DAGs
[2026-09-06T09:24:01.903+0000] {logging_mixin.py:190} INFO - [2026-09-06T09:24:01.903+0000] {dag.py:4180} INFO - Setting next_dagrun for tutorial_taskflow_api to None, run_after=None
[2026-09-06T09:24:01.918+0000] {processor.py:208} INFO - Processing /home/airflow/.local/lib/python3.12/site-packages/airflow/example_dags/tutorial_taskflow_api.py took 0.057 seconds
[2026-09-06T09:24:33.136+0000] {processor.py:186} INFO - Started process (PID=3878) to work on /home/airflow/.local/lib/python3.12/site-packages/airflow/example_dags/tutorial_taskflow_api.py
[2026-09-06T09:24:33.137+0000] {processor.py:914} INFO - Processing file /home/airflow/.local/lib/python3.12/site-packages/airflow/example_dags/tutorial_taskflow_api.py for tasks to queue
[2026-09-06T09:24:33.139+0000] {logging_mixin.py:190} INFO - [2026-09-06T09:24:33.139+0000] {dagbag.py:588} INFO - Filling up the DagBag from /home/airflow/.local/lib/python3.12/site-packages/airflow/example_dags/tutorial_taskflow_api.py
[2026-09-06T09:24:33.147+0000] {processor.py:925} INFO - DAG(s) 'tutorial_taskflow_api' retrieved from /home/airflow/.local/lib/python3.12/site-packages/airflow/example_dags/tutorial_taskflow_api.py
[2026-09-06T09:24:33.166+0000] {logging_mixin.py:190} INFO - [2026-09-06T09:24:33.166+0000] {dag.py:3239} INFO - Sync 1 DAGs
[2026-09-06T09:24:33.180+0000] {logging_mixin.py:190} INFO - [2026-09-06T09:24:33.180+0000] {dag.py:4180} INFO - Setting next_dagrun for tutorial_taskflow_api to None, run_after=None
[2026-09-06T09:24:33.197+0000] {processor.py:208} INFO - Processing /home/airflow/.local/lib/python3.12/site-packages/airflow/example_dags/tutorial_taskflow_api.py took 0.067 seconds
[2026-09-06T09:25:04.074+0000] {processor.py:186} INFO - Started process (PID=3942) to work on /home/airflow/.local/lib/python3.12/site-packages/airflow/example_dags/tutorial_taskflow_api.py
[2026-09-06T09:25:04.075+0000] {processor.py:914} INFO - Processing file /home/airflow/.local/lib/python3.12/site-packages/airflow/example_dags/tutorial_taskflow_api.py for tasks to queue
[2026-09-06T09:25:04.077+0000] {logging_mixin.py:190} INFO - [2026-09-06T09:25:04.077+0000] {dagbag.py:588} INFO - Filling up the DagBag from /home/airflow/.local/lib/python3.12/site-packages/airflow/example_dags/tutorial_taskflow_api.py
[2026-09-06T09:25:04.083+0000] {processor.py:925} INFO - DAG(s) 'tutorial_taskflow_api' retrieved from /home/airflow/.local/lib/python3.12/site-packages/airflow/example_dags/tutorial_taskflow_api.py
[2026-09-06T09:25:04.098+0000] {logging_mixin.py:190} INFO - [2026-09-06T09:25:04.098+0000] {dag.py:3239} INFO - Sync 1 DAGs
[2026-09-06T09:25:04.109+0000] {logging_mixin.py:190} INFO - [2026-09-06T09:25:04.109+0000] {dag.py:4180} INFO - Setting next_dagrun for tutorial_taskflow_api to None, run_after=None
[2026-09-06T09:25:04.128+0000] {processor.py:208} INFO - Processing /home/airflow/.local/lib/python3.12/site-packages/airflow/example_dags/tutorial_taskflow_api.py took 0.059 seconds
[2026-09-06T09:25:35.374+0000] {processor.py:186} INFO - Started process (PID=4006) to work on /home/airflow/.local/lib/python3.12/site-packages/airflow/example_dags/tutorial_taskflow_api.py
[2026-09-06T09:25:35.375+0000] {processor.py:914} INFO - Processing file /home/airflow/.local/lib/python3.12/site-packages/airflow/example_dags/tutorial_taskflow_api.py for tasks to queue
[2026-09-06T09:25:35.379+0000] {logging_mixin.py:190} INFO - [2026-09-06T09:25:35.379+0000] {dagbag.py:588} INFO - Filling up the DagBag from /home/airflow/.local/lib/python3.12/site-packages/airflow/example_dags/tutorial_taskflow_api.py
[2026-09-06T09:25:35.388+0000] {processor.py:925} INFO - DAG(s) 'tutorial_taskflow_api' retrieved from /home/airflow/.local/lib/python3.12/site-packages/airflow/example_dags/tutorial_taskflow_api.py
[2026-09-06T09:25:35.407+0000] {logging_mixin.py:190} INFO - [2026-09-06T09:25:35.407+0000] {dag.py:3239} INFO - Sync 1 DAGs
[2026-09-06T09:25:35.421+0000] {logging_mixin.py:190} INFO - [2026-09-06T09:25:35.420+0000] {dag.py:4180} INFO - Setting next_dagrun for tutorial_taskflow_api to None, run_after=None
[2026-09-06T09:25:35.440+0000] {processor.py:208} INFO - Processing /home/airflow/.local/lib/python3.12/site-packages/airflow/example_dags/tutorial_taskflow_api.py took 0.072 seconds
[2026-09-06T09:26:05.910+0000] {processor.py:186} INFO - Started process (PID=4070) to work on /home/airflow/.local/lib/python3.12/site-packages/airflow/example_dags/tutorial_taskflow_api.py
[2026-09-06T09:26:05.911+0000] {processor.py:914} INFO - Processing file /home/airflow/.local/lib/python3.12/site-packages/airflow/example_dags/tutorial_taskflow_api.py for tasks to queue
[2026-09-06T09:26:05.913+0000] {logging_mixin.py:190} INFO - [2026-09-06T09:26:05.913+0000] {dagbag.py:588} INFO - Filling up the DagBag from /home/airflow/.local/lib/python3.12/site-packages/airflow/example_dags/tutorial_taskflow_api.py
[2026-09-06T09:26:05.919+0000] {processor.py:925} INFO - DAG(s) 'tutorial_taskflow_api' retrieved from /home/airflow/.local/lib/python3.12/site-packages/airflow/example_dags/tutorial_taskflow_api.py
[2026-09-06T09:26:05.936+0000] {logging_mixin.py:190} INFO - [2026-09-06T09:26:05.936+0000] {dag.py:3239} INFO - Sync 1 DAGs
[2026-09-06T09:26:05.955+0000] {logging_mixin.py:190} INFO - [2026-09-06T09:26:05.955+0000] {dag.py:4180} INFO - Setting next_dagrun for tutorial_taskflow_api to None, run_after=None
[2026-09-06T09:26:05.973+0000] {processor.py:208} INFO - Processing /home/airflow/.local/lib/python3.12/site-packages/airflow/example_dags/tutorial_taskflow_api.py took 0.067 seconds
[2026-09-06T09:26:36.191+0000] {processor.py:186} INFO - Started process (PID=4134) to work on /home/airflow/.local/lib/python3.12/site-packages/airflow/example_dags/tutorial_taskflow_api.py
[2026-09-06T09:26:36.192+0000] {processor.py:914} INFO - Processing file /home/airflow/.local/lib/python3.12/site-packages/airflow/example_dags/tutorial_taskflow_api.py for tasks to queue
[2026-09-06T09:26:36.195+0000] {logging_mixin.py:190} INFO - [2026-09-06T09:26:36.194+0000] {dagbag.py:588} INFO - Filling up the DagBag from /home/airflow/.local/lib/python3.12/site-packages/airflow/example_dags/tutorial_taskflow_api.py
[2026-09-06T09:26:36.201+0000] {processor.py:925} INFO - DAG(s) 'tutorial_taskflow_api' retrieved from /home/airflow/.local/lib/python3.12/site-packages/airflow/example_dags/tutorial_taskflow_api.py
[2026-09-06T09:26:36.217+0000] {logging_mixin.py:190} INFO - [2026-09-06T09:26:36.217+0000] {dag.py:3239} INFO - Sync 1 DAGs
[2026-09-06T09:26:36.228+0000] {logging_mixin.py:190} INFO - [2026-09-06T09:26:36.228+0000] {dag.py:4180} INFO - Setting next_dagrun for tutorial_taskflow_api to None, run_after=None
[2026-09-06T09:26:36.242+0000] {processor.py:208} INFO - Processing /home/airflow/.local/lib/python3.12/site-packages/airflow/example_dags/tutorial_taskflow_api.py took 0.056 seconds
[2026-09-06T09:27:06.312+0000] {processor.py:186} INFO - Started process (PID=4198) to work on /home/airflow/.local/lib/python3.12/site-packages/airflow/example_dags/tutorial_taskflow_api.py
[2026-09-06T09:27:06.313+0000] {processor.py:914} INFO - Processing file /home/airflow/.local/lib/python3.12/site-packages/airflow/example_dags/tutorial_taskflow_api.py for tasks to queue
[2026-09-06T09:27:06.315+0000] {logging_mixin.py:190} INFO - [2026-09-06T09:27:06.315+0000] {dagbag.py:588} INFO - Filling up the DagBag from /home/airflow/.local/lib/python3.12/site-packages/airflow/example_dags/tutorial_taskflow_api.py
[2026-09-06T09:27:06.323+0000] {processor.py:925} INFO - DAG(s) 'tutorial_taskflow_api' retrieved from /home/airflow/.local/lib/python3.12/site-packages/airflow/example_dags/tutorial_taskflow_api.py
[2026-09-06T09:27:06.338+0000] {logging_mixin.py:190} INFO - [2026-09-06T09:27:06.338+0000] {dag.py:3239} INFO - Sync 1 DAGs
[2026-09-06T09:27:06.349+0000] {logging_mixin.py:190} INFO - [2026-09-06T09:27:06.349+0000] {dag.py:4180} INFO - Setting next_dagrun for tutorial_taskflow_api to None, run_after=None
[2026-09-06T09:27:06.363+0000] {processor.py:208} INFO - Processing /home/airflow/.local/lib/python3.12/site-packages/airflow/example_dags/tutorial_taskflow_api.py took 0.056 seconds
