[2026-09-06T09:00:59.295+0000] {local_task_job_runner.py:123} INFO - ::group::Pre task execution logs
[2026-09-06T09:00:59.310+0000] {taskinstance.py:2613} INFO - Dependencies all met for dep_context=non-requeueable deps ti=<TaskInstance: fraud_pipeline.generate_data scheduled__2026-09-05T00:00:00+00:00 [queued]>
[2026-09-06T09:00:59.317+0000] {taskinstance.py:2613} INFO - Dependencies all met for dep_context=requeueable deps ti=<TaskInstance: fraud_pipeline.generate_data scheduled__2026-09-05T00:00:00+00:00 [queued]>
[2026-09-06T09:00:59.318+0000] {taskinstance.py:2866} INFO - Starting attempt 1 of 2
[2026-09-06T09:00:59.334+0000] {taskinstance.py:2889} INFO - Executing <Task(BashOperator): generate_data> on 2026-09-05 00:00:00+00:00
[2026-09-06T09:00:59.346+0000] {warnings.py:112} WARNING - /home/***/.local/lib/python3.12/site-packages/***/task/task_runner/standard_task_runner.py:70: DeprecationWarning: This process (pid=156) is multi-threaded, use of fork() may lead to deadlocks in the child.
  pid = os.fork()

[2026-09-06T09:00:59.348+0000] {standard_task_runner.py:72} INFO - Started process 165 to run task
[2026-09-06T09:00:59.347+0000] {standard_task_runner.py:104} INFO - Running: ['***', 'tasks', 'run', 'fraud_pipeline', 'generate_data', 'scheduled__2026-09-05T00:00:00+00:00', '--job-id', '3', '--raw', '--subdir', 'DAGS_FOLDER/fraud_pipeline.py', '--cfg-path', '/tmp/tmpzq0oairp']
[2026-09-06T09:00:59.349+0000] {standard_task_runner.py:105} INFO - Job 3: Subtask generate_data
[2026-09-06T09:00:59.400+0000] {task_command.py:467} INFO - Running <TaskInstance: fraud_pipeline.generate_data scheduled__2026-09-05T00:00:00+00:00 [running]> on host 5d4027b3f551
[2026-09-06T09:00:59.470+0000] {taskinstance.py:3132} INFO - Exporting env vars: AIRFLOW_CTX_DAG_OWNER='alex' AIRFLOW_CTX_DAG_ID='fraud_pipeline' AIRFLOW_CTX_TASK_ID='generate_data' AIRFLOW_CTX_EXECUTION_DATE='2026-09-05T00:00:00+00:00' AIRFLOW_CTX_TRY_NUMBER='1' AIRFLOW_CTX_DAG_RUN_ID='scheduled__2026-09-05T00:00:00+00:00'
[2026-09-06T09:00:59.472+0000] {logging_mixin.py:190} INFO - Task instance is in running state
[2026-09-06T09:00:59.473+0000] {logging_mixin.py:190} INFO -  Previous state of the Task instance: queued
[2026-09-06T09:00:59.474+0000] {logging_mixin.py:190} INFO - Current task name:generate_data state:running start_date:2026-09-06 09:00:59.311138+00:00
[2026-09-06T09:00:59.474+0000] {logging_mixin.py:190} INFO - Dag name:fraud_pipeline and current dag run status:running
[2026-09-06T09:00:59.475+0000] {taskinstance.py:731} INFO - ::endgroup::
[2026-09-06T09:00:59.476+0000] {subprocess.py:78} INFO - Tmp dir root location: /tmp
[2026-09-06T09:00:59.478+0000] {subprocess.py:88} INFO - Running command: ['/usr/bin/bash', '-c', "echo 'Step 1: generating transactions...'"]
[2026-09-06T09:00:59.498+0000] {subprocess.py:99} INFO - Output:
[2026-09-06T09:00:59.500+0000] {subprocess.py:106} INFO - Step 1: generating transactions...
[2026-09-06T09:00:59.500+0000] {subprocess.py:110} INFO - Command exited with return code 0
[2026-09-06T09:00:59.525+0000] {taskinstance.py:340} INFO - ::group::Post task execution logs
[2026-09-06T09:00:59.526+0000] {taskinstance.py:352} INFO - Marking task as SUCCESS. dag_id=fraud_pipeline, task_id=generate_data, run_id=scheduled__2026-09-05T00:00:00+00:00, execution_date=20260905T000000, start_date=20260906T090059, end_date=20260906T090059
[2026-09-06T09:00:59.536+0000] {logging_mixin.py:190} INFO - Task instance in success state
[2026-09-06T09:00:59.536+0000] {logging_mixin.py:190} INFO -  Previous state of the Task instance: running
[2026-09-06T09:00:59.537+0000] {logging_mixin.py:190} INFO - Dag name:fraud_pipeline queued_at:2026-09-06 09:00:55.857105+00:00
[2026-09-06T09:00:59.538+0000] {logging_mixin.py:190} INFO - Task hostname:5d4027b3f551 operator:BashOperator
[2026-09-06T09:00:59.563+0000] {local_task_job_runner.py:266} INFO - Task exited with return code 0
[2026-09-06T09:00:59.584+0000] {taskinstance.py:3895} INFO - 1 downstream tasks scheduled from follow-on schedule check
[2026-09-06T09:00:59.587+0000] {local_task_job_runner.py:245} INFO - ::endgroup::
