[2026-09-06T09:01:01.580+0000] {local_task_job_runner.py:123} INFO - ::group::Pre task execution logs
[2026-09-06T09:01:01.595+0000] {taskinstance.py:2613} INFO - Dependencies all met for dep_context=non-requeueable deps ti=<TaskInstance: fraud_pipeline.load_to_bigquery scheduled__2026-09-05T00:00:00+00:00 [queued]>
[2026-09-06T09:01:01.601+0000] {taskinstance.py:2613} INFO - Dependencies all met for dep_context=requeueable deps ti=<TaskInstance: fraud_pipeline.load_to_bigquery scheduled__2026-09-05T00:00:00+00:00 [queued]>
[2026-09-06T09:01:01.602+0000] {taskinstance.py:2866} INFO - Starting attempt 1 of 2
[2026-09-06T09:01:01.615+0000] {taskinstance.py:2889} INFO - Executing <Task(BashOperator): load_to_bigquery> on 2026-09-05 00:00:00+00:00
[2026-09-06T09:01:01.627+0000] {warnings.py:112} WARNING - /home/***/.local/lib/python3.12/site-packages/***/task/task_runner/standard_task_runner.py:70: DeprecationWarning: This process (pid=168) is multi-threaded, use of fork() may lead to deadlocks in the child.
  pid = os.fork()

[2026-09-06T09:01:01.628+0000] {standard_task_runner.py:104} INFO - Running: ['***', 'tasks', 'run', 'fraud_pipeline', 'load_to_bigquery', 'scheduled__2026-09-05T00:00:00+00:00', '--job-id', '4', '--raw', '--subdir', 'DAGS_FOLDER/fraud_pipeline.py', '--cfg-path', '/tmp/tmpoisn8ci7']
[2026-09-06T09:01:01.630+0000] {standard_task_runner.py:72} INFO - Started process 170 to run task
[2026-09-06T09:01:01.630+0000] {standard_task_runner.py:105} INFO - Job 4: Subtask load_to_bigquery
[2026-09-06T09:01:01.883+0000] {task_command.py:467} INFO - Running <TaskInstance: fraud_pipeline.load_to_bigquery scheduled__2026-09-05T00:00:00+00:00 [running]> on host 5d4027b3f551
[2026-09-06T09:01:01.946+0000] {taskinstance.py:3132} INFO - Exporting env vars: AIRFLOW_CTX_DAG_OWNER='alex' AIRFLOW_CTX_DAG_ID='fraud_pipeline' AIRFLOW_CTX_TASK_ID='load_to_bigquery' AIRFLOW_CTX_EXECUTION_DATE='2026-09-05T00:00:00+00:00' AIRFLOW_CTX_TRY_NUMBER='1' AIRFLOW_CTX_DAG_RUN_ID='scheduled__2026-09-05T00:00:00+00:00'
[2026-09-06T09:01:01.948+0000] {logging_mixin.py:190} INFO - Task instance is in running state
[2026-09-06T09:01:01.948+0000] {logging_mixin.py:190} INFO -  Previous state of the Task instance: queued
[2026-09-06T09:01:01.949+0000] {logging_mixin.py:190} INFO - Current task name:load_to_bigquery state:running start_date:2026-09-06 09:01:01.596009+00:00
[2026-09-06T09:01:01.949+0000] {logging_mixin.py:190} INFO - Dag name:fraud_pipeline and current dag run status:running
[2026-09-06T09:01:01.950+0000] {taskinstance.py:731} INFO - ::endgroup::
[2026-09-06T09:01:01.951+0000] {subprocess.py:78} INFO - Tmp dir root location: /tmp
[2026-09-06T09:01:01.952+0000] {subprocess.py:88} INFO - Running command: ['/usr/bin/bash', '-c', "echo 'Step 2: loading raw data into BigQuery...'"]
[2026-09-06T09:01:01.972+0000] {subprocess.py:99} INFO - Output:
[2026-09-06T09:01:01.973+0000] {subprocess.py:106} INFO - Step 2: loading raw data into BigQuery...
[2026-09-06T09:01:01.974+0000] {subprocess.py:110} INFO - Command exited with return code 0
[2026-09-06T09:01:01.996+0000] {taskinstance.py:340} INFO - ::group::Post task execution logs
[2026-09-06T09:01:01.996+0000] {taskinstance.py:352} INFO - Marking task as SUCCESS. dag_id=fraud_pipeline, task_id=load_to_bigquery, run_id=scheduled__2026-09-05T00:00:00+00:00, execution_date=20260905T000000, start_date=20260906T090101, end_date=20260906T090101
[2026-09-06T09:01:02.005+0000] {logging_mixin.py:190} INFO - Task instance in success state
[2026-09-06T09:01:02.006+0000] {logging_mixin.py:190} INFO -  Previous state of the Task instance: running
[2026-09-06T09:01:02.007+0000] {logging_mixin.py:190} INFO - Dag name:fraud_pipeline queued_at:2026-09-06 09:00:55.857105+00:00
[2026-09-06T09:01:02.007+0000] {logging_mixin.py:190} INFO - Task hostname:5d4027b3f551 operator:BashOperator
[2026-09-06T09:01:02.046+0000] {local_task_job_runner.py:266} INFO - Task exited with return code 0
[2026-09-06T09:01:02.233+0000] {taskinstance.py:3895} INFO - 1 downstream tasks scheduled from follow-on schedule check
[2026-09-06T09:01:02.237+0000] {local_task_job_runner.py:245} INFO - ::endgroup::
