[2026-09-06T09:01:14.738+0000] {local_task_job_runner.py:123} INFO - ::group::Pre task execution logs
[2026-09-06T09:01:14.752+0000] {taskinstance.py:2613} INFO - Dependencies all met for dep_context=non-requeueable deps ti=<TaskInstance: fraud_pipeline.dbt_run manual__2026-09-06T09:01:08.498898+00:00 [queued]>
[2026-09-06T09:01:14.759+0000] {taskinstance.py:2613} INFO - Dependencies all met for dep_context=requeueable deps ti=<TaskInstance: fraud_pipeline.dbt_run manual__2026-09-06T09:01:08.498898+00:00 [queued]>
[2026-09-06T09:01:14.760+0000] {taskinstance.py:2866} INFO - Starting attempt 1 of 2
[2026-09-06T09:01:14.930+0000] {taskinstance.py:2889} INFO - Executing <Task(BashOperator): dbt_run> on 2026-09-06 09:01:08.498898+00:00
[2026-09-06T09:01:14.942+0000] {warnings.py:112} WARNING - /home/***/.local/lib/python3.12/site-packages/***/task/task_runner/standard_task_runner.py:70: DeprecationWarning: This process (pid=193) is multi-threaded, use of fork() may lead to deadlocks in the child.
  pid = os.fork()

[2026-09-06T09:01:14.943+0000] {standard_task_runner.py:104} INFO - Running: ['***', 'tasks', 'run', 'fraud_pipeline', 'dbt_run', 'manual__2026-09-06T09:01:08.498898+00:00', '--job-id', '9', '--raw', '--subdir', 'DAGS_FOLDER/fraud_pipeline.py', '--cfg-path', '/tmp/tmpmoh0x1b1']
[2026-09-06T09:01:14.944+0000] {standard_task_runner.py:72} INFO - Started process 195 to run task
[2026-09-06T09:01:14.944+0000] {standard_task_runner.py:105} INFO - Job 9: Subtask dbt_run
[2026-09-06T09:01:14.989+0000] {task_command.py:467} INFO - Running <TaskInstance: fraud_pipeline.dbt_run manual__2026-09-06T09:01:08.498898+00:00 [running]> on host 5d4027b3f551
[2026-09-06T09:01:15.058+0000] {taskinstance.py:3132} INFO - Exporting env vars: AIRFLOW_CTX_DAG_OWNER='alex' AIRFLOW_CTX_DAG_ID='fraud_pipeline' AIRFLOW_CTX_TASK_ID='dbt_run' AIRFLOW_CTX_EXECUTION_DATE='2026-09-06T09:01:08.498898+00:00' AIRFLOW_CTX_TRY_NUMBER='1' AIRFLOW_CTX_DAG_RUN_ID='manual__2026-09-06T09:01:08.498898+00:00'
[2026-09-06T09:01:15.060+0000] {logging_mixin.py:190} INFO - Task instance is in running state
[2026-09-06T09:01:15.061+0000] {logging_mixin.py:190} INFO -  Previous state of the Task instance: queued
[2026-09-06T09:01:15.061+0000] {logging_mixin.py:190} INFO - Current task name:dbt_run state:running start_date:2026-09-06 09:01:14.753750+00:00
[2026-09-06T09:01:15.062+0000] {logging_mixin.py:190} INFO - Dag name:fraud_pipeline and current dag run status:running
[2026-09-06T09:01:15.062+0000] {taskinstance.py:731} INFO - ::endgroup::
[2026-09-06T09:01:15.063+0000] {subprocess.py:78} INFO - Tmp dir root location: /tmp
[2026-09-06T09:01:15.065+0000] {subprocess.py:88} INFO - Running command: ['/usr/bin/bash', '-c', "echo 'Step 3: running dbt models (staging -> marts)...'"]
[2026-09-06T09:01:15.080+0000] {subprocess.py:99} INFO - Output:
[2026-09-06T09:01:15.082+0000] {subprocess.py:106} INFO - Step 3: running dbt models (staging -> marts)...
[2026-09-06T09:01:15.083+0000] {subprocess.py:110} INFO - Command exited with return code 0
[2026-09-06T09:01:15.105+0000] {taskinstance.py:340} INFO - ::group::Post task execution logs
[2026-09-06T09:01:15.106+0000] {taskinstance.py:352} INFO - Marking task as SUCCESS. dag_id=fraud_pipeline, task_id=dbt_run, run_id=manual__2026-09-06T09:01:08.498898+00:00, execution_date=20260906T090108, start_date=20260906T090114, end_date=20260906T090115
[2026-09-06T09:01:15.116+0000] {logging_mixin.py:190} INFO - Task instance in success state
[2026-09-06T09:01:15.117+0000] {logging_mixin.py:190} INFO -  Previous state of the Task instance: running
[2026-09-06T09:01:15.117+0000] {logging_mixin.py:190} INFO - Dag name:fraud_pipeline queued_at:2026-09-06 09:01:08.516128+00:00
[2026-09-06T09:01:15.118+0000] {logging_mixin.py:190} INFO - Task hostname:5d4027b3f551 operator:BashOperator
[2026-09-06T09:01:15.159+0000] {local_task_job_runner.py:266} INFO - Task exited with return code 0
[2026-09-06T09:01:15.177+0000] {taskinstance.py:3895} INFO - 1 downstream tasks scheduled from follow-on schedule check
[2026-09-06T09:01:15.186+0000] {local_task_job_runner.py:245} INFO - ::endgroup::
